===============================================================================
 EEEEE I   GGG  EEEEE N   N RRRR   AAA  DDDD         Zbigniew Romanowski       
 E     I  G     E     NN  N R   R A   A D   D                                  
 EEE   I  G  GG EEE   N N N RRRR  AAAAA D   D        romz@wp.pl                
 E     I  G   G E     N  NN R  R  A   A D   D                                  
 EEEEE I   GGG  EEEEE N   N R   R A   A DDDD         https://github.com/romz-pl
===============================================================================



DATETIME: 06 Sep 2026 21:02:39



========== ADAPTIVE STEP 0 ==========
Number of elements: 3
Degrees of freedom: 17
Domain: [0, 8.000000000E+01]

0    0.000000E+00    2.666667E+01
  -2.416394E-01    6.509178E-01   -1.016472E+00    9.382105E-01   -7.152520E-01   -6.797515E-03 |    6.797515E-03
   2.720707E-01   -1.518773E-01   -4.711333E-01    8.034940E-01   -6.180745E-01   -5.242112E-03 |    5.242112E-03
   1.099772E-01    3.528083E-01    2.623834E-02   -5.697584E-01    4.965649E-01   -1.323546E-01 |    2.623834E-02
  -2.512494E-01   -1.705348E-01    1.494647E-01    3.801379E-01   -3.917156E-01   -2.055999E-01 |    1.494647E-01
max(min|c_i|) =    1.494647E-01

1    2.666667E+01    5.333333E+01
  -6.797515E-03   -7.421145E-03    7.433359E-03   -6.279574E-03    4.101457E-03   -2.663664E-03   -2.893132E-05 |    2.893132E-05
  -5.242112E-03   -4.970607E-03    3.907358E-03   -2.264049E-03    1.011777E-03   -3.700907E-04   -9.711562E-07 |    9.711562E-07
  -1.323546E-01   -8.987818E-02    3.802838E-02   -6.871637E-03   -1.245084E-03    1.256449E-03   -7.863069E-04 |    7.863069E-04
  -2.055999E-01    6.483065E-02   -1.020062E-01    3.630568E-02   -2.261326E-03   -2.389786E-03   -3.676893E-02 |    2.261326E-03
max(min|c_i|) =    2.261326E-03

2    5.333333E+01    8.000000E+01
  -2.893132E-05   -3.158657E-05    3.215885E-05   -2.728742E-05    1.819301E-05   -1.199427E-05 |    1.199427E-05
  -9.711562E-07   -9.511122E-07    7.955771E-07   -5.051546E-07    2.534946E-07   -1.094810E-07 |    1.094810E-07
  -7.863069E-04   -6.489921E-04    4.107105E-04   -1.799096E-04    5.986295E-05   -1.558390E-05 |    1.558390E-05
  -3.676893E-02   -2.148936E-02    8.720144E-03   -1.764905E-03    1.936668E-04    3.366498E-05 |    3.366498E-05
max(min|c_i|) =    3.366498E-05

----- EIGENVALUES -----
EIGENVALUE n=0 -2.595979602E-01
EIGENVALUE n=1 -8.754848295E-02
EIGENVALUE n=2 -4.311034306E-02
EIGENVALUE n=3 -2.558398004E-02

ALL_EIGENVALUES: | 0 | 17 |  -2.595979602E-01 | -8.754848295E-02 | -4.311034306E-02 | -2.558398004E-02 |

----- ELEMENTS TO SPLIT -----
0


========== ADAPTIVE STEP 1 ==========
Number of elements: 4
Degrees of freedom: 23
Domain: [0, 8.000000000E+01]

0    0.000000E+00    1.333333E+01
  -4.580261E-01    9.253770E-01   -8.555398E-01    4.464734E-01   -8.680999E-02    2.077435E-03 |    2.077435E-03
   2.264304E-01    5.017492E-01   -6.899928E-01    3.145079E-01   -8.980597E-03   -1.663462E-01 |    8.980597E-03
   2.916384E-01    1.831044E-01   -5.031895E-01    2.311830E-01    4.968767E-03    2.379236E-01 |    4.968767E-03
  -1.611779E-01   -5.558749E-02    3.644600E-01   -1.758877E-01   -6.509668E-03   -1.587354E-01 |    6.509668E-03
max(min|c_i|) =    8.980597E-03

1    1.333333E+01    2.666667E+01
   2.077435E-03    1.953814E-03   -1.518958E-03    8.725105E-04   -3.901196E-04    1.451397E-04    4.575713E-07 |    4.575713E-07
  -1.663462E-01   -9.510905E-02    3.216186E-02   -3.955050E-03   -1.156679E-03    7.253796E-04   -3.276880E-03 |    7.253796E-04
   2.379236E-01   -1.293163E-01    8.627853E-02   -1.512398E-02   -1.873108E-03    1.401198E-03    1.142600E-01 |    1.401198E-03
  -1.587354E-01   -6.078980E-04   -1.052310E-01    2.631450E-02    1.582532E-03   -1.745550E-03    2.245017E-01 |    6.078980E-04
max(min|c_i|) =    1.401198E-03

2    2.666667E+01    5.333333E+01
   4.575713E-07    5.015251E-07   -5.049612E-07    4.313542E-07   -2.838499E-07    1.875083E-07    2.165564E-09 |    2.165564E-09
  -3.276880E-03   -3.138351E-03    2.511992E-03   -1.493043E-03    6.876367E-04   -2.619498E-04   -6.350560E-07 |    6.350560E-07
   1.142600E-01    8.083750E-02   -3.719289E-02    8.586871E-03    1.519488E-04   -9.174365E-04    5.272862E-04 |    1.519488E-04
   2.245017E-01   -2.673055E-02    8.670546E-02   -3.781777E-02    5.152631E-03    1.435299E-03    2.883960E-02 |    1.435299E-03
max(min|c_i|) =    1.435299E-03

3    5.333333E+01    8.000000E+01
   2.165564E-09    2.371689E-09   -2.427854E-09    2.078991E-09   -1.396213E-09    9.337676E-10 |    9.337676E-10
  -6.350560E-07   -6.263080E-07    5.304632E-07   -3.426151E-07    1.751172E-07   -7.742188E-08 |    7.742188E-08
   5.272862E-04    4.421490E-04   -2.864910E-04    1.295503E-04   -4.466889E-05    1.217379E-05 |    1.217379E-05
   2.883960E-02    1.762429E-02   -7.543307E-03    1.732294E-03   -2.475091E-04   -9.514455E-06 |    9.514455E-06
max(min|c_i|) =    1.217379E-05

----- EIGENVALUES -----
EIGENVALUE n=0 -2.729616223E-01
EIGENVALUE n=1 -9.167640311E-02
EIGENVALUE n=2 -4.501956931E-02
EIGENVALUE n=3 -2.664168278E-02

ALL_EIGENVALUES: | 1 | 23 |  -2.729616223E-01 | -9.167640311E-02 | -4.501956931E-02 | -2.664168278E-02 |

----- ELEMENTS TO SPLIT -----
0


========== ADAPTIVE STEP 2 ==========
Number of elements: 5
Degrees of freedom: 29
Domain: [0, 8.000000000E+01]

0    0.000000E+00    6.666667E+00
  -7.313193E-01    6.481837E-01   -1.868782E-01   -4.920140E-02    7.189943E-02    9.871561E-02 |    4.920140E-02
  -3.307368E-01    4.790115E-01   -1.118408E-01   -5.144976E-02    4.758883E-02   -3.797133E-01 |    4.758883E-02
   1.189884E-01   -3.276679E-01    7.775556E-02    3.737973E-02   -3.123920E-02    1.720827E-01 |    3.123920E-02
   5.978695E-02   -2.313851E-01    5.722436E-02    2.735351E-02   -2.206927E-02    9.990391E-02 |    2.206927E-02
max(min|c_i|) =    4.920140E-02

1    6.666667E+00    1.333333E+01
   9.871561E-02    6.061161E-02   -2.500150E-02    6.204229E-03   -8.612724E-04   -7.629576E-06    1.833093E-03 |    7.629576E-06
  -3.797133E-01    6.660896E-02   -5.484513E-02    1.181293E-02   -5.539949E-04   -2.856568E-04   -1.617615E-01 |    2.856568E-04
   1.720827E-01    1.636693E-02    5.805389E-02   -1.341361E-02    2.463276E-04    3.613345E-04   -2.442946E-01 |    2.463276E-04
   9.990391E-02    6.570457E-02    4.627390E-02   -1.273631E-02    1.691031E-04    3.392780E-04   -1.591907E-01 |    1.691031E-04
max(min|c_i|) =    2.856568E-04

2    1.333333E+01    2.666667E+01
   1.833093E-03    1.726065E-03   -1.344691E-03    7.745754E-04   -3.474343E-04    1.297765E-04    3.999709E-07 |    3.999709E-07
  -1.617615E-01   -9.350393E-02    3.228075E-02   -4.298112E-03   -1.013378E-03    6.944925E-04   -3.058331E-03 |    6.944925E-04
  -2.442946E-01    1.219085E-01   -8.566229E-02    1.603039E-02    1.515947E-03   -1.349813E-03   -1.103565E-01 |    1.349813E-03
  -1.591907E-01   -1.283690E-02   -1.027154E-01    2.749591E-02    1.066611E-03   -1.686038E-03    2.278211E-01 |    1.066611E-03
max(min|c_i|) =    1.349813E-03

3    2.666667E+01    5.333333E+01
   3.999709E-07    4.386008E-07   -4.418763E-07    3.779734E-07   -2.489419E-07    1.647874E-07    1.917324E-09 |    1.917324E-09
  -3.058331E-03   -2.935275E-03    2.358503E-03   -1.409447E-03    6.532827E-04   -2.510019E-04   -6.032274E-07 |    6.032274E-07
  -1.103565E-01   -7.874818E-02    3.685243E-02   -8.879647E-03    6.763806E-05    8.425101E-04   -4.808275E-04 |    6.763806E-05
   2.278211E-01   -1.903539E-02    8.316526E-02   -3.785294E-02    5.686448E-03    1.231946E-03    2.733906E-02 |    1.231946E-03
max(min|c_i|) =    1.231946E-03

4    5.333333E+01    8.000000E+01
   1.917324E-09    2.100608E-09   -2.151760E-09    1.844603E-09   -1.239876E-09    8.306498E-10 |    8.306498E-10
  -6.032274E-07   -5.958131E-07    5.059963E-07   -3.280236E-07    1.683261E-07   -7.479938E-08 |    7.479938E-08
  -4.808275E-04   -4.045877E-04    2.635218E-04   -1.199984E-04    4.169964E-05   -1.147780E-05 |    1.147780E-05
   2.733906E-02    1.685791E-02   -7.293366E-03    1.714885E-03   -2.555274E-04   -5.057604E-06 |    5.057604E-06
max(min|c_i|) =    1.147780E-05

----- EIGENVALUES -----
EIGENVALUE n=0 -2.746509056E-01
EIGENVALUE n=1 -9.261614093E-02
EIGENVALUE n=2 -4.546599338E-02
EIGENVALUE n=3 -2.687569865E-02

ALL_EIGENVALUES: | 2 | 29 |  -2.746509056E-01 | -9.261614093E-02 | -4.546599338E-02 | -2.687569865E-02 |

----- ELEMENTS TO SPLIT -----
0


========== ADAPTIVE STEP 3 ==========
Number of elements: 6
Degrees of freedom: 35
Domain: [0, 8.000000000E+01]

0    0.000000E+00    3.333333E+00
  -5.665389E-01    1.311389E-01    4.089841E-02   -3.140742E-02    8.376220E-03    4.436240E-01 |    8.376220E-03
  -3.599048E-01    7.994245E-02    3.104175E-02   -1.847407E-02    4.096728E-03   -2.068429E-02 |    4.096728E-03
   2.197688E-01   -5.403174E-02   -2.071795E-02    1.170098E-02   -2.440050E-03    3.611378E-02 |    2.440050E-03
   1.498986E-01   -3.854650E-02   -1.464288E-02    8.136946E-03   -1.652495E-03    3.008079E-02 |    1.652495E-03
max(min|c_i|) =    8.376220E-03

1    3.333333E+00    6.666667E+00
   4.436240E-01    6.956826E-02    4.719531E-03   -5.341389E-03    1.269590E-03   -1.710225E-04    9.846178E-02 |    1.710225E-04
  -2.068429E-02    1.139617E-01    5.569392E-03   -5.976333E-03    9.999733E-04   -7.546746E-05   -3.799314E-01 |    7.546746E-05
   3.611378E-02   -1.048675E-01   -2.102018E-03    4.793522E-03   -7.092881E-04    3.745377E-05    1.719260E-01 |    3.745377E-05
   3.008079E-02   -7.952771E-02   -1.961836E-04    3.675671E-03   -5.233154E-04    2.226287E-05    9.973174E-02 |    2.226287E-05
max(min|c_i|) =    1.710225E-04

2    6.666667E+00    1.333333E+01
   9.846178E-02    6.049023E-02   -2.497144E-02    6.204598E-03   -8.638540E-04   -6.696329E-06    1.823571E-03 |    6.696329E-06
  -3.799314E-01    6.625920E-02   -5.479394E-02    1.183009E-02   -5.617819E-04   -2.843135E-04   -1.614833E-01 |    2.843135E-04
   1.719260E-01    1.681472E-02    5.797970E-02   -1.343538E-02    2.546300E-04    3.603120E-04   -2.446294E-01 |    2.546300E-04
   9.973174E-02    6.609160E-02    4.618728E-02   -1.275539E-02    1.765529E-04    3.385016E-04   -1.592066E-01 |    1.765529E-04
max(min|c_i|) =    2.843135E-04

3    1.333333E+01    2.666667E+01
   1.823571E-03    1.717387E-03   -1.338323E-03    7.712127E-04   -3.460814E-04    1.293441E-04    3.973888E-07 |    3.973888E-07
  -1.614833E-01   -9.341033E-02    3.229212E-02   -4.321010E-03   -1.004082E-03    6.925274E-04   -3.044705E-03 |    6.925274E-04
  -2.446294E-01    1.215382E-01   -8.563257E-02    1.607625E-02    1.497908E-03   -1.347207E-03   -1.101673E-01 |    1.347207E-03
  -1.592066E-01   -1.338556E-02   -1.025997E-01    2.754787E-02    1.043435E-03   -1.683289E-03    2.279719E-01 |    1.043435E-03
max(min|c_i|) =    1.347207E-03

4    2.666667E+01    5.333333E+01
   3.973888E-07    4.357988E-07   -4.390911E-07    3.756625E-07   -2.474506E-07    1.638479E-07    1.908393E-09 |    1.908393E-09
  -3.044705E-03   -2.922609E-03    2.348925E-03   -1.404229E-03    6.511386E-04   -2.503198E-04   -6.012989E-07 |    6.012989E-07
  -1.101673E-01   -7.864702E-02    3.683636E-02   -8.894309E-03    7.855822E-05    8.387767E-04   -4.785969E-04 |    7.855822E-05
   2.279719E-01   -1.869397E-02    8.300699E-02   -3.785352E-02    5.709921E-03    1.222872E-03    2.727398E-02 |    1.222872E-03
max(min|c_i|) =    1.222872E-03

5    5.333333E+01    8.000000E+01
   1.908393E-09    2.090933E-09   -2.142048E-09    1.836564E-09   -1.234624E-09    8.273335E-10 |    8.273335E-10
  -6.012989E-07   -5.939677E-07    5.045194E-07   -3.271466E-07    1.679204E-07   -7.464441E-08 |    7.464441E-08
  -4.785969E-04   -4.027812E-04    2.624145E-04   -1.195365E-04    4.155556E-05   -1.144388E-05 |    1.144388E-05
   2.727398E-02    1.682450E-02   -7.282401E-03    1.714084E-03   -2.558697E-04   -4.863137E-06 |    4.863137E-06
max(min|c_i|) =    1.144388E-05

----- EIGENVALUES -----
EIGENVALUE n=0 -2.748910705E-01
EIGENVALUE n=1 -9.267924764E-02
EIGENVALUE n=2 -4.548890060E-02
EIGENVALUE n=3 -2.688629292E-02

ALL_EIGENVALUES: | 3 | 35 |  -2.748910705E-01 | -9.267924764E-02 | -4.548890060E-02 | -2.688629292E-02 |

----- ELEMENTS TO SPLIT -----
0


========== ADAPTIVE STEP 4 ==========
Number of elements: 7
Degrees of freedom: 41
Domain: [0, 8.000000000E+01]

0    0.000000E+00    1.666667E+00
   1.983784E-01    1.284962E-02   -1.402192E-02    2.054390E-03    2.418005E-04   -5.770068E-01 |    2.418005E-04
  -1.225698E-01   -9.736247E-03    8.274827E-03   -1.023524E-03   -1.504033E-04    2.166702E-01 |    1.504033E-04
   7.690189E-02    6.121563E-03   -5.232374E-03    6.159684E-04    9.624234E-05   -1.209845E-01 |    9.624234E-05
  -5.314122E-02   -4.219193E-03    3.632066E-03   -4.193141E-04   -6.713071E-05    7.991735E-02 |    6.713071E-05
max(min|c_i|) =    2.418005E-04

1    1.666667E+00    3.333333E+00
  -5.770068E-01    6.465583E-02   -1.950941E-02    1.933149E-03    4.480905E-06   -2.823251E-05   -4.436236E-01 |    4.480905E-06
   2.166702E-01   -4.117548E-02    1.426906E-02   -9.764347E-04   -6.008456E-05    1.978926E-05   -2.068500E-02 |    1.978926E-05
  -1.209845E-01    2.205495E-02   -9.827815E-03    6.055132E-04    4.997097E-05   -1.299829E-05    3.611424E-02 |    1.299829E-05
   7.991735E-02   -1.405772E-02    7.035727E-03   -4.217398E-04   -3.826595E-05    9.163891E-06   -3.008112E-02 |    9.163891E-06
max(min|c_i|) =    1.978926E-05

2    3.333333E+00    6.666667E+00
  -4.436236E-01   -6.956842E-02   -4.719457E-03    5.341376E-03   -1.269590E-03    1.710228E-04   -9.846152E-02 |    1.710228E-04
  -2.068500E-02    1.139620E-01    5.569298E-03   -5.976325E-03    9.999744E-04   -7.546785E-05   -3.799317E-01 |    7.546785E-05
   3.611424E-02   -1.048676E-01   -2.101933E-03    4.793516E-03   -7.092893E-04    3.745407E-05    1.719258E-01 |    3.745407E-05
  -3.008112E-02    7.952780E-02    1.961138E-04   -3.675666E-03    5.233164E-04   -2.226311E-05   -9.973154E-02 |    2.226311E-05
max(min|c_i|) =    1.710228E-04

3    6.666667E+00    1.333333E+01
  -9.846152E-02   -6.049011E-02    2.497141E-02   -6.204599E-03    8.638569E-04    6.695317E-06   -1.823561E-03 |    6.695317E-06
  -3.799317E-01    6.625882E-02   -5.479388E-02    1.183011E-02   -5.617902E-04   -2.843120E-04   -1.614830E-01 |    2.843120E-04
   1.719258E-01    1.681524E-02    5.797961E-02   -1.343541E-02    2.546395E-04    3.603108E-04   -2.446298E-01 |    2.546395E-04
  -9.973154E-02   -6.609206E-02   -4.618718E-02    1.275542E-02   -1.765617E-04   -3.385007E-04    1.592066E-01 |    1.765617E-04
max(min|c_i|) =    2.843120E-04

4    1.333333E+01    2.666667E+01
  -1.823561E-03   -1.717378E-03    1.338317E-03   -7.712092E-04    3.460800E-04   -1.293437E-04   -3.973861E-07 |    3.973861E-07
  -1.614830E-01   -9.341022E-02    3.229213E-02   -4.321035E-03   -1.004072E-03    6.925253E-04   -3.044691E-03 |    6.925253E-04
  -2.446298E-01    1.215378E-01   -8.563253E-02    1.607630E-02    1.497887E-03   -1.347204E-03   -1.101671E-01 |    1.347204E-03
   1.592066E-01    1.338621E-02    1.025995E-01   -2.754793E-02   -1.043407E-03    1.683286E-03   -2.279721E-01 |    1.043407E-03
max(min|c_i|) =    1.347204E-03

5    2.666667E+01    5.333333E+01
  -3.973861E-07   -4.357958E-07    4.390882E-07   -3.756601E-07    2.474490E-07   -1.638469E-07   -1.908383E-09 |    1.908383E-09
  -3.044691E-03   -2.922596E-03    2.348915E-03   -1.404224E-03    6.511363E-04   -2.503191E-04   -6.012968E-07 |    6.012968E-07
  -1.101671E-01   -7.864690E-02    3.683634E-02   -8.894326E-03    7.857072E-05    8.387724E-04   -4.785943E-04 |    7.857072E-05
  -2.279721E-01    1.869356E-02   -8.300680E-02    3.785352E-02   -5.709949E-03   -1.222861E-03   -2.727391E-02 |    1.222861E-03
max(min|c_i|) =    1.222861E-03

6    5.333333E+01    8.000000E+01
  -1.908383E-09   -2.090923E-09    2.142038E-09   -1.836555E-09    1.234618E-09   -8.273300E-10 |    8.273300E-10
  -6.012968E-07   -5.939657E-07    5.045178E-07   -3.271457E-07    1.679200E-07   -7.464424E-08 |    7.464424E-08
  -4.785943E-04   -4.027791E-04    2.624132E-04   -1.195359E-04    4.155540E-05   -1.144384E-05 |    1.144384E-05
  -2.727391E-02   -1.682446E-02    7.282388E-03   -1.714083E-03    2.558701E-04    4.862907E-06 |    4.862907E-06
max(min|c_i|) =    1.144384E-05

----- EIGENVALUES -----
EIGENVALUE n=0 -2.748913316E-01
EIGENVALUE n=1 -9.267931554E-02
EIGENVALUE n=2 -4.548892686E-02
EIGENVALUE n=3 -2.688630549E-02

ALL_EIGENVALUES: | 4 | 41 |  -2.748913316E-01 | -9.267931554E-02 | -4.548892686E-02 | -2.688630549E-02 |

----- ELEMENTS TO SPLIT -----
0
4
5


========== ADAPTIVE STEP 5 ==========
Number of elements: 10
Degrees of freedom: 59
Domain: [0, 8.000000000E+01]

0    0.000000E+00    8.333333E-01
  -3.954895E-02   -7.660055E-03    1.238432E-03    4.041839E-05   -2.526537E-05    4.132962E-01 |    2.526537E-05
   2.364896E-02    4.707049E-03   -6.841526E-04   -2.595333E-05    1.329399E-05   -1.853490E-01 |    1.329399E-05
   1.481648E-02    2.958376E-03   -4.249433E-04   -1.674254E-05    8.141792E-06   -1.088216E-01 |    8.141792E-06
   1.023834E-02    2.046182E-03   -2.929400E-04   -1.171062E-05    5.581314E-06   -7.335923E-02 |    5.581314E-06
max(min|c_i|) =    2.526537E-05

1    8.333333E-01    1.666667E+00
   4.132962E-01   -5.152938E-02    2.661636E-03    3.174928E-04   -5.784411E-05    4.228657E-06    5.770068E-01 |    4.228657E-06
  -1.853490E-01    3.284586E-02   -1.381551E-03   -2.275144E-04    3.216262E-05   -1.990492E-06   -2.166702E-01 |    1.990492E-06
  -1.088216E-01    2.060505E-02   -8.912007E-04   -1.505572E-04    1.999969E-05   -1.172941E-06   -1.209845E-01 |    1.172941E-06
  -7.335923E-02    1.422917E-02   -6.258943E-04   -1.062691E-04    1.379882E-05   -7.908334E-07   -7.991709E-02 |    7.908334E-07
max(min|c_i|) =    4.228657E-06

2    1.666667E+00    3.333333E+00
   5.770068E-01   -6.465582E-02    1.950941E-02   -1.933149E-03   -4.480846E-06    2.823250E-05    4.436236E-01 |    4.480846E-06
  -2.166702E-01    4.117547E-02   -1.426906E-02    9.764350E-04    6.008451E-05   -1.978926E-05    2.068505E-02 |    1.978926E-05
  -1.209845E-01    2.205493E-02   -9.827812E-03    6.055133E-04    4.997092E-05   -1.299828E-05    3.611426E-02 |    1.299828E-05
  -7.991709E-02    1.405767E-02   -7.035704E-03    4.217386E-04    3.826580E-05   -9.163860E-06    3.008103E-02 |    9.163860E-06
max(min|c_i|) =    1.978926E-05

3    3.333333E+00    6.666667E+00
   4.436236E-01    6.956843E-02    4.719453E-03   -5.341375E-03    1.269590E-03   -1.710228E-04    9.846151E-02 |    1.710228E-04
   2.068505E-02   -1.139620E-01   -5.569291E-03    5.976324E-03   -9.999745E-04    7.546787E-05    3.799317E-01 |    7.546787E-05
   3.611426E-02   -1.048676E-01   -2.101928E-03    4.793514E-03   -7.092891E-04    3.745409E-05    1.719258E-01 |    3.745409E-05
   3.008103E-02   -7.952753E-02   -1.961117E-04    3.675653E-03   -5.233147E-04    2.226305E-05    9.973123E-02 |    2.226305E-05
max(min|c_i|) =    1.710228E-04

4    6.666667E+00    1.333333E+01
   9.846151E-02    6.049019E-02   -2.497136E-02    6.204614E-03   -8.638532E-04   -6.694405E-06    1.823698E-03 |    6.694405E-06
   3.799317E-01   -6.625877E-02    5.479388E-02   -1.183011E-02    5.617909E-04    2.843119E-04    1.614831E-01 |    2.843119E-04
   1.719258E-01    1.681521E-02    5.797958E-02   -1.343540E-02    2.546401E-04    3.603106E-04   -2.446297E-01 |    2.546401E-04
   9.973123E-02    6.609176E-02    4.618701E-02   -1.275537E-02    1.765616E-04    3.384993E-04   -1.592062E-01 |    1.765616E-04
max(min|c_i|) =    2.843119E-04

5    1.333333E+01    2.000000E+01
   1.823698E-03    1.240415E-03   -6.060284E-04    2.000256E-04   -4.915374E-05    9.461225E-06    2.263390E-05 |    9.461225E-06
   1.614831E-01    4.044387E-02   -5.172075E-03   -3.221918E-04    2.193939E-04   -3.912695E-05    2.617080E-02 |    3.912695E-05
  -2.446297E-01    7.683085E-02   -1.592919E-02   -1.280789E-05    3.753878E-04   -5.866872E-05   -2.478708E-01 |    1.280789E-05
  -1.592062E-01    5.460905E-02   -2.245246E-02    6.673350E-04    4.231845E-04   -6.446386E-05    4.926689E-02 |    6.446386E-05
max(min|c_i|) =    6.446386E-05

6    2.000000E+01    2.666667E+01
   2.263390E-05    1.586942E-05   -8.100479E-06    2.834025E-06   -7.509093E-07    1.597312E-07    2.387956E-07 |    1.597312E-07
   2.617080E-02    8.977603E-03   -2.127637E-03    2.940678E-04   -2.271581E-05    9.525882E-08    3.045071E-03 |    9.525882E-08
  -2.478708E-01   -6.376743E-03   -4.342018E-03    9.156725E-04   -7.098881E-05   -6.093967E-07   -1.101673E-01 |    6.093967E-07
   4.926689E-02   -4.492264E-02   -2.461370E-03    1.392360E-03   -1.217038E-04   -1.107538E-06    2.279713E-01 |    1.107538E-06
max(min|c_i|) =    1.107538E-06

7    2.666667E+01    4.000000E+01
   2.387956E-07    2.292195E-07   -1.850622E-07    1.122826E-07   -5.370338E-08    2.192508E-08    5.371729E-11 |    5.371729E-11
   3.045071E-03    2.160310E-03   -1.102655E-03    3.779837E-04   -9.505094E-05    1.822662E-05    2.635221E-05 |    1.822662E-05
  -1.101673E-01   -4.015911E-02    7.902342E-03   -1.190269E-04   -2.924929E-04    7.679060E-05   -9.356249E-03 |    7.679060E-05
   2.279713E-01   -5.524401E-02    2.680705E-02   -3.041821E-03   -3.712666E-04    1.540937E-04    1.300557E-01 |    1.540937E-04
max(min|c_i|) =    1.540937E-04

8    4.000000E+01    5.333333E+01
   5.371729E-11    5.187824E-11   -4.234726E-11    2.609066E-11   -1.270119E-11    5.306320E-12    1.231552E-14 |    1.231552E-14
   2.635221E-05    1.960959E-05   -1.076280E-05    4.073049E-06   -1.167699E-06    2.683999E-07    1.691301E-07 |    1.691301E-07
  -9.356249E-03   -4.541582E-03    1.494156E-03   -3.046997E-04    4.088573E-05   -3.227314E-06   -4.790249E-04 |    3.227314E-06
   1.300557E-01    2.381540E-02   -9.616044E-04   -6.928889E-04    1.630700E-04   -1.663124E-05    2.727346E-02 |    1.663124E-05
max(min|c_i|) =    1.663124E-05

9    5.333333E+01    8.000000E+01
   1.231552E-14    1.349415E-14   -1.382317E-14    1.185175E-14   -7.966979E-15    5.337859E-15 |    5.337859E-15
   1.691301E-07    1.670680E-07   -1.419085E-07    9.201808E-08   -4.723179E-08    2.099560E-08 |    2.099560E-08
  -4.790249E-04   -4.031415E-04    2.626494E-04   -1.196435E-04    4.159282E-05   -1.145415E-05 |    1.145415E-05
   2.727346E-02    1.682421E-02   -7.282291E-03    1.714067E-03   -2.558692E-04   -4.862192E-06 |    4.862192E-06
max(min|c_i|) =    1.145415E-05

----- EIGENVALUES -----
EIGENVALUE n=0 -2.748913484E-01
EIGENVALUE n=1 -9.267932344E-02
EIGENVALUE n=2 -4.548894177E-02
EIGENVALUE n=3 -2.688634235E-02

ALL_EIGENVALUES: | 5 | 59 |  -2.748913484E-01 | -9.267932344E-02 | -4.548894177E-02 | -2.688634235E-02 |

----- ELEMENTS TO SPLIT -----
3
4


========== ADAPTIVE STEP 6 ==========
Number of elements: 12
Degrees of freedom: 71
Domain: [0, 8.000000000E+01]

0    0.000000E+00    8.333333E-01
  -3.954895E-02   -7.660055E-03    1.238432E-03    4.041839E-05   -2.526537E-05    4.132962E-01 |    2.526537E-05
   2.364896E-02    4.707049E-03   -6.841526E-04   -2.595333E-05    1.329399E-05   -1.853490E-01 |    1.329399E-05
  -1.481648E-02   -2.958376E-03    4.249433E-04    1.674254E-05   -8.141792E-06    1.088216E-01 |    8.141792E-06
  -1.023834E-02   -2.046182E-03    2.929400E-04    1.171062E-05   -5.581314E-06    7.335923E-02 |    5.581314E-06
max(min|c_i|) =    2.526537E-05

1    8.333333E-01    1.666667E+00
   4.132962E-01   -5.152938E-02    2.661636E-03    3.174928E-04   -5.784411E-05    4.228657E-06    5.770068E-01 |    4.228657E-06
  -1.853490E-01    3.284586E-02   -1.381551E-03   -2.275144E-04    3.216262E-05   -1.990492E-06   -2.166702E-01 |    1.990492E-06
   1.088216E-01   -2.060505E-02    8.912007E-04    1.505572E-04   -1.999969E-05    1.172941E-06    1.209845E-01 |    1.172941E-06
   7.335923E-02   -1.422917E-02    6.258943E-04    1.062691E-04   -1.379882E-05    7.908334E-07    7.991709E-02 |    7.908334E-07
max(min|c_i|) =    4.228657E-06

2    1.666667E+00    3.333333E+00
   5.770068E-01   -6.465582E-02    1.950941E-02   -1.933149E-03   -4.480846E-06    2.823250E-05    4.436236E-01 |    4.480846E-06
  -2.166702E-01    4.117546E-02   -1.426906E-02    9.764349E-04    6.008451E-05   -1.978926E-05    2.068504E-02 |    1.978926E-05
   1.209845E-01   -2.205493E-02    9.827812E-03   -6.055133E-04   -4.997092E-05    1.299828E-05   -3.611426E-02 |    1.299828E-05
   7.991709E-02   -1.405767E-02    7.035704E-03   -4.217386E-04   -3.826580E-05    9.163860E-06   -3.008103E-02 |    9.163860E-06
max(min|c_i|) =    1.978926E-05

3    3.333333E+00    5.000000E+00
   4.436236E-01    1.374505E-02    3.114681E-03   -7.229297E-04    7.037215E-05   -3.650789E-06    2.272168E-01 |    3.650789E-06
   2.068504E-02   -2.420457E-02   -3.334235E-03    6.524149E-04   -4.220735E-05    7.144293E-07    2.714819E-01 |    7.144293E-07
  -3.611426E-02    2.391014E-02    2.337509E-03   -4.901889E-04    2.671550E-05   -5.296867E-08   -1.693534E-01 |    5.296867E-08
  -3.008103E-02    1.879505E-02    1.606166E-03   -3.679661E-04    1.867921E-05    9.653426E-08   -1.144628E-01 |    9.653426E-08
max(min|c_i|) =    3.650789E-06

4    5.000000E+00    6.666667E+00
   2.272168E-01    1.804100E-02   -8.750088E-04   -8.547508E-05    1.740739E-05   -1.506921E-06    9.846151E-02 |    1.506921E-06
   2.714819E-01   -2.938043E-02    1.103099E-03    1.568072E-04   -1.960532E-05    1.047682E-06    3.799317E-01 |    1.047682E-06
  -1.693534E-01    2.579150E-02   -1.216250E-03   -1.398856E-04    1.573277E-05   -6.641976E-07   -1.719258E-01 |    6.641976E-07
  -1.144628E-01    1.887138E-02   -1.117345E-03   -1.098594E-04    1.224714E-05   -4.581494E-07   -9.973123E-02 |    4.581494E-07
max(min|c_i|) =    1.506921E-06

5    6.666667E+00    1.000000E+01
   9.846151E-02    2.889333E-02   -5.785180E-03    5.882290E-04   -7.777682E-06   -7.813742E-06    1.455084E-02 |    7.777682E-06
   3.799317E-01   -4.646438E-02    1.144412E-02   -7.369261E-04   -6.118089E-05    1.649694E-05    3.084756E-01 |    1.649694E-05
  -1.719258E-01    2.774559E-02   -1.229691E-02    7.315990E-04    7.855900E-05   -1.560978E-05    4.984300E-02 |    1.560978E-05
  -9.973123E-02    9.528192E-03   -1.053816E-02    6.827881E-04    7.161084E-05   -1.305710E-05    7.324218E-02 |    1.305710E-05
max(min|c_i|) =    1.649694E-05

6    1.000000E+01    1.333333E+01
   1.455084E-02    4.905417E-03   -1.195320E-03    1.825567E-04   -1.902155E-05    1.306020E-06    1.823709E-03 |    1.306020E-06
   3.084756E-01    6.459658E-03    2.757810E-03   -5.089042E-04    3.765299E-05   -6.704190E-07    1.614831E-01 |    6.704190E-07
   4.984300E-02   -2.832991E-02   -2.442194E-03    6.520617E-04   -4.053382E-05   -2.946209E-07    2.446297E-01 |    2.946209E-07
   7.324218E-02   -3.514743E-02   -1.182084E-03    6.335925E-04   -3.844021E-05   -6.584142E-07    1.592062E-01 |    6.584142E-07
max(min|c_i|) =    1.306020E-06

7    1.333333E+01    2.000000E+01
   1.823709E-03    1.240422E-03   -6.060318E-04    2.000267E-04   -4.915402E-05    9.461279E-06    2.263403E-05 |    9.461279E-06
   1.614831E-01    4.044387E-02   -5.172075E-03   -3.221917E-04    2.193939E-04   -3.912695E-05    2.617080E-02 |    3.912695E-05
   2.446297E-01   -7.683085E-02    1.592919E-02    1.280754E-05   -3.753878E-04    5.866872E-05    2.478708E-01 |    1.280754E-05
   1.592062E-01   -5.460904E-02    2.245246E-02   -6.673356E-04   -4.231845E-04    6.446386E-05   -4.926692E-02 |    6.446386E-05
max(min|c_i|) =    6.446386E-05

8    2.000000E+01    2.666667E+01
   2.263403E-05    1.586951E-05   -8.100525E-06    2.834041E-06   -7.509135E-07    1.597321E-07    2.387969E-07 |    1.597321E-07
   2.617080E-02    8.977602E-03   -2.127636E-03    2.940678E-04   -2.271581E-05    9.525903E-08    3.045070E-03 |    9.525903E-08
   2.478708E-01    6.376746E-03    4.342017E-03   -9.156725E-04    7.098882E-05    6.093955E-07    1.101673E-01 |    6.093955E-07
  -4.926692E-02    4.492264E-02    2.461369E-03   -1.392359E-03    1.217038E-04    1.107535E-06   -2.279713E-01 |    1.107535E-06
max(min|c_i|) =    1.107535E-06

9    2.666667E+01    4.000000E+01
   2.387969E-07    2.292208E-07   -1.850633E-07    1.122832E-07   -5.370368E-08    2.192521E-08    5.371759E-11 |    5.371759E-11
   3.045070E-03    2.160310E-03   -1.102654E-03    3.779837E-04   -9.505094E-05    1.822662E-05    2.635221E-05 |    1.822662E-05
   1.101673E-01    4.015911E-02   -7.902342E-03    1.190271E-04    2.924928E-04   -7.679060E-05    9.356247E-03 |    7.679060E-05
  -2.279713E-01    5.524400E-02   -2.680705E-02    3.041822E-03    3.712665E-04   -1.540936E-04   -1.300557E-01 |    1.540936E-04
max(min|c_i|) =    1.540936E-04

10    4.000000E+01    5.333333E+01
   5.371759E-11    5.187852E-11   -4.234750E-11    2.609080E-11   -1.270126E-11    5.306345E-12    1.231524E-14 |    1.231524E-14
   2.635221E-05    1.960959E-05   -1.076280E-05    4.073048E-06   -1.167699E-06    2.683998E-07    1.691301E-07 |    1.691301E-07
   9.356247E-03    4.541581E-03   -1.494155E-03    3.046997E-04   -4.088573E-05    3.227314E-06    4.790248E-04 |    3.227314E-06
  -1.300557E-01   -2.381540E-02    9.616051E-04    6.928887E-04   -1.630700E-04    1.663124E-05   -2.727346E-02 |    1.663124E-05
max(min|c_i|) =    1.663124E-05

11    5.333333E+01    8.000000E+01
   1.231524E-14    1.349315E-14   -1.382307E-14    1.185169E-14   -7.967057E-15    5.338801E-15 |    5.338801E-15
   1.691301E-07    1.670680E-07   -1.419085E-07    9.201807E-08   -4.723178E-08    2.099560E-08 |    2.099560E-08
   4.790248E-04    4.031414E-04   -2.626493E-04    1.196435E-04   -4.159281E-05    1.145415E-05 |    1.145415E-05
  -2.727346E-02   -1.682421E-02    7.282291E-03   -1.714067E-03    2.558692E-04    4.862181E-06 |    4.862181E-06
max(min|c_i|) =    1.145415E-05

----- EIGENVALUES -----
EIGENVALUE n=0 -2.748913487E-01
EIGENVALUE n=1 -9.267932457E-02
EIGENVALUE n=2 -4.548894272E-02
EIGENVALUE n=3 -2.688634299E-02

ALL_EIGENVALUES: | 6 | 71 |  -2.748913487E-01 | -9.267932457E-02 | -4.548894272E-02 | -2.688634299E-02 |

----- ELEMENTS TO SPLIT -----
0
7
9


========== ADAPTIVE STEP 7 ==========
Number of elements: 15
Degrees of freedom: 89
Domain: [0, 8.000000000E+01]

0    0.000000E+00    4.166667E-01
  -5.815253E-03   -1.395821E-03    5.646962E-05    5.596530E-06   -4.306087E-07    2.311601E-01 |    4.306087E-07
   3.432321E-03    8.290602E-04   -3.060119E-05   -3.072609E-06    2.224513E-07   -1.073184E-01 |    2.224513E-07
  -2.146929E-03   -5.190380E-04    1.890549E-05    1.905141E-06   -1.355444E-07    6.358459E-02 |    1.355444E-07
  -1.482817E-03   -3.585859E-04    1.300515E-05    1.312428E-06   -9.272667E-08    4.301862E-02 |    9.272667E-08
max(min|c_i|) =    4.306087E-07

1    4.166667E-01    8.333333E-01
   2.311601E-01   -1.324066E-02   -4.859344E-04    7.752088E-05   -1.992667E-06   -1.818353E-07    4.132962E-01 |    1.818353E-07
  -1.073184E-01    7.995440E-03    3.262505E-04   -4.396655E-05    9.227306E-07    1.012351E-07   -1.853490E-01 |    1.012351E-07
   6.358459E-02   -5.014941E-03   -2.067037E-04    2.750540E-05   -5.421513E-07   -6.295373E-08    1.088216E-01 |    6.295373E-08
   4.301862E-02   -3.466527E-03   -1.432670E-04    1.901460E-05   -3.653322E-07   -4.341943E-08    7.335923E-02 |    4.341943E-08
max(min|c_i|) =    1.818353E-07

2    8.333333E-01    1.666667E+00
   4.132962E-01   -5.152938E-02    2.661636E-03    3.174928E-04   -5.784411E-05    4.228657E-06    5.770068E-01 |    4.228657E-06
  -1.853490E-01    3.284586E-02   -1.381551E-03   -2.275144E-04    3.216262E-05   -1.990492E-06   -2.166702E-01 |    1.990492E-06
   1.088216E-01   -2.060505E-02    8.912007E-04    1.505572E-04   -1.999969E-05    1.172941E-06    1.209845E-01 |    1.172941E-06
   7.335923E-02   -1.422917E-02    6.258943E-04    1.062691E-04   -1.379882E-05    7.908334E-07    7.991709E-02 |    7.908334E-07
max(min|c_i|) =    4.228657E-06

3    1.666667E+00    3.333333E+00
   5.770068E-01   -6.465582E-02    1.950941E-02   -1.933149E-03   -4.480846E-06    2.823250E-05    4.436236E-01 |    4.480846E-06
  -2.166702E-01    4.117546E-02   -1.426906E-02    9.764349E-04    6.008451E-05   -1.978926E-05    2.068504E-02 |    1.978926E-05
   1.209845E-01   -2.205493E-02    9.827812E-03   -6.055133E-04   -4.997092E-05    1.299828E-05   -3.611426E-02 |    1.299828E-05
   7.991709E-02   -1.405767E-02    7.035704E-03   -4.217386E-04   -3.826580E-05    9.163860E-06   -3.008103E-02 |    9.163860E-06
max(min|c_i|) =    1.978926E-05

4    3.333333E+00    5.000000E+00
   4.436236E-01    1.374505E-02    3.114681E-03   -7.229297E-04    7.037215E-05   -3.650789E-06    2.272168E-01 |    3.650789E-06
   2.068504E-02   -2.420457E-02   -3.334235E-03    6.524149E-04   -4.220735E-05    7.144293E-07    2.714819E-01 |    7.144293E-07
  -3.611426E-02    2.391014E-02    2.337509E-03   -4.901889E-04    2.671550E-05   -5.296867E-08   -1.693534E-01 |    5.296867E-08
  -3.008103E-02    1.879505E-02    1.606166E-03   -3.679661E-04    1.867921E-05    9.653426E-08   -1.144628E-01 |    9.653426E-08
max(min|c_i|) =    3.650789E-06

5    5.000000E+00    6.666667E+00
   2.272168E-01    1.804100E-02   -8.750088E-04   -8.547508E-05    1.740739E-05   -1.506921E-06    9.846151E-02 |    1.506921E-06
   2.714819E-01   -2.938043E-02    1.103099E-03    1.568072E-04   -1.960532E-05    1.047682E-06    3.799317E-01 |    1.047682E-06
  -1.693534E-01    2.579150E-02   -1.216250E-03   -1.398856E-04    1.573277E-05   -6.641976E-07   -1.719258E-01 |    6.641976E-07
  -1.144628E-01    1.887138E-02   -1.117345E-03   -1.098594E-04    1.224714E-05   -4.581494E-07   -9.973123E-02 |    4.581494E-07
max(min|c_i|) =    1.506921E-06

6    6.666667E+00    1.000000E+01
   9.846151E-02    2.889333E-02   -5.785180E-03    5.882290E-04   -7.777682E-06   -7.813742E-06    1.455084E-02 |    7.777682E-06
   3.799317E-01   -4.646438E-02    1.144412E-02   -7.369261E-04   -6.118089E-05    1.649694E-05    3.084756E-01 |    1.649694E-05
  -1.719258E-01    2.774559E-02   -1.229691E-02    7.315990E-04    7.855900E-05   -1.560978E-05    4.984300E-02 |    1.560978E-05
  -9.973123E-02    9.528192E-03   -1.053816E-02    6.827881E-04    7.161084E-05   -1.305710E-05    7.324218E-02 |    1.305710E-05
max(min|c_i|) =    1.649694E-05

7    1.000000E+01    1.333333E+01
   1.455084E-02    4.905417E-03   -1.195320E-03    1.825567E-04   -1.902155E-05    1.306020E-06    1.823709E-03 |    1.306020E-06
   3.084756E-01    6.459658E-03    2.757810E-03   -5.089042E-04    3.765299E-05   -6.704190E-07    1.614831E-01 |    6.704190E-07
   4.984300E-02   -2.832991E-02   -2.442194E-03    6.520617E-04   -4.053382E-05   -2.946209E-07    2.446297E-01 |    2.946209E-07
   7.324218E-02   -3.514743E-02   -1.182084E-03    6.335925E-04   -3.844021E-05   -6.584142E-07    1.592062E-01 |    6.584142E-07
max(min|c_i|) =    1.306020E-06

8    1.333333E+01    1.666667E+01
   1.823709E-03    6.538582E-04   -1.711461E-04    2.902410E-05   -3.571091E-06    3.350817E-07    2.089789E-04 |    3.350817E-07
   1.614831E-01    1.255317E-02   -4.316210E-04   -9.182648E-05    1.433969E-05   -1.019060E-06    6.899061E-02 |    1.019060E-06
   2.446297E-01   -2.696671E-02    1.822971E-03    1.192184E-04   -2.214692E-05    1.250597E-06    2.932937E-01 |    1.250597E-06
   1.592062E-01   -2.477039E-02    2.869009E-03    9.074580E-05   -2.425098E-05    1.238163E-06    8.824517E-02 |    1.238163E-06
max(min|c_i|) =    1.250597E-06

9    1.666667E+01    2.000000E+01
   2.089789E-04    7.757917E-05   -2.107688E-05    3.753044E-06   -4.929931E-07    5.072679E-08    2.263356E-05 |    5.072679E-08
   6.899061E-02    7.498210E-03   -6.789021E-04    1.937570E-05    2.032729E-06   -2.933418E-07    2.617080E-02 |    2.933418E-07
   2.932937E-01   -1.146246E-02    1.846049E-03   -6.934589E-05   -3.943849E-06    5.521080E-07    2.478708E-01 |    5.521080E-07
   8.824517E-02   -2.939591E-03    2.390495E-03   -1.211123E-04   -4.353661E-06    6.747469E-07   -4.926692E-02 |    6.747469E-07
max(min|c_i|) =    6.747469E-07

10    2.000000E+01    2.666667E+01
   2.263356E-05    1.586920E-05   -8.100343E-06    2.833987E-06   -7.508966E-07    1.597291E-07    2.388278E-07 |    1.597291E-07
   2.617080E-02    8.977602E-03   -2.127636E-03    2.940678E-04   -2.271581E-05    9.525922E-08    3.045071E-03 |    9.525922E-08
   2.478708E-01    6.376746E-03    4.342017E-03   -9.156725E-04    7.098882E-05    6.093955E-07    1.101673E-01 |    6.093955E-07
  -4.926692E-02    4.492264E-02    2.461369E-03   -1.392359E-03    1.217038E-04    1.107535E-06   -2.279713E-01 |    1.107535E-06
max(min|c_i|) =    1.107535E-06

11    2.666667E+01    3.333333E+01
   2.388278E-07    1.699086E-07   -8.849718E-08    3.175534E-08   -8.672458E-09    1.913123E-09    2.306744E-09 |    1.913123E-09
   3.045071E-03    1.168748E-03   -3.190681E-04    5.550685E-05   -6.809713E-06    6.040682E-07    2.985444E-04 |    6.040682E-07
   1.101673E-01    1.394445E-02   -9.023006E-04   -9.982966E-05    2.487423E-05   -2.328954E-06    3.520844E-02 |    2.328954E-06
  -2.279713E-01    2.772689E-02   -4.306068E-03    2.863842E-05    4.267589E-05   -4.437397E-06   -2.121095E-01 |    4.437397E-06
max(min|c_i|) =    4.437397E-06

12    3.333333E+01    4.000000E+01
   2.306744E-09    1.655173E-09   -8.721757E-10    3.174275E-10   -8.812111E-11    1.981018E-11    2.106745E-11 |    1.981018E-11
   2.985444E-04    1.214437E-04   -3.539203E-05    6.723985E-06   -9.336013E-07    1.001146E-07    2.635092E-05 |    1.001146E-07
   3.520844E-02    6.230705E-03   -8.318812E-04    5.157130E-05    4.653715E-07   -4.060442E-07    9.356248E-03 |    4.060442E-07
  -2.121095E-01    1.692675E-03   -2.092063E-03    2.248628E-04   -5.898885E-06   -7.841190E-07   -1.300557E-01 |    7.841190E-07
max(min|c_i|) =    7.841190E-07

13    4.000000E+01    5.333333E+01
   2.106745E-11    2.034619E-11   -1.660822E-11    1.023253E-11   -4.981293E-12    2.081088E-12    4.830108E-15 |    4.830108E-15
   2.635092E-05    1.960863E-05   -1.076227E-05    4.072850E-06   -1.167642E-06    2.683868E-07    1.691218E-07 |    1.691218E-07
   9.356248E-03    4.541582E-03   -1.494155E-03    3.046997E-04   -4.088573E-05    3.227314E-06    4.790248E-04 |    3.227314E-06
  -1.300557E-01   -2.381540E-02    9.616051E-04    6.928887E-04   -1.630700E-04    1.663124E-05   -2.727346E-02 |    1.663124E-05
max(min|c_i|) =    1.663124E-05

14    5.333333E+01    8.000000E+01
   4.830108E-15    5.291700E-15   -5.421399E-15    4.648097E-15   -3.124706E-15    2.093753E-15 |    2.093753E-15
   1.691218E-07    1.670598E-07   -1.419016E-07    9.201358E-08   -4.722948E-08    2.099458E-08 |    2.099458E-08
   4.790248E-04    4.031415E-04   -2.626493E-04    1.196435E-04   -4.159281E-05    1.145415E-05 |    1.145415E-05
  -2.727346E-02   -1.682421E-02    7.282291E-03   -1.714067E-03    2.558692E-04    4.862180E-06 |    4.862180E-06
max(min|c_i|) =    1.145415E-05

----- EIGENVALUES -----
EIGENVALUE n=0 -2.748913488E-01
EIGENVALUE n=1 -9.267932458E-02
EIGENVALUE n=2 -4.548894273E-02
EIGENVALUE n=3 -2.688634302E-02

ALL_EIGENVALUES: | 7 | 89 |  -2.748913488E-01 | -9.267932458E-02 | -4.548894273E-02 | -2.688634302E-02 |

DATETIME: 06 Sep 2026 21:02:39

=== END OF LOG FILE ===
