===============================================================================
 EEEEE I   GGG  EEEEE N   N RRRR   AAA  DDDD         Zbigniew Romanowski       
 E     I  G     E     NN  N R   R A   A D   D                                  
 EEE   I  G  GG EEE   N N N RRRR  AAAAA D   D        romz@wp.pl                
 E     I  G   G E     N  NN R  R  A   A D   D                                  
 EEEEE I   GGG  EEEEE N   N R   R A   A DDDD         https://github.com/romz-pl
===============================================================================



DATETIME: 04 Sep 2026 10:52:07



========== ADAPTIVE STEP 0 ==========
Number of elements: 3
Degrees of freedom: 17
Domain: [0, 1.000000000E+02]

0    0.000000E+00    3.333333E+01
  -2.581971E-01    5.922164E-01   -5.420691E-01    2.174454E-01    1.825559E-01    3.058761E-03 |    3.058761E-03
   2.231530E-01    2.081573E-01   -5.944279E-01    3.073865E-01    1.604351E-01   -2.473017E-02 |    2.473017E-02
   9.491196E-02   -1.445811E-01   -4.343313E-01    3.237828E-01    1.178548E-01    2.118076E-01 |    9.491196E-02
  -1.132870E-01   -2.025485E-01   -2.683920E-01    2.936202E-01    8.324092E-02   -3.441726E-02 |    3.441726E-02
max(min|c_i|) =    9.491196E-02

1    3.333333E+01    6.666667E+01
   3.058761E-03    3.196743E-03   -2.990909E-03    2.236398E-03   -1.318150E-03    7.097305E-04    4.009749E-06 |    4.009749E-06
  -2.473017E-02   -2.173410E-02    1.486056E-02   -7.017958E-03    2.382312E-03   -5.645722E-04   -1.019008E-05 |    1.019008E-05
   2.118076E-01    1.032850E-01   -1.105482E-02   -1.587547E-02    9.580439E-03   -2.627422E-03    3.705080E-03 |    2.627422E-03
  -3.441726E-02    2.292419E-01   -1.165878E-01   -1.932730E-03    1.728375E-02   -5.896116E-03   -7.139149E-02 |    1.932730E-03
max(min|c_i|) =    2.627422E-03

2    6.666667E+01    1.000000E+02
   4.009749E-06    4.233505E-06   -4.058511E-06    3.130437E-06   -1.918303E-06    1.092469E-06 |    1.092469E-06
  -1.019008E-05   -9.586521E-06    7.470346E-06   -4.308734E-06    1.944276E-06   -7.350123E-07 |    7.350123E-07
   3.705080E-03    2.884360E-03   -1.670960E-03    6.440981E-04   -1.834216E-04    3.786163E-05 |    3.786163E-05
  -7.139149E-02   -3.608198E-02    1.175211E-02   -8.948433E-04   -2.998111E-04    1.779215E-04 |    1.779215E-04
max(min|c_i|) =    1.779215E-04

----- EIGENVALUES -----
EIGENVALUE n=0 -1.089443855E-01
EIGENVALUE n=1 -4.712636063E-02
EIGENVALUE n=2 -2.655480868E-02
EIGENVALUE n=3 -1.717983609E-02

ALL_EIGENVALUES: | 0 | 17 |  -1.089443855E-01 | -4.712636063E-02 | -2.655480868E-02 | -1.717983609E-02 |

----- ELEMENTS TO SPLIT -----
0


========== ADAPTIVE STEP 1 ==========
Number of elements: 4
Degrees of freedom: 23
Domain: [0, 1.000000000E+02]

0    0.000000E+00    1.666667E+01
   4.566281E-01   -5.303080E-01    9.432215E-02    2.394403E-01   -2.822845E-01   -1.549682E-02 |    1.549682E-02
   2.049795E-02   -5.322764E-01    2.101132E-01    1.844960E-01   -2.222727E-01    2.390931E-01 |    2.049795E-02
   1.794279E-01    3.568706E-01   -2.294192E-01   -1.285451E-01    1.699705E-01    8.964412E-02 |    8.964412E-02
  -1.483761E-01   -2.248452E-01    2.039909E-01    9.082580E-02   -1.322628E-01   -1.050836E-01 |    9.082580E-02
max(min|c_i|) =    9.082580E-02

1    1.666667E+01    3.333333E+01
  -1.549682E-02   -1.312554E-02    8.531855E-03   -3.847922E-03    1.281866E-03   -3.225336E-04   -1.670550E-05 |    1.670550E-05
   2.390931E-01    9.848833E-02   -1.119684E-02   -8.571735E-03    4.574142E-03   -1.102695E-03    1.034909E-02 |    1.102695E-03
   8.964412E-02   -2.132868E-01    7.311183E-02    4.844290E-03   -7.694260E-03    1.896329E-03    1.483399E-01 |    1.896329E-03
  -1.050836E-01    1.385987E-01   -1.199482E-01    6.564885E-03    8.863931E-03   -2.433516E-03    1.628220E-01 |    2.433516E-03
max(min|c_i|) =    2.433516E-03

2    3.333333E+01    6.666667E+01
  -1.670550E-05   -1.768266E-05    1.690107E-05   -1.308989E-05    7.971203E-06   -4.527865E-06   -3.089997E-08 |    3.089997E-08
   1.034909E-02    9.543201E-03   -7.121718E-03    3.821822E-03   -1.545842E-03    4.877816E-04    2.076487E-06 |    2.076487E-06
   1.483399E-01    9.635948E-02   -3.564089E-02    2.622850E-03    3.580785E-03   -1.978913E-03    9.655144E-04 |    9.655144E-04
   1.628220E-01   -8.902478E-02    1.136442E-01   -3.693811E-02   -1.239715E-04    3.709886E-03    3.230448E-02 |    1.239715E-04
max(min|c_i|) =    9.655144E-04

3    6.666667E+01    1.000000E+02
  -3.089997E-08   -3.295126E-08    3.216665E-08   -2.551072E-08    1.604370E-08   -9.527679E-09 |    9.527679E-09
   2.076487E-06    2.008593E-06   -1.643130E-06    1.011725E-06   -4.906144E-07    2.027469E-07 |    2.027469E-07
   9.655144E-04    8.035674E-04   -5.135291E-04    2.272270E-04   -7.602723E-05    1.979415E-05 |    1.979415E-05
   3.230448E-02    1.999653E-02   -8.529005E-03    1.901124E-03   -2.293630E-04   -3.146540E-05 |    3.146540E-05
max(min|c_i|) =    3.146540E-05

----- EIGENVALUES -----
EIGENVALUE n=0 -1.222495174E-01
EIGENVALUE n=1 -5.448607985E-02
EIGENVALUE n=2 -3.074450220E-02
EIGENVALUE n=3 -1.972414776E-02

ALL_EIGENVALUES: | 1 | 23 |  -1.222495174E-01 | -5.448607985E-02 | -3.074450220E-02 | -1.972414776E-02 |

----- ELEMENTS TO SPLIT -----
0


========== ADAPTIVE STEP 2 ==========
Number of elements: 5
Degrees of freedom: 29
Domain: [0, 1.000000000E+02]

0    0.000000E+00    8.333333E+00
  -4.840804E-01    6.181689E-02    1.828891E-01   -1.390545E-01    5.751534E-02    2.199157E-01 |    5.751534E-02
  -3.840123E-01    1.164529E-01    1.336998E-01   -9.881070E-02    3.431262E-02   -2.029388E-01 |    3.431262E-02
  -2.336015E-01    1.127067E-01    9.423225E-02   -7.155806E-02    2.293352E-02   -1.501373E-01 |    2.293352E-02
   1.585803E-01   -9.367878E-02   -6.917055E-02    5.402886E-02   -1.663786E-02    1.087732E-01 |    1.663786E-02
max(min|c_i|) =    5.751534E-02

1    8.333333E+00    1.666667E+01
   2.199157E-01    8.993503E-02   -1.877130E-02   -5.181420E-04    1.312363E-03   -3.895965E-04    1.365252E-02 |    3.895965E-04
  -2.029388E-01    1.641336E-01   -4.781837E-02   -1.509672E-04    2.398769E-03   -5.559558E-04   -2.309988E-01 |    1.509672E-04
  -1.501373E-01    1.204263E-01   -6.285671E-02    1.731959E-03    2.636357E-03   -5.596361E-04    1.060504E-01 |    5.596361E-04
   1.087732E-01   -5.701855E-02    6.049316E-02   -3.316600E-03   -2.429464E-03    5.105695E-04   -1.143016E-01 |    5.105695E-04
max(min|c_i|) =    5.596361E-04

2    1.666667E+01    3.333333E+01
   1.365252E-02    1.164834E-02   -7.664326E-03    3.514219E-03   -1.195905E-03    3.102783E-04    1.323590E-05 |    1.323590E-05
  -2.309988E-01   -9.958091E-02    1.431584E-02    7.149965E-03   -4.302778E-03    1.109257E-03   -9.161098E-03 |    1.109257E-03
   1.060504E-01   -2.051572E-01    7.738809E-02    1.870435E-03   -7.153621E-03    1.935668E-03    1.413203E-01 |    1.870435E-03
  -1.143016E-01    1.191083E-01   -1.220025E-01    1.057355E-02    8.053034E-03   -2.491007E-03    1.723062E-01 |    2.491007E-03
max(min|c_i|) =    2.491007E-03

3    3.333333E+01    6.666667E+01
   1.323590E-05    1.404203E-05   -1.347136E-05    1.049978E-05   -6.430057E-06    3.687850E-06    2.604435E-08 |    2.604435E-08
  -9.161098E-03   -8.493882E-03    6.401896E-03   -3.484857E-03    1.435547E-03   -4.652417E-04   -1.739634E-06 |    1.739634E-06
   1.413203E-01    9.373601E-02   -3.648378E-02    3.954770E-03    2.963145E-03   -1.836213E-03    8.268279E-04 |    8.268279E-04
   1.723062E-01   -7.448815E-02    1.090411E-01   -3.856529E-02    1.370573E-03    3.301946E-03    2.960007E-02 |    1.370573E-03
max(min|c_i|) =    1.370573E-03

4    6.666667E+01    1.000000E+02
   2.604435E-08    2.782312E-08   -2.724880E-08    2.171984E-08   -1.372260E-08    8.211980E-09 |    8.211980E-09
  -1.739634E-06   -1.688397E-06    1.389405E-06   -8.624102E-07    4.218997E-07   -1.762836E-07 |    1.762836E-07
   8.268279E-04    6.924991E-04   -4.468191E-04    2.003139E-04   -6.803713E-05    1.806910E-05 |    1.806910E-05
   2.960007E-02    1.860551E-02   -8.094401E-03    1.887889E-03   -2.525976E-04   -2.092510E-05 |    2.092510E-05
max(min|c_i|) =    2.092510E-05

----- EIGENVALUES -----
EIGENVALUE n=0 -1.249558993E-01
EIGENVALUE n=1 -5.554501332E-02
EIGENVALUE n=2 -3.124610173E-02
EIGENVALUE n=3 -1.999808382E-02

ALL_EIGENVALUES: | 2 | 29 |  -1.249558993E-01 | -5.554501332E-02 | -3.124610173E-02 | -1.999808382E-02 |

----- ELEMENTS TO SPLIT -----
0


========== ADAPTIVE STEP 3 ==========
Number of elements: 6
Degrees of freedom: 35
Domain: [0, 1.000000000E+02]

0    0.000000E+00    4.166667E+00
   1.235537E-01    1.188383E-01   -7.168162E-02    1.918518E-02   -3.364770E-03   -4.412528E-01 |    3.364770E-03
  -1.307761E-01   -7.737745E-02    4.805921E-02   -1.112917E-02    1.568906E-03    1.600286E-01 |    1.568906E-03
   9.773687E-02    5.168849E-02   -3.373417E-02    7.373498E-03   -9.310592E-04   -8.669532E-02 |    9.310592E-04
  -7.395191E-02   -3.727962E-02    2.502452E-02   -5.326235E-03    6.329785E-04    5.647946E-02 |    6.329785E-04
max(min|c_i|) =    3.364770E-03

1    4.166667E+00    8.333333E+00
  -4.412528E-01    3.416881E-02   -2.632880E-02    4.625673E-03   -2.096105E-04   -6.105822E-05   -2.198003E-01 |    6.105822E-05
   1.600286E-01    3.066669E-03    2.792522E-02   -4.508830E-03    2.297165E-05    7.830540E-05   -2.030718E-01 |    2.297165E-05
  -8.669532E-02   -2.668398E-02   -2.243974E-02    3.883034E-03    2.615525E-05   -6.894723E-05    1.501797E-01 |    2.615525E-05
   5.647946E-02    2.830498E-02    1.714960E-02   -3.217263E-03   -3.304465E-05    5.708187E-05   -1.087901E-01 |    3.304465E-05
max(min|c_i|) =    6.105822E-05

2    8.333333E+00    1.666667E+01
  -2.198003E-01   -8.992771E-02    1.878788E-02    5.100796E-04   -1.310633E-03    3.894528E-04   -1.363351E-02 |    3.894528E-04
  -2.030718E-01    1.640918E-01   -4.783811E-02   -1.412610E-04    2.397385E-03   -5.560040E-04   -2.309485E-01 |    1.412610E-04
   1.501797E-01   -1.203598E-01    6.286953E-02   -1.740752E-03   -2.635261E-03    5.597250E-04   -1.061398E-01 |    5.597250E-04
  -1.087901E-01    5.695397E-02   -6.049914E-02    3.323923E-03    2.428546E-03   -5.106549E-04    1.143420E-01 |    5.106549E-04
max(min|c_i|) =    5.597250E-04

3    1.666667E+01    3.333333E+01
  -1.363351E-02   -1.163323E-02    7.655600E-03   -3.510974E-03    1.195131E-03   -3.101995E-04   -1.319888E-05 |    1.319888E-05
  -2.309485E-01   -9.959116E-02    1.433834E-02    7.139937E-03   -4.300890E-03    1.109314E-03   -9.153205E-03 |    1.109314E-03
  -1.061398E-01    2.051149E-01   -7.741066E-02   -1.854711E-03    7.150719E-03   -1.935861E-03   -1.412856E-01 |    1.854711E-03
   1.143420E-01   -1.190206E-01    1.220105E-01   -1.059123E-02   -8.049327E-03    2.491226E-03   -1.723488E-01 |    2.491226E-03
max(min|c_i|) =    2.491226E-03

4    3.333333E+01    6.666667E+01
  -1.319888E-05   -1.400317E-05    1.343473E-05   -1.047211E-05    6.413581E-06   -3.678867E-06   -2.599262E-08 |    2.599262E-08
  -9.153205E-03   -8.486900E-03    6.397093E-03   -3.482603E-03    1.434807E-03   -4.650908E-04   -1.737515E-06 |    1.737515E-06
  -1.412856E-01   -9.372314E-02    3.648824E-02   -3.961629E-03   -2.959951E-03    1.835465E-03   -8.261516E-04 |    8.261516E-04
  -1.723488E-01    7.442450E-02   -1.090205E-01    3.857208E-02   -1.377073E-03   -3.300125E-03   -2.958871E-02 |    1.377073E-03
max(min|c_i|) =    1.377073E-03

5    6.666667E+01    1.000000E+02
  -2.599262E-08   -2.776851E-08    2.719648E-08   -2.167958E-08    1.369799E-08   -8.198079E-09 |    8.198079E-09
  -1.737515E-06   -1.686381E-06    1.387807E-06   -8.614687E-07    4.214662E-07   -1.761167E-07 |    1.761167E-07
  -8.261516E-04   -6.919558E-04    4.464913E-04   -2.001809E-04    6.799737E-05   -1.806043E-05 |    1.806043E-05
  -2.958871E-02   -1.859961E-02    8.092538E-03   -1.887820E-03    2.526940E-04    2.088022E-05 |    2.088022E-05
max(min|c_i|) =    2.088022E-05

----- EIGENVALUES -----
EIGENVALUE n=0 -1.249921846E-01
EIGENVALUE n=1 -5.555290301E-02
EIGENVALUE n=2 -3.124882232E-02
EIGENVALUE n=3 -1.999931808E-02

ALL_EIGENVALUES: | 3 | 35 |  -1.249921846E-01 | -5.555290301E-02 | -3.124882232E-02 | -1.999931808E-02 |

----- ELEMENTS TO SPLIT -----
0
3


========== ADAPTIVE STEP 4 ==========
Number of elements: 8
Degrees of freedom: 47
Domain: [0, 1.000000000E+02]

0    0.000000E+00    2.083333E+00
  -4.451471E-02    4.964330E-02   -1.062316E-02    1.247440E-03   -2.676470E-04   -3.125695E-01 |    2.676470E-04
  -1.705066E-02    3.223640E-02   -6.396142E-03    6.316476E-04   -1.390594E-04   -1.711110E-01 |    1.390594E-04
  -9.288486E-03    2.210627E-02   -4.308005E-03    3.938202E-04   -8.803501E-05   -1.109535E-01 |    8.803501E-05
   6.038428E-03   -1.620229E-02    3.135476E-03   -2.756639E-04    6.213562E-05    7.928657E-02 |    6.213562E-05
max(min|c_i|) =    2.676470E-04

1    2.083333E+00    4.166667E+00
  -3.125695E-01    6.642476E-02   -4.067158E-03   -9.654736E-04    2.090050E-04   -2.164047E-05   -4.412530E-01 |    2.164047E-05
  -1.711110E-01    5.546886E-02   -3.638117E-03   -8.405496E-04    1.516662E-04   -1.261070E-05   -1.600285E-01 |    1.261070E-05
  -1.109535E-01    3.916602E-02   -3.040628E-03   -6.387679E-04    1.099545E-04   -8.257071E-06   -8.669530E-02 |    8.257071E-06
   7.928657E-02   -2.890630E-02    2.440303E-03    4.889742E-04   -8.300643E-05    5.912145E-06    5.647953E-02 |    5.912145E-06
max(min|c_i|) =    2.164047E-05

2    4.166667E+00    8.333333E+00
  -4.412530E-01    3.416861E-02   -2.632878E-02    4.625678E-03   -2.096124E-04   -6.105798E-05   -2.198001E-01 |    6.105798E-05
  -1.600285E-01   -3.066809E-03   -2.792521E-02    4.508835E-03   -2.297272E-05   -7.830532E-05    2.030720E-01 |    2.297272E-05
  -8.669530E-02   -2.668410E-02   -2.243975E-02    3.883040E-03    2.615457E-05   -6.894723E-05    1.501799E-01 |    2.615457E-05
   5.647953E-02    2.830510E-02    1.714963E-02   -3.217272E-03   -3.304420E-05    5.708196E-05   -1.087904E-01 |    3.304420E-05
max(min|c_i|) =    6.105798E-05

3    8.333333E+00    1.666667E+01
  -2.198001E-01   -8.992773E-02    1.878791E-02    5.100595E-04   -1.310630E-03    3.894525E-04   -1.363351E-02 |    3.894525E-04
   2.030720E-01   -1.640918E-01    4.783815E-02    1.412431E-04   -2.397383E-03    5.560042E-04    2.309485E-01 |    1.412431E-04
   1.501799E-01   -1.203598E-01    6.286960E-02   -1.740770E-03   -2.635261E-03    5.597256E-04   -1.061400E-01 |    5.597256E-04
  -1.087904E-01    5.695398E-02   -6.049928E-02    3.323943E-03    2.428550E-03   -5.106561E-04    1.143423E-01 |    5.106561E-04
max(min|c_i|) =    5.597256E-04

4    1.666667E+01    2.500000E+01
  -1.363351E-02   -7.438395E-03    2.782118E-03   -6.622809E-04    1.082354E-04   -1.174027E-05   -4.756613E-04 |    1.174027E-05
   2.309485E-01    3.045294E-02    2.752186E-03   -2.015341E-03    3.548794E-04   -2.753998E-05    5.755728E-02 |    2.753998E-05
  -1.061400E-01    8.933934E-02   -5.804466E-03   -2.746949E-03    5.799638E-04   -3.766045E-05   -2.494665E-01 |    3.766045E-05
   1.143423E-01   -9.316958E-02    1.554487E-02    2.428392E-03   -6.968727E-04    4.405222E-05    4.103467E-02 |    4.405222E-05
max(min|c_i|) =    4.405222E-05

5    2.500000E+01    3.333333E+01
  -4.756613E-04   -2.793284E-04    1.156398E-04   -3.184619E-05    6.486072E-06   -1.030028E-06   -1.307896E-05 |    1.030028E-06
   5.755728E-02    1.565250E-02   -2.784597E-03    2.092955E-04    1.116295E-05   -4.887358E-06    9.153223E-03 |    4.887358E-06
  -2.494665E-01    1.285786E-02   -7.628921E-03    9.195550E-04   -5.991646E-06   -1.030584E-05   -1.412854E-01 |    5.991646E-06
   4.103467E-02    2.668669E-02    8.297624E-03   -1.698198E-03    5.096116E-05    1.401067E-05   -1.723489E-01 |    1.401067E-05
max(min|c_i|) =    1.401067E-05

6    3.333333E+01    6.666667E+01
  -1.307896E-05   -1.387594E-05    1.331267E-05   -1.037696E-05    6.355312E-06   -3.645445E-06   -2.575651E-08 |    2.575651E-08
   9.153223E-03    8.486917E-03   -6.397107E-03    3.482611E-03   -1.434811E-03    4.650923E-04    1.737517E-06 |    1.737517E-06
  -1.412854E-01   -9.372310E-02    3.648825E-02   -3.961647E-03   -2.959942E-03    1.835462E-03   -8.261497E-04 |    8.261497E-04
  -1.723489E-01    7.442422E-02   -1.090204E-01    3.857210E-02   -1.377100E-03   -3.300117E-03   -2.958866E-02 |    1.377100E-03
max(min|c_i|) =    1.377100E-03

7    6.666667E+01    1.000000E+02
  -2.575651E-08   -2.751627E-08    2.694943E-08   -2.148265E-08    1.357356E-08   -8.123614E-09 |    8.123614E-09
   1.737517E-06    1.686383E-06   -1.387809E-06    8.614700E-07   -4.214669E-07    1.761171E-07 |    1.761171E-07
  -8.261497E-04   -6.919542E-04    4.464904E-04   -2.001805E-04    6.799725E-05   -1.806041E-05 |    1.806041E-05
  -2.958866E-02   -1.859959E-02    8.092529E-03   -1.887819E-03    2.526944E-04    2.088003E-05 |    2.088003E-05
max(min|c_i|) =    2.088003E-05

----- EIGENVALUES -----
EIGENVALUE n=0 -1.249922648E-01
EIGENVALUE n=1 -5.555291903E-02
EIGENVALUE n=2 -3.124882963E-02
EIGENVALUE n=3 -1.999932329E-02

ALL_EIGENVALUES: | 4 | 47 |  -1.249922648E-01 | -5.555291903E-02 | -3.124882963E-02 | -1.999932329E-02 |

----- ELEMENTS TO SPLIT -----
3
6


========== ADAPTIVE STEP 5 ==========
Number of elements: 10
Degrees of freedom: 59
Domain: [0, 1.000000000E+02]

0    0.000000E+00    2.083333E+00
   4.451471E-02   -4.964330E-02    1.062316E-02   -1.247440E-03    2.676470E-04    3.125695E-01 |    2.676470E-04
  -1.705066E-02    3.223640E-02   -6.396142E-03    6.316477E-04   -1.390594E-04   -1.711110E-01 |    1.390594E-04
   9.288486E-03   -2.210627E-02    4.308004E-03   -3.938202E-04    8.803500E-05    1.109535E-01 |    8.803500E-05
   6.038413E-03   -1.620224E-02    3.135466E-03   -2.756631E-04    6.213544E-05    7.928633E-02 |    6.213544E-05
max(min|c_i|) =    2.676470E-04

1    2.083333E+00    4.166667E+00
   3.125695E-01   -6.642476E-02    4.067158E-03    9.654736E-04   -2.090050E-04    2.164047E-05    4.412530E-01 |    2.164047E-05
  -1.711110E-01    5.546887E-02   -3.638117E-03   -8.405497E-04    1.516662E-04   -1.261070E-05   -1.600285E-01 |    1.261070E-05
   1.109535E-01   -3.916601E-02    3.040627E-03    6.387678E-04   -1.099545E-04    8.257070E-06    8.669530E-02 |    8.257070E-06
   7.928633E-02   -2.890621E-02    2.440295E-03    4.889726E-04   -8.300617E-05    5.912127E-06    5.647938E-02 |    5.912127E-06
max(min|c_i|) =    2.164047E-05

2    4.166667E+00    8.333333E+00
   4.412530E-01   -3.416861E-02    2.632878E-02   -4.625678E-03    2.096124E-04    6.105798E-05    2.198001E-01 |    6.105798E-05
  -1.600285E-01   -3.066808E-03   -2.792521E-02    4.508835E-03   -2.297273E-05   -7.830532E-05    2.030720E-01 |    2.297273E-05
   8.669530E-02    2.668409E-02    2.243975E-02   -3.883039E-03   -2.615455E-05    6.894722E-05   -1.501798E-01 |    2.615455E-05
   5.647938E-02    2.830498E-02    1.714957E-02   -3.217260E-03   -3.304405E-05    5.708176E-05   -1.087901E-01 |    3.304405E-05
max(min|c_i|) =    6.105798E-05

3    8.333333E+00    1.250000E+01
   2.198001E-01    3.163946E-02   -1.578274E-03   -5.369396E-04    1.263769E-04   -1.383102E-05    6.158474E-02 |    1.383102E-05
   2.030720E-01   -6.449854E-02    4.869434E-03    8.498549E-04   -1.811460E-04    1.374751E-05    3.174470E-01 |    1.374751E-05
  -1.501798E-01    6.140920E-02   -7.340651E-03   -7.879578E-04    1.823726E-04   -1.143547E-05   -9.523548E-02 |    1.143547E-05
  -1.087901E-01    4.483301E-02   -7.719759E-03   -6.141979E-04    1.641078E-04   -9.426429E-06   -3.124851E-02 |    9.426429E-06
max(min|c_i|) =    1.383102E-05

4    1.250000E+01    1.666667E+01
   6.158474E-02    1.317060E-02   -2.043915E-03    1.531164E-04    2.974827E-07   -1.490180E-06    1.363352E-02 |    2.974827E-07
   3.174470E-01   -1.766619E-02    5.102493E-03   -3.746781E-04   -7.996491E-06    3.600868E-06    2.309485E-01 |    3.600868E-06
  -9.523548E-02   -3.028718E-05   -6.183661E-03    5.447331E-04    1.045360E-05   -4.478623E-06    1.061399E-01 |    4.478623E-06
  -3.124851E-02   -1.426755E-02   -5.380923E-03    6.091719E-04    8.180117E-06   -4.502995E-06    1.143419E-01 |    4.502995E-06
max(min|c_i|) =    4.502995E-06

5    1.666667E+01    2.500000E+01
   1.363352E-02    7.438398E-03   -2.782119E-03    6.622812E-04   -1.082354E-04    1.174028E-05    4.756624E-04 |    1.174028E-05
   2.309485E-01    3.045295E-02    2.752188E-03   -2.015341E-03    3.548794E-04   -2.753997E-05    5.755732E-02 |    2.753997E-05
   1.061399E-01   -8.933926E-02    5.804460E-03    2.746948E-03   -5.799634E-04    3.766043E-05    2.494666E-01 |    3.766043E-05
   1.143419E-01   -9.316928E-02    1.554475E-02    2.428383E-03   -6.968689E-04    4.405197E-05    4.103515E-02 |    4.405197E-05
max(min|c_i|) =    4.405197E-05

6    2.500000E+01    3.333333E+01
   4.756624E-04    2.793483E-04   -1.156313E-04    3.184873E-05   -6.485502E-06    1.030134E-06    1.311202E-05 |    1.030134E-06
   5.755732E-02    1.565257E-02   -2.784579E-03    2.092987E-04    1.116338E-05   -4.887310E-06    9.153459E-03 |    4.887310E-06
   2.494666E-01   -1.285781E-02    7.628924E-03   -9.195531E-04    5.991706E-06    1.030584E-05    1.412860E-01 |    5.991706E-06
   4.103515E-02    2.668626E-02    8.297592E-03   -1.698186E-03    5.096057E-05    1.401058E-05   -1.723481E-01 |    1.401058E-05
max(min|c_i|) =    1.401058E-05

7    3.333333E+01    5.000000E+01
   1.311202E-05    1.172563E-05   -8.401249E-06    4.365192E-06   -1.760984E-06    5.873380E-07    7.469572E-09 |    7.469572E-09
   9.153459E-03    5.984386E-03   -2.724572E-03    8.026953E-04   -1.644317E-04    2.296234E-05    1.281906E-04 |    2.296234E-05
   1.412860E-01    4.284846E-02   -4.678642E-03   -1.410614E-03    6.004448E-04   -1.021545E-04    1.485037E-02 |    1.021545E-04
  -1.723481E-01    8.279942E-02   -2.836240E-02    1.017467E-03    9.864653E-04   -2.217872E-04   -1.370549E-01 |    2.217872E-04
max(min|c_i|) =    2.217872E-04

8    5.000000E+01    6.666667E+01
   7.469572E-09    6.775107E-09   -4.974732E-09    2.671946E-09   -1.121386E-09    3.930492E-10    3.465441E-12 |    3.465441E-12
   1.281906E-04    9.053253E-05   -4.630921E-05    1.610247E-05   -4.190993E-06    8.616087E-07    1.214762E-06 |    8.616087E-07
   1.485037E-02    6.925959E-03   -2.146920E-03    3.954686E-04   -4.291675E-05    1.300653E-06    8.267687E-04 |    1.300653E-06
  -1.370549E-01   -2.234343E-02   -5.310994E-04    1.093540E-03   -2.095831E-04    1.639247E-05   -2.958775E-02 |    1.639247E-05
max(min|c_i|) =    1.639247E-05

9    6.666667E+01    1.000000E+02
   3.465441E-12    3.702210E-12   -3.625946E-12    2.890410E-12   -1.826273E-12    1.093002E-12 |    1.093002E-12
   1.214762E-06    1.179013E-06   -9.702683E-07    6.022854E-07   -2.946630E-07    1.231299E-07 |    1.231299E-07
   8.267687E-04    6.924728E-04   -4.468251E-04    2.003306E-04   -6.804826E-05    1.807396E-05 |    1.807396E-05
  -2.958775E-02   -1.859906E-02    8.092330E-03   -1.887788E-03    2.526945E-04    2.087790E-05 |    2.087790E-05
max(min|c_i|) =    2.087790E-05

----- EIGENVALUES -----
EIGENVALUE n=0 -1.249922653E-01
EIGENVALUE n=1 -5.555291994E-02
EIGENVALUE n=2 -3.124883970E-02
EIGENVALUE n=3 -1.999937326E-02

ALL_EIGENVALUES: | 5 | 59 |  -1.249922653E-01 | -5.555291994E-02 | -3.124883970E-02 | -1.999937326E-02 |

----- ELEMENTS TO SPLIT -----
0
7


========== ADAPTIVE STEP 6 ==========
Number of elements: 12
Degrees of freedom: 71
Domain: [0, 1.000000000E+02]

0    0.000000E+00    1.041667E+00
   3.805775E-02   -1.058575E-02    1.048582E-03   -2.394281E-04    9.709396E-05    1.314989E-01 |    9.709396E-05
   2.162896E-02   -6.615851E-03    5.926931E-04   -1.347763E-04    5.695637E-05    7.660646E-02 |    5.695637E-05
  -1.421391E-02    4.491842E-03   -3.891189E-04    8.815754E-05   -3.786021E-05   -5.079458E-02 |    3.786021E-05
  -1.022080E-02    3.278729E-03   -2.797253E-04    6.323854E-05   -2.737018E-05   -3.667772E-02 |    2.737018E-05
max(min|c_i|) =    9.709396E-05

1    1.041667E+00    2.083333E+00
   1.314989E-01   -9.751017E-03   -2.762516E-03    3.943715E-04   -2.587983E-05    1.120037E-06    3.125700E-01 |    1.120037E-06
   7.660646E-02   -9.454036E-03   -1.909395E-03    2.593057E-04   -1.442382E-05    5.027808E-07    1.711112E-01 |    5.027808E-07
  -5.079458E-02    7.109776E-03    1.322763E-03   -1.805808E-04    9.371075E-06   -2.928133E-07   -1.109537E-01 |    2.928133E-07
  -3.667772E-02    5.410627E-03    9.724865E-04   -1.334996E-04    6.698920E-06   -1.969940E-07   -7.928642E-02 |    1.969940E-07
max(min|c_i|) =    1.120037E-06

2    2.083333E+00    4.166667E+00
   3.125700E-01   -6.642475E-02    4.067175E-03    9.654718E-04   -2.090051E-04    2.164053E-05    4.412530E-01 |    2.164053E-05
   1.711112E-01   -5.546886E-02    3.638134E-03    8.405482E-04   -1.516663E-04    1.261074E-05    1.600283E-01 |    1.261074E-05
  -1.109537E-01    3.916600E-02   -3.040641E-03   -6.387666E-04    1.099546E-04   -8.257103E-06   -8.669510E-02 |    8.257103E-06
  -7.928642E-02    2.890619E-02   -2.440306E-03   -4.889716E-04    8.300625E-05   -5.912152E-06   -5.647923E-02 |    5.912152E-06
max(min|c_i|) =    2.164053E-05

3    4.166667E+00    8.333333E+00
   4.412530E-01   -3.416843E-02    2.632876E-02   -4.625682E-03    2.096140E-04    6.105776E-05    2.197998E-01 |    6.105776E-05
   1.600283E-01    3.067040E-03    2.792519E-02   -4.508842E-03    2.297449E-05    7.830516E-05   -2.030724E-01 |    2.297449E-05
  -8.669510E-02   -2.668429E-02   -2.243972E-02    3.883045E-03    2.615305E-05   -6.894711E-05    1.501800E-01 |    2.615305E-05
  -5.647923E-02   -2.830514E-02   -1.714955E-02    3.217265E-03    3.304282E-05   -5.708168E-05    1.087901E-01 |    3.304282E-05
max(min|c_i|) =    6.105776E-05

4    8.333333E+00    1.250000E+01
   2.197998E-01    3.163947E-02   -1.578285E-03   -5.369376E-04    1.263767E-04   -1.383103E-05    6.158461E-02 |    1.383103E-05
  -2.030724E-01    6.449854E-02   -4.869454E-03   -8.498520E-04    1.811460E-04   -1.374753E-05   -3.174470E-01 |    1.374753E-05
   1.501800E-01   -6.140916E-02    7.340671E-03    7.879547E-04   -1.823726E-04    1.143550E-05    9.523521E-02 |    1.143550E-05
   1.087901E-01   -4.483296E-02    7.719776E-03    6.141950E-04   -1.641078E-04    9.426456E-06    3.124826E-02 |    9.426456E-06
max(min|c_i|) =    1.383103E-05

5    1.250000E+01    1.666667E+01
   6.158461E-02    1.317058E-02   -2.043915E-03    1.531166E-04    2.974301E-07   -1.490175E-06    1.363348E-02 |    2.974301E-07
  -3.174470E-01    1.766613E-02   -5.102491E-03    3.746788E-04    7.996376E-06   -3.600862E-06   -2.309483E-01 |    3.600862E-06
   9.523521E-02    3.036706E-05    6.183656E-03   -5.447341E-04   -1.045346E-05    4.478617E-06   -1.061403E-01 |    4.478617E-06
   3.124826E-02    1.426763E-02    5.380916E-03   -6.091728E-04   -8.179974E-06    4.502991E-06   -1.143421E-01 |    4.502991E-06
max(min|c_i|) =    4.502991E-06

6    1.666667E+01    2.500000E+01
   1.363348E-02    7.438380E-03   -2.782113E-03    6.622803E-04   -1.082353E-04    1.174029E-05    4.756604E-04 |    1.174029E-05
  -2.309483E-01   -3.045300E-02   -2.752165E-03    2.015337E-03   -3.548794E-04    2.754005E-05   -5.755721E-02 |    2.754005E-05
  -1.061403E-01    8.933928E-02   -5.804499E-03   -2.746941E-03    5.799634E-04   -3.766056E-05   -2.494666E-01 |    3.766056E-05
  -1.143421E-01    9.316922E-02   -1.554479E-02   -2.428375E-03    6.968689E-04   -4.405214E-05   -4.103488E-02 |    4.405214E-05
max(min|c_i|) =    4.405214E-05

7    2.500000E+01    3.333333E+01
   4.756604E-04    2.793474E-04   -1.156308E-04    3.184865E-05   -6.485478E-06    1.030132E-06    1.311229E-05 |    1.030132E-06
  -5.755721E-02   -1.565255E-02    2.784579E-03   -2.092992E-04   -1.116326E-05    4.887298E-06   -9.153434E-03 |    4.887298E-06
  -2.494666E-01    1.285774E-02   -7.628917E-03    9.195540E-04   -5.991982E-06   -1.030581E-05   -1.412859E-01 |    5.991982E-06
  -4.103488E-02   -2.668635E-02   -8.297574E-03    1.698187E-03   -5.096098E-05   -1.401055E-05    1.723483E-01 |    1.401055E-05
max(min|c_i|) =    1.401055E-05

8    3.333333E+01    4.166667E+01
   1.311229E-05    7.964591E-06   -3.442200E-06    1.001927E-06   -2.187287E-07    3.799905E-08    3.176884E-07 |    3.799905E-08
  -9.153434E-03   -3.023157E-03    7.086878E-04   -1.009305E-04    9.215080E-06   -4.512372E-07   -1.160481E-03 |    4.512372E-07
  -1.412859E-01   -1.265619E-02   -1.989441E-04    2.814898E-04   -3.700325E-05    2.076938E-06   -5.151404E-02 |    2.076938E-06
   1.723483E-01   -3.486804E-02    3.485492E-03    2.776699E-04   -7.073631E-05    4.627770E-06    2.051350E-01 |    4.627770E-06
max(min|c_i|) =    4.627770E-06

9    4.166667E+01    5.000000E+01
   3.176884E-07    1.967330E-07   -8.709121E-08    2.610404E-08   -5.900299E-09    1.068362E-09    7.093304E-09 |    1.068362E-09
  -1.160481E-03   -4.205496E-04    1.097371E-04   -1.830812E-05    2.173834E-06   -1.908170E-07   -1.281894E-04 |    1.908170E-07
  -5.151404E-02   -7.996841E-03    8.680043E-04   -2.107074E-05   -5.629086E-06    8.268768E-07   -1.485034E-02 |    8.268768E-07
   2.051350E-01   -7.194415E-03    2.784699E-03   -2.222745E-04   -2.597609E-06    1.705009E-06    1.370548E-01 |    1.705009E-06
max(min|c_i|) =    1.705009E-06

10    5.000000E+01    6.666667E+01
   7.093304E-09    6.433823E-09   -4.724140E-09    2.537352E-09   -1.064899E-09    3.732503E-10    3.290867E-12 |    3.290867E-12
  -1.281894E-04   -9.053173E-05    4.630882E-05   -1.610234E-05    4.190961E-06   -8.616023E-07   -1.214749E-06 |    8.616023E-07
  -1.485034E-02   -6.925946E-03    2.146917E-03   -3.954684E-04    4.291678E-05   -1.300667E-06   -8.267660E-04 |    1.300667E-06
   1.370548E-01    2.234344E-02    5.310875E-04   -1.093537E-03    2.095830E-04   -1.639251E-05    2.958770E-02 |    1.639251E-05
max(min|c_i|) =    1.639251E-05

11    6.666667E+01    1.000000E+02
   3.290867E-12    3.515710E-12   -3.443288E-12    2.744804E-12   -1.734274E-12    1.037942E-12 |    1.037942E-12
  -1.214749E-06   -1.179000E-06    9.702584E-07   -6.022793E-07    2.946601E-07   -1.231287E-07 |    1.231287E-07
  -8.267660E-04   -6.924706E-04    4.468238E-04   -2.003301E-04    6.804810E-05   -1.807393E-05 |    1.807393E-05
   2.958770E-02    1.859904E-02   -8.092321E-03    1.887787E-03   -2.526949E-04   -2.087769E-05 |    2.087769E-05
max(min|c_i|) =    2.087769E-05

----- EIGENVALUES -----
EIGENVALUE n=0 -1.249923359E-01
EIGENVALUE n=1 -5.555294428E-02
EIGENVALUE n=2 -3.124885048E-02
EIGENVALUE n=3 -1.999937891E-02

ALL_EIGENVALUES: | 6 | 71 |  -1.249923359E-01 | -5.555294428E-02 | -3.124885048E-02 | -1.999937891E-02 |

DATETIME: 04 Sep 2026 10:52:07

=== END OF LOG FILE ===
