===============================================================================
 EEEEE I   GGG  EEEEE N   N RRRR   AAA  DDDD         Zbigniew Romanowski       
 E     I  G     E     NN  N R   R A   A D   D                                  
 EEE   I  G  GG EEE   N N N RRRR  AAAAA D   D        romz@wp.pl                
 E     I  G   G E     N  NN R  R  A   A D   D                                  
 EEEEE I   GGG  EEEEE N   N R   R A   A DDDD         https://github.com/romz-pl
===============================================================================


DATETIME: 02 Sep 2026 22:50:09

-------
Number of elements: 3
Number of degrees of freedom: 17

0    0.000000e+00    4.666667e+01
   2.316390e-01   -4.071894e-01    1.636415e-01    1.799163e-01   -3.489573e-01   -2.224693e-03 
  -1.606533e-01   -2.683158e-01    4.052049e-01    4.718775e-02   -3.532492e-01    2.991457e-02 
   1.113767e-01   -6.280023e-02   -3.895475e-01    6.870705e-02    2.960031e-01    1.910494e-01 
   8.660052e-02    1.669145e-01    2.717386e-01   -1.175547e-01   -2.359781e-01    2.146965e-02 

1    4.666667e+01    9.333333e+01
  -2.224693e-03   -2.285209e-03    2.073509e-03   -1.476633e-03    8.274341e-04   -4.114966e-04   -1.884425e-06 
   2.991457e-02    2.638924e-02   -1.805828e-02    8.429658e-03   -2.746584e-03    5.655013e-04    9.067580e-06 
   1.910494e-01    9.821253e-02   -9.884826e-03   -1.858513e-02    1.173037e-02   -3.354851e-03    2.171873e-03 
   2.146965e-02   -2.149984e-01    1.320600e-01   -4.385571e-03   -2.085102e-02    8.518052e-03    4.546465e-02 

2    9.333333e+01    1.400000e+02
  -1.884425e-06   -1.971399e-06    1.858317e-06   -1.397281e-06    8.350295e-07   -4.572535e-07 
   9.067580e-06    8.676143e-06   -6.957465e-06    4.164804e-06   -1.953926e-06    7.728101e-07 
   2.171873e-03    1.799685e-03   -1.136516e-03    4.914367e-04   -1.580791e-04    3.835646e-05 
   4.546465e-02    2.783889e-02   -1.125308e-02    2.060656e-03   -4.186079e-05   -1.283411e-04 
-------
Number of elements: 4
Number of degrees of freedom: 23

0    0.000000e+00    2.333333e+01
   3.795247e-01   -1.422752e-01   -2.010837e-01    1.858859e-01   -2.936189e-02   -4.907619e-02 
   2.075054e-01   -3.337004e-01   -1.282264e-01    2.071430e-01   -3.849386e-02    2.470783e-01 
   1.443195e-02    3.293580e-01    4.533179e-02   -1.875206e-01    4.133839e-02   -3.110196e-02 
   5.943624e-02    2.618750e-01    2.239336e-05   -1.587973e-01    4.006123e-02    2.776091e-02 

1    2.333333e+01    4.666667e+01
  -4.907619e-02   -3.712768e-02    1.986105e-02   -6.661075e-03    1.358580e-03   -7.862206e-05   -1.679213e-04 
   2.470783e-01    5.576729e-02    2.632393e-02   -2.137757e-02    5.889355e-03   -5.297566e-04    1.840459e-02 
  -3.110196e-02   -2.309580e-01    3.293923e-02    2.799312e-02   -1.180609e-02    1.374915e-03    1.512359e-01 
   2.776091e-02   -2.174386e-01    1.074891e-01    1.854512e-02   -1.591121e-02    2.364146e-03   -1.191598e-01 

2    4.666667e+01    9.333333e+01
  -1.679213e-04   -1.734844e-04    1.590239e-04   -1.150574e-04    6.552965e-05   -3.340033e-05   -1.655660e-07 
   1.840459e-02    1.672258e-02   -1.209826e-02    6.154180e-03   -2.284800e-03    6.122231e-04    3.581740e-06 
   1.512359e-01    9.674814e-02   -3.169477e-02   -2.219470e-03    6.390139e-03   -2.916468e-03    8.013260e-04 
  -1.191598e-01    1.008516e-01   -1.250431e-01    4.093201e-02    2.161867e-03   -5.736717e-03   -2.229523e-02 

3    9.333333e+01    1.400000e+02
  -1.655660e-07   -1.739184e-07    1.651753e-07   -1.255986e-07    7.588580e-08   -4.225441e-08 
   3.581740e-06    3.477402e-06   -2.861617e-06    1.774463e-06   -8.656639e-07    3.596573e-07 
   8.013260e-04    6.905730e-04   -4.641052e-04    2.187989e-04   -7.806474e-05    2.185718e-05 
  -2.229523e-02   -1.537555e-02    7.390896e-03   -2.053505e-03    3.436755e-04    2.647094e-07 
-------
Number of elements: 6
Number of degrees of freedom: 35

0    0.000000e+00    1.166667e+01
   1.416397e-01    1.581366e-01   -8.458796e-02   -9.556563e-03    2.315439e-02   -2.931393e-01 
   2.184473e-01    1.167451e-01   -8.923936e-02   -7.413748e-03    2.093645e-02   -1.695609e-02 
   1.812080e-01    7.532803e-02   -7.867543e-02   -4.964055e-03    1.736709e-02    3.029379e-02 
  -1.448639e-01   -5.174516e-02    6.632357e-02    3.350544e-03   -1.430205e-02   -3.739265e-02 

1    1.166667e+01    2.333333e+01
  -2.931393e-01   -4.384483e-02   -1.590693e-02    9.170087e-03   -1.773441e-03    8.604313e-05   -4.804070e-02 
  -1.695609e-02   -1.604260e-01   -2.002312e-03    1.447899e-02   -3.029509e-03    8.292758e-05    2.455563e-01 
   3.029379e-02   -1.859589e-01    2.215602e-02    1.484453e-02   -3.724185e-03    9.326159e-05    2.395165e-02 
  -3.739265e-02    1.466208e-01   -3.553593e-02   -1.257912e-02    3.885627e-03   -1.114955e-04    3.461592e-02 

2    2.333333e+01    3.500000e+01
  -4.804070e-02   -2.030618e-02    5.483568e-03   -7.726864e-04    2.765655e-05    1.251813e-05   -3.320715e-03 
   2.455563e-01   -2.368916e-03    1.331866e-02   -2.969002e-03    1.954935e-04    2.884170e-05    9.109625e-02 
   2.395165e-02    6.988826e-02    1.019860e-02   -5.121318e-03    4.751291e-04    3.682579e-05   -2.092930e-01 
   3.461592e-02   -1.044948e-01    1.387343e-03    5.847260e-03   -7.412327e-04   -3.261112e-05    8.636723e-02 

3    3.500000e+01    4.666667e+01
  -3.320715e-03   -1.658121e-03    5.710310e-04   -1.258231e-04    1.947452e-05   -2.148219e-06   -1.610329e-04 
   9.109625e-02    1.981415e-02   -2.248145e-03   -1.192291e-04    6.924095e-05   -9.927704e-06    1.762339e-02 
  -2.092930e-01    3.103013e-02   -9.611221e-03    5.954348e-04    1.012785e-04   -2.176035e-05   -1.480378e-01 
   8.636723e-02    7.659452e-03    1.343729e-02   -1.807316e-03   -6.807707e-05    3.226629e-05   -1.248424e-01 

4    4.666667e+01    9.333333e+01
  -1.610329e-04   -1.664603e-04    1.527348e-04   -1.106769e-04    6.313300e-05   -3.225539e-05   -1.611312e-07 
   1.762339e-02    1.604932e-02   -1.166090e-02    5.970189e-03   -2.237089e-03    6.093013e-04    3.329752e-06 
  -1.480378e-01   -9.584828e-02    3.258157e-02    1.262500e-03   -5.987060e-03    2.841123e-03   -7.411285e-04 
  -1.248424e-01    9.254716e-02   -1.224072e-01    4.223839e-02    9.930725e-04   -5.415717e-03   -2.112360e-02 

5    9.333333e+01    1.400000e+02
  -1.611312e-07   -1.693274e-07    1.609323e-07   -1.225065e-07    7.409622e-08   -4.132550e-08 
   3.329752e-06    3.236549e-06   -2.669002e-06    1.659780e-06   -8.122800e-07    3.388343e-07 
  -7.411285e-04   -6.404162e-04    4.322696e-04   -2.050051e-04    7.365824e-05   -2.081547e-05 
  -2.112360e-02   -1.466814e-02    7.121332e-03   -2.017115e-03    3.504232e-04   -5.471037e-06 
-------
Number of elements: 7
Number of degrees of freedom: 41

0    0.000000e+00    5.833333e+00
  -6.887977e-02    4.829480e-02    6.475493e-03   -7.170695e-03    2.112916e-03   -2.560368e-01 
   3.055282e-02   -4.535603e-02   -4.823521e-03    6.135507e-03   -1.663526e-03    1.658090e-01 
   1.615306e-02   -3.704625e-02   -3.443617e-03    4.932943e-03   -1.286752e-03    1.164559e-01 
  -9.780838e-03    3.005310e-02    2.569460e-03   -3.987879e-03    1.019351e-03   -8.736844e-02 

1    5.833333e+00    1.166667e+01
  -2.560368e-01    8.472323e-02   -1.128503e-02   -1.863250e-03    6.319308e-04   -6.610261e-05   -2.930435e-01 
   1.658090e-01   -8.258548e-02    1.769908e-02    1.875926e-03   -7.210010e-04    6.250220e-05    1.667993e-02 
   1.164559e-01   -5.655663e-02    1.859976e-02    1.434798e-03   -6.765045e-04    5.417103e-05   -3.053841e-02 
  -8.736844e-02    3.994762e-02   -1.686188e-02   -1.043812e-03    5.962400e-04   -4.633769e-05    3.758975e-02 

2    1.166667e+01    2.333333e+01
  -2.930435e-01   -4.390894e-02   -1.586899e-02    9.163458e-03   -1.773860e-03    8.644750e-05   -4.798439e-02 
   1.667993e-02    1.605043e-01    1.909291e-03   -1.446382e-02    3.031573e-03   -8.397868e-05   -2.455034e-01 
  -3.053841e-02    1.859423e-01   -2.227970e-02   -1.482032e-02    3.727110e-03   -9.472313e-05   -2.369153e-02 
   3.758975e-02   -1.465140e-01    3.565798e-02    1.254898e-02   -3.888535e-03    1.131225e-04   -3.484467e-02 

3    2.333333e+01    3.500000e+01
  -4.798439e-02   -2.028822e-02    5.480783e-03   -7.728702e-04    2.781358e-05    1.248588e-05   -3.314746e-03 
  -2.455034e-01    2.293835e-03   -1.330049e-02    2.968985e-03   -1.961142e-04   -2.872728e-05   -9.099338e-02 
  -2.369153e-02   -6.998398e-02   -1.015501e-02    5.119274e-03   -4.762435e-04   -3.661462e-05    2.093490e-01 
  -3.484467e-02    1.045321e-01   -1.448396e-03   -5.841760e-03    7.425903e-04    3.232061e-05   -8.619489e-02 

4    3.500000e+01    4.666667e+01
  -3.314746e-03   -1.655448e-03    5.702261e-04   -1.256769e-04    1.945810e-05   -2.147421e-06   -1.606530e-04 
  -9.099338e-02   -1.980622e-02    2.250733e-03    1.183040e-04   -6.912191e-05    9.922970e-06   -1.759204e-02 
   2.093490e-01   -3.096878e-02    9.609944e-03   -5.975501e-04   -1.009322e-04    2.174595e-05    1.479265e-01 
  -8.619489e-02   -7.771407e-03   -1.342279e-02    1.809898e-03    6.745003e-05   -3.223510e-05    1.250315e-01 

5    4.666667e+01    9.333333e+01
  -1.606530e-04   -1.660729e-04    1.523878e-04   -1.104350e-04    6.300059e-05   -3.219208e-05   -1.608854e-07 
  -1.759204e-02   -1.602230e-02    1.164335e-02   -5.962816e-03    2.235187e-03   -6.091939e-04   -3.319803e-06 
   1.479265e-01    9.581722e-02   -3.261305e-02   -1.228613e-03    5.972727e-03   -2.838411e-03    7.390511e-04 
   1.250315e-01   -9.227226e-02    1.223179e-01   -4.228012e-02   -9.546301e-04    5.404946e-03    2.108572e-02 

6    9.333333e+01    1.400000e+02
  -1.608854e-07   -1.690729e-07    1.606970e-07   -1.223350e-07    7.399694e-08   -4.127396e-08 
  -3.319803e-06   -3.227037e-06    2.661393e-06   -1.655247e-06    8.101696e-07   -3.380109e-07 
   7.390511e-04    6.386830e-04   -4.311673e-04    2.045261e-04   -7.350470e-05    2.077900e-05 
   2.108572e-02    1.464517e-02   -7.112519e-03    2.015890e-03   -3.506305e-04    5.655910e-06 
-------
Number of elements: 8
Number of degrees of freedom: 47

0    0.000000e+00    2.916667e+00
  -3.985012e-02    5.171079e-04    3.067124e-03   -6.567211e-04    7.626425e-05   -8.461435e-02 
  -2.914167e-02    1.208690e-03    2.518874e-03   -5.222907e-04    5.499819e-05   -6.329748e-02 
  -2.172616e-02    1.203640e-03    1.976650e-03   -4.058606e-04    4.060357e-05   -4.771024e-02 
   1.685384e-02   -1.064696e-03   -1.575745e-03    3.222179e-04   -3.130101e-05    3.723622e-02 

1    2.916667e+00    5.833333e+00
  -8.461435e-02    8.414396e-03    5.734042e-03   -6.486606e-04   -1.407769e-05    8.499118e-06   -2.560373e-01 
  -6.329748e-02    1.606750e-02    5.119799e-03   -6.367345e-04   -1.769984e-05    8.013636e-06   -1.658092e-01 
  -4.771024e-02    1.518621e-02    4.019038e-03   -5.518146e-04   -1.596296e-05    6.764343e-06   -1.164560e-01 
   3.723622e-02   -1.308886e-02   -3.178979e-03    4.645985e-04    1.350115e-05   -5.623665e-06    8.736849e-02 

2    5.833333e+00    1.166667e+01
  -2.560373e-01    8.472312e-02   -1.128506e-02   -1.863242e-03    6.319309e-04   -6.610290e-05   -2.930433e-01 
  -1.658092e-01    8.258532e-02   -1.769913e-02   -1.875914e-03    7.210012e-04   -6.250252e-05   -1.667941e-02 
  -1.164560e-01    5.655645e-02   -1.859980e-02   -1.434786e-03    6.765046e-04   -5.417133e-05    3.053880e-02 
   8.736849e-02   -3.994745e-02    1.686191e-02    1.043801e-03   -5.962400e-04    4.633794e-05   -3.759003e-02 

3    1.166667e+01    2.333333e+01
  -2.930433e-01   -4.390911e-02   -1.586889e-02    9.163442e-03   -1.773862e-03    8.644856e-05   -4.798425e-02 
  -1.667941e-02   -1.605044e-01   -1.909114e-03    1.446379e-02   -3.031577e-03    8.398069e-05    2.455033e-01 
   3.053880e-02   -1.859423e-01    2.227990e-02    1.482028e-02   -3.727115e-03    9.472548e-05    2.369111e-02 
  -3.759003e-02    1.465139e-01   -3.565816e-02   -1.254894e-02    3.888539e-03   -1.131249e-04    3.484501e-02 

4    2.333333e+01    3.500000e+01
  -4.798425e-02   -2.028817e-02    5.480776e-03   -7.728708e-04    2.781399e-05    1.248580e-05   -3.314731e-03 
   2.455033e-01   -2.293693e-03    1.330046e-02   -2.968986e-03    1.961154e-04    2.872706e-05    9.099320e-02 
   2.369111e-02    6.998414e-02    1.015494e-02   -5.119271e-03    4.762453e-04    3.661428e-05   -2.093491e-01 
   3.484501e-02   -1.045321e-01    1.448485e-03    5.841752e-03   -7.425922e-04   -3.232020e-05    8.619465e-02 

5    3.500000e+01    4.666667e+01
  -3.314731e-03   -1.655441e-03    5.702241e-04   -1.256766e-04    1.945806e-05   -2.147420e-06   -1.606521e-04 
   9.099320e-02    1.980621e-02   -2.250738e-03   -1.183023e-04    6.912169e-05   -9.922962e-06    1.759198e-02 
  -2.093491e-01    3.096868e-02   -9.609943e-03    5.975535e-04    1.009316e-04   -2.174593e-05   -1.479263e-01 
   8.619465e-02    7.771569e-03    1.342276e-02   -1.809902e-03   -6.744913e-05    3.223505e-05   -1.250317e-01 

6    4.666667e+01    9.333333e+01
  -1.606521e-04   -1.660720e-04    1.523869e-04   -1.104344e-04    6.300026e-05   -3.219192e-05   -1.608848e-07 
   1.759198e-02    1.602225e-02   -1.164332e-02    5.962802e-03   -2.235184e-03    6.091938e-04    3.319785e-06 
  -1.479263e-01   -9.581718e-02    3.261310e-02    1.228559e-03   -5.972705e-03    2.838407e-03   -7.390478e-04 
  -1.250317e-01    9.227186e-02   -1.223178e-01    4.228018e-02    9.545746e-04   -5.404930e-03   -2.108567e-02 

7    9.333333e+01    1.400000e+02
  -1.608848e-07   -1.690723e-07    1.606965e-07   -1.223346e-07    7.399670e-08   -4.127383e-08 
   3.319785e-06    3.227020e-06   -2.661379e-06    1.655239e-06   -8.101657e-07    3.380094e-07 
  -7.390478e-04   -6.386802e-04    4.311655e-04   -2.045254e-04    7.350446e-05   -2.077894e-05 
  -2.108567e-02   -1.464514e-02    7.112507e-03   -2.015889e-03    3.506308e-04   -5.656177e-06 
-------
Number of elements: 10
Number of degrees of freedom: 59

0    0.000000e+00    2.916667e+00
   3.985012e-02   -5.171079e-04   -3.067124e-03    6.567210e-04   -7.626425e-05    8.461434e-02 
  -2.914167e-02    1.208690e-03    2.518874e-03   -5.222906e-04    5.499818e-05   -6.329747e-02 
  -2.172618e-02    1.203640e-03    1.976652e-03   -4.058609e-04    4.060360e-05   -4.771028e-02 
  -1.685381e-02    1.064693e-03    1.575742e-03   -3.222173e-04    3.130097e-05   -3.723616e-02 

1    2.916667e+00    5.833333e+00
   8.461434e-02   -8.414396e-03   -5.734042e-03    6.486606e-04    1.407769e-05   -8.499118e-06    2.560373e-01 
  -6.329747e-02    1.606750e-02    5.119799e-03   -6.367345e-04   -1.769984e-05    8.013636e-06   -1.658092e-01 
  -4.771028e-02    1.518622e-02    4.019041e-03   -5.518150e-04   -1.596297e-05    6.764348e-06   -1.164561e-01 
  -3.723616e-02    1.308882e-02    3.178974e-03   -4.645973e-04   -1.350112e-05    5.623650e-06   -8.736839e-02 

2    5.833333e+00    1.166667e+01
   2.560373e-01   -8.472312e-02    1.128506e-02    1.863242e-03   -6.319309e-04    6.610290e-05    2.930433e-01 
  -1.658092e-01    8.258531e-02   -1.769913e-02   -1.875914e-03    7.210011e-04   -6.250251e-05   -1.667941e-02 
  -1.164561e-01    5.655650e-02   -1.859981e-02   -1.434787e-03    6.765050e-04   -5.417136e-05    3.053879e-02 
  -8.736839e-02    3.994745e-02   -1.686185e-02   -1.043801e-03    5.962381e-04   -4.633780e-05    3.758980e-02 

3    1.166667e+01    1.750000e+01
   2.930433e-01    8.810077e-04    6.134026e-03   -1.037664e-03    5.140260e-05    5.783112e-06    1.414960e-01 
  -1.667941e-02   -3.540807e-02   -6.883439e-03    1.670154e-03   -7.694720e-05   -1.021740e-05    2.160689e-01 
   3.053879e-02   -5.345411e-02   -4.287830e-03    1.865096e-03   -9.499301e-05   -1.155315e-05    1.444313e-01 
   3.758980e-02   -5.074490e-02   -1.845992e-03    1.770201e-03   -1.025995e-04   -1.113606e-05    9.401011e-02 

4    1.750000e+01    2.333333e+01
   1.414960e-01    1.585839e-02   -6.654802e-04   -1.797094e-04    3.322536e-05   -2.625409e-06    4.798425e-02 
   2.160689e-01   -3.659315e-02    3.836585e-03    2.081641e-04   -6.326278e-05    4.581229e-06    2.455033e-01 
   1.444313e-01   -3.106603e-02    6.698659e-03    6.673348e-05   -7.871043e-05    5.810199e-06    2.369125e-02 
   9.401011e-02   -1.536841e-02    7.464903e-03   -1.071941e-04   -8.005249e-05    6.352775e-06   -3.484440e-02 

5    2.333333e+01    3.500000e+01
   4.798425e-02    2.028818e-02   -5.480775e-03    7.728711e-04   -2.781392e-05   -1.248579e-05    3.314740e-03 
   2.455033e-01   -2.293685e-03    1.330046e-02   -2.968986e-03    1.961155e-04    2.872706e-05    9.099322e-02 
   2.369125e-02    6.998407e-02    1.015495e-02   -5.119272e-03    4.762453e-04    3.661428e-05   -2.093494e-01 
  -3.484440e-02    1.045316e-01   -1.448276e-03   -5.841719e-03    7.425846e-04    3.232012e-05   -8.619583e-02 

6    3.500000e+01    4.666667e+01
   3.314740e-03    1.655528e-03   -5.701913e-04    1.256851e-04   -1.945636e-05    2.147693e-06    1.608200e-04 
   9.099322e-02    1.980623e-02   -2.250732e-03   -1.183011e-04    6.912183e-05   -9.922946e-06    1.759208e-02 
  -2.093494e-01    3.096864e-02   -9.609951e-03    5.975513e-04    1.009315e-04   -2.174593e-05   -1.479274e-01 
  -8.619583e-02   -7.770555e-03   -1.342268e-02    1.809872e-03    6.744986e-05   -3.223472e-05    1.250302e-01 

7    4.666667e+01    7.000000e+01
   1.608200e-04    1.355729e-04   -8.830788e-05    4.062078e-05   -1.425239e-05    4.028373e-06    2.288182e-07 
   1.759208e-02    1.100298e-02   -4.652700e-03    1.213026e-03   -1.977930e-04    1.418157e-05    2.908850e-04 
  -1.479274e-01   -4.051344e-02    9.241576e-04    2.952528e-03   -8.959908e-04    1.171273e-04   -1.578123e-02 
   1.250302e-01   -9.536285e-02    3.032361e-02    4.060770e-04   -1.639695e-03    3.184393e-04    1.188967e-01 

8    7.000000e+01    9.333333e+01
   2.288182e-07    1.984478e-07   -1.355628e-07    6.648836e-08   -2.524124e-08    7.884858e-09    2.303095e-10 
   2.908850e-04    2.036980e-04   -1.026252e-04    3.486700e-05   -8.777653e-06    1.720014e-06    2.830928e-06 
  -1.578123e-02   -7.704873e-03    2.464111e-03   -4.580902e-04    4.637788e-05    1.374969e-07   -7.400819e-04 
   1.188967e-01    2.309989e-02    2.029971e-04   -1.240358e-03    2.685908e-04   -2.333210e-05    2.108367e-02 

9    9.333333e+01    1.400000e+02
   2.303095e-10    2.420300e-10   -2.300399e-10    1.751241e-10   -1.059276e-10    5.908424e-11 
   2.830928e-06    2.751823e-06   -2.269476e-06    1.411496e-06   -6.908643e-07    2.882356e-07 
  -7.400819e-04   -6.395740e-04    4.317691e-04   -2.048118e-04    7.360743e-05   -2.080807e-05 
   2.108367e-02    1.464384e-02   -7.111932e-03    2.015758e-03   -3.506187e-04    5.660573e-06 
-------
Number of elements: 13
Number of degrees of freedom: 77

0    0.000000e+00    1.458333e+00
   9.418406e-03    1.351631e-03   -3.863178e-04    3.401860e-05   -1.801594e-06    1.719766e-02 
   7.215053e-03    1.004368e-03   -3.098368e-04    2.590639e-05   -1.238670e-06    1.322199e-02 
  -5.499004e-03   -7.544252e-04    2.410764e-04   -1.970211e-05    8.914360e-07   -1.009420e-02 
   4.317834e-03    5.876372e-04   -1.914040e-04    1.545442e-05   -6.769394e-07    7.933265e-03 

1    1.458333e+00    2.916667e+00
   1.719766e-02    8.776308e-03   -9.333253e-04   -5.770737e-05    1.081379e-05   -6.998658e-07    8.461434e-02 
   1.322199e-02    5.932158e-03   -8.705575e-04   -4.893764e-05    9.148907e-06   -5.397010e-07    6.329747e-02 
  -1.009420e-02   -4.246051e-03    7.163634e-04    3.849945e-05   -7.320111e-06    4.125381e-07   -4.771028e-02 
   7.933265e-03    3.217438e-03   -5.846197e-04   -3.064626e-05    5.904244e-06   -3.244812e-07    3.723616e-02 

2    2.916667e+00    5.833333e+00
   8.461434e-02   -8.414396e-03   -5.734042e-03    6.486606e-04    1.407769e-05   -8.499118e-06    2.560373e-01 
   6.329747e-02   -1.606750e-02   -5.119799e-03    6.367345e-04    1.769984e-05   -8.013636e-06    1.658092e-01 
  -4.771028e-02    1.518622e-02    4.019041e-03   -5.518150e-04   -1.596297e-05    6.764348e-06   -1.164561e-01 
   3.723616e-02   -1.308882e-02   -3.178974e-03    4.645973e-04    1.350112e-05   -5.623650e-06    8.736839e-02 

3    5.833333e+00    8.750000e+00
   2.560373e-01   -2.619084e-02    4.490738e-04    3.005815e-04   -2.982864e-05    7.987107e-07    3.268483e-01 
   1.658092e-01   -2.876709e-02    1.208776e-03    3.213370e-04   -3.124808e-05    5.017741e-07    1.422467e-01 
  -1.164561e-01    2.281599e-02   -1.503951e-03   -2.790735e-04    2.833787e-05   -3.289868e-07   -7.791980e-02 
   8.736839e-02   -1.792421e-02    1.465830e-03    2.314720e-04   -2.463018e-05    2.363901e-07    4.958923e-02 

4    8.750000e+00    1.166667e+01
   3.268483e-01   -1.512737e-02    1.842496e-03   -1.322506e-05   -9.915143e-06    8.296864e-07    2.930433e-01 
   1.422467e-01   -1.147371e-02    2.610779e-03   -3.534429e-05   -1.257931e-05    9.341154e-07    1.667941e-02 
  -7.791980e-02    4.660082e-03   -2.577790e-03    5.508065e-05    1.220884e-05   -8.827413e-07    3.053879e-02 
   4.958923e-02   -1.468453e-03    2.248686e-03   -6.280642e-05   -1.084981e-05    7.899844e-07   -3.758980e-02 

5    1.166667e+01    1.750000e+01
   2.930433e-01    8.810077e-04    6.134026e-03   -1.037664e-03    5.140260e-05    5.783112e-06    1.414960e-01 
   1.667941e-02    3.540807e-02    6.883439e-03   -1.670154e-03    7.694720e-05    1.021740e-05   -2.160689e-01 
   3.053879e-02   -5.345411e-02   -4.287830e-03    1.865096e-03   -9.499301e-05   -1.155315e-05    1.444313e-01 
  -3.758980e-02    5.074490e-02    1.845992e-03   -1.770201e-03    1.025995e-04    1.113606e-05   -9.401011e-02 

6    1.750000e+01    2.333333e+01
   1.414960e-01    1.585839e-02   -6.654802e-04   -1.797094e-04    3.322536e-05   -2.625409e-06    4.798425e-02 
  -2.160689e-01    3.659315e-02   -3.836585e-03   -2.081641e-04    6.326278e-05   -4.581229e-06   -2.455033e-01 
   1.444313e-01   -3.106603e-02    6.698659e-03    6.673348e-05   -7.871043e-05    5.810199e-06    2.369125e-02 
  -9.401011e-02    1.536841e-02   -7.464903e-03    1.071941e-04    8.005249e-05   -6.352775e-06    3.484440e-02 

7    2.333333e+01    3.500000e+01
   4.798425e-02    2.028818e-02   -5.480775e-03    7.728711e-04   -2.781392e-05   -1.248579e-05    3.314740e-03 
  -2.455033e-01    2.293685e-03   -1.330046e-02    2.968986e-03   -1.961155e-04   -2.872706e-05   -9.099322e-02 
   2.369125e-02    6.998407e-02    1.015495e-02   -5.119272e-03    4.762453e-04    3.661428e-05   -2.093494e-01 
   3.484440e-02   -1.045316e-01    1.448276e-03    5.841719e-03   -7.425846e-04   -3.232012e-05    8.619583e-02 

8    3.500000e+01    4.666667e+01
   3.314740e-03    1.655529e-03   -5.701911e-04    1.256851e-04   -1.945635e-05    2.147695e-06    1.608210e-04 
  -9.099322e-02   -1.980623e-02    2.250732e-03    1.183011e-04   -6.912183e-05    9.922946e-06   -1.759208e-02 
  -2.093494e-01    3.096864e-02   -9.609951e-03    5.975513e-04    1.009315e-04   -2.174593e-05   -1.479274e-01 
   8.619583e-02    7.770555e-03    1.342268e-02   -1.809872e-03   -6.744986e-05    3.223472e-05   -1.250302e-01 

9    4.666667e+01    5.833333e+01
   1.608210e-04    8.607552e-05   -3.233406e-05    8.018051e-06   -1.463227e-06    2.075610e-07    6.429096e-06 
  -1.759208e-02   -5.326468e-03    1.115194e-03   -1.300637e-04    7.198091e-06    3.175790e-07   -2.485058e-03 
  -1.479274e-01   -9.848422e-03   -1.365517e-03    4.554446e-04   -4.547724e-05    1.054310e-06   -5.637196e-02 
  -1.250302e-01    3.863925e-02   -2.918409e-03   -5.679866e-04    1.040896e-04   -4.885539e-06   -1.804089e-01 

10    5.833333e+01    7.000000e+01
   6.429096e-06    3.573949e-06   -1.404777e-06    3.686450e-07   -7.215622e-08    1.118176e-08    2.273865e-07 
  -2.485058e-03   -8.645389e-04    2.146167e-04   -3.328872e-05    3.532984e-06   -2.546667e-07   -2.908857e-04 
  -5.637196e-02   -8.759739e-03    8.456966e-04    1.017809e-05   -1.099416e-05    1.280129e-06   -1.578123e-02 
  -1.804089e-01    8.925077e-03   -3.293570e-03    2.548566e-04    8.322440e-06   -2.824041e-06   -1.188967e-01 

11    7.000000e+01    9.333333e+01
   2.273865e-07    1.972061e-07   -1.347146e-07    6.607234e-08   -2.508330e-08    7.835522e-09    2.288684e-10 
  -2.908857e-04   -2.036985e-04    1.026255e-04   -3.486708e-05    8.777675e-06   -1.720019e-06   -2.830935e-06 
  -1.578123e-02   -7.704873e-03    2.464111e-03   -4.580902e-04    4.637788e-05    1.374969e-07   -7.400819e-04 
  -1.188967e-01   -2.309989e-02   -2.029970e-04    1.240358e-03   -2.685908e-04    2.333210e-05   -2.108367e-02 

12    9.333333e+01    1.400000e+02
   2.288684e-10    2.405156e-10   -2.286005e-10    1.740284e-10   -1.052648e-10    5.871455e-11 
  -2.830935e-06   -2.751830e-06    2.269482e-06   -1.411499e-06    6.908660e-07   -2.882364e-07 
  -7.400819e-04   -6.395740e-04    4.317691e-04   -2.048118e-04    7.360743e-05   -2.080807e-05 
  -2.108367e-02   -1.464384e-02    7.111932e-03   -2.015758e-03    3.506187e-04   -5.660574e-06 
DATETIME: 02 Sep 2026 22:50:09

=== END OF LOG FILE ===
