===============================================================================
 EEEEE I   GGG  EEEEE N   N RRRR   AAA  DDDD         Zbigniew Romanowski       
 E     I  G     E     NN  N R   R A   A D   D                                  
 EEE   I  G  GG EEE   N N N RRRR  AAAAA D   D        romz@wp.pl                
 E     I  G   G E     N  NN R  R  A   A D   D                                  
 EEEEE I   GGG  EEEEE N   N R   R A   A DDDD         https://github.com/romz-pl
===============================================================================



DATETIME: 06 Sep 2026 21:02:42



========== ADAPTIVE STEP 0 ==========
Number of elements: 3
Degrees of freedom: 17
Domain: [0, 1.000000000E+02]

0    0.000000E+00    3.333333E+01
  -2.642309E-01    5.610040E-01   -4.253271E-01    5.749206E-02    3.035433E-01    3.124769E-03 |    3.124769E-03
   2.126197E-01    2.552096E-01   -5.470836E-01    1.626402E-01    2.663956E-01   -3.313273E-02 |    3.313273E-02
   1.293671E-01   -9.390397E-02   -4.392180E-01    2.102337E-01    2.058392E-01    2.225141E-01 |    9.390397E-02
   7.476538E-02    1.793003E-01    2.946853E-01   -2.077482E-01   -1.562305E-01    1.266949E-03 |    1.266949E-03
max(min|c_i|) =    9.390397E-02

1    3.333333E+01    6.666667E+01
   3.124769E-03    3.230323E-03   -2.965801E-03    2.152404E-03   -1.232103E-03    6.340259E-04    3.059608E-06 |    3.059608E-06
  -3.313273E-02   -2.847970E-02    1.870103E-02   -8.307742E-03    2.569120E-03   -5.034345E-04   -1.922017E-05 |    1.922017E-05
   2.225141E-01    9.516005E-02    1.895513E-03   -2.205369E-02    1.067028E-02   -2.399901E-03    5.134001E-03 |    1.895513E-03
   1.266949E-03   -2.493875E-01    1.016994E-01    1.529497E-02   -2.031269E-02    5.515747E-03    8.263992E-02 |    1.266949E-03
max(min|c_i|) =    1.895513E-03

2    6.666667E+01    1.000000E+02
   3.059608E-06    3.203149E-06   -3.023733E-06    2.278772E-06   -1.365531E-06    7.512845E-07 |    7.512845E-07
  -1.922017E-05   -1.786788E-05    1.364254E-05   -7.657580E-06    3.352551E-06   -1.221434E-06 |    1.221434E-06
   5.134001E-03    3.911126E-03   -2.197506E-03    8.097235E-04   -2.184025E-04    4.121108E-05 |    4.121108E-05
   8.263992E-02    3.920573E-02   -1.165013E-02    2.516189E-04    4.908294E-04   -2.118307E-04 |    2.118307E-04
max(min|c_i|) =    2.118307E-04

----- EIGENVALUES -----
EIGENVALUE n=0 -9.959005583E-02
EIGENVALUE n=1 -4.460467533E-02
EIGENVALUE n=2 -2.552613492E-02
EIGENVALUE n=3 -1.665444664E-02

ALL_EIGENVALUES: | 0 | 17 |  -9.959005583E-02 | -4.460467533E-02 | -2.552613492E-02 | -1.665444664E-02 |

----- ELEMENTS TO SPLIT -----
0


========== ADAPTIVE STEP 1 ==========
Number of elements: 4
Degrees of freedom: 23
Domain: [0, 1.000000000E+02]

0    0.000000E+00    1.666667E+01
   4.617171E-01   -4.516822E-01   -7.381776E-03    2.738400E-01   -2.452665E-01   -2.261135E-02 |    7.381776E-03
   7.863344E-02   -5.125305E-01    1.183139E-01    2.226655E-01   -1.993218E-01    2.572224E-01 |    7.863344E-02
  -1.376759E-01   -3.731887E-01    1.606434E-01    1.635222E-01   -1.552645E-01   -4.987226E-02 |    4.987226E-02
  -1.294293E-01   -2.508382E-01    1.542578E-01    1.207782E-01   -1.223021E-01   -8.201657E-02 |    8.201657E-02
max(min|c_i|) =    8.201657E-02

1    1.666667E+01    3.333333E+01
  -2.261135E-02   -1.855669E-02    1.145086E-02   -4.809559E-03    1.457392E-03   -3.171333E-04   -3.708180E-05 |    3.708180E-05
   2.572224E-01    9.126809E-02   -1.134659E-03   -1.240745E-02    5.104100E-03   -1.007291E-03    1.420798E-02 |    1.007291E-03
  -4.987226E-02    2.265632E-01   -5.966835E-02   -1.200686E-02    8.652785E-03   -1.697647E-03   -1.643113E-01 |    1.697647E-03
  -8.201657E-02    1.769136E-01   -1.110070E-01   -2.608659E-03    1.027395E-02   -2.189632E-03    1.390715E-01 |    2.189632E-03
max(min|c_i|) =    2.189632E-03

2    3.333333E+01    6.666667E+01
  -3.708180E-05   -3.887880E-05    3.657424E-05   -2.758993E-05    1.639860E-05   -8.948694E-06   -5.298973E-08 |    5.298973E-08
   1.420798E-02    1.289113E-02   -9.340807E-03    4.804078E-03   -1.837693E-03    5.330170E-04    3.535734E-06 |    3.535734E-06
  -1.643113E-01   -1.009053E-01    3.213884E-02    1.118556E-03   -5.100652E-03    2.266874E-03   -1.382260E-03 |    1.118556E-03
   1.390715E-01   -1.211195E-01    1.211927E-01   -3.179444E-02   -3.667968E-03    4.517973E-03    3.883354E-02 |    3.667968E-03
max(min|c_i|) =    3.667968E-03

3    6.666667E+01    1.000000E+02
  -5.298973E-08   -5.608630E-08    5.401243E-08   -4.194989E-08    2.587501E-08   -1.488901E-08 |    1.488901E-08
   3.535734E-06    3.386998E-06   -2.723641E-06    1.638623E-06   -7.746785E-07    3.101617E-07 |    3.101617E-07
  -1.382260E-03   -1.132249E-03    7.064593E-04   -3.024808E-04    9.744102E-05   -2.410444E-05 |    2.410444E-05
   3.883354E-02    2.317914E-02   -9.432396E-03    1.870014E-03   -1.604728E-04   -5.765749E-05 |    5.765749E-05
max(min|c_i|) =    5.765749E-05

----- EIGENVALUES -----
EIGENVALUE n=0 -1.120128757E-01
EIGENVALUE n=1 -5.163714563E-02
EIGENVALUE n=2 -2.957257902E-02
EIGENVALUE n=3 -1.913153600E-02

ALL_EIGENVALUES: | 1 | 23 |  -1.120128757E-01 | -5.163714563E-02 | -2.957257902E-02 | -1.913153600E-02 |

----- ELEMENTS TO SPLIT -----
0


========== ADAPTIVE STEP 2 ==========
Number of elements: 5
Degrees of freedom: 29
Domain: [0, 1.000000000E+02]

0    0.000000E+00    8.333333E+00
   4.105491E-01    3.574766E-02   -1.888271E-01    9.703376E-02   -1.865009E-02   -2.584792E-01 |    1.865009E-02
  -3.646300E-01    3.334410E-02    1.455675E-01   -7.137408E-02    9.923463E-03   -1.443802E-01 |    9.923463E-03
   2.385438E-01   -5.118848E-02   -1.063659E-01    5.271463E-02   -6.218789E-03    1.241739E-01 |    6.218789E-03
   1.682594E-01   -4.803184E-02   -7.992393E-02    4.029647E-02   -4.359193E-03    9.529731E-02 |    4.359193E-03
max(min|c_i|) =    1.865009E-02

1    8.333333E+00    1.666667E+01
  -2.584792E-01   -8.915741E-02    1.189250E-02    3.278864E-03   -1.789068E-03    3.978389E-04   -2.153527E-02 |    3.978389E-04
  -1.443802E-01    1.783458E-01   -3.710595E-02   -4.496229E-03    2.882721E-03   -4.985430E-04   -2.542526E-01 |    4.985430E-04
   1.241739E-01   -1.518757E-01    5.356516E-02    3.056074E-03   -3.090381E-03    4.797505E-04   -5.706351E-02 |    4.797505E-04
   9.529731E-02   -9.296363E-02    5.442193E-02    1.211366E-03   -2.858369E-03    4.309818E-04   -8.681127E-02 |    4.309818E-04
max(min|c_i|) =    4.985430E-04

2    1.666667E+01    3.333333E+01
  -2.153527E-02   -1.773410E-02    1.100493E-02   -4.658328E-03    1.426689E-03   -3.158743E-04   -3.384986E-05 |    3.384986E-05
  -2.542526E-01   -9.254067E-02    2.800555E-03    1.179589E-02   -5.026832E-03    1.024733E-03   -1.353287E-02 |    1.024733E-03
  -5.706351E-02    2.244622E-01   -6.228845E-02   -1.070463E-02    8.497259E-03   -1.738724E-03   -1.613480E-01 |    1.738724E-03
  -8.681127E-02    1.697193E-01   -1.130856E-01   -7.833309E-04    1.002344E-02   -2.244890E-03    1.438972E-01 |    7.833309E-04
max(min|c_i|) =    1.738724E-03

3    3.333333E+01    6.666667E+01
  -3.384986E-05   -3.552580E-05    3.347669E-05   -2.532314E-05    1.509045E-05   -8.269498E-06   -4.969761E-08 |    4.969761E-08
  -1.353287E-02   -1.230966E-02    8.960591E-03   -4.639341E-03    1.790533E-03   -5.265408E-04   -3.244973E-06 |    3.244973E-06
  -1.613480E-01   -1.001494E-01    3.287306E-02    3.965590E-04   -4.820301E-03    2.218178E-03   -1.296906E-03 |    3.965590E-04
   1.438972E-01   -1.147760E-01    1.199052E-01   -3.293059E-02   -2.952001E-03    4.367135E-03    3.747092E-02 |    2.952001E-03
max(min|c_i|) =    2.952001E-03

4    6.666667E+01    1.000000E+02
  -4.969761E-08   -5.264302E-08    5.076877E-08   -3.951658E-08    2.442410E-08   -1.410015E-08 |    1.410015E-08
  -3.244973E-06   -3.113110E-06    2.509958E-06   -1.515405E-06    7.192112E-07   -2.893441E-07 |    2.893441E-07
  -1.296906E-03   -1.065407E-03    6.676310E-04   -2.875659E-04    9.327734E-05   -2.329305E-05 |    2.329305E-05
   3.747092E-02    2.253076E-02   -9.256195E-03    1.881425E-03   -1.756556E-04   -5.221956E-05 |    5.221956E-05
max(min|c_i|) =    5.221956E-05

----- EIGENVALUES -----
EIGENVALUE n=0 -1.130109669E-01
EIGENVALUE n=1 -5.205263627E-02
EIGENVALUE n=2 -2.977569195E-02
EIGENVALUE n=3 -1.924481924E-02

ALL_EIGENVALUES: | 2 | 29 |  -1.130109669E-01 | -5.205263627E-02 | -2.977569195E-02 | -1.924481924E-02 |

----- ELEMENTS TO SPLIT -----
0


========== ADAPTIVE STEP 3 ==========
Number of elements: 6
Degrees of freedom: 35
Domain: [0, 1.000000000E+02]

0    0.000000E+00    4.166667E+00
  -4.599069E-02   -1.196704E-01    4.504353E-02   -2.611211E-03   -3.634242E-03    4.214010E-01 |    2.611211E-03
  -7.589933E-02   -8.301902E-02    3.171076E-02   -1.043027E-03   -2.588777E-03    1.831398E-01 |    1.043027E-03
  -6.138187E-02   -5.752943E-02    2.280595E-02   -5.561602E-04   -1.855211E-03    1.075392E-01 |    5.561602E-04
  -4.804287E-02   -4.233245E-02    1.715191E-02   -3.548988E-04   -1.392260E-03    7.312064E-02 |    3.548988E-04
max(min|c_i|) =    2.611211E-03

1    4.166667E+00    8.333333E+00
   4.214010E-01   -5.930958E-02    2.690267E-02   -3.243364E-03   -1.240155E-04    9.708732E-05    2.584163E-01 |    9.708732E-05
   1.831398E-01   -2.769458E-02    2.895842E-02   -3.107276E-03   -2.495627E-04    9.745487E-05   -1.445142E-01 |    9.745487E-05
   1.075392E-01    2.395618E-05    2.406505E-02   -2.728815E-03   -2.397330E-04    8.081484E-05   -1.242602E-01 |    2.395618E-05
   7.312064E-02    7.547299E-03    1.891706E-02   -2.304505E-03   -2.028432E-04    6.543514E-05   -9.535343E-02 |    6.543514E-05
max(min|c_i|) =    9.745487E-05

2    8.333333E+00    1.666667E+01
   2.584163E-01    8.915501E-02   -1.190091E-02   -3.275274E-03    1.788415E-03   -3.978119E-04    2.152313E-02 |    3.978119E-04
  -1.445142E-01    1.783153E-01   -3.713178E-02   -4.486341E-03    2.881706E-03   -4.986846E-04   -2.541947E-01 |    4.986846E-04
  -1.242602E-01    1.517932E-01   -5.359591E-02   -3.042392E-03    3.089301E-03   -4.800113E-04    5.720462E-02 |    4.800113E-04
  -9.535343E-02    9.285531E-02   -5.444706E-02   -1.196762E-03    2.857266E-03   -4.312775E-04    8.690870E-02 |    4.312775E-04
max(min|c_i|) =    4.986846E-04

3    1.666667E+01    3.333333E+01
   2.152313E-02    1.772483E-02   -1.099992E-02    4.656642E-03   -1.426354E-03    3.158650E-04    3.381342E-05 |    3.381342E-05
  -2.541947E-01   -9.255976E-02    2.829109E-03    1.178496E-02   -5.025322E-03    1.024996E-03   -1.352104E-02 |    1.024996E-03
   5.720462E-02   -2.244160E-01    6.233822E-02    1.067885E-02   -8.493971E-03    1.739477E-03    1.612878E-01 |    1.739477E-03
   8.690870E-02   -1.695671E-01    1.131259E-01    7.456785E-04   -1.001801E-02    2.245968E-03   -1.439950E-01 |    7.456785E-04
max(min|c_i|) =    1.739477E-03

4    3.333333E+01    6.666667E+01
   3.381342E-05    3.548799E-05   -3.344173E-05    2.529754E-05   -1.507567E-05    8.261814E-06    4.966028E-08 |    4.966028E-08
  -1.352104E-02   -1.229944E-02    8.953867E-03   -4.636394E-03    1.789671E-03   -5.264115E-04   -3.240082E-06 |    3.240082E-06
   1.612878E-01    1.001328E-01   -3.288656E-02   -3.825639E-04    4.814740E-03   -2.217171E-03    1.295259E-03 |    3.825639E-04
  -1.439950E-01    1.146442E-01   -1.198766E-01    3.295312E-02    2.937286E-03   -4.363937E-03   -3.744293E-02 |    2.937286E-03
max(min|c_i|) =    2.937286E-03

5    6.666667E+01    1.000000E+02
   4.966028E-08    5.260397E-08   -5.073199E-08    3.948899E-08   -2.440764E-08    1.409121E-08 |    1.409121E-08
  -3.240082E-06   -3.108498E-06    2.506354E-06   -1.513322E-06    7.182711E-07   -2.889900E-07 |    2.889900E-07
   1.295259E-03    1.064114E-03   -6.668774E-04    2.872749E-04   -9.319554E-05    2.327691E-05 |    2.327691E-05
  -3.744293E-02   -2.251732E-02    9.252476E-03   -1.881617E-03    1.759588E-04    5.210841E-05 |    5.210841E-05
max(min|c_i|) =    5.210841E-05

----- EIGENVALUES -----
EIGENVALUE n=0 -1.130230833E-01
EIGENVALUE n=1 -5.205991714E-02
EIGENVALUE n=2 -2.977971406E-02
EIGENVALUE n=3 -1.924717035E-02

ALL_EIGENVALUES: | 3 | 35 |  -1.130230833E-01 | -5.205991714E-02 | -2.977971406E-02 | -1.924717035E-02 |

----- ELEMENTS TO SPLIT -----
0
3
4


========== ADAPTIVE STEP 4 ==========
Number of elements: 9
Degrees of freedom: 53
Domain: [0, 1.000000000E+02]

0    0.000000E+00    2.083333E+00
  -5.950933E-02    3.296559E-02   -1.821300E-03   -1.201015E-03    3.901308E-04   -2.498399E-01 |    3.901308E-04
  -3.052130E-02    2.267836E-02   -1.078136E-03   -8.288155E-04    2.499533E-04   -1.457866E-01 |    2.499533E-04
  -1.922106E-02    1.594450E-02   -7.321242E-04   -5.864055E-04    1.720059E-04   -9.692429E-02 |    1.720059E-04
  -1.354141E-02    1.184390E-02   -5.369286E-04   -4.372324E-04    1.265782E-04   -7.016699E-02 |    1.265782E-04
max(min|c_i|) =    3.901308E-04

1    2.083333E+00    4.166667E+00
  -2.498399E-01    5.561739E-02    9.347738E-05   -1.313230E-03    1.896273E-04   -1.362446E-05   -4.214029E-01 |    1.362446E-05
  -1.457866E-01    4.951676E-02   -4.281329E-04   -1.072135E-03    1.341087E-04   -7.404192E-06   -1.831372E-01 |    7.404192E-06
  -9.692429E-02    3.627803E-02   -6.660488E-04   -8.096858E-04    9.671447E-05   -4.655150E-06   -1.075365E-01 |    4.655150E-06
  -7.016699E-02    2.730839E-02   -6.461059E-04   -6.214756E-04    7.299097E-05   -3.255861E-06   -7.311850E-02 |    3.255861E-06
max(min|c_i|) =    1.362446E-05

2    4.166667E+00    8.333333E+00
  -4.214029E-01    5.930641E-02   -2.690245E-02    3.243475E-03    1.239873E-04   -9.708468E-05   -2.584114E-01 |    9.708468E-05
  -1.831372E-01    2.769006E-02   -2.895826E-02    3.107456E-03    2.495309E-04   -9.745335E-05    1.445228E-01 |    9.745335E-05
  -1.075365E-01   -2.822240E-05   -2.406485E-02    2.728986E-03    2.397054E-04   -8.081402E-05    1.242650E-01 |    2.822240E-05
  -7.311850E-02   -7.550797E-03   -1.891687E-02    2.304654E-03    2.028204E-04   -6.543474E-05    9.535655E-02 |    6.543474E-05
max(min|c_i|) =    9.745335E-05

3    8.333333E+00    1.666667E+01
  -2.584114E-01   -8.915508E-02    1.190171E-02    3.274955E-03   -1.788361E-03    3.978106E-04   -2.152211E-02 |    3.978106E-04
   1.445228E-01   -1.783137E-01    3.713346E-02    4.485729E-03   -2.881647E-03    4.986943E-04    2.541915E-01 |    4.986943E-04
   1.242650E-01   -1.517890E-01    5.359762E-02    3.041663E-03   -3.089247E-03    4.800260E-04   -5.721221E-02 |    4.800260E-04
   9.535655E-02   -9.285039E-02    5.444843E-02    1.196048E-03   -2.857219E-03    4.312933E-04   -8.691370E-02 |    4.312933E-04
max(min|c_i|) =    4.986943E-04

4    1.666667E+01    2.500000E+01
  -2.152211E-02   -1.088065E-02    3.724015E-03   -7.890979E-04    1.084677E-04   -8.059427E-06   -9.668699E-04 |    8.059427E-06
   2.541915E-01    2.186270E-02    6.216747E-03   -2.430202E-03    3.331412E-04   -1.407096E-05    7.457072E-02 |    1.407096E-05
  -5.721221E-02    8.446001E-02   -9.163468E-05   -3.516183E-03    5.414335E-04   -1.685512E-05   -2.489104E-01 |    1.685512E-05
  -8.691370E-02    9.843695E-02   -9.413395E-03   -3.482054E-03    6.609578E-04   -2.011037E-05   -7.512910E-02 |    2.011037E-05
max(min|c_i|) =    2.011037E-05

5    2.500000E+01    3.333333E+01
  -9.668699E-04   -5.352272E-04    2.075529E-04   -5.305473E-05    9.929549E-06   -1.429690E-06   -3.379649E-05 |    1.429690E-06
   7.457072E-02    1.804119E-02   -2.739965E-03    1.119498E-04    2.950748E-05   -6.544944E-06    1.352049E-02 |    6.544944E-06
  -2.489104E-01    2.226740E-02   -8.401945E-03    7.459779E-04    3.441753E-05   -1.338976E-05   -1.612852E-01 |    1.338976E-05
  -7.512910E-02   -1.325967E-02   -1.049920E-02    1.535092E-03    7.982349E-06   -1.836856E-05    1.439998E-01 |    7.982349E-06
max(min|c_i|) =    1.338976E-05

6    3.333333E+01    5.000000E+01
  -3.379649E-05   -2.949943E-05    2.032735E-05   -1.005565E-05    3.841307E-06   -1.203111E-06   -2.938550E-08 |    2.938550E-08
   1.352049E-02    8.454936E-03   -3.627218E-03    9.868907E-04   -1.801032E-04    2.013873E-05    2.383121E-04 |    2.013873E-05
  -1.612852E-01   -4.173620E-02    1.798678E-03    2.299847E-03   -7.028898E-04    9.522018E-05   -2.020299E-02 |    9.522018E-05
   1.439998E-01   -9.716373E-02    2.570944E-02    8.523753E-04   -1.264340E-03    2.142996E-04    1.525832E-01 |    2.142996E-04
max(min|c_i|) =    2.142996E-04

7    5.000000E+01    6.666667E+01
  -2.938550E-08   -2.609312E-08    1.851293E-08   -9.524936E-09    3.814800E-09   -1.267733E-09   -2.017808E-11 |    2.017808E-11
   2.383121E-04    1.630942E-04   -8.012708E-05    2.656900E-05   -6.553878E-06    1.266994E-06    2.790754E-06 |    1.266994E-06
  -2.020299E-02   -8.898941E-03    2.574333E-03   -4.261767E-04    3.637630E-05    9.655805E-07   -1.295705E-03 |    9.655805E-07
   1.525832E-01    1.942017E-02    2.294601E-03   -1.380543E-03    2.134572E-04   -1.074844E-05    3.744050E-02 |    1.074844E-05
max(min|c_i|) =    1.074844E-05

8    6.666667E+01    1.000000E+02
  -2.017808E-11   -2.137419E-11    2.061359E-11   -1.604533E-11    9.917441E-12   -5.725629E-12 |    5.725629E-12
   2.790754E-06    2.677422E-06   -2.158787E-06    1.303468E-06   -6.186704E-07    2.489179E-07 |    2.489179E-07
  -1.295705E-03   -1.064484E-03    6.671123E-04   -2.873780E-04    9.322969E-05   -2.328568E-05 |    2.328568E-05
   3.744050E-02    2.251610E-02   -9.252103E-03    1.881609E-03   -1.759783E-04   -5.209988E-05 |    5.209988E-05
max(min|c_i|) =    5.209988E-05

----- EIGENVALUES -----
EIGENVALUE n=0 -1.130241908E-01
EIGENVALUE n=1 -5.206037415E-02
EIGENVALUE n=2 -2.977993998E-02
EIGENVALUE n=3 -1.924733801E-02

ALL_EIGENVALUES: | 4 | 53 |  -1.130241908E-01 | -5.206037415E-02 | -2.977993998E-02 | -1.924733801E-02 |

----- ELEMENTS TO SPLIT -----
3


========== ADAPTIVE STEP 5 ==========
Number of elements: 10
Degrees of freedom: 59
Domain: [0, 1.000000000E+02]

0    0.000000E+00    2.083333E+00
  -5.950933E-02    3.296559E-02   -1.821300E-03   -1.201015E-03    3.901308E-04   -2.498399E-01 |    3.901308E-04
  -3.052131E-02    2.267836E-02   -1.078136E-03   -8.288155E-04    2.499533E-04   -1.457866E-01 |    2.499533E-04
  -1.922106E-02    1.594450E-02   -7.321242E-04   -5.864055E-04    1.720059E-04   -9.692429E-02 |    1.720059E-04
  -1.354141E-02    1.184390E-02   -5.369287E-04   -4.372325E-04    1.265782E-04   -7.016700E-02 |    1.265782E-04
max(min|c_i|) =    3.901308E-04

1    2.083333E+00    4.166667E+00
  -2.498399E-01    5.561739E-02    9.347738E-05   -1.313230E-03    1.896273E-04   -1.362446E-05   -4.214029E-01 |    1.362446E-05
  -1.457866E-01    4.951676E-02   -4.281329E-04   -1.072135E-03    1.341087E-04   -7.404192E-06   -1.831372E-01 |    7.404192E-06
  -9.692429E-02    3.627803E-02   -6.660488E-04   -8.096858E-04    9.671447E-05   -4.655150E-06   -1.075365E-01 |    4.655150E-06
  -7.016700E-02    2.730839E-02   -6.461059E-04   -6.214756E-04    7.299097E-05   -3.255861E-06   -7.311850E-02 |    3.255861E-06
max(min|c_i|) =    1.362446E-05

2    4.166667E+00    8.333333E+00
  -4.214029E-01    5.930641E-02   -2.690245E-02    3.243475E-03    1.239873E-04   -9.708468E-05   -2.584114E-01 |    9.708468E-05
  -1.831372E-01    2.769007E-02   -2.895826E-02    3.107456E-03    2.495309E-04   -9.745335E-05    1.445228E-01 |    9.745335E-05
  -1.075365E-01   -2.822237E-05   -2.406485E-02    2.728986E-03    2.397054E-04   -8.081402E-05    1.242650E-01 |    2.822237E-05
  -7.311850E-02   -7.550798E-03   -1.891688E-02    2.304655E-03    2.028204E-04   -6.543474E-05    9.535655E-02 |    6.543474E-05
max(min|c_i|) =    9.745335E-05

3    8.333333E+00    1.250000E+01
  -2.584114E-01   -2.737517E-02   -5.095954E-04    8.269746E-04   -1.350801E-04    1.089900E-05   -8.466294E-02 |    1.089900E-05
   1.445228E-01   -6.167134E-02    1.722710E-03    1.210011E-03   -1.762341E-04    8.946210E-06    3.095269E-01 |    8.946210E-06
   1.242650E-01   -6.344460E-02    4.226450E-03    1.158828E-03   -1.735827E-04    6.672588E-06    1.271180E-01 |    6.672588E-06
   9.535655E-02   -4.961701E-02    5.116494E-03    9.633854E-04   -1.559297E-04    5.198532E-06    6.129621E-02 |    5.198532E-06
max(min|c_i|) =    1.089900E-05

4    1.250000E+01    1.666667E+01
  -8.466294E-02   -1.546893E-02    2.003881E-03   -9.034961E-05   -1.001487E-05    2.238721E-06   -2.152211E-02 |    2.238721E-06
   3.095269E-01   -2.509625E-02    5.156546E-03   -2.385849E-04   -2.443354E-05    4.272850E-06    2.541915E-01 |    4.272850E-06
   1.271180E-01   -1.088165E-02    6.588647E-03   -3.831069E-04   -2.916174E-05    4.966346E-06   -5.721221E-02 |    4.966346E-06
   6.129621E-02    3.720330E-03    6.102612E-03   -4.584540E-04   -2.676855E-05    4.884155E-06   -8.691370E-02 |    4.884155E-06
max(min|c_i|) =    4.966346E-06

5    1.666667E+01    2.500000E+01
  -2.152211E-02   -1.088065E-02    3.724015E-03   -7.890980E-04    1.084677E-04   -8.059428E-06   -9.668700E-04 |    8.059428E-06
   2.541915E-01    2.186270E-02    6.216746E-03   -2.430202E-03    3.331412E-04   -1.407096E-05    7.457071E-02 |    1.407096E-05
  -5.721221E-02    8.446001E-02   -9.163482E-05   -3.516183E-03    5.414335E-04   -1.685512E-05   -2.489104E-01 |    1.685512E-05
  -8.691370E-02    9.843695E-02   -9.413395E-03   -3.482054E-03    6.609578E-04   -2.011037E-05   -7.512910E-02 |    2.011037E-05
max(min|c_i|) =    2.011037E-05

6    2.500000E+01    3.333333E+01
  -9.668700E-04   -5.352273E-04    2.075529E-04   -5.305474E-05    9.929550E-06   -1.429690E-06   -3.379649E-05 |    1.429690E-06
   7.457071E-02    1.804119E-02   -2.739965E-03    1.119498E-04    2.950748E-05   -6.544944E-06    1.352049E-02 |    6.544944E-06
  -2.489104E-01    2.226740E-02   -8.401945E-03    7.459779E-04    3.441752E-05   -1.338976E-05   -1.612852E-01 |    1.338976E-05
  -7.512910E-02   -1.325967E-02   -1.049920E-02    1.535092E-03    7.982349E-06   -1.836856E-05    1.439998E-01 |    7.982349E-06
max(min|c_i|) =    1.338976E-05

7    3.333333E+01    5.000000E+01
  -3.379649E-05   -2.949944E-05    2.032736E-05   -1.005565E-05    3.841308E-06   -1.203111E-06   -2.938551E-08 |    2.938551E-08
   1.352049E-02    8.454936E-03   -3.627218E-03    9.868907E-04   -1.801032E-04    2.013873E-05    2.383121E-04 |    2.013873E-05
  -1.612852E-01   -4.173620E-02    1.798678E-03    2.299847E-03   -7.028898E-04    9.522018E-05   -2.020299E-02 |    9.522018E-05
   1.439998E-01   -9.716373E-02    2.570944E-02    8.523753E-04   -1.264340E-03    2.142996E-04    1.525832E-01 |    2.142996E-04
max(min|c_i|) =    2.142996E-04

8    5.000000E+01    6.666667E+01
  -2.938551E-08   -2.609312E-08    1.851293E-08   -9.524937E-09    3.814800E-09   -1.267733E-09   -2.017808E-11 |    2.017808E-11
   2.383121E-04    1.630942E-04   -8.012708E-05    2.656900E-05   -6.553878E-06    1.266994E-06    2.790754E-06 |    1.266994E-06
  -2.020299E-02   -8.898941E-03    2.574333E-03   -4.261767E-04    3.637630E-05    9.655805E-07   -1.295705E-03 |    9.655805E-07
   1.525832E-01    1.942017E-02    2.294601E-03   -1.380543E-03    2.134572E-04   -1.074844E-05    3.744050E-02 |    1.074844E-05
max(min|c_i|) =    1.074844E-05

9    6.666667E+01    1.000000E+02
  -2.017808E-11   -2.137419E-11    2.061359E-11   -1.604533E-11    9.917441E-12   -5.725631E-12 |    5.725631E-12
   2.790754E-06    2.677422E-06   -2.158787E-06    1.303468E-06   -6.186704E-07    2.489179E-07 |    2.489179E-07
  -1.295705E-03   -1.064484E-03    6.671123E-04   -2.873780E-04    9.322969E-05   -2.328568E-05 |    2.328568E-05
   3.744050E-02    2.251610E-02   -9.252103E-03    1.881609E-03   -1.759783E-04   -5.209988E-05 |    5.209988E-05
max(min|c_i|) =    5.209988E-05

----- EIGENVALUES -----
EIGENVALUE n=0 -1.130241911E-01
EIGENVALUE n=1 -5.206037427E-02
EIGENVALUE n=2 -2.977994001E-02
EIGENVALUE n=3 -1.924733802E-02

ALL_EIGENVALUES: | 5 | 59 |  -1.130241911E-01 | -5.206037427E-02 | -2.977994001E-02 | -1.924733802E-02 |

----- ELEMENTS TO SPLIT -----
0
7


========== ADAPTIVE STEP 6 ==========
Number of elements: 12
Degrees of freedom: 71
Domain: [0, 1.000000000E+02]

0    0.000000E+00    1.041667E+00
   3.155634E-02   -4.258116E-03   -3.550890E-04    1.078713E-04   -4.551054E-06    8.896134E-02 |    4.551054E-06
   1.905162E-02   -2.864608E-03   -2.475340E-04    7.043408E-05   -2.747781E-06    5.449183E-02 |    2.747781E-06
   1.282762E-02   -2.003084E-03   -1.748739E-04    4.883089E-05   -1.846643E-06    3.688824E-02 |    1.846643E-06
  -9.342527E-03    1.484742E-03    1.301953E-04   -3.606274E-05    1.343268E-06   -2.693532E-02 |    1.343268E-06
max(min|c_i|) =    4.551054E-06

1    1.041667E+00    2.083333E+00
   8.896134E-02   -6.174892E-04   -2.999734E-03    2.679420E-04   -4.276134E-06   -1.330905E-06    2.498399E-01 |    1.330905E-06
   5.449183E-02   -3.082998E-03   -2.124262E-03    1.802335E-04   -1.391886E-06   -9.479876E-07    1.457866E-01 |    9.479876E-07
   3.688824E-02   -2.735482E-03   -1.500926E-03    1.272381E-04   -5.910352E-07   -6.781695E-07    9.692429E-02 |    5.910352E-07
  -2.693532E-02    2.218446E-03    1.116589E-03   -9.487595E-05    3.050216E-07    5.083534E-07   -7.016700E-02 |    3.050216E-07
max(min|c_i|) =    1.330905E-06

2    2.083333E+00    4.166667E+00
   2.498399E-01   -5.561739E-02   -9.347711E-05    1.313230E-03   -1.896273E-04    1.362447E-05    4.214030E-01 |    1.362447E-05
   1.457866E-01   -4.951676E-02    4.281332E-04    1.072135E-03   -1.341088E-04    7.404194E-06    1.831372E-01 |    7.404194E-06
   9.692429E-02   -3.627803E-02    6.660491E-04    8.096858E-04   -9.671447E-05    4.655151E-06    1.075365E-01 |    4.655151E-06
  -7.016700E-02    2.730839E-02   -6.461061E-04   -6.214756E-04    7.299098E-05   -3.255862E-06   -7.311850E-02 |    3.255862E-06
max(min|c_i|) =    1.362447E-05

3    4.166667E+00    8.333333E+00
   4.214030E-01   -5.930640E-02    2.690245E-02   -3.243475E-03   -1.239872E-04    9.708467E-05    2.584114E-01 |    9.708467E-05
   1.831372E-01   -2.769006E-02    2.895826E-02   -3.107456E-03   -2.495308E-04    9.745335E-05   -1.445228E-01 |    9.745335E-05
   1.075365E-01    2.822634E-05    2.406485E-02   -2.728987E-03   -2.397054E-04    8.081402E-05   -1.242650E-01 |    2.822634E-05
  -7.311850E-02   -7.550801E-03   -1.891688E-02    2.304655E-03    2.028204E-04   -6.543474E-05    9.535656E-02 |    6.543474E-05
max(min|c_i|) =    9.745335E-05

4    8.333333E+00    1.250000E+01
   2.584114E-01    2.737517E-02    5.095951E-04   -8.269745E-04    1.350801E-04   -1.089900E-05    8.466294E-02 |    1.089900E-05
  -1.445228E-01    6.167134E-02   -1.722710E-03   -1.210011E-03    1.762341E-04   -8.946211E-06   -3.095269E-01 |    8.946211E-06
  -1.242650E-01    6.344460E-02   -4.226451E-03   -1.158828E-03    1.735827E-04   -6.672589E-06   -1.271180E-01 |    6.672589E-06
   9.535656E-02   -4.961701E-02    5.116494E-03    9.633853E-04   -1.559297E-04    5.198533E-06    6.129620E-02 |    5.198533E-06
max(min|c_i|) =    1.089900E-05

5    1.250000E+01    1.666667E+01
   8.466294E-02    1.546893E-02   -2.003881E-03    9.034962E-05    1.001487E-05   -2.238721E-06    2.152211E-02 |    2.238721E-06
  -3.095269E-01    2.509625E-02   -5.156546E-03    2.385849E-04    2.443354E-05   -4.272850E-06   -2.541915E-01 |    4.272850E-06
  -1.271180E-01    1.088165E-02   -6.588647E-03    3.831070E-04    2.916174E-05   -4.966346E-06    5.721222E-02 |    4.966346E-06
   6.129620E-02    3.720332E-03    6.102612E-03   -4.584541E-04   -2.676855E-05    4.884155E-06   -8.691371E-02 |    4.884155E-06
max(min|c_i|) =    4.966346E-06

6    1.666667E+01    2.500000E+01
   2.152211E-02    1.088065E-02   -3.724015E-03    7.890980E-04   -1.084677E-04    8.059429E-06    9.668699E-04 |    8.059429E-06
  -2.541915E-01   -2.186271E-02   -6.216746E-03    2.430202E-03   -3.331413E-04    1.407096E-05   -7.457071E-02 |    1.407096E-05
   5.721222E-02   -8.446001E-02    9.163567E-05    3.516183E-03   -5.414335E-04    1.685512E-05    2.489104E-01 |    1.685512E-05
  -8.691371E-02    9.843695E-02   -9.413396E-03   -3.482054E-03    6.609578E-04   -2.011037E-05   -7.512910E-02 |    2.011037E-05
max(min|c_i|) =    2.011037E-05

7    2.500000E+01    3.333333E+01
   9.668699E-04    5.352275E-04   -2.075528E-04    5.305477E-05   -9.929542E-06    1.429691E-06    3.379700E-05 |    1.429691E-06
  -7.457071E-02   -1.804119E-02    2.739965E-03   -1.119498E-04   -2.950747E-05    6.544943E-06   -1.352049E-02 |    6.544943E-06
   2.489104E-01   -2.226739E-02    8.401945E-03   -7.459779E-04   -3.441752E-05    1.338976E-05    1.612852E-01 |    1.338976E-05
  -7.512910E-02   -1.325967E-02   -1.049920E-02    1.535092E-03    7.982340E-06   -1.836856E-05    1.439998E-01 |    7.982340E-06
max(min|c_i|) =    1.338976E-05

8    3.333333E+01    4.166667E+01
   3.379700E-05    1.948607E-05   -7.953766E-06    2.172816E-06   -4.430719E-07    7.152505E-08    1.030085E-06 |    7.152505E-08
  -1.352049E-02   -4.129266E-03    8.961321E-04   -1.147766E-04    8.709021E-06   -2.024024E-07   -1.929628E-03 |    2.024024E-07
   1.612852E-01    1.073932E-02    9.307961E-04   -3.583451E-04    3.734478E-05   -1.345370E-06    6.466228E-02 |    1.345370E-06
   1.439998E-01   -3.666853E-02    2.345093E-03    4.579682E-04   -7.493968E-05    3.382653E-06    2.079595E-01 |    3.382653E-06
max(min|c_i|) =    3.382653E-06

9    4.166667E+01    5.000000E+01
   1.030085E-06    6.077897E-07   -2.551496E-07    7.214586E-08   -1.533258E-08    2.601998E-09    2.879286E-08 |    2.601998E-09
  -1.929628E-03   -6.561838E-04    1.615518E-04   -2.517878E-05    2.750077E-06   -2.153584E-07   -2.383120E-04 |    2.153584E-07
   6.466228E-02    8.845902E-03   -7.923474E-04   -7.575216E-06    8.700163E-06   -9.638083E-07    2.020299E-02 |    9.638083E-07
   2.079595E-01   -1.150267E-02    3.025692E-03   -1.749068E-04   -1.011093E-05    2.072292E-06    1.525832E-01 |    2.072292E-06
max(min|c_i|) =    2.072292E-06

10    5.000000E+01    6.666667E+01
   2.879286E-08    2.556688E-08   -1.813956E-08    9.332839E-09   -3.737864E-09    1.242165E-09    1.977113E-11 |    1.977113E-11
  -2.383120E-04   -1.630941E-04    8.012704E-05   -2.656899E-05    6.553874E-06   -1.266993E-06   -2.790752E-06 |    1.266993E-06
   2.020299E-02    8.898941E-03   -2.574333E-03    4.261767E-04   -3.637631E-05   -9.655801E-07    1.295705E-03 |    9.655801E-07
   1.525832E-01    1.942017E-02    2.294600E-03   -1.380543E-03    2.134572E-04   -1.074844E-05    3.744050E-02 |    1.074844E-05
max(min|c_i|) =    1.074844E-05

11    6.666667E+01    1.000000E+02
   1.977113E-11    2.094312E-11   -2.019786E-11    1.572174E-11   -9.717425E-12    5.610161E-12 |    5.610161E-12
  -2.790752E-06   -2.677421E-06    2.158786E-06   -1.303467E-06    6.186701E-07   -2.489178E-07 |    2.489178E-07
   1.295705E-03    1.064484E-03   -6.671123E-04    2.873780E-04   -9.322969E-05    2.328568E-05 |    2.328568E-05
   3.744050E-02    2.251610E-02   -9.252103E-03    1.881609E-03   -1.759783E-04   -5.209987E-05 |    5.209987E-05
max(min|c_i|) =    5.209987E-05

----- EIGENVALUES -----
EIGENVALUE n=0 -1.130241923E-01
EIGENVALUE n=1 -5.206037471E-02
EIGENVALUE n=2 -2.977994021E-02
EIGENVALUE n=3 -1.924733813E-02

ALL_EIGENVALUES: | 6 | 71 |  -1.130241923E-01 | -5.206037471E-02 | -2.977994021E-02 | -1.924733813E-02 |

DATETIME: 06 Sep 2026 21:02:42

=== END OF LOG FILE ===
