===============================================================================
 EEEEE I   GGG  EEEEE N   N RRRR   AAA  DDDD         Zbigniew Romanowski       
 E     I  G     E     NN  N R   R A   A D   D                                  
 EEE   I  G  GG EEE   N N N RRRR  AAAAA D   D        romz@wp.pl                
 E     I  G   G E     N  NN R  R  A   A D   D                                  
 EEEEE I   GGG  EEEEE N   N R   R A   A DDDD         https://github.com/romz-pl
===============================================================================



DATETIME: 08 Sep 2026 11:43:38



========== ADAPTIVE STEP 0 ==========
Number of elements: 3
Degrees of freedom: 17
Domain: [0, 1.000000000E+02]

0    0.000000E+00    3.333333E+01
   2.039637E-01   -5.033903E-01    9.760671E-01   -9.468918E-01    9.837588E-01    2.098226E-02 |    2.098226E-02
  -2.318191E-01    2.982917E-01    1.800653E-01   -6.326591E-01    7.424237E-01    3.674093E-03 |    3.674093E-03
   1.915739E-01    2.835050E-01   -2.460245E-01   -3.438602E-01    5.590756E-01   -5.625763E-02 |    5.625763E-02
   1.980950E-01   -1.108007E-02   -3.196204E-01   -1.576552E-01    4.219772E-01    2.338223E-01 |    1.108007E-02
max(min|c_i|) =    5.625763E-02

1    3.333333E+01    6.666667E+01
   2.098226E-02    2.383537E-02   -2.484894E-02    2.347071E-02   -1.621376E-02    1.246854E-02    2.477089E-04 |    2.477089E-04
   3.674093E-03    3.727557E-03   -3.309732E-03    2.282139E-03   -1.238577E-03    5.889743E-04    2.206198E-06 |    2.206198E-06
  -5.625763E-02   -4.640233E-02    2.818801E-02   -1.101023E-02    2.678852E-03   -2.107223E-04   -5.495616E-05 |    5.495616E-05
   2.338223E-01    6.878527E-02    3.253083E-02   -3.472565E-02    1.221303E-02   -1.613644E-03    8.549599E-03 |    1.613644E-03
max(min|c_i|) =    1.613644E-03

2    6.666667E+01    1.000000E+02
   2.477089E-04    2.786606E-04   -2.984546E-04    2.770532E-04   -1.968812E-04    1.497129E-04 |    1.497129E-04
   2.206198E-06    2.278545E-06   -2.098116E-06    1.524315E-06   -8.807338E-07    4.591720E-07 |    4.591720E-07
  -5.495616E-05   -5.018694E-05    3.717808E-05   -2.004248E-05    8.385242E-06   -2.889248E-06 |    2.889248E-06
   8.549599E-03    6.305073E-03   -3.383326E-03    1.160473E-03   -2.854544E-04    4.500087E-05 |    4.500087E-05
max(min|c_i|) =    1.497129E-04

----- EIGENVALUES -----
EIGENVALUE n=0 -3.003594007E-01
EIGENVALUE n=1 -8.755195074E-02
EIGENVALUE n=2 -4.155008809E-02
EIGENVALUE n=3 -2.438052746E-02

ALL_EIGENVALUES: | 0 | 17 |  -3.003594007E-01 | -8.755195074E-02 | -4.155008809E-02 | -2.438052746E-02 |

----- ELEMENTS TO SPLIT -----
0


========== ADAPTIVE STEP 1 ==========
Number of elements: 4
Degrees of freedom: 23
Domain: [0, 1.000000000E+02]

0    0.000000E+00    1.666667E+01
  -3.099662E-01    8.313119E-01   -1.266471E+00    1.174322E+00   -9.222685E-01   -6.421722E-03 |    6.421722E-03
   3.766495E-01   -7.151343E-02   -6.219145E-01    8.241968E-01   -5.591136E-01   -2.680824E-02 |    2.680824E-02
  -8.110532E-02    3.476339E-01    2.577326E-01   -5.755482E-01    3.797178E-01   -2.704013E-01 |    8.110532E-02
   1.358840E-01    2.914443E-01    9.051485E-02   -4.107832E-01    2.756849E-01    3.075218E-02 |    3.075218E-02
max(min|c_i|) =    8.110532E-02

1    1.666667E+01    3.333333E+01
  -6.421722E-03   -6.796896E-03    6.501311E-03   -5.039960E-03    3.079318E-03   -1.760185E-03   -1.103513E-05 |    1.103513E-05
  -2.680824E-02   -2.226474E-02    1.398132E-02   -5.991026E-03    1.851311E-03   -4.087603E-04   -3.637777E-05 |    3.637777E-05
  -2.704013E-01   -9.481894E-02   -1.883024E-03    1.529524E-02   -6.192887E-03    1.216752E-03   -1.437477E-02 |    1.216752E-03
   3.075218E-02   -2.428908E-01    6.057735E-02    1.562914E-02   -1.029882E-02    1.983019E-03    1.668572E-01 |    1.983019E-03
max(min|c_i|) =    1.983019E-03

2    3.333333E+01    6.666667E+01
  -1.103513E-05   -1.281071E-05    1.346770E-05   -1.350373E-05    9.434172E-06   -7.925699E-06   -2.109116E-07 |    2.109116E-07
  -3.637777E-05   -3.834139E-05    3.638630E-05   -2.784510E-05    1.676868E-05   -9.347198E-06   -6.006513E-08 |    6.006513E-08
  -1.437477E-02   -1.314657E-02    9.658549E-03   -5.060787E-03    1.979478E-03   -5.911394E-04   -3.092110E-06 |    3.092110E-06
   1.668572E-01    1.040573E-01   -3.408571E-02   -8.114406E-04    5.370946E-03   -2.473600E-03    1.262830E-03 |    8.114406E-04
max(min|c_i|) =    8.114406E-04

3    6.666667E+01    1.000000E+02
  -2.109116E-07   -2.405041E-07    2.631268E-07   -2.547946E-07    1.853376E-07   -1.509336E-07 |    1.509336E-07
  -6.006513E-08   -6.386243E-08    6.200655E-08   -4.876700E-08    3.043376E-08   -1.784486E-08 |    1.784486E-08
  -3.092110E-06   -2.980953E-06    2.423981E-06   -1.480306E-06    7.113031E-07   -2.905454E-07 |    2.905454E-07
   1.262830E-03    1.044639E-03   -6.612044E-04    2.885903E-04   -9.495000E-05    2.413730E-05 |    2.413730E-05
max(min|c_i|) =    2.413730E-05

----- EIGENVALUES -----
EIGENVALUE n=0 -4.377302660E-01
EIGENVALUE n=1 -1.181917033E-01
EIGENVALUE n=2 -5.365819659E-02
EIGENVALUE n=3 -3.046593745E-02

ALL_EIGENVALUES: | 1 | 23 |  -4.377302660E-01 | -1.181917033E-01 | -5.365819659E-02 | -3.046593745E-02 |

----- ELEMENTS TO SPLIT -----
0


========== ADAPTIVE STEP 2 ==========
Number of elements: 5
Degrees of freedom: 29
Domain: [0, 1.000000000E+02]

0    0.000000E+00    8.333333E+00
   5.807582E-01   -1.185994E+00    1.200025E+00   -7.907262E-01    3.878048E-01   -3.848480E-03 |    3.848480E-03
   1.856775E-01    5.690646E-01   -6.665204E-01    3.559607E-01   -1.208311E-01   -2.895412E-01 |    1.208311E-01
  -2.690462E-01   -2.813478E-01    4.244418E-01   -2.100710E-01    6.031936E-02   -1.170419E-01 |    6.031936E-02
   1.844213E-01    1.587356E-01   -2.927529E-01    1.419321E-01   -3.752344E-02    1.079143E-01 |    3.752344E-02
max(min|c_i|) =    1.208311E-01

1    8.333333E+00    1.666667E+01
  -3.848480E-03   -3.443753E-03    2.464852E-03   -1.274099E-03    5.078743E-04   -1.653781E-04   -2.013204E-06 |    2.013204E-06
  -2.895412E-01   -1.050308E-01    1.369594E-02    5.063442E-03   -2.781171E-03    6.651081E-04   -2.084870E-02 |    6.651081E-04
  -1.170419E-01    2.064458E-01   -4.219548E-02   -6.784829E-03    4.089178E-03   -7.426199E-04   -2.596065E-01 |    7.426199E-04
   1.079143E-01   -1.776328E-01    6.011239E-02    5.076545E-03   -4.204736E-03    6.731899E-04   -5.735294E-02 |    6.731899E-04
max(min|c_i|) =    7.426199E-04

2    1.666667E+01    3.333333E+01
  -2.013204E-06   -2.155062E-06    2.099270E-06   -1.679118E-06    1.053848E-06   -6.313855E-07   -4.693918E-09 |    4.693918E-09
  -2.084870E-02   -1.766256E-02    1.146602E-02   -5.145280E-03    1.692970E-03   -4.133069E-04   -2.159281E-05 |    2.159281E-05
  -2.596065E-01   -1.013065E-01    5.925796E-03    1.242317E-02   -5.837428E-03    1.311666E-03   -1.173207E-02 |    1.311666E-03
  -5.735294E-02    2.359409E-01   -7.130452E-02   -1.033528E-02    9.673922E-03   -2.167150E-03   -1.563244E-01 |    2.167150E-03
max(min|c_i|) =    2.167150E-03

3    3.333333E+01    6.666667E+01
  -4.693918E-09   -5.485064E-09    5.769121E-09   -5.888114E-09    4.116415E-09   -3.548112E-09   -1.024731E-10 |    1.024731E-10
  -2.159281E-05   -2.289252E-05    2.193694E-05   -1.706397E-05    1.042914E-05   -5.960248E-06   -4.181683E-08 |    4.181683E-08
  -1.173207E-02   -1.083985E-02    8.114068E-03   -4.368262E-03    1.770512E-03   -5.580923E-04   -2.237532E-06 |    2.237532E-06
  -1.563244E-01   -1.011267E-01    3.658583E-02   -1.829501E-03   -4.289295E-03    2.266626E-03   -9.989952E-04 |    9.989952E-04
max(min|c_i|) =    9.989952E-04

4    6.666667E+01    1.000000E+02
  -1.024731E-10   -1.172838E-10    1.290322E-10   -1.264145E-10    9.247189E-11   -7.675443E-11 |    7.675443E-11
  -4.181683E-08   -4.466492E-08    4.372879E-08   -3.483808E-08    2.199992E-08   -1.315414E-08 |    1.315414E-08
  -2.237532E-06   -2.170269E-06    1.783878E-06   -1.105430E-06    5.397345E-07   -2.249263E-07 |    2.249263E-07
  -9.989952E-04   -8.347686E-04    5.365262E-04   -2.391425E-04    8.061281E-05   -2.116961E-05 |    2.116961E-05
max(min|c_i|) =    2.116961E-05

----- EIGENVALUES -----
EIGENVALUE n=0 -4.963546851E-01
EIGENVALUE n=1 -1.248892768E-01
EIGENVALUE n=2 -5.553888702E-02
EIGENVALUE n=3 -3.124505117E-02

ALL_EIGENVALUES: | 2 | 29 |  -4.963546851E-01 | -1.248892768E-01 | -5.553888702E-02 | -3.124505117E-02 |

----- ELEMENTS TO SPLIT -----
0


========== ADAPTIVE STEP 3 ==========
Number of elements: 6
Degrees of freedom: 35
Domain: [0, 1.000000000E+02]

0    0.000000E+00    4.166667E+00
   9.232853E-01   -9.600294E-01    5.034708E-01   -1.753644E-01    4.528577E-02   -1.292038E-01 |    4.528577E-02
  -3.609517E-01    4.768255E-01   -1.926441E-01    4.502216E-02   -7.295518E-03   -3.974241E-01 |    7.295518E-03
   1.572625E-01   -2.853405E-01    1.085066E-01   -2.164792E-02    2.847708E-03    1.966579E-01 |    2.847708E-03
  -9.264694E-02    1.908903E-01   -7.169534E-02    1.332604E-02   -1.573623E-03   -1.218935E-01 |    1.573623E-03
max(min|c_i|) =    4.528577E-02

1    4.166667E+00    8.333333E+00
  -1.292038E-01   -7.159869E-02    2.651151E-02   -5.865716E-03    7.167196E-04    1.272945E-05   -4.006636E-03 |    1.272945E-05
  -3.974241E-01    1.151635E-01   -4.515978E-02    5.260376E-03    3.457189E-04   -2.161328E-04   -2.892985E-01 |    2.161328E-04
   1.966579E-01   -7.044159E-02    4.288380E-02   -4.020619E-03   -5.532413E-04    1.877777E-04   -1.173604E-01 |    1.877777E-04
  -1.218935E-01    3.074146E-02   -3.449022E-02    3.244576E-03    4.991843E-04   -1.459667E-04    1.080352E-01 |    1.459667E-04
max(min|c_i|) =    2.161328E-04

2    8.333333E+00    1.666667E+01
  -4.006636E-03   -3.591109E-03    2.577252E-03   -1.336848E-03    5.350128E-04   -1.750566E-04   -2.035598E-06 |    2.035598E-06
  -2.892985E-01   -1.051262E-01    1.380001E-02    5.028593E-03   -2.776283E-03    6.654402E-04   -2.077380E-02 |    6.654402E-04
  -1.173604E-01    2.064303E-01   -4.227437E-02   -6.759467E-03    4.087264E-03   -7.432287E-04   -2.595313E-01 |    7.432287E-04
   1.080352E-01   -1.775524E-01    6.016273E-02    5.057400E-03   -4.203576E-03    6.736773E-04   -5.752127E-02 |    6.736773E-04
max(min|c_i|) =    7.432287E-04

3    1.666667E+01    3.333333E+01
  -2.035598E-06   -2.180400E-06    2.126042E-06   -1.703499E-06    1.070691E-06   -6.431664E-07   -4.826996E-09 |    4.826996E-09
  -2.077380E-02   -1.760447E-02    1.143416E-02   -5.134609E-03    1.691050E-03   -4.134342E-04   -2.142187E-05 |    2.142187E-05
  -2.595313E-01   -1.013627E-01    5.990260E-03    1.239931E-02   -5.834351E-03    1.312416E-03   -1.171221E-02 |    1.312416E-03
  -5.752127E-02    2.358960E-01   -7.136864E-02   -1.030262E-02    9.669748E-03   -2.168191E-03   -1.562643E-01 |    2.168191E-03
max(min|c_i|) =    2.168191E-03

4    3.333333E+01    6.666667E+01
  -4.826996E-09   -5.642660E-09    5.934873E-09   -6.063319E-09    4.238912E-09   -3.658928E-09   -1.061522E-10 |    1.061522E-10
  -2.142187E-05   -2.271339E-05    2.176855E-05   -1.693733E-05    1.035409E-05   -5.919680E-06   -4.158969E-08 |    4.158969E-08
  -1.171221E-02   -1.082243E-02    8.102303E-03   -4.362922E-03    1.768870E-03   -5.578208E-04   -2.231806E-06 |    2.231806E-06
  -1.562643E-01   -1.011097E-01    3.660018E-02   -1.844970E-03   -4.282818E-03    2.265327E-03   -9.975590E-04 |    9.975590E-04
max(min|c_i|) =    9.975590E-04

5    6.666667E+01    1.000000E+02
  -1.061522E-10   -1.215193E-10    1.337324E-10   -1.311035E-10    9.593047E-11   -7.970867E-11 |    7.970867E-11
  -4.158969E-08   -4.442550E-08    4.350004E-08   -3.466288E-08    2.189332E-08   -1.309445E-08 |    1.309445E-08
  -2.231806E-06   -2.164828E-06    1.779570E-06   -1.102898E-06    5.385720E-07   -2.244804E-07 |    2.244804E-07
  -9.975590E-04   -8.336198E-04    5.358383E-04   -2.388665E-04    8.053171E-05   -2.115247E-05 |    2.115247E-05
max(min|c_i|) =    2.115247E-05

----- EIGENVALUES -----
EIGENVALUE n=0 -4.999787096E-01
EIGENVALUE n=1 -1.249998127E-01
EIGENVALUE n=2 -5.555553628E-02
EIGENVALUE n=3 -3.124998217E-02

ALL_EIGENVALUES: | 3 | 35 |  -4.999787096E-01 | -1.249998127E-01 | -5.555553628E-02 | -3.124998217E-02 |

----- ELEMENTS TO SPLIT -----
0
3


========== ADAPTIVE STEP 4 ==========
Number of elements: 8
Degrees of freedom: 47
Domain: [0, 1.000000000E+02]

0    0.000000E+00    2.083333E+00
   8.133089E-01   -3.833066E-01    9.675614E-02   -1.655330E-02    2.131034E-03   -5.188103E-01 |    2.131034E-03
  -3.701186E-01    1.503878E-01   -2.650835E-02    2.899317E-03   -2.271896E-04   -2.165920E-02 |    2.271896E-04
   2.056915E-01   -8.514292E-02    1.341413E-02   -1.225908E-03    7.700372E-05    2.698289E-02 |    7.700372E-05
   1.343916E-01   -5.611557E-02    8.477792E-03   -7.119171E-04    3.981118E-05    2.074766E-02 |    3.981118E-05
max(min|c_i|) =    2.131034E-03

1    2.083333E+00    4.166667E+00
  -5.188103E-01   -7.921849E-02   -6.198599E-04    3.892179E-03   -1.002602E-03    1.561840E-04   -1.291988E-01 |    1.561840E-04
  -2.165920E-02    8.190665E-02    6.239875E-03   -3.619084E-03    5.408208E-04   -4.952107E-05   -3.974255E-01 |    4.952107E-05
   2.698289E-02   -6.592844E-02   -4.241629E-03    2.506064E-03   -3.179896E-04    2.348082E-05    1.966580E-01 |    2.348082E-05
   2.074766E-02   -4.756515E-02   -2.731308E-03    1.785620E-03   -2.129354E-04    1.414089E-05    1.218936E-01 |    1.414089E-05
max(min|c_i|) =    1.561840E-04

2    4.166667E+00    8.333333E+00
  -1.291988E-01   -7.159795E-02    2.651221E-02   -5.866205E-03    7.168755E-04    1.269852E-05   -4.006060E-03 |    1.269852E-05
  -3.974255E-01    1.151632E-01   -4.515986E-02    5.260424E-03    3.457104E-04   -2.161322E-04   -2.892982E-01 |    2.161322E-04
   1.966580E-01   -7.044144E-02    4.288382E-02   -4.020632E-03   -5.532396E-04    1.877777E-04   -1.173608E-01 |    1.877777E-04
   1.218936E-01   -3.074140E-02    3.449025E-02   -3.244583E-03   -4.991839E-04    1.459668E-04   -1.080354E-01 |    1.459668E-04
max(min|c_i|) =    2.161322E-04

3    8.333333E+00    1.666667E+01
  -4.006060E-03   -3.590634E-03    2.576942E-03   -1.336720E-03    5.349716E-04   -1.750489E-04   -2.042155E-06 |    2.042155E-06
  -2.892982E-01   -1.051264E-01    1.380019E-02    5.028536E-03   -2.776277E-03    6.654410E-04   -2.077372E-02 |    6.654410E-04
  -1.173608E-01    2.064303E-01   -4.227446E-02   -6.759443E-03    4.087264E-03   -7.432296E-04   -2.595313E-01 |    7.432296E-04
  -1.080354E-01    1.775524E-01   -6.016281E-02   -5.057388E-03    4.203578E-03   -6.736782E-04    5.752144E-02 |    6.736782E-04
max(min|c_i|) =    7.432296E-04

4    1.666667E+01    2.500000E+01
  -2.042155E-06   -1.866040E-06    1.386761E-06   -7.561199E-07    3.224597E-07   -1.150677E-07   -8.271066E-10 |    8.271066E-10
  -2.077372E-02   -1.115341E-02    4.073218E-03   -9.327014E-04    1.418853E-04   -1.280613E-05   -7.576014E-04 |    1.280613E-05
  -2.595313E-01   -2.555345E-02   -6.412190E-03    2.803295E-03   -4.201487E-04    2.235890E-05   -7.084495E-02 |    2.235890E-05
   5.752144E-02   -9.201089E-02    8.268648E-04    3.978581E-03   -6.614186E-04    2.579198E-05    2.534348E-01 |    2.579198E-05
max(min|c_i|) =    2.579198E-05

5    2.500000E+01    3.333333E+01
  -8.271066E-10   -7.605760E-10    5.715409E-10   -3.163187E-10    1.373030E-10   -5.008782E-11   -2.900046E-13 |    2.900046E-13
  -7.576014E-04   -4.422278E-04    1.816338E-04   -4.949443E-05    9.939590E-06   -1.547951E-06   -2.128222E-05 |    1.547951E-06
  -7.084495E-02   -1.850229E-02    3.065332E-03   -1.714618E-04   -2.632824E-05    7.161539E-06   -1.171222E-02 |    7.161539E-06
   2.534348E-01   -2.082818E-02    8.960096E-03   -9.017197E-04   -2.474821E-05    1.469796E-05    1.562642E-01 |    1.469796E-05
max(min|c_i|) =    1.469796E-05

6    3.333333E+01    6.666667E+01
  -2.900046E-13   -3.390096E-13    3.565662E-13   -3.642856E-13    2.546751E-13   -2.198295E-13   -6.377901E-15 |    6.377901E-15
  -2.128222E-05   -2.256532E-05    2.162665E-05   -1.682692E-05    1.028661E-05   -5.881101E-06   -4.131873E-08 |    4.131873E-08
  -1.171222E-02   -1.082244E-02    8.102311E-03   -4.362927E-03    1.768873E-03   -5.578219E-04   -2.231806E-06 |    2.231806E-06
   1.562642E-01    1.011097E-01   -3.660019E-02    1.844986E-03    4.282811E-03   -2.265326E-03    9.975575E-04 |    9.975575E-04
max(min|c_i|) =    9.975575E-04

7    6.666667E+01    1.000000E+02
  -6.377901E-15   -7.301224E-15    8.035004E-15   -7.877194E-15    5.763871E-15   -4.789238E-15 |    4.789238E-15
  -4.131873E-08   -4.413608E-08    4.321666E-08   -3.443708E-08    2.175071E-08   -1.300916E-08 |    1.300916E-08
  -2.231806E-06   -2.164828E-06    1.779570E-06   -1.102898E-06    5.385721E-07   -2.244805E-07 |    2.244805E-07
   9.975575E-04    8.336186E-04   -5.358376E-04    2.388662E-04   -8.053162E-05    2.115245E-05 |    2.115245E-05
max(min|c_i|) =    2.115245E-05

----- EIGENVALUES -----
EIGENVALUE n=0 -4.999999765E-01
EIGENVALUE n=1 -1.249999984E-01
EIGENVALUE n=2 -5.555555441E-02
EIGENVALUE n=3 -3.124998728E-02

ALL_EIGENVALUES: | 4 | 47 |  -4.999999765E-01 | -1.249999984E-01 | -5.555555441E-02 | -3.124998728E-02 |

----- ELEMENTS TO SPLIT -----
0
3
6


========== ADAPTIVE STEP 5 ==========
Number of elements: 11
Degrees of freedom: 65
Domain: [0, 1.000000000E+02]

0    0.000000E+00    1.041667E+00
  -4.144442E-01    9.083436E-02   -1.109819E-02    9.320872E-04   -5.942489E-05    7.351377E-01 |    5.942489E-05
  -1.725742E-01    2.983934E-02   -2.473661E-03    1.309490E-04   -5.035010E-06    2.096550E-01 |    5.035010E-06
   9.633812E-02   -1.612501E-02    1.175264E-03   -5.158970E-05    1.582887E-06   -1.093427E-01 |    1.582887E-06
  -6.310874E-02    1.045194E-02   -7.233308E-04    2.902106E-05   -7.901418E-07    6.994715E-02 |    7.901418E-07
max(min|c_i|) =    5.942489E-05

1    1.041667E+00    2.083333E+00
   7.351377E-01   -4.687193E-02    1.879138E-02   -2.753711E-03    2.528340E-04   -1.701043E-05    5.188103E-01 |    1.701043E-05
   2.096550E-01   -2.758816E-02    1.018357E-02   -1.027084E-03    5.965166E-05   -2.422734E-06   -2.165920E-02 |    2.422734E-06
  -1.093427E-01    1.416390E-02   -6.187297E-03    5.649322E-04   -2.750619E-05    8.961929E-07    2.698289E-02 |    8.961929E-07
   6.994715E-02   -8.929031E-03    4.173301E-03   -3.691823E-04    1.658623E-05   -4.820367E-07   -2.074767E-02 |    4.820367E-07
max(min|c_i|) =    1.701043E-05

2    2.083333E+00    4.166667E+00
   5.188103E-01    7.921850E-02    6.198574E-04   -3.892179E-03    1.002602E-03   -1.561841E-04    1.291988E-01 |    1.561841E-04
  -2.165920E-02    8.190666E-02    6.239875E-03   -3.619084E-03    5.408208E-04   -4.952107E-05   -3.974255E-01 |    4.952107E-05
   2.698289E-02   -6.592844E-02   -4.241629E-03    2.506064E-03   -3.179896E-04    2.348082E-05    1.966580E-01 |    2.348082E-05
  -2.074767E-02    4.756516E-02    2.731309E-03   -1.785620E-03    2.129354E-04   -1.414090E-05   -1.218937E-01 |    1.414090E-05
max(min|c_i|) =    1.561841E-04

3    4.166667E+00    8.333333E+00
   1.291988E-01    7.159800E-02   -2.651219E-02    5.866213E-03   -7.168740E-04   -1.269818E-05    4.006154E-03 |    1.269818E-05
  -3.974255E-01    1.151632E-01   -4.515986E-02    5.260424E-03    3.457103E-04   -2.161322E-04   -2.892982E-01 |    2.161322E-04
   1.966580E-01   -7.044145E-02    4.288382E-02   -4.020632E-03   -5.532397E-04    1.877777E-04   -1.173608E-01 |    1.877777E-04
  -1.218937E-01    3.074142E-02   -3.449026E-02    3.244584E-03    4.991839E-04   -1.459668E-04    1.080354E-01 |    1.459668E-04
max(min|c_i|) =    2.161322E-04

4    8.333333E+00    1.250000E+01
   4.006154E-03    2.442030E-03   -1.052874E-03    3.029617E-04   -6.444136E-05    1.065003E-05    9.316645E-05 |    1.065003E-05
  -2.892982E-01   -3.193742E-02   -1.357254E-03    1.304986E-03   -2.238077E-04    1.989075E-05   -8.958057E-02 |    1.989075E-05
  -1.173608E-01    7.071176E-02   -9.948991E-04   -1.758427E-03    2.584676E-04   -1.394794E-05   -3.163294E-01 |    1.394794E-05
   1.080354E-01   -7.264182E-02    3.813663E-03    1.643876E-03   -2.403957E-04    9.465976E-06    1.350682E-01 |    9.465976E-06
max(min|c_i|) =    1.989075E-05

5    1.250000E+01    1.666667E+01
   9.316645E-05    5.851188E-05   -2.627455E-05    7.984073E-06   -1.825754E-06    3.332940E-07    1.925838E-06 |    3.332940E-07
  -8.958057E-02   -1.798323E-02    2.513959E-03   -1.291082E-04   -1.272789E-05    3.279805E-06   -2.077373E-02 |    3.279805E-06
  -3.163294E-01    2.890005E-02   -6.167157E-03    3.013883E-04    3.182733E-05   -5.956786E-06   -2.595314E-01 |    5.956786E-06
   1.350682E-01   -1.348186E-02    7.712083E-03   -4.565721E-04   -3.790756E-05    6.686517E-06   -5.752137E-02 |    6.686517E-06
max(min|c_i|) =    6.686517E-06

6    1.666667E+01    2.500000E+01
   1.925838E-06    1.759755E-06   -1.307774E-06    7.130531E-07   -3.040931E-07    1.085138E-07    7.799963E-10 |    7.799963E-10
  -2.077373E-02   -1.115342E-02    4.073219E-03   -9.327018E-04    1.418853E-04   -1.280614E-05   -7.576032E-04 |    1.280614E-05
  -2.595314E-01   -2.555346E-02   -6.412192E-03    2.803294E-03   -4.201487E-04    2.235890E-05   -7.084500E-02 |    2.235890E-05
  -5.752137E-02    9.201082E-02   -8.268593E-04   -3.978580E-03    6.614183E-04   -2.579198E-05   -2.534349E-01 |    2.579198E-05
max(min|c_i|) =    2.579198E-05

7    2.500000E+01    3.333333E+01
   7.799963E-10    7.172688E-10   -5.389769E-10    2.983075E-10   -1.294800E-10    4.723582E-11    2.882470E-13 |    2.882470E-13
  -7.576032E-04   -4.422592E-04    1.816203E-04   -4.949842E-05    9.938695E-06   -1.548116E-06   -2.133480E-05 |    1.548116E-06
  -7.084500E-02   -1.850236E-02    3.065314E-03   -1.714648E-04   -2.632865E-05    7.161494E-06   -1.171246E-02 |    7.161494E-06
  -2.534349E-01    2.082813E-02   -8.960100E-03    9.017179E-04    2.474813E-05   -1.469796E-05   -1.562649E-01 |    1.469796E-05
max(min|c_i|) =    1.469796E-05

8    3.333333E+01    5.000000E+01
   2.882470E-13    3.101265E-13   -3.044366E-13    2.470729E-13   -1.570407E-13    9.643848E-14    7.969889E-16 |    7.969889E-16
  -2.133480E-05   -1.905272E-05    1.361813E-05   -7.052333E-06    2.833418E-06   -9.400514E-07   -1.237904E-08 |    1.237904E-08
  -1.171246E-02   -7.593766E-03    3.411585E-03   -9.842483E-04    1.945256E-04   -2.511985E-05   -1.699607E-04 |    2.511985E-05
  -1.562649E-01   -4.436107E-02    3.319228E-03    2.072027E-03   -7.320797E-04    1.122615E-04   -1.747063E-02 |    1.122615E-04
max(min|c_i|) =    1.122615E-04

9    5.000000E+01    6.666667E+01
   7.969889E-16    8.586952E-16   -8.450507E-16    6.884858E-16   -4.392987E-16    2.715544E-16    2.160280E-18 |    2.160280E-18
  -1.237904E-08   -1.122180E-08    8.231821E-09   -4.415628E-09    1.850396E-09   -6.473655E-10   -5.791434E-12 |    5.791434E-12
  -1.699607E-04   -1.196905E-04    6.097110E-05   -2.108502E-05    5.449588E-06   -1.110150E-06   -1.637688E-06 |    1.110150E-06
  -1.747063E-02   -8.050311E-03    2.451808E-03   -4.375110E-04    4.387952E-05   -4.367469E-07   -9.982486E-04 |    4.367469E-07
max(min|c_i|) =    1.110150E-06

10    6.666667E+01    1.000000E+02
   2.160280E-18    2.475239E-18   -2.723317E-18    2.668481E-18   -1.961637E-18    1.623444E-18 |    1.623444E-18
  -5.791434E-12   -6.186328E-12    6.057457E-12   -4.826869E-12    3.048688E-12   -1.823428E-12 |    1.823428E-12
  -1.637688E-06   -1.588540E-06    1.305840E-06   -8.093011E-07    3.952016E-07   -1.647227E-07 |    1.647227E-07
  -9.982486E-04   -8.341963E-04    5.362090E-04   -2.390319E-04    8.058751E-05   -2.116714E-05 |    2.116714E-05
max(min|c_i|) =    2.116714E-05

----- EIGENVALUES -----
EIGENVALUE n=0 -4.999999996E-01
EIGENVALUE n=1 -1.249999996E-01
EIGENVALUE n=2 -5.555555539E-02
EIGENVALUE n=3 -3.124999992E-02

ALL_EIGENVALUES: | 5 | 65 |  -4.999999996E-01 | -1.249999996E-01 | -5.555555539E-02 | -3.124999992E-02 |

----- ELEMENTS TO SPLIT -----
2
3


========== ADAPTIVE STEP 6 ==========
Number of elements: 13
Degrees of freedom: 77
Domain: [0, 1.000000000E+02]

0    0.000000E+00    1.041667E+00
  -4.144442E-01    9.083436E-02   -1.109819E-02    9.320872E-04   -5.942489E-05    7.351377E-01 |    5.942489E-05
  -1.725742E-01    2.983934E-02   -2.473661E-03    1.309490E-04   -5.035010E-06    2.096550E-01 |    5.035010E-06
  -9.633812E-02    1.612501E-02   -1.175264E-03    5.158970E-05   -1.582887E-06    1.093427E-01 |    1.582887E-06
   6.310874E-02   -1.045194E-02    7.233308E-04   -2.902106E-05    7.901418E-07   -6.994715E-02 |    7.901418E-07
max(min|c_i|) =    5.942489E-05

1    1.041667E+00    2.083333E+00
   7.351377E-01   -4.687193E-02    1.879138E-02   -2.753711E-03    2.528340E-04   -1.701043E-05    5.188103E-01 |    1.701043E-05
   2.096550E-01   -2.758816E-02    1.018357E-02   -1.027084E-03    5.965166E-05   -2.422734E-06   -2.165920E-02 |    2.422734E-06
   1.093427E-01   -1.416390E-02    6.187297E-03   -5.649322E-04    2.750619E-05   -8.961929E-07   -2.698289E-02 |    8.961929E-07
  -6.994715E-02    8.929031E-03   -4.173301E-03    3.691823E-04   -1.658623E-05    4.820367E-07    2.074767E-02 |    4.820367E-07
max(min|c_i|) =    1.701043E-05

2    2.083333E+00    3.125000E+00
   5.188103E-01    1.852527E-02    1.951492E-03   -5.614968E-04    6.237316E-05   -4.600035E-06    2.746058E-01 |    4.600035E-06
  -2.165920E-02    1.648650E-02    2.349989E-03   -3.816837E-04    2.578703E-05   -1.130318E-06   -2.605388E-01 |    1.130318E-06
  -2.698289E-02    1.374945E-02    1.592634E-03   -2.455235E-04    1.402152E-05   -4.946428E-07   -1.527758E-01 |    4.946428E-07
   2.074767E-02   -1.008314E-02   -1.092443E-03    1.704250E-04   -9.079634E-06    2.871810E-07    1.008638E-01 |    2.871810E-07
max(min|c_i|) =    4.600035E-06

3    3.125000E+00    4.166667E+00
   2.746058E-01    1.891011E-02   -9.625688E-04   -5.338959E-05    1.253735E-05   -1.128323E-06    1.291988E-01 |    1.128323E-06
  -2.605388E-01    2.241147E-02   -3.377888E-04   -1.114279E-04    1.025584E-05   -5.054583E-07   -3.974255E-01 |    5.054583E-07
  -1.527758E-01    1.778766E-02   -2.660532E-04   -8.704767E-05    6.682698E-06   -2.640923E-07   -1.966580E-01 |    2.640923E-07
   1.008638E-01   -1.268168E-02    2.313114E-04    6.440906E-05   -4.665661E-06    1.659767E-07    1.218937E-01 |    1.659767E-07
max(min|c_i|) =    1.128323E-06

4    4.166667E+00    6.250000E+00
   1.291988E-01    3.233712E-02   -5.788370E-03    5.308380E-04   -6.993819E-06   -5.750407E-06    2.413068E-02 |    5.750407E-06
  -3.974255E-01    5.223398E-02   -7.428446E-03    1.422997E-04    6.019675E-05   -8.673780E-06   -4.126233E-01 |    8.673780E-06
  -1.966580E-01    3.961497E-02   -6.598787E-03    2.917821E-05    5.632303E-05   -6.082307E-06   -8.181750E-02 |    6.082307E-06
   1.218937E-01   -2.539135E-02    5.288403E-03   -1.374264E-05   -4.485833E-05    4.338099E-06    2.497430E-02 |    4.338099E-06
max(min|c_i|) =    8.673780E-06

5    6.250000E+00    8.333333E+00
   2.413068E-02    6.824688E-03   -1.451082E-03    1.925376E-04   -1.728519E-05    9.895656E-07    4.006158E-03 |    9.895656E-07
  -4.126233E-01    8.437230E-03   -3.587024E-03    3.378260E-04   -1.090275E-05   -6.840945E-07   -2.892982E-01 |    6.840945E-07
  -8.181750E-02   -2.024314E-03   -3.668327E-03    3.191048E-04   -3.952345E-06   -1.040267E-06    1.173608E-01 |    1.040267E-06
   2.497430E-02    8.110010E-03    2.922430E-03   -2.718528E-04    1.624789E-06    9.499681E-07   -1.080354E-01 |    9.499681E-07
max(min|c_i|) =    1.040267E-06

6    8.333333E+00    1.250000E+01
   4.006158E-03    2.442033E-03   -1.052875E-03    3.029620E-04   -6.444142E-05    1.065004E-05    9.316655E-05 |    1.065004E-05
  -2.892982E-01   -3.193742E-02   -1.357254E-03    1.304986E-03   -2.238077E-04    1.989075E-05   -8.958057E-02 |    1.989075E-05
   1.173608E-01   -7.071176E-02    9.948993E-04    1.758427E-03   -2.584676E-04    1.394794E-05    3.163294E-01 |    1.394794E-05
  -1.080354E-01    7.264182E-02   -3.813663E-03   -1.643876E-03    2.403957E-04   -9.465977E-06   -1.350682E-01 |    9.465977E-06
max(min|c_i|) =    1.989075E-05

7    1.250000E+01    1.666667E+01
   9.316655E-05    5.851194E-05   -2.627458E-05    7.984081E-06   -1.825756E-06    3.332943E-07    1.925840E-06 |    3.332943E-07
  -8.958057E-02   -1.798323E-02    2.513959E-03   -1.291082E-04   -1.272789E-05    3.279805E-06   -2.077373E-02 |    3.279805E-06
   3.163294E-01   -2.890005E-02    6.167157E-03   -3.013883E-04   -3.182733E-05    5.956786E-06    2.595314E-01 |    5.956786E-06
  -1.350682E-01    1.348186E-02   -7.712083E-03    4.565721E-04    3.790756E-05   -6.686517E-06    5.752137E-02 |    6.686517E-06
max(min|c_i|) =    6.686517E-06

8    1.666667E+01    2.500000E+01
   1.925840E-06    1.759756E-06   -1.307776E-06    7.130538E-07   -3.040934E-07    1.085139E-07    7.799971E-10 |    7.799971E-10
  -2.077373E-02   -1.115342E-02    4.073219E-03   -9.327018E-04    1.418853E-04   -1.280614E-05   -7.576032E-04 |    1.280614E-05
   2.595314E-01    2.555346E-02    6.412192E-03   -2.803294E-03    4.201487E-04   -2.235890E-05    7.084500E-02 |    2.235890E-05
   5.752137E-02   -9.201082E-02    8.268596E-04    3.978580E-03   -6.614183E-04    2.579198E-05    2.534349E-01 |    2.579198E-05
max(min|c_i|) =    2.579198E-05

9    2.500000E+01    3.333333E+01
   7.799971E-10    7.172695E-10   -5.389774E-10    2.983078E-10   -1.294802E-10    4.723588E-11    2.882478E-13 |    2.882478E-13
  -7.576032E-04   -4.422592E-04    1.816203E-04   -4.949842E-05    9.938695E-06   -1.548116E-06   -2.133480E-05 |    1.548116E-06
   7.084500E-02    1.850236E-02   -3.065314E-03    1.714648E-04    2.632865E-05   -7.161493E-06    1.171246E-02 |    7.161493E-06
   2.534349E-01   -2.082813E-02    8.960100E-03   -9.017179E-04   -2.474813E-05    1.469796E-05    1.562649E-01 |    1.469796E-05
max(min|c_i|) =    1.469796E-05

10    3.333333E+01    5.000000E+01
   2.882478E-13    3.101273E-13   -3.044369E-13    2.470752E-13   -1.570419E-13    9.643867E-14    7.970355E-16 |    7.970355E-16
  -2.133480E-05   -1.905272E-05    1.361813E-05   -7.052333E-06    2.833418E-06   -9.400514E-07   -1.237904E-08 |    1.237904E-08
   1.171246E-02    7.593766E-03   -3.411585E-03    9.842483E-04   -1.945256E-04    2.511985E-05    1.699607E-04 |    2.511985E-05
   1.562649E-01    4.436107E-02   -3.319228E-03   -2.072027E-03    7.320797E-04   -1.122615E-04    1.747063E-02 |    1.122615E-04
max(min|c_i|) =    1.122615E-04

11    5.000000E+01    6.666667E+01
   7.970355E-16    8.586707E-16   -8.450666E-16    6.884755E-16   -4.392531E-16    2.715268E-16    2.162851E-18 |    2.162851E-18
  -1.237904E-08   -1.122180E-08    8.231821E-09   -4.415628E-09    1.850396E-09   -6.473654E-10   -5.791435E-12 |    5.791435E-12
   1.699607E-04    1.196905E-04   -6.097110E-05    2.108502E-05   -5.449588E-06    1.110150E-06    1.637688E-06 |    1.110150E-06
   1.747063E-02    8.050310E-03   -2.451808E-03    4.375110E-04   -4.387953E-05    4.367470E-07    9.982486E-04 |    4.367470E-07
max(min|c_i|) =    1.110150E-06

12    6.666667E+01    1.000000E+02
   2.162851E-18    2.476598E-18   -2.726876E-18    2.667441E-18   -1.953204E-18    1.623512E-18 |    1.623512E-18
  -5.791435E-12   -6.186328E-12    6.057458E-12   -4.826867E-12    3.048686E-12   -1.823428E-12 |    1.823428E-12
   1.637688E-06    1.588540E-06   -1.305840E-06    8.093011E-07   -3.952016E-07    1.647227E-07 |    1.647227E-07
   9.982486E-04    8.341963E-04   -5.362090E-04    2.390319E-04   -8.058751E-05    2.116714E-05 |    2.116714E-05
max(min|c_i|) =    2.116714E-05

----- EIGENVALUES -----
EIGENVALUE n=0 -5.000000000E-01
EIGENVALUE n=1 -1.250000000E-01
EIGENVALUE n=2 -5.555555555E-02
EIGENVALUE n=3 -3.124999999E-02

ALL_EIGENVALUES: | 6 | 77 |  -5.000000000E-01 | -1.250000000E-01 | -5.555555555E-02 | -3.124999999E-02 |

----- ELEMENTS TO SPLIT -----
0
6
10


========== ADAPTIVE STEP 7 ==========
Number of elements: 16
Degrees of freedom: 95
Domain: [0, 1.000000000E+02]

0    0.000000E+00    5.208333E-01
  -1.506533E-01    1.585500E-02   -9.501995E-04    3.945694E-05   -1.249273E-06    6.187764E-01 |    1.249273E-06
  -5.828286E-02    4.700023E-03   -1.892013E-04    4.927901E-06   -9.380991E-08    2.099294E-01 |    9.380991E-08
   3.222176E-02   -2.471993E-03    8.691259E-05   -1.871111E-06    2.837040E-08   -1.133916E-01 |    2.837040E-08
   2.104109E-02   -1.586203E-03    5.273640E-05   -1.035294E-06    1.390947E-08   -7.345059E-02 |    1.390947E-08
max(min|c_i|) =    1.249273E-06

1    5.208333E-01    1.041667E+00
   6.187764E-01   -6.290478E-02    7.634027E-03   -4.859874E-04    2.086614E-05   -6.749434E-07    7.351377E-01 |    6.749434E-07
   2.099294E-01   -2.941938E-02    2.869560E-03   -1.241500E-04    3.358821E-06   -6.546580E-08    2.096550E-01 |    6.546580E-08
  -1.133916E-01    1.661995E-02   -1.602506E-03    6.129800E-05   -1.378242E-06    2.145730E-08   -1.093427E-01 |    2.145730E-08
  -7.345059E-02    1.092733E-02   -1.051110E-03    3.833014E-05   -7.893447E-07    1.091718E-08   -6.994715E-02 |    1.091718E-08
max(min|c_i|) =    6.749434E-07

2    1.041667E+00    2.083333E+00
   7.351377E-01   -4.687193E-02    1.879138E-02   -2.753711E-03    2.528340E-04   -1.701043E-05    5.188103E-01 |    1.701043E-05
   2.096550E-01   -2.758816E-02    1.018357E-02   -1.027084E-03    5.965166E-05   -2.422734E-06   -2.165920E-02 |    2.422734E-06
  -1.093427E-01    1.416390E-02   -6.187297E-03    5.649322E-04   -2.750619E-05    8.961929E-07    2.698289E-02 |    8.961929E-07
  -6.994715E-02    8.929031E-03   -4.173301E-03    3.691823E-04   -1.658623E-05    4.820367E-07    2.074767E-02 |    4.820367E-07
max(min|c_i|) =    1.701043E-05

3    2.083333E+00    3.125000E+00
   5.188103E-01    1.852527E-02    1.951492E-03   -5.614968E-04    6.237316E-05   -4.600035E-06    2.746058E-01 |    4.600035E-06
  -2.165920E-02    1.648650E-02    2.349989E-03   -3.816837E-04    2.578703E-05   -1.130318E-06   -2.605388E-01 |    1.130318E-06
   2.698289E-02   -1.374945E-02   -1.592634E-03    2.455235E-04   -1.402152E-05    4.946428E-07    1.527758E-01 |    4.946428E-07
   2.074767E-02   -1.008314E-02   -1.092443E-03    1.704250E-04   -9.079634E-06    2.871810E-07    1.008638E-01 |    2.871810E-07
max(min|c_i|) =    4.600035E-06

4    3.125000E+00    4.166667E+00
   2.746058E-01    1.891011E-02   -9.625688E-04   -5.338959E-05    1.253735E-05   -1.128323E-06    1.291988E-01 |    1.128323E-06
  -2.605388E-01    2.241147E-02   -3.377888E-04   -1.114279E-04    1.025584E-05   -5.054583E-07   -3.974255E-01 |    5.054583E-07
   1.527758E-01   -1.778766E-02    2.660532E-04    8.704767E-05   -6.682698E-06    2.640923E-07    1.966580E-01 |    2.640923E-07
   1.008638E-01   -1.268168E-02    2.313114E-04    6.440906E-05   -4.665661E-06    1.659767E-07    1.218937E-01 |    1.659767E-07
max(min|c_i|) =    1.128323E-06

5    4.166667E+00    6.250000E+00
   1.291988E-01    3.233712E-02   -5.788370E-03    5.308380E-04   -6.993819E-06   -5.750407E-06    2.413068E-02 |    5.750407E-06
  -3.974255E-01    5.223398E-02   -7.428446E-03    1.422997E-04    6.019675E-05   -8.673780E-06   -4.126233E-01 |    8.673780E-06
   1.966580E-01   -3.961497E-02    6.598787E-03   -2.917821E-05   -5.632303E-05    6.082307E-06    8.181750E-02 |    6.082307E-06
   1.218937E-01   -2.539135E-02    5.288403E-03   -1.374264E-05   -4.485833E-05    4.338099E-06    2.497430E-02 |    4.338099E-06
max(min|c_i|) =    8.673780E-06

6    6.250000E+00    8.333333E+00
   2.413068E-02    6.824688E-03   -1.451082E-03    1.925376E-04   -1.728519E-05    9.895656E-07    4.006158E-03 |    9.895656E-07
  -4.126233E-01    8.437230E-03   -3.587024E-03    3.378260E-04   -1.090275E-05   -6.840945E-07   -2.892982E-01 |    6.840945E-07
   8.181750E-02    2.024314E-03    3.668327E-03   -3.191048E-04    3.952345E-06    1.040267E-06   -1.173608E-01 |    1.040267E-06
   2.497430E-02    8.110010E-03    2.922430E-03   -2.718528E-04    1.624789E-06    9.499681E-07   -1.080354E-01 |    9.499681E-07
max(min|c_i|) =    1.040267E-06

7    8.333333E+00    1.041667E+01
   4.006158E-03    1.198195E-03   -2.716193E-04    3.971739E-05   -4.196055E-06    3.355861E-07    6.235308E-04 |    3.355861E-07
  -2.892982E-01   -6.981294E-03   -7.482095E-04    1.454555E-04   -1.026596E-05    3.399861E-07   -1.695795E-01 |    3.399861E-07
  -1.173608E-01    1.768649E-02    6.359236E-04   -1.796077E-04    1.000802E-05   -1.217537E-07   -2.605562E-01 |    1.217537E-07
  -1.080354E-01    1.956370E-02    2.331878E-04   -1.660237E-04    8.641284E-06   -2.619009E-08   -1.664187E-01 |    2.619009E-08
max(min|c_i|) =    3.399861E-07

8    1.041667E+01    1.250000E+01
   6.235308E-04    1.925762E-04   -4.514371E-05    6.905705E-06   -7.769505E-07    6.822862E-08    9.316632E-05 |    6.822862E-08
  -1.695795E-01   -8.247057E-03    2.214729E-04    3.403853E-05   -4.150036E-06    2.343453E-07   -8.958057E-02 |    2.343453E-07
  -2.605562E-01    1.666717E-02   -6.677262E-04   -5.168354E-05    5.796205E-06   -2.301925E-07   -3.163294E-01 |    2.301925E-07
  -1.664187E-01    1.581900E-02   -9.847083E-04   -4.726043E-05    5.813739E-06   -1.922812E-07   -1.350682E-01 |    1.922812E-07
max(min|c_i|) =    2.343453E-07

9    1.250000E+01    1.666667E+01
   9.316632E-05    5.851180E-05   -2.627451E-05    7.984062E-06   -1.825751E-06    3.332935E-07    1.925835E-06 |    3.332935E-07
  -8.958057E-02   -1.798323E-02    2.513959E-03   -1.291082E-04   -1.272789E-05    3.279805E-06   -2.077373E-02 |    3.279805E-06
  -3.163294E-01    2.890005E-02   -6.167157E-03    3.013883E-04    3.182733E-05   -5.956786E-06   -2.595314E-01 |    5.956786E-06
  -1.350682E-01    1.348186E-02   -7.712083E-03    4.565721E-04    3.790756E-05   -6.686517E-06    5.752137E-02 |    6.686517E-06
max(min|c_i|) =    6.686517E-06

10    1.666667E+01    2.500000E+01
   1.925835E-06    1.759752E-06   -1.307772E-06    7.130520E-07   -3.040927E-07    1.085136E-07    7.799952E-10 |    7.799952E-10
  -2.077373E-02   -1.115342E-02    4.073219E-03   -9.327018E-04    1.418853E-04   -1.280614E-05   -7.576032E-04 |    1.280614E-05
  -2.595314E-01   -2.555346E-02   -6.412192E-03    2.803294E-03   -4.201487E-04    2.235890E-05   -7.084500E-02 |    2.235890E-05
   5.752137E-02   -9.201082E-02    8.268596E-04    3.978580E-03   -6.614183E-04    2.579198E-05    2.534349E-01 |    2.579198E-05
max(min|c_i|) =    2.579198E-05

11    2.500000E+01    3.333333E+01
   7.799952E-10    7.172689E-10   -5.389753E-10    2.983075E-10   -1.294796E-10    4.723583E-11    2.894323E-13 |    2.894323E-13
  -7.576032E-04   -4.422595E-04    1.816202E-04   -4.949846E-05    9.938686E-06   -1.548118E-06   -2.133534E-05 |    1.548118E-06
  -7.084500E-02   -1.850236E-02    3.065314E-03   -1.714648E-04   -2.632865E-05    7.161493E-06   -1.171246E-02 |    7.161493E-06
   2.534349E-01   -2.082813E-02    8.960100E-03   -9.017179E-04   -2.474813E-05    1.469796E-05    1.562649E-01 |    1.469796E-05
max(min|c_i|) =    1.469796E-05

12    3.333333E+01    4.166667E+01
   2.894323E-13    2.669992E-13   -2.017239E-13    1.124570E-13   -4.921647E-14    1.813689E-14    1.025414E-16 |    1.025414E-16
  -2.133534E-05   -1.291914E-05    5.561640E-06   -1.610933E-06    3.495908E-07   -6.029023E-08   -5.234429E-07 |    6.029023E-08
  -1.171246E-02   -3.806422E-03    8.746515E-04   -1.205182E-04    1.028252E-05   -3.885004E-07   -1.517453E-03 |    3.885004E-07
   1.562649E-01    1.220298E-02    6.701229E-04   -3.592475E-04    4.198067E-05   -1.924688E-06    5.923428E-02 |    1.924688E-06
max(min|c_i|) =    1.924688E-06

13    4.166667E+01    5.000000E+01
   1.025414E-16    9.469342E-17   -7.180765E-17    4.004992E-17   -1.753748E-17    6.488315E-18    3.002023E-20 |    3.002023E-20
  -5.234429E-07   -3.235375E-07    1.428925E-07   -4.270911E-08    9.621877E-09   -1.735548E-09   -1.178394E-08 |    1.735548E-09
  -1.517453E-03   -5.451625E-04    1.408962E-04   -2.320006E-05    2.702917E-06   -2.301311E-07   -1.699602E-04 |    2.301311E-07
   5.923428E-02    8.831258E-03   -8.884381E-04    7.794813E-06    7.887712E-06   -1.008327E-06    1.747063E-02 |    1.008327E-06
max(min|c_i|) =    1.008327E-06

14    5.000000E+01    6.666667E+01
   3.002023E-20    2.182977E-20   -2.831907E-21    1.879844E-20    1.769171E-20   -2.567158E-20   -1.324423E-21 |    1.324423E-21
  -1.178394E-08   -1.068233E-08    7.836088E-09   -4.203353E-09    1.761441E-09   -6.162442E-10   -5.513017E-12 |    5.513017E-12
  -1.699602E-04   -1.196902E-04    6.097093E-05   -2.108497E-05    5.449573E-06   -1.110147E-06   -1.637684E-06 |    1.110147E-06
   1.747063E-02    8.050311E-03   -2.451808E-03    4.375110E-04   -4.387953E-05    4.367471E-07    9.982486E-04 |    4.367471E-07
max(min|c_i|) =    1.110147E-06

15    6.666667E+01    1.000000E+02
  -1.324423E-21   -2.430105E-21    1.586286E-21   -1.028079E-21    8.166361E-22   -6.829690E-22 |    6.829690E-22
  -5.513017E-12   -5.888924E-12    5.766252E-12   -4.594823E-12    2.902123E-12   -1.735766E-12 |    1.735766E-12
  -1.637684E-06   -1.588536E-06    1.305836E-06   -8.092989E-07    3.952005E-07   -1.647223E-07 |    1.647223E-07
   9.982486E-04    8.341963E-04   -5.362090E-04    2.390319E-04   -8.058751E-05    2.116714E-05 |    2.116714E-05
max(min|c_i|) =    2.116714E-05

----- EIGENVALUES -----
EIGENVALUE n=0 -5.000000000E-01
EIGENVALUE n=1 -1.250000000E-01
EIGENVALUE n=2 -5.555555555E-02
EIGENVALUE n=3 -3.124999999E-02

ALL_EIGENVALUES: | 7 | 95 |  -5.000000000E-01 | -1.250000000E-01 | -5.555555555E-02 | -3.124999999E-02 |

----- DOMAIN EXPANDED -----
RMAX BEFORE:  1.000000000E+02
RMAX AFTER:  1.100000000E+02


========== ADAPTIVE STEP 8 ==========
Number of elements: 17
Degrees of freedom: 101
Domain: [0, 1.100000000E+02]

0    0.000000E+00    5.208333E-01
   1.506533E-01   -1.585500E-02    9.501995E-04   -3.945694E-05    1.249273E-06   -6.187764E-01 |    1.249273E-06
   5.828286E-02   -4.700023E-03    1.892013E-04   -4.927901E-06    9.380991E-08   -2.099294E-01 |    9.380991E-08
  -3.222176E-02    2.471993E-03   -8.691259E-05    1.871111E-06   -2.837040E-08    1.133916E-01 |    2.837040E-08
   2.104109E-02   -1.586203E-03    5.273640E-05   -1.035294E-06    1.390947E-08   -7.345059E-02 |    1.390947E-08
max(min|c_i|) =    1.249273E-06

1    5.208333E-01    1.041667E+00
  -6.187764E-01    6.290478E-02   -7.634027E-03    4.859874E-04   -2.086614E-05    6.749434E-07   -7.351377E-01 |    6.749434E-07
  -2.099294E-01    2.941938E-02   -2.869560E-03    1.241500E-04   -3.358821E-06    6.546580E-08   -2.096550E-01 |    6.546580E-08
   1.133916E-01   -1.661995E-02    1.602506E-03   -6.129800E-05    1.378242E-06   -2.145730E-08    1.093427E-01 |    2.145730E-08
  -7.345059E-02    1.092733E-02   -1.051110E-03    3.833014E-05   -7.893447E-07    1.091718E-08   -6.994715E-02 |    1.091718E-08
max(min|c_i|) =    6.749434E-07

2    1.041667E+00    2.083333E+00
  -7.351377E-01    4.687193E-02   -1.879138E-02    2.753711E-03   -2.528340E-04    1.701043E-05   -5.188103E-01 |    1.701043E-05
  -2.096550E-01    2.758816E-02   -1.018357E-02    1.027084E-03   -5.965166E-05    2.422734E-06    2.165920E-02 |    2.422734E-06
   1.093427E-01   -1.416390E-02    6.187297E-03   -5.649322E-04    2.750619E-05   -8.961929E-07   -2.698289E-02 |    8.961929E-07
  -6.994715E-02    8.929031E-03   -4.173301E-03    3.691823E-04   -1.658623E-05    4.820367E-07    2.074767E-02 |    4.820367E-07
max(min|c_i|) =    1.701043E-05

3    2.083333E+00    3.125000E+00
  -5.188103E-01   -1.852527E-02   -1.951492E-03    5.614968E-04   -6.237316E-05    4.600035E-06   -2.746058E-01 |    4.600035E-06
   2.165920E-02   -1.648650E-02   -2.349989E-03    3.816837E-04   -2.578703E-05    1.130318E-06    2.605388E-01 |    1.130318E-06
  -2.698289E-02    1.374945E-02    1.592634E-03   -2.455235E-04    1.402152E-05   -4.946428E-07   -1.527758E-01 |    4.946428E-07
   2.074767E-02   -1.008314E-02   -1.092443E-03    1.704250E-04   -9.079634E-06    2.871810E-07    1.008638E-01 |    2.871810E-07
max(min|c_i|) =    4.600035E-06

4    3.125000E+00    4.166667E+00
  -2.746058E-01   -1.891011E-02    9.625688E-04    5.338959E-05   -1.253735E-05    1.128323E-06   -1.291988E-01 |    1.128323E-06
   2.605388E-01   -2.241147E-02    3.377888E-04    1.114279E-04   -1.025584E-05    5.054583E-07    3.974255E-01 |    5.054583E-07
  -1.527758E-01    1.778766E-02   -2.660532E-04   -8.704767E-05    6.682698E-06   -2.640923E-07   -1.966580E-01 |    2.640923E-07
   1.008638E-01   -1.268168E-02    2.313114E-04    6.440906E-05   -4.665661E-06    1.659767E-07    1.218937E-01 |    1.659767E-07
max(min|c_i|) =    1.128323E-06

5    4.166667E+00    6.250000E+00
  -1.291988E-01   -3.233712E-02    5.788370E-03   -5.308380E-04    6.993819E-06    5.750407E-06   -2.413068E-02 |    5.750407E-06
   3.974255E-01   -5.223398E-02    7.428446E-03   -1.422997E-04   -6.019675E-05    8.673780E-06    4.126233E-01 |    8.673780E-06
  -1.966580E-01    3.961497E-02   -6.598787E-03    2.917821E-05    5.632303E-05   -6.082307E-06   -8.181750E-02 |    6.082307E-06
   1.218937E-01   -2.539135E-02    5.288403E-03   -1.374264E-05   -4.485833E-05    4.338099E-06    2.497430E-02 |    4.338099E-06
max(min|c_i|) =    8.673780E-06

6    6.250000E+00    8.333333E+00
  -2.413068E-02   -6.824688E-03    1.451082E-03   -1.925376E-04    1.728519E-05   -9.895656E-07   -4.006158E-03 |    9.895656E-07
   4.126233E-01   -8.437230E-03    3.587024E-03   -3.378260E-04    1.090275E-05    6.840945E-07    2.892982E-01 |    6.840945E-07
  -8.181750E-02   -2.024314E-03   -3.668327E-03    3.191048E-04   -3.952345E-06   -1.040267E-06    1.173608E-01 |    1.040267E-06
   2.497430E-02    8.110010E-03    2.922430E-03   -2.718528E-04    1.624789E-06    9.499681E-07   -1.080354E-01 |    9.499681E-07
max(min|c_i|) =    1.040267E-06

7    8.333333E+00    1.041667E+01
  -4.006158E-03   -1.198195E-03    2.716193E-04   -3.971739E-05    4.196055E-06   -3.355861E-07   -6.235308E-04 |    3.355861E-07
   2.892982E-01    6.981294E-03    7.482095E-04   -1.454555E-04    1.026596E-05   -3.399861E-07    1.695795E-01 |    3.399861E-07
   1.173608E-01   -1.768649E-02   -6.359236E-04    1.796077E-04   -1.000802E-05    1.217537E-07    2.605562E-01 |    1.217537E-07
  -1.080354E-01    1.956370E-02    2.331878E-04   -1.660237E-04    8.641284E-06   -2.619009E-08   -1.664187E-01 |    2.619009E-08
max(min|c_i|) =    3.399861E-07

8    1.041667E+01    1.250000E+01
  -6.235308E-04   -1.925762E-04    4.514371E-05   -6.905705E-06    7.769505E-07   -6.822862E-08   -9.316632E-05 |    6.822862E-08
   1.695795E-01    8.247057E-03   -2.214729E-04   -3.403853E-05    4.150036E-06   -2.343453E-07    8.958057E-02 |    2.343453E-07
   2.605562E-01   -1.666717E-02    6.677262E-04    5.168354E-05   -5.796205E-06    2.301925E-07    3.163294E-01 |    2.301925E-07
  -1.664187E-01    1.581900E-02   -9.847083E-04   -4.726043E-05    5.813739E-06   -1.922812E-07   -1.350682E-01 |    1.922812E-07
max(min|c_i|) =    2.343453E-07

9    1.250000E+01    1.666667E+01
  -9.316632E-05   -5.851180E-05    2.627451E-05   -7.984062E-06    1.825751E-06   -3.332935E-07   -1.925835E-06 |    3.332935E-07
   8.958057E-02    1.798323E-02   -2.513959E-03    1.291082E-04    1.272789E-05   -3.279805E-06    2.077373E-02 |    3.279805E-06
   3.163294E-01   -2.890005E-02    6.167157E-03   -3.013883E-04   -3.182733E-05    5.956786E-06    2.595314E-01 |    5.956786E-06
  -1.350682E-01    1.348186E-02   -7.712083E-03    4.565721E-04    3.790756E-05   -6.686517E-06    5.752137E-02 |    6.686517E-06
max(min|c_i|) =    6.686517E-06

10    1.666667E+01    2.500000E+01
  -1.925835E-06   -1.759752E-06    1.307772E-06   -7.130520E-07    3.040927E-07   -1.085136E-07   -7.799952E-10 |    7.799952E-10
   2.077373E-02    1.115342E-02   -4.073219E-03    9.327018E-04   -1.418853E-04    1.280614E-05    7.576032E-04 |    1.280614E-05
   2.595314E-01    2.555346E-02    6.412192E-03   -2.803294E-03    4.201487E-04   -2.235890E-05    7.084500E-02 |    2.235890E-05
   5.752137E-02   -9.201082E-02    8.268596E-04    3.978580E-03   -6.614183E-04    2.579198E-05    2.534349E-01 |    2.579198E-05
max(min|c_i|) =    2.579198E-05

11    2.500000E+01    3.333333E+01
  -7.799952E-10   -7.172689E-10    5.389753E-10   -2.983075E-10    1.294796E-10   -4.723583E-11   -2.894325E-13 |    2.894325E-13
   7.576032E-04    4.422595E-04   -1.816202E-04    4.949846E-05   -9.938686E-06    1.548118E-06    2.133534E-05 |    1.548118E-06
   7.084500E-02    1.850236E-02   -3.065314E-03    1.714648E-04    2.632865E-05   -7.161493E-06    1.171246E-02 |    7.161493E-06
   2.534349E-01   -2.082813E-02    8.960100E-03   -9.017179E-04   -2.474813E-05    1.469796E-05    1.562649E-01 |    1.469796E-05
max(min|c_i|) =    1.469796E-05

12    3.333333E+01    4.166667E+01
  -2.894325E-13   -2.669991E-13    2.017237E-13   -1.124571E-13    4.921646E-14   -1.813691E-14   -1.026281E-16 |    1.026281E-16
   2.133534E-05    1.291914E-05   -5.561640E-06    1.610933E-06   -3.495908E-07    6.029023E-08    5.234429E-07 |    6.029023E-08
   1.171246E-02    3.806422E-03   -8.746515E-04    1.205182E-04   -1.028252E-05    3.885004E-07    1.517453E-03 |    3.885004E-07
   1.562649E-01    1.220298E-02    6.701229E-04   -3.592475E-04    4.198067E-05   -1.924688E-06    5.923428E-02 |    1.924688E-06
max(min|c_i|) =    1.924688E-06

13    4.166667E+01    5.000000E+01
  -1.026281E-16   -9.479520E-17    7.197500E-17   -4.036773E-17    1.766419E-17   -6.709990E-18   -2.958927E-20 |    2.958927E-20
   5.234429E-07    3.235375E-07   -1.428925E-07    4.270912E-08   -9.621877E-09    1.735548E-09    1.178394E-08 |    1.735548E-09
   1.517453E-03    5.451625E-04   -1.408962E-04    2.320006E-05   -2.702917E-06    2.301311E-07    1.699602E-04 |    2.301311E-07
   5.923428E-02    8.831258E-03   -8.884381E-04    7.794813E-06    7.887712E-06   -1.008327E-06    1.747063E-02 |    1.008327E-06
max(min|c_i|) =    1.008327E-06

14    5.000000E+01    6.666667E+01
  -2.958927E-20   -3.646637E-20    3.070293E-20   -4.499812E-20    4.283961E-20    1.058951E-21   -1.076621E-21 |    1.058951E-21
   1.178394E-08    1.068233E-08   -7.836088E-09    4.203353E-09   -1.761441E-09    6.162442E-10    5.513054E-12 |    5.513054E-12
   1.699602E-04    1.196902E-04   -6.097093E-05    2.108497E-05   -5.449573E-06    1.110147E-06    1.637684E-06 |    1.110147E-06
   1.747063E-02    8.050312E-03   -2.451808E-03    4.375111E-04   -4.387951E-05    4.367504E-07    9.982508E-04 |    4.367504E-07
max(min|c_i|) =    1.110147E-06

15    6.666667E+01    1.000000E+02
  -1.076621E-21   -2.074744E-21    9.487463E-22   -2.739765E-21   -2.359246E-22   -7.390172E-22    1.728597E-22 |    1.728597E-22
   5.513054E-12    5.903479E-12   -5.752008E-12    4.606320E-12   -2.894837E-12    1.740219E-12    1.355171E-14 |    1.355171E-14
   1.637684E-06    1.588914E-06   -1.305519E-06    8.095020E-07   -3.950972E-07    1.647680E-07    3.862239E-10 |    3.862239E-10
   9.982508E-04    8.353926E-04   -5.353890E-04    2.394403E-04   -8.042778E-05    2.121944E-05    1.385530E-06 |    1.385530E-06
max(min|c_i|) =    1.385530E-06

16    1.000000E+02    1.100000E+02
   1.728597E-22   -1.159681E-22    1.444295E-22   -1.098335E-23    2.487504E-22   -2.038043E-22 |    1.098335E-23
   1.355171E-14    9.796853E-15   -5.357640E-15    1.964042E-15   -5.689116E-16    1.307928E-16 |    1.307928E-16
   3.862239E-10    1.895216E-10   -7.648912E-11    1.701897E-11   -3.468618E-12    4.621665E-13 |    4.621665E-13
   1.385530E-06    4.272490E-07   -1.414352E-07    1.827020E-08   -3.010228E-09    2.167433E-10 |    2.167433E-10
max(min|c_i|) =    2.167433E-10

----- EIGENVALUES -----
EIGENVALUE n=0 -5.000000000E-01
EIGENVALUE n=1 -1.250000000E-01
EIGENVALUE n=2 -5.555555555E-02
EIGENVALUE n=3 -3.124999999E-02

ALL_EIGENVALUES: | 8 | 101 |  -5.000000000E-01 | -1.250000000E-01 | -5.555555555E-02 | -3.124999999E-02 |

----- DOMAIN EXPANDED -----
RMAX BEFORE:  1.100000000E+02
RMAX AFTER:  1.210000000E+02


========== ADAPTIVE STEP 9 ==========
Number of elements: 18
Degrees of freedom: 107
Domain: [0, 1.210000000E+02]

0    0.000000E+00    5.208333E-01
   1.506533E-01   -1.585500E-02    9.501995E-04   -3.945694E-05    1.249273E-06   -6.187764E-01 |    1.249273E-06
  -5.828286E-02    4.700023E-03   -1.892013E-04    4.927901E-06   -9.380991E-08    2.099294E-01 |    9.380991E-08
  -3.222176E-02    2.471993E-03   -8.691259E-05    1.871111E-06   -2.837040E-08    1.133916E-01 |    2.837040E-08
   2.104109E-02   -1.586203E-03    5.273640E-05   -1.035294E-06    1.390947E-08   -7.345059E-02 |    1.390947E-08
max(min|c_i|) =    1.249273E-06

1    5.208333E-01    1.041667E+00
  -6.187764E-01    6.290478E-02   -7.634027E-03    4.859874E-04   -2.086614E-05    6.749434E-07   -7.351377E-01 |    6.749434E-07
   2.099294E-01   -2.941938E-02    2.869560E-03   -1.241500E-04    3.358821E-06   -6.546580E-08    2.096550E-01 |    6.546580E-08
   1.133916E-01   -1.661995E-02    1.602506E-03   -6.129800E-05    1.378242E-06   -2.145730E-08    1.093427E-01 |    2.145730E-08
  -7.345059E-02    1.092733E-02   -1.051110E-03    3.833014E-05   -7.893447E-07    1.091718E-08   -6.994715E-02 |    1.091718E-08
max(min|c_i|) =    6.749434E-07

2    1.041667E+00    2.083333E+00
  -7.351377E-01    4.687193E-02   -1.879138E-02    2.753711E-03   -2.528340E-04    1.701043E-05   -5.188103E-01 |    1.701043E-05
   2.096550E-01   -2.758816E-02    1.018357E-02   -1.027084E-03    5.965166E-05   -2.422734E-06   -2.165920E-02 |    2.422734E-06
   1.093427E-01   -1.416390E-02    6.187297E-03   -5.649322E-04    2.750619E-05   -8.961929E-07   -2.698289E-02 |    8.961929E-07
  -6.994715E-02    8.929031E-03   -4.173301E-03    3.691823E-04   -1.658623E-05    4.820367E-07    2.074767E-02 |    4.820367E-07
max(min|c_i|) =    1.701043E-05

3    2.083333E+00    3.125000E+00
  -5.188103E-01   -1.852527E-02   -1.951492E-03    5.614968E-04   -6.237316E-05    4.600035E-06   -2.746058E-01 |    4.600035E-06
  -2.165920E-02    1.648650E-02    2.349989E-03   -3.816837E-04    2.578703E-05   -1.130318E-06   -2.605388E-01 |    1.130318E-06
  -2.698289E-02    1.374945E-02    1.592634E-03   -2.455235E-04    1.402152E-05   -4.946428E-07   -1.527758E-01 |    4.946428E-07
   2.074767E-02   -1.008314E-02   -1.092443E-03    1.704250E-04   -9.079634E-06    2.871810E-07    1.008638E-01 |    2.871810E-07
max(min|c_i|) =    4.600035E-06

4    3.125000E+00    4.166667E+00
  -2.746058E-01   -1.891011E-02    9.625688E-04    5.338959E-05   -1.253735E-05    1.128323E-06   -1.291988E-01 |    1.128323E-06
  -2.605388E-01    2.241147E-02   -3.377888E-04   -1.114279E-04    1.025584E-05   -5.054583E-07   -3.974255E-01 |    5.054583E-07
  -1.527758E-01    1.778766E-02   -2.660532E-04   -8.704767E-05    6.682698E-06   -2.640923E-07   -1.966580E-01 |    2.640923E-07
   1.008638E-01   -1.268168E-02    2.313114E-04    6.440906E-05   -4.665661E-06    1.659767E-07    1.218937E-01 |    1.659767E-07
max(min|c_i|) =    1.128323E-06

5    4.166667E+00    6.250000E+00
  -1.291988E-01   -3.233712E-02    5.788370E-03   -5.308380E-04    6.993819E-06    5.750407E-06   -2.413068E-02 |    5.750407E-06
  -3.974255E-01    5.223398E-02   -7.428446E-03    1.422997E-04    6.019675E-05   -8.673780E-06   -4.126233E-01 |    8.673780E-06
  -1.966580E-01    3.961497E-02   -6.598787E-03    2.917821E-05    5.632303E-05   -6.082307E-06   -8.181750E-02 |    6.082307E-06
   1.218937E-01   -2.539135E-02    5.288403E-03   -1.374264E-05   -4.485833E-05    4.338099E-06    2.497430E-02 |    4.338099E-06
max(min|c_i|) =    8.673780E-06

6    6.250000E+00    8.333333E+00
  -2.413068E-02   -6.824688E-03    1.451082E-03   -1.925376E-04    1.728519E-05   -9.895656E-07   -4.006158E-03 |    9.895656E-07
  -4.126233E-01    8.437230E-03   -3.587024E-03    3.378260E-04   -1.090275E-05   -6.840946E-07   -2.892982E-01 |    6.840946E-07
  -8.181750E-02   -2.024314E-03   -3.668327E-03    3.191048E-04   -3.952345E-06   -1.040267E-06    1.173608E-01 |    1.040267E-06
   2.497430E-02    8.110010E-03    2.922430E-03   -2.718528E-04    1.624789E-06    9.499681E-07   -1.080354E-01 |    9.499681E-07
max(min|c_i|) =    1.040267E-06

7    8.333333E+00    1.041667E+01
  -4.006158E-03   -1.198195E-03    2.716193E-04   -3.971739E-05    4.196055E-06   -3.355861E-07   -6.235308E-04 |    3.355861E-07
  -2.892982E-01   -6.981294E-03   -7.482095E-04    1.454555E-04   -1.026596E-05    3.399861E-07   -1.695795E-01 |    3.399861E-07
   1.173608E-01   -1.768649E-02   -6.359236E-04    1.796077E-04   -1.000802E-05    1.217537E-07    2.605562E-01 |    1.217537E-07
  -1.080354E-01    1.956370E-02    2.331878E-04   -1.660237E-04    8.641284E-06   -2.619009E-08   -1.664187E-01 |    2.619009E-08
max(min|c_i|) =    3.399861E-07

8    1.041667E+01    1.250000E+01
  -6.235308E-04   -1.925762E-04    4.514371E-05   -6.905705E-06    7.769505E-07   -6.822862E-08   -9.316632E-05 |    6.822862E-08
  -1.695795E-01   -8.247057E-03    2.214729E-04    3.403853E-05   -4.150036E-06    2.343453E-07   -8.958057E-02 |    2.343453E-07
   2.605562E-01   -1.666717E-02    6.677262E-04    5.168354E-05   -5.796205E-06    2.301925E-07    3.163294E-01 |    2.301925E-07
  -1.664187E-01    1.581900E-02   -9.847083E-04   -4.726043E-05    5.813739E-06   -1.922812E-07   -1.350682E-01 |    1.922812E-07
max(min|c_i|) =    2.343453E-07

9    1.250000E+01    1.666667E+01
  -9.316632E-05   -5.851180E-05    2.627451E-05   -7.984062E-06    1.825751E-06   -3.332935E-07   -1.925835E-06 |    3.332935E-07
  -8.958057E-02   -1.798323E-02    2.513959E-03   -1.291082E-04   -1.272789E-05    3.279805E-06   -2.077373E-02 |    3.279805E-06
   3.163294E-01   -2.890005E-02    6.167157E-03   -3.013883E-04   -3.182733E-05    5.956786E-06    2.595314E-01 |    5.956786E-06
  -1.350682E-01    1.348186E-02   -7.712083E-03    4.565721E-04    3.790756E-05   -6.686517E-06    5.752137E-02 |    6.686517E-06
max(min|c_i|) =    6.686517E-06

10    1.666667E+01    2.500000E+01
  -1.925835E-06   -1.759752E-06    1.307772E-06   -7.130520E-07    3.040927E-07   -1.085136E-07   -7.799952E-10 |    7.799952E-10
  -2.077373E-02   -1.115342E-02    4.073219E-03   -9.327018E-04    1.418853E-04   -1.280614E-05   -7.576032E-04 |    1.280614E-05
   2.595314E-01    2.555346E-02    6.412192E-03   -2.803294E-03    4.201487E-04   -2.235890E-05    7.084500E-02 |    2.235890E-05
   5.752137E-02   -9.201082E-02    8.268596E-04    3.978580E-03   -6.614183E-04    2.579198E-05    2.534349E-01 |    2.579198E-05
max(min|c_i|) =    2.579198E-05

11    2.500000E+01    3.333333E+01
  -7.799952E-10   -7.172689E-10    5.389753E-10   -2.983075E-10    1.294796E-10   -4.723583E-11   -2.894327E-13 |    2.894327E-13
  -7.576032E-04   -4.422595E-04    1.816202E-04   -4.949846E-05    9.938686E-06   -1.548118E-06   -2.133534E-05 |    1.548118E-06
   7.084500E-02    1.850236E-02   -3.065314E-03    1.714648E-04    2.632865E-05   -7.161493E-06    1.171246E-02 |    7.161493E-06
   2.534349E-01   -2.082813E-02    8.960100E-03   -9.017179E-04   -2.474813E-05    1.469796E-05    1.562649E-01 |    1.469796E-05
max(min|c_i|) =    1.469796E-05

12    3.333333E+01    4.166667E+01
  -2.894327E-13   -2.669988E-13    2.017235E-13   -1.124577E-13    4.921670E-14   -1.813716E-14   -1.026084E-16 |    1.026084E-16
  -2.133534E-05   -1.291914E-05    5.561640E-06   -1.610933E-06    3.495908E-07   -6.029023E-08   -5.234429E-07 |    6.029023E-08
   1.171246E-02    3.806422E-03   -8.746515E-04    1.205182E-04   -1.028252E-05    3.885004E-07    1.517453E-03 |    3.885004E-07
   1.562649E-01    1.220298E-02    6.701229E-04   -3.592475E-04    4.198067E-05   -1.924688E-06    5.923428E-02 |    1.924688E-06
max(min|c_i|) =    1.924688E-06

13    4.166667E+01    5.000000E+01
  -1.026084E-16   -9.477241E-17    7.179645E-17   -4.003188E-17    1.768425E-17   -6.525616E-18   -3.943941E-20 |    3.943941E-20
  -5.234429E-07   -3.235375E-07    1.428925E-07   -4.270911E-08    9.621877E-09   -1.735548E-09   -1.178394E-08 |    1.735548E-09
   1.517453E-03    5.451625E-04   -1.408962E-04    2.320006E-05   -2.702917E-06    2.301311E-07    1.699602E-04 |    2.301311E-07
   5.923428E-02    8.831258E-03   -8.884381E-04    7.794813E-06    7.887712E-06   -1.008327E-06    1.747063E-02 |    1.008327E-06
max(min|c_i|) =    1.008327E-06

14    5.000000E+01    6.666667E+01
  -3.943941E-20   -7.173097E-20    4.843654E-20   -2.957550E-20    3.174343E-20   -1.575471E-20   -6.010003E-22 |    6.010003E-22
  -1.178394E-08   -1.068233E-08    7.836088E-09   -4.203353E-09    1.761441E-09   -6.162443E-10   -5.513052E-12 |    5.513052E-12
   1.699602E-04    1.196902E-04   -6.097093E-05    2.108497E-05   -5.449573E-06    1.110147E-06    1.637684E-06 |    1.110147E-06
   1.747063E-02    8.050312E-03   -2.451808E-03    4.375111E-04   -4.387950E-05    4.367505E-07    9.982509E-04 |    4.367505E-07
max(min|c_i|) =    1.110147E-06

15    6.666667E+01    1.000000E+02
  -6.010003E-22   -1.061105E-22    1.919065E-22   -2.001276E-21    1.150941E-21   -1.235504E-21   -1.236370E-22 |    1.061105E-22
  -5.513052E-12   -5.903476E-12    5.752009E-12   -4.606319E-12    2.894841E-12   -1.740222E-12   -1.355194E-14 |    1.355194E-14
   1.637684E-06    1.588915E-06   -1.305518E-06    8.095025E-07   -3.950970E-07    1.647681E-07    3.871195E-10 |    3.871195E-10
   9.982509E-04    8.354112E-04   -5.353762E-04    2.394467E-04   -8.042529E-05    2.122025E-05    1.407137E-06 |    1.407137E-06
max(min|c_i|) =    1.407137E-06

16    1.000000E+02    1.100000E+02
  -1.236370E-22    2.948714E-22    4.018263E-22    3.719999E-22    1.122775E-22   -4.732683E-23    2.159383E-23 |    2.159383E-23
  -1.355194E-14   -9.864097E-15    5.322386E-15   -1.968645E-15    5.721988E-16   -1.109001E-16   -1.090591E-16 |    1.090591E-16
   3.871195E-10    1.990791E-10   -7.295155E-11    1.790130E-11   -3.302290E-12    4.864982E-13    1.851955E-11 |    4.864982E-13
   1.407137E-06    4.872846E-07   -1.255260E-07    2.108914E-08   -2.632988E-09    2.574148E-10    1.717489E-07 |    2.574148E-10
max(min|c_i|) =    2.574148E-10

17    1.100000E+02    1.210000E+02
   2.159383E-23    1.233825E-22   -3.436673E-22   -6.338187E-23   -2.316886E-22    5.274076E-23 |    2.159383E-23
  -1.090591E-16   -7.510935E-17    3.379190E-17   -1.598510E-17   -6.620878E-18    5.353698E-18 |    5.353698E-18
   1.851955E-11    1.009688E-11   -4.347597E-12    1.098090E-12   -2.403905E-13    3.637212E-14 |    3.637212E-14
   1.717489E-07    6.188049E-08   -2.160440E-08    3.340520E-09   -5.807201E-10    5.153405E-11 |    5.153405E-11
max(min|c_i|) =    5.153405E-11

----- EIGENVALUES -----
EIGENVALUE n=0 -5.000000000E-01
EIGENVALUE n=1 -1.250000000E-01
EIGENVALUE n=2 -5.555555555E-02
EIGENVALUE n=3 -3.124999999E-02

ALL_EIGENVALUES: | 9 | 107 |  -5.000000000E-01 | -1.250000000E-01 | -5.555555555E-02 | -3.124999999E-02 |

DATETIME: 08 Sep 2026 11:43:38

=== END OF LOG FILE ===
