===============================================================================
 EEEEE I   GGG  EEEEE N   N RRRR   AAA  DDDD         Zbigniew Romanowski       
 E     I  G     E     NN  N R   R A   A D   D                                  
 EEE   I  G  GG EEE   N N N RRRR  AAAAA D   D        romz@wp.pl                
 E     I  G   G E     N  NN R  R  A   A D   D                                  
 EEEEE I   GGG  EEEEE N   N R   R A   A DDDD         https://github.com/romz-pl
===============================================================================



DATETIME: 03 Sep 2026 21:33:20



========== ADAPTIVE STEP 0 ==========
Number of elements: 3
Degrees of freedom: 17
Domain: [0, 1.400000000E+02]

0    0.000000E+00    4.666667E+01
   2.316390E-01   -4.071894E-01    1.636415E-01    1.799163E-01   -3.489573E-01   -2.224693E-03 |    2.224693E-03
  -1.606533E-01   -2.683158E-01    4.052049E-01    4.718775E-02   -3.532492E-01    2.991457E-02 |    2.991457E-02
   1.113767E-01   -6.280023E-02   -3.895475E-01    6.870705E-02    2.960031E-01    1.910494E-01 |    6.280023E-02
   8.660052E-02    1.669145E-01    2.717386E-01   -1.175547E-01   -2.359781E-01    2.146965E-02 |    2.146965E-02
max(min|c_i|) =    6.280023E-02

1    4.666667E+01    9.333333E+01
  -2.224693E-03   -2.285209E-03    2.073509E-03   -1.476633E-03    8.274341E-04   -4.114966E-04   -1.884425E-06 |    1.884425E-06
   2.991457E-02    2.638924E-02   -1.805828E-02    8.429658E-03   -2.746584E-03    5.655013E-04    9.067580E-06 |    9.067580E-06
   1.910494E-01    9.821253E-02   -9.884826E-03   -1.858513E-02    1.173037E-02   -3.354851E-03    2.171873E-03 |    2.171873E-03
   2.146965E-02   -2.149984E-01    1.320600E-01   -4.385571E-03   -2.085102E-02    8.518052E-03    4.546465E-02 |    4.385571E-03
max(min|c_i|) =    4.385571E-03

2    9.333333E+01    1.400000E+02
  -1.884425E-06   -1.971399E-06    1.858317E-06   -1.397281E-06    8.350295E-07   -4.572535E-07 |    4.572535E-07
   9.067580E-06    8.676143E-06   -6.957465E-06    4.164804E-06   -1.953926E-06    7.728101E-07 |    7.728101E-07
   2.171873E-03    1.799685E-03   -1.136516E-03    4.914367E-04   -1.580791E-04    3.835646E-05 |    3.835646E-05
   4.546465E-02    2.783889E-02   -1.125308E-02    2.060656E-03   -4.186079E-05   -1.283411E-04 |    4.186079E-05
max(min|c_i|) =    4.186079E-05

----- EIGENVALUES -----
EIGENVALUE n=0 -5.313502897E-02
EIGENVALUE n=1 -2.882835320E-02
EIGENVALUE n=2 -1.809346878E-02
EIGENVALUE n=3 -1.247741113E-02

ALL_EIGENVALUES: | 0 | 17 |  -5.313502897E-02 | -2.882835320E-02 | -1.809346878E-02 | -1.247741113E-02 |

----- ELEMENTS TO SPLIT -----
0


========== ADAPTIVE STEP 1 ==========
Number of elements: 4
Degrees of freedom: 23
Domain: [0, 1.400000000E+02]

0    0.000000E+00    2.333333E+01
   3.795247E-01   -1.422752E-01   -2.010837E-01    1.858859E-01   -2.936189E-02   -4.907619E-02 |    2.936189E-02
   2.075054E-01   -3.337004E-01   -1.282264E-01    2.071430E-01   -3.849386E-02    2.470783E-01 |    3.849386E-02
   1.443195E-02    3.293580E-01    4.533179E-02   -1.875206E-01    4.133839E-02   -3.110196E-02 |    1.443195E-02
   5.943624E-02    2.618750E-01    2.239336E-05   -1.587973E-01    4.006123E-02    2.776091E-02 |    2.239336E-05
max(min|c_i|) =    3.849386E-02

1    2.333333E+01    4.666667E+01
  -4.907619E-02   -3.712768E-02    1.986105E-02   -6.661075E-03    1.358580E-03   -7.862206E-05   -1.679213E-04 |    7.862206E-05
   2.470783E-01    5.576729E-02    2.632393E-02   -2.137757E-02    5.889355E-03   -5.297566E-04    1.840459E-02 |    5.297566E-04
  -3.110196E-02   -2.309580E-01    3.293923E-02    2.799312E-02   -1.180609E-02    1.374915E-03    1.512359E-01 |    1.374915E-03
   2.776091E-02   -2.174386E-01    1.074891E-01    1.854512E-02   -1.591121E-02    2.364146E-03   -1.191598E-01 |    2.364146E-03
max(min|c_i|) =    2.364146E-03

2    4.666667E+01    9.333333E+01
  -1.679213E-04   -1.734844E-04    1.590239E-04   -1.150574E-04    6.552965E-05   -3.340033E-05   -1.655660E-07 |    1.655660E-07
   1.840459E-02    1.672258E-02   -1.209826E-02    6.154180E-03   -2.284800E-03    6.122231E-04    3.581740E-06 |    3.581740E-06
   1.512359E-01    9.674814E-02   -3.169477E-02   -2.219470E-03    6.390139E-03   -2.916468E-03    8.013260E-04 |    8.013260E-04
  -1.191598E-01    1.008516E-01   -1.250431E-01    4.093201E-02    2.161867E-03   -5.736717E-03   -2.229523E-02 |    2.161867E-03
max(min|c_i|) =    2.161867E-03

3    9.333333E+01    1.400000E+02
  -1.655660E-07   -1.739184E-07    1.651753E-07   -1.255986E-07    7.588580E-08   -4.225441E-08 |    4.225441E-08
   3.581740E-06    3.477402E-06   -2.861617E-06    1.774463E-06   -8.656639E-07    3.596573E-07 |    3.596573E-07
   8.013260E-04    6.905730E-04   -4.641052E-04    2.187989E-04   -7.806474E-05    2.185718E-05 |    2.185718E-05
  -2.229523E-02   -1.537555E-02    7.390896E-03   -2.053505E-03    3.436755E-04    2.647094E-07 |    2.647094E-07
max(min|c_i|) =    2.185718E-05

----- EIGENVALUES -----
EIGENVALUE n=0 -5.532090306E-02
EIGENVALUE n=1 -3.104551696E-02
EIGENVALUE n=2 -1.985394256E-02
EIGENVALUE n=3 -1.378770352E-02

ALL_EIGENVALUES: | 1 | 23 |  -5.532090306E-02 | -3.104551696E-02 | -1.985394256E-02 | -1.378770352E-02 |

----- ELEMENTS TO SPLIT -----
0
1


========== ADAPTIVE STEP 2 ==========
Number of elements: 6
Degrees of freedom: 35
Domain: [0, 1.400000000E+02]

0    0.000000E+00    1.166667E+01
   1.416397E-01    1.581366E-01   -8.458796E-02   -9.556563E-03    2.315439E-02   -2.931393E-01 |    9.556563E-03
   2.184473E-01    1.167451E-01   -8.923936E-02   -7.413748E-03    2.093645E-02   -1.695609E-02 |    7.413748E-03
   1.812080E-01    7.532803E-02   -7.867543E-02   -4.964055E-03    1.736709E-02    3.029379E-02 |    4.964055E-03
  -1.448639E-01   -5.174516E-02    6.632357E-02    3.350544E-03   -1.430205E-02   -3.739265E-02 |    3.350544E-03
max(min|c_i|) =    9.556563E-03

1    1.166667E+01    2.333333E+01
  -2.931393E-01   -4.384483E-02   -1.590693E-02    9.170087E-03   -1.773441E-03    8.604313E-05   -4.804070E-02 |    8.604313E-05
  -1.695609E-02   -1.604260E-01   -2.002312E-03    1.447899E-02   -3.029509E-03    8.292758E-05    2.455563E-01 |    8.292758E-05
   3.029379E-02   -1.859589E-01    2.215602E-02    1.484453E-02   -3.724185E-03    9.326159E-05    2.395165E-02 |    9.326159E-05
  -3.739265E-02    1.466208E-01   -3.553593E-02   -1.257912E-02    3.885627E-03   -1.114955E-04    3.461592E-02 |    1.114955E-04
max(min|c_i|) =    1.114955E-04

2    2.333333E+01    3.500000E+01
  -4.804070E-02   -2.030618E-02    5.483568E-03   -7.726864E-04    2.765655E-05    1.251813E-05   -3.320715E-03 |    1.251813E-05
   2.455563E-01   -2.368916E-03    1.331866E-02   -2.969002E-03    1.954935E-04    2.884170E-05    9.109625E-02 |    2.884170E-05
   2.395165E-02    6.988826E-02    1.019860E-02   -5.121318E-03    4.751291E-04    3.682579E-05   -2.092930E-01 |    3.682579E-05
   3.461592E-02   -1.044948E-01    1.387343E-03    5.847260E-03   -7.412327E-04   -3.261112E-05    8.636723E-02 |    3.261112E-05
max(min|c_i|) =    3.682579E-05

3    3.500000E+01    4.666667E+01
  -3.320715E-03   -1.658121E-03    5.710310E-04   -1.258231E-04    1.947452E-05   -2.148219E-06   -1.610329E-04 |    2.148219E-06
   9.109625E-02    1.981415E-02   -2.248145E-03   -1.192291E-04    6.924095E-05   -9.927704E-06    1.762339E-02 |    9.927704E-06
  -2.092930E-01    3.103013E-02   -9.611221E-03    5.954348E-04    1.012785E-04   -2.176035E-05   -1.480378E-01 |    2.176035E-05
   8.636723E-02    7.659452E-03    1.343729E-02   -1.807316E-03   -6.807707E-05    3.226629E-05   -1.248424E-01 |    3.226629E-05
max(min|c_i|) =    3.226629E-05

4    4.666667E+01    9.333333E+01
  -1.610329E-04   -1.664603E-04    1.527348E-04   -1.106769E-04    6.313300E-05   -3.225539E-05   -1.611312E-07 |    1.611312E-07
   1.762339E-02    1.604932E-02   -1.166090E-02    5.970189E-03   -2.237089E-03    6.093013E-04    3.329752E-06 |    3.329752E-06
  -1.480378E-01   -9.584828E-02    3.258157E-02    1.262500E-03   -5.987060E-03    2.841123E-03   -7.411285E-04 |    7.411285E-04
  -1.248424E-01    9.254716E-02   -1.224072E-01    4.223839E-02    9.930725E-04   -5.415717E-03   -2.112360E-02 |    9.930725E-04
max(min|c_i|) =    9.930725E-04

5    9.333333E+01    1.400000E+02
  -1.611312E-07   -1.693274E-07    1.609323E-07   -1.225065E-07    7.409622E-08   -4.132550E-08 |    4.132550E-08
   3.329752E-06    3.236549E-06   -2.669002E-06    1.659780E-06   -8.122800E-07    3.388343E-07 |    3.388343E-07
  -7.411285E-04   -6.404162E-04    4.322696E-04   -2.050051E-04    7.365824E-05   -2.081547E-05 |    2.081547E-05
  -2.112360E-02   -1.466814E-02    7.121332E-03   -2.017115E-03    3.504232E-04   -5.471037E-06 |    5.471037E-06
max(min|c_i|) =    2.081547E-05

----- EIGENVALUES -----
EIGENVALUE n=0 -5.554289429E-02
EIGENVALUE n=1 -3.124168056E-02
EIGENVALUE n=2 -1.999484793E-02
EIGENVALUE n=3 -1.388551304E-02

ALL_EIGENVALUES: | 2 | 35 |  -5.554289429E-02 | -3.124168056E-02 | -1.999484793E-02 | -1.388551304E-02 |

----- ELEMENTS TO SPLIT -----
0


========== ADAPTIVE STEP 3 ==========
Number of elements: 7
Degrees of freedom: 41
Domain: [0, 1.400000000E+02]

0    0.000000E+00    5.833333E+00
  -6.887977E-02    4.829480E-02    6.475493E-03   -7.170695E-03    2.112916E-03   -2.560368E-01 |    2.112916E-03
   3.055282E-02   -4.535603E-02   -4.823521E-03    6.135507E-03   -1.663526E-03    1.658090E-01 |    1.663526E-03
   1.615306E-02   -3.704625E-02   -3.443617E-03    4.932943E-03   -1.286752E-03    1.164559E-01 |    1.286752E-03
  -9.780838E-03    3.005310E-02    2.569460E-03   -3.987879E-03    1.019351E-03   -8.736844E-02 |    1.019351E-03
max(min|c_i|) =    2.112916E-03

1    5.833333E+00    1.166667E+01
  -2.560368E-01    8.472323E-02   -1.128503E-02   -1.863250E-03    6.319308E-04   -6.610261E-05   -2.930435E-01 |    6.610261E-05
   1.658090E-01   -8.258548E-02    1.769908E-02    1.875926E-03   -7.210010E-04    6.250220E-05    1.667993E-02 |    6.250220E-05
   1.164559E-01   -5.655663E-02    1.859976E-02    1.434798E-03   -6.765045E-04    5.417103E-05   -3.053841E-02 |    5.417103E-05
  -8.736844E-02    3.994762E-02   -1.686188E-02   -1.043812E-03    5.962400E-04   -4.633769E-05    3.758975E-02 |    4.633769E-05
max(min|c_i|) =    6.610261E-05

2    1.166667E+01    2.333333E+01
  -2.930435E-01   -4.390894E-02   -1.586899E-02    9.163458E-03   -1.773860E-03    8.644750E-05   -4.798439E-02 |    8.644750E-05
   1.667993E-02    1.605043E-01    1.909291E-03   -1.446382E-02    3.031573E-03   -8.397868E-05   -2.455034E-01 |    8.397868E-05
  -3.053841E-02    1.859423E-01   -2.227970E-02   -1.482032E-02    3.727110E-03   -9.472313E-05   -2.369153E-02 |    9.472313E-05
   3.758975E-02   -1.465140E-01    3.565798E-02    1.254898E-02   -3.888535E-03    1.131225E-04   -3.484467E-02 |    1.131225E-04
max(min|c_i|) =    1.131225E-04

3    2.333333E+01    3.500000E+01
  -4.798439E-02   -2.028822E-02    5.480783E-03   -7.728702E-04    2.781358E-05    1.248588E-05   -3.314746E-03 |    1.248588E-05
  -2.455034E-01    2.293835E-03   -1.330049E-02    2.968985E-03   -1.961142E-04   -2.872728E-05   -9.099338E-02 |    2.872728E-05
  -2.369153E-02   -6.998398E-02   -1.015501E-02    5.119274E-03   -4.762435E-04   -3.661462E-05    2.093490E-01 |    3.661462E-05
  -3.484467E-02    1.045321E-01   -1.448396E-03   -5.841760E-03    7.425903E-04    3.232061E-05   -8.619489E-02 |    3.232061E-05
max(min|c_i|) =    3.661462E-05

4    3.500000E+01    4.666667E+01
  -3.314746E-03   -1.655448E-03    5.702261E-04   -1.256769E-04    1.945810E-05   -2.147421E-06   -1.606530E-04 |    2.147421E-06
  -9.099338E-02   -1.980622E-02    2.250733E-03    1.183040E-04   -6.912191E-05    9.922970E-06   -1.759204E-02 |    9.922970E-06
   2.093490E-01   -3.096878E-02    9.609944E-03   -5.975501E-04   -1.009322E-04    2.174595E-05    1.479265E-01 |    2.174595E-05
  -8.619489E-02   -7.771407E-03   -1.342279E-02    1.809898E-03    6.745003E-05   -3.223510E-05    1.250315E-01 |    3.223510E-05
max(min|c_i|) =    3.223510E-05

5    4.666667E+01    9.333333E+01
  -1.606530E-04   -1.660729E-04    1.523878E-04   -1.104350E-04    6.300059E-05   -3.219208E-05   -1.608854E-07 |    1.608854E-07
  -1.759204E-02   -1.602230E-02    1.164335E-02   -5.962816E-03    2.235187E-03   -6.091939E-04   -3.319803E-06 |    3.319803E-06
   1.479265E-01    9.581722E-02   -3.261305E-02   -1.228613E-03    5.972727E-03   -2.838411E-03    7.390511E-04 |    7.390511E-04
   1.250315E-01   -9.227226E-02    1.223179E-01   -4.228012E-02   -9.546301E-04    5.404946E-03    2.108572E-02 |    9.546301E-04
max(min|c_i|) =    9.546301E-04

6    9.333333E+01    1.400000E+02
  -1.608854E-07   -1.690729E-07    1.606970E-07   -1.223350E-07    7.399694E-08   -4.127396E-08 |    4.127396E-08
  -3.319803E-06   -3.227037E-06    2.661393E-06   -1.655247E-06    8.101696E-07   -3.380109E-07 |    3.380109E-07
   7.390511E-04    6.386830E-04   -4.311673E-04    2.045261E-04   -7.350470E-05    2.077900E-05 |    2.077900E-05
   2.108572E-02    1.464517E-02   -7.112519E-03    2.015890E-03   -3.506305E-04    5.655910E-06 |    5.655910E-06
max(min|c_i|) =    2.077900E-05

----- EIGENVALUES -----
EIGENVALUE n=0 -5.555552283E-02
EIGENVALUE n=1 -3.124998346E-02
EIGENVALUE n=2 -1.999997941E-02
EIGENVALUE n=3 -1.388879846E-02

ALL_EIGENVALUES: | 3 | 41 |  -5.555552283E-02 | -3.124998346E-02 | -1.999997941E-02 | -1.388879846E-02 |

----- ELEMENTS TO SPLIT -----
0


========== ADAPTIVE STEP 4 ==========
Number of elements: 8
Degrees of freedom: 47
Domain: [0, 1.400000000E+02]

0    0.000000E+00    2.916667E+00
  -3.985012E-02    5.171079E-04    3.067124E-03   -6.567211E-04    7.626425E-05   -8.461435E-02 |    7.626425E-05
  -2.914167E-02    1.208690E-03    2.518874E-03   -5.222907E-04    5.499819E-05   -6.329748E-02 |    5.499819E-05
  -2.172616E-02    1.203640E-03    1.976650E-03   -4.058606E-04    4.060357E-05   -4.771024E-02 |    4.060357E-05
   1.685384E-02   -1.064696E-03   -1.575745E-03    3.222179E-04   -3.130101E-05    3.723622E-02 |    3.130101E-05
max(min|c_i|) =    7.626425E-05

1    2.916667E+00    5.833333E+00
  -8.461435E-02    8.414396E-03    5.734042E-03   -6.486606E-04   -1.407769E-05    8.499118E-06   -2.560373E-01 |    8.499118E-06
  -6.329748E-02    1.606750E-02    5.119799E-03   -6.367345E-04   -1.769984E-05    8.013636E-06   -1.658092E-01 |    8.013636E-06
  -4.771024E-02    1.518621E-02    4.019038E-03   -5.518146E-04   -1.596296E-05    6.764343E-06   -1.164560E-01 |    6.764343E-06
   3.723622E-02   -1.308886E-02   -3.178979E-03    4.645985E-04    1.350115E-05   -5.623665E-06    8.736849E-02 |    5.623665E-06
max(min|c_i|) =    8.499118E-06

2    5.833333E+00    1.166667E+01
  -2.560373E-01    8.472312E-02   -1.128506E-02   -1.863242E-03    6.319309E-04   -6.610290E-05   -2.930433E-01 |    6.610290E-05
  -1.658092E-01    8.258532E-02   -1.769913E-02   -1.875914E-03    7.210012E-04   -6.250252E-05   -1.667941E-02 |    6.250252E-05
  -1.164560E-01    5.655645E-02   -1.859980E-02   -1.434786E-03    6.765046E-04   -5.417133E-05    3.053880E-02 |    5.417133E-05
   8.736849E-02   -3.994745E-02    1.686191E-02    1.043801E-03   -5.962400E-04    4.633794E-05   -3.759003E-02 |    4.633794E-05
max(min|c_i|) =    6.610290E-05

3    1.166667E+01    2.333333E+01
  -2.930433E-01   -4.390911E-02   -1.586889E-02    9.163442E-03   -1.773862E-03    8.644856E-05   -4.798425E-02 |    8.644856E-05
  -1.667941E-02   -1.605044E-01   -1.909114E-03    1.446379E-02   -3.031577E-03    8.398069E-05    2.455033E-01 |    8.398069E-05
   3.053880E-02   -1.859423E-01    2.227990E-02    1.482028E-02   -3.727115E-03    9.472548E-05    2.369111E-02 |    9.472548E-05
  -3.759003E-02    1.465139E-01   -3.565816E-02   -1.254894E-02    3.888539E-03   -1.131249E-04    3.484501E-02 |    1.131249E-04
max(min|c_i|) =    1.131249E-04

4    2.333333E+01    3.500000E+01
  -4.798425E-02   -2.028817E-02    5.480776E-03   -7.728708E-04    2.781399E-05    1.248580E-05   -3.314731E-03 |    1.248580E-05
   2.455033E-01   -2.293693E-03    1.330046E-02   -2.968986E-03    1.961154E-04    2.872706E-05    9.099320E-02 |    2.872706E-05
   2.369111E-02    6.998414E-02    1.015494E-02   -5.119271E-03    4.762453E-04    3.661428E-05   -2.093491E-01 |    3.661428E-05
   3.484501E-02   -1.045321E-01    1.448485E-03    5.841752E-03   -7.425922E-04   -3.232020E-05    8.619465E-02 |    3.232020E-05
max(min|c_i|) =    3.661428E-05

5    3.500000E+01    4.666667E+01
  -3.314731E-03   -1.655441E-03    5.702241E-04   -1.256766E-04    1.945806E-05   -2.147420E-06   -1.606521E-04 |    2.147420E-06
   9.099320E-02    1.980621E-02   -2.250738E-03   -1.183023E-04    6.912169E-05   -9.922962E-06    1.759198E-02 |    9.922962E-06
  -2.093491E-01    3.096868E-02   -9.609943E-03    5.975535E-04    1.009316E-04   -2.174593E-05   -1.479263E-01 |    2.174593E-05
   8.619465E-02    7.771569E-03    1.342276E-02   -1.809902E-03   -6.744913E-05    3.223505E-05   -1.250317E-01 |    3.223505E-05
max(min|c_i|) =    3.223505E-05

6    4.666667E+01    9.333333E+01
  -1.606521E-04   -1.660720E-04    1.523869E-04   -1.104344E-04    6.300026E-05   -3.219192E-05   -1.608848E-07 |    1.608848E-07
   1.759198E-02    1.602225E-02   -1.164332E-02    5.962802E-03   -2.235184E-03    6.091938E-04    3.319785E-06 |    3.319785E-06
  -1.479263E-01   -9.581718E-02    3.261310E-02    1.228559E-03   -5.972705E-03    2.838407E-03   -7.390478E-04 |    7.390478E-04
  -1.250317E-01    9.227186E-02   -1.223178E-01    4.228018E-02    9.545746E-04   -5.404930E-03   -2.108567E-02 |    9.545746E-04
max(min|c_i|) =    9.545746E-04

7    9.333333E+01    1.400000E+02
  -1.608848E-07   -1.690723E-07    1.606965E-07   -1.223346E-07    7.399670E-08   -4.127383E-08 |    4.127383E-08
   3.319785E-06    3.227020E-06   -2.661379E-06    1.655239E-06   -8.101657E-07    3.380094E-07 |    3.380094E-07
  -7.390478E-04   -6.386802E-04    4.311655E-04   -2.045254E-04    7.350446E-05   -2.077894E-05 |    2.077894E-05
  -2.108567E-02   -1.464514E-02    7.112507E-03   -2.015889E-03    3.506308E-04   -5.656177E-06 |    5.656177E-06
max(min|c_i|) =    2.077894E-05

----- EIGENVALUES -----
EIGENVALUE n=0 -5.555555539E-02
EIGENVALUE n=1 -3.124999925E-02
EIGENVALUE n=2 -1.999998764E-02
EIGENVALUE n=3 -1.388880321E-02

ALL_EIGENVALUES: | 4 | 47 |  -5.555555539E-02 | -3.124999925E-02 | -1.999998764E-02 | -1.388880321E-02 |

----- ELEMENTS TO SPLIT -----
3
6


========== ADAPTIVE STEP 5 ==========
Number of elements: 10
Degrees of freedom: 59
Domain: [0, 1.400000000E+02]

0    0.000000E+00    2.916667E+00
   3.985012E-02   -5.171079E-04   -3.067124E-03    6.567210E-04   -7.626425E-05    8.461434E-02 |    7.626425E-05
  -2.914167E-02    1.208690E-03    2.518874E-03   -5.222906E-04    5.499818E-05   -6.329747E-02 |    5.499818E-05
  -2.172618E-02    1.203640E-03    1.976652E-03   -4.058609E-04    4.060360E-05   -4.771028E-02 |    4.060360E-05
  -1.685381E-02    1.064693E-03    1.575742E-03   -3.222173E-04    3.130097E-05   -3.723616E-02 |    3.130097E-05
max(min|c_i|) =    7.626425E-05

1    2.916667E+00    5.833333E+00
   8.461434E-02   -8.414396E-03   -5.734042E-03    6.486606E-04    1.407769E-05   -8.499118E-06    2.560373E-01 |    8.499118E-06
  -6.329747E-02    1.606750E-02    5.119799E-03   -6.367345E-04   -1.769984E-05    8.013636E-06   -1.658092E-01 |    8.013636E-06
  -4.771028E-02    1.518622E-02    4.019041E-03   -5.518150E-04   -1.596297E-05    6.764348E-06   -1.164561E-01 |    6.764348E-06
  -3.723616E-02    1.308882E-02    3.178974E-03   -4.645973E-04   -1.350112E-05    5.623650E-06   -8.736839E-02 |    5.623650E-06
max(min|c_i|) =    8.499118E-06

2    5.833333E+00    1.166667E+01
   2.560373E-01   -8.472312E-02    1.128506E-02    1.863242E-03   -6.319309E-04    6.610290E-05    2.930433E-01 |    6.610290E-05
  -1.658092E-01    8.258531E-02   -1.769913E-02   -1.875914E-03    7.210011E-04   -6.250251E-05   -1.667941E-02 |    6.250251E-05
  -1.164561E-01    5.655650E-02   -1.859981E-02   -1.434787E-03    6.765050E-04   -5.417136E-05    3.053879E-02 |    5.417136E-05
  -8.736839E-02    3.994745E-02   -1.686185E-02   -1.043801E-03    5.962381E-04   -4.633780E-05    3.758980E-02 |    4.633780E-05
max(min|c_i|) =    6.610290E-05

3    1.166667E+01    1.750000E+01
   2.930433E-01    8.810077E-04    6.134026E-03   -1.037664E-03    5.140260E-05    5.783112E-06    1.414960E-01 |    5.783112E-06
  -1.667941E-02   -3.540807E-02   -6.883439E-03    1.670154E-03   -7.694720E-05   -1.021740E-05    2.160689E-01 |    1.021740E-05
   3.053879E-02   -5.345411E-02   -4.287830E-03    1.865096E-03   -9.499301E-05   -1.155315E-05    1.444313E-01 |    1.155315E-05
   3.758980E-02   -5.074490E-02   -1.845992E-03    1.770201E-03   -1.025995E-04   -1.113606E-05    9.401011E-02 |    1.113606E-05
max(min|c_i|) =    1.155315E-05

4    1.750000E+01    2.333333E+01
   1.414960E-01    1.585839E-02   -6.654802E-04   -1.797094E-04    3.322536E-05   -2.625409E-06    4.798425E-02 |    2.625409E-06
   2.160689E-01   -3.659315E-02    3.836585E-03    2.081641E-04   -6.326278E-05    4.581229E-06    2.455033E-01 |    4.581229E-06
   1.444313E-01   -3.106603E-02    6.698659E-03    6.673348E-05   -7.871043E-05    5.810199E-06    2.369125E-02 |    5.810199E-06
   9.401011E-02   -1.536841E-02    7.464903E-03   -1.071941E-04   -8.005249E-05    6.352775E-06   -3.484440E-02 |    6.352775E-06
max(min|c_i|) =    6.352775E-06

5    2.333333E+01    3.500000E+01
   4.798425E-02    2.028818E-02   -5.480775E-03    7.728711E-04   -2.781392E-05   -1.248579E-05    3.314740E-03 |    1.248579E-05
   2.455033E-01   -2.293685E-03    1.330046E-02   -2.968986E-03    1.961155E-04    2.872706E-05    9.099322E-02 |    2.872706E-05
   2.369125E-02    6.998407E-02    1.015495E-02   -5.119272E-03    4.762453E-04    3.661428E-05   -2.093494E-01 |    3.661428E-05
  -3.484440E-02    1.045316E-01   -1.448276E-03   -5.841719E-03    7.425846E-04    3.232012E-05   -8.619583E-02 |    3.232012E-05
max(min|c_i|) =    3.661428E-05

6    3.500000E+01    4.666667E+01
   3.314740E-03    1.655528E-03   -5.701913E-04    1.256851E-04   -1.945636E-05    2.147693E-06    1.608200E-04 |    2.147693E-06
   9.099322E-02    1.980623E-02   -2.250732E-03   -1.183011E-04    6.912183E-05   -9.922946E-06    1.759208E-02 |    9.922946E-06
  -2.093494E-01    3.096864E-02   -9.609951E-03    5.975513E-04    1.009315E-04   -2.174593E-05   -1.479274E-01 |    2.174593E-05
  -8.619583E-02   -7.770555E-03   -1.342268E-02    1.809872E-03    6.744986E-05   -3.223472E-05    1.250302E-01 |    3.223472E-05
max(min|c_i|) =    3.223472E-05

7    4.666667E+01    7.000000E+01
   1.608200E-04    1.355729E-04   -8.830788E-05    4.062078E-05   -1.425239E-05    4.028373E-06    2.288182E-07 |    2.288182E-07
   1.759208E-02    1.100298E-02   -4.652700E-03    1.213026E-03   -1.977930E-04    1.418157E-05    2.908850E-04 |    1.418157E-05
  -1.479274E-01   -4.051344E-02    9.241576E-04    2.952528E-03   -8.959908E-04    1.171273E-04   -1.578123E-02 |    1.171273E-04
   1.250302E-01   -9.536285E-02    3.032361E-02    4.060770E-04   -1.639695E-03    3.184393E-04    1.188967E-01 |    3.184393E-04
max(min|c_i|) =    3.184393E-04

8    7.000000E+01    9.333333E+01
   2.288182E-07    1.984478E-07   -1.355628E-07    6.648836E-08   -2.524124E-08    7.884858E-09    2.303095E-10 |    2.303095E-10
   2.908850E-04    2.036980E-04   -1.026252E-04    3.486700E-05   -8.777653E-06    1.720014E-06    2.830928E-06 |    1.720014E-06
  -1.578123E-02   -7.704873E-03    2.464111E-03   -4.580902E-04    4.637788E-05    1.374969E-07   -7.400819E-04 |    1.374969E-07
   1.188967E-01    2.309989E-02    2.029971E-04   -1.240358E-03    2.685908E-04   -2.333210E-05    2.108367E-02 |    2.333210E-05
max(min|c_i|) =    2.333210E-05

9    9.333333E+01    1.400000E+02
   2.303095E-10    2.420300E-10   -2.300399E-10    1.751241E-10   -1.059276E-10    5.908424E-11 |    5.908424E-11
   2.830928E-06    2.751823E-06   -2.269476E-06    1.411496E-06   -6.908643E-07    2.882356E-07 |    2.882356E-07
  -7.400819E-04   -6.395740E-04    4.317691E-04   -2.048118E-04    7.360743E-05   -2.080807E-05 |    2.080807E-05
   2.108367E-02    1.464384E-02   -7.111932E-03    2.015758E-03   -3.506187E-04    5.660573E-06 |    5.660573E-06
max(min|c_i|) =    2.080807E-05

----- EIGENVALUES -----
EIGENVALUE n=0 -5.555555554E-02
EIGENVALUE n=1 -3.124999999E-02
EIGENVALUE n=2 -1.999999998E-02
EIGENVALUE n=3 -1.388888642E-02

ALL_EIGENVALUES: | 5 | 59 |  -5.555555554E-02 | -3.124999999E-02 | -1.999999998E-02 | -1.388888642E-02 |

----- ELEMENTS TO SPLIT -----
0
2
7


========== ADAPTIVE STEP 6 ==========
Number of elements: 13
Degrees of freedom: 77
Domain: [0, 1.400000000E+02]

0    0.000000E+00    1.458333E+00
   9.418406E-03    1.351631E-03   -3.863178E-04    3.401860E-05   -1.801594E-06    1.719766E-02 |    1.801594E-06
   7.215053E-03    1.004368E-03   -3.098368E-04    2.590639E-05   -1.238670E-06    1.322199E-02 |    1.238670E-06
  -5.499004E-03   -7.544252E-04    2.410764E-04   -1.970211E-05    8.914360E-07   -1.009420E-02 |    8.914360E-07
   4.317834E-03    5.876372E-04   -1.914040E-04    1.545442E-05   -6.769394E-07    7.933265E-03 |    6.769394E-07
max(min|c_i|) =    1.801594E-06

1    1.458333E+00    2.916667E+00
   1.719766E-02    8.776308E-03   -9.333253E-04   -5.770737E-05    1.081379E-05   -6.998658E-07    8.461434E-02 |    6.998658E-07
   1.322199E-02    5.932158E-03   -8.705575E-04   -4.893764E-05    9.148907E-06   -5.397010E-07    6.329747E-02 |    5.397010E-07
  -1.009420E-02   -4.246051E-03    7.163634E-04    3.849945E-05   -7.320111E-06    4.125381E-07   -4.771028E-02 |    4.125381E-07
   7.933265E-03    3.217438E-03   -5.846197E-04   -3.064626E-05    5.904244E-06   -3.244812E-07    3.723616E-02 |    3.244812E-07
max(min|c_i|) =    6.998658E-07

2    2.916667E+00    5.833333E+00
   8.461434E-02   -8.414396E-03   -5.734042E-03    6.486606E-04    1.407769E-05   -8.499118E-06    2.560373E-01 |    8.499118E-06
   6.329747E-02   -1.606750E-02   -5.119799E-03    6.367345E-04    1.769984E-05   -8.013636E-06    1.658092E-01 |    8.013636E-06
  -4.771028E-02    1.518622E-02    4.019041E-03   -5.518150E-04   -1.596297E-05    6.764348E-06   -1.164561E-01 |    6.764348E-06
   3.723616E-02   -1.308882E-02   -3.178974E-03    4.645973E-04    1.350112E-05   -5.623650E-06    8.736839E-02 |    5.623650E-06
max(min|c_i|) =    8.499118E-06

3    5.833333E+00    8.750000E+00
   2.560373E-01   -2.619084E-02    4.490738E-04    3.005815E-04   -2.982864E-05    7.987107E-07    3.268483E-01 |    7.987107E-07
   1.658092E-01   -2.876709E-02    1.208776E-03    3.213370E-04   -3.124808E-05    5.017741E-07    1.422467E-01 |    5.017741E-07
  -1.164561E-01    2.281599E-02   -1.503951E-03   -2.790735E-04    2.833787E-05   -3.289868E-07   -7.791980E-02 |    3.289868E-07
   8.736839E-02   -1.792421E-02    1.465830E-03    2.314720E-04   -2.463018E-05    2.363901E-07    4.958923E-02 |    2.363901E-07
max(min|c_i|) =    7.987107E-07

4    8.750000E+00    1.166667E+01
   3.268483E-01   -1.512737E-02    1.842496E-03   -1.322506E-05   -9.915143E-06    8.296864E-07    2.930433E-01 |    8.296864E-07
   1.422467E-01   -1.147371E-02    2.610779E-03   -3.534429E-05   -1.257931E-05    9.341154E-07    1.667941E-02 |    9.341154E-07
  -7.791980E-02    4.660082E-03   -2.577790E-03    5.508065E-05    1.220884E-05   -8.827413E-07    3.053879E-02 |    8.827413E-07
   4.958923E-02   -1.468453E-03    2.248686E-03   -6.280642E-05   -1.084981E-05    7.899844E-07   -3.758980E-02 |    7.899844E-07
max(min|c_i|) =    9.341154E-07

5    1.166667E+01    1.750000E+01
   2.930433E-01    8.810077E-04    6.134026E-03   -1.037664E-03    5.140260E-05    5.783112E-06    1.414960E-01 |    5.783112E-06
   1.667941E-02    3.540807E-02    6.883439E-03   -1.670154E-03    7.694720E-05    1.021740E-05   -2.160689E-01 |    1.021740E-05
   3.053879E-02   -5.345411E-02   -4.287830E-03    1.865096E-03   -9.499301E-05   -1.155315E-05    1.444313E-01 |    1.155315E-05
  -3.758980E-02    5.074490E-02    1.845992E-03   -1.770201E-03    1.025995E-04    1.113606E-05   -9.401011E-02 |    1.113606E-05
max(min|c_i|) =    1.155315E-05

6    1.750000E+01    2.333333E+01
   1.414960E-01    1.585839E-02   -6.654802E-04   -1.797094E-04    3.322536E-05   -2.625409E-06    4.798425E-02 |    2.625409E-06
  -2.160689E-01    3.659315E-02   -3.836585E-03   -2.081641E-04    6.326278E-05   -4.581229E-06   -2.455033E-01 |    4.581229E-06
   1.444313E-01   -3.106603E-02    6.698659E-03    6.673348E-05   -7.871043E-05    5.810199E-06    2.369125E-02 |    5.810199E-06
  -9.401011E-02    1.536841E-02   -7.464903E-03    1.071941E-04    8.005249E-05   -6.352775E-06    3.484440E-02 |    6.352775E-06
max(min|c_i|) =    6.352775E-06

7    2.333333E+01    3.500000E+01
   4.798425E-02    2.028818E-02   -5.480775E-03    7.728711E-04   -2.781392E-05   -1.248579E-05    3.314740E-03 |    1.248579E-05
  -2.455033E-01    2.293685E-03   -1.330046E-02    2.968986E-03   -1.961155E-04   -2.872706E-05   -9.099322E-02 |    2.872706E-05
   2.369125E-02    6.998407E-02    1.015495E-02   -5.119272E-03    4.762453E-04    3.661428E-05   -2.093494E-01 |    3.661428E-05
   3.484440E-02   -1.045316E-01    1.448276E-03    5.841719E-03   -7.425846E-04   -3.232012E-05    8.619583E-02 |    3.232012E-05
max(min|c_i|) =    3.661428E-05

8    3.500000E+01    4.666667E+01
   3.314740E-03    1.655529E-03   -5.701911E-04    1.256851E-04   -1.945635E-05    2.147695E-06    1.608210E-04 |    2.147695E-06
  -9.099322E-02   -1.980623E-02    2.250732E-03    1.183011E-04   -6.912183E-05    9.922946E-06   -1.759208E-02 |    9.922946E-06
  -2.093494E-01    3.096864E-02   -9.609951E-03    5.975513E-04    1.009315E-04   -2.174593E-05   -1.479274E-01 |    2.174593E-05
   8.619583E-02    7.770555E-03    1.342268E-02   -1.809872E-03   -6.744986E-05    3.223472E-05   -1.250302E-01 |    3.223472E-05
max(min|c_i|) =    3.223472E-05

9    4.666667E+01    5.833333E+01
   1.608210E-04    8.607552E-05   -3.233406E-05    8.018051E-06   -1.463227E-06    2.075610E-07    6.429096E-06 |    2.075610E-07
  -1.759208E-02   -5.326468E-03    1.115194E-03   -1.300637E-04    7.198091E-06    3.175790E-07   -2.485058E-03 |    3.175790E-07
  -1.479274E-01   -9.848422E-03   -1.365517E-03    4.554446E-04   -4.547724E-05    1.054310E-06   -5.637196E-02 |    1.054310E-06
  -1.250302E-01    3.863925E-02   -2.918409E-03   -5.679866E-04    1.040896E-04   -4.885539E-06   -1.804089E-01 |    4.885539E-06
max(min|c_i|) =    4.885539E-06

10    5.833333E+01    7.000000E+01
   6.429096E-06    3.573949E-06   -1.404777E-06    3.686450E-07   -7.215622E-08    1.118176E-08    2.273865E-07 |    1.118176E-08
  -2.485058E-03   -8.645389E-04    2.146167E-04   -3.328872E-05    3.532984E-06   -2.546667E-07   -2.908857E-04 |    2.546667E-07
  -5.637196E-02   -8.759739E-03    8.456966E-04    1.017809E-05   -1.099416E-05    1.280129E-06   -1.578123E-02 |    1.280129E-06
  -1.804089E-01    8.925077E-03   -3.293570E-03    2.548566E-04    8.322440E-06   -2.824041E-06   -1.188967E-01 |    2.824041E-06
max(min|c_i|) =    2.824041E-06

11    7.000000E+01    9.333333E+01
   2.273865E-07    1.972061E-07   -1.347146E-07    6.607234E-08   -2.508330E-08    7.835522E-09    2.288684E-10 |    2.288684E-10
  -2.908857E-04   -2.036985E-04    1.026255E-04   -3.486708E-05    8.777675E-06   -1.720019E-06   -2.830935E-06 |    1.720019E-06
  -1.578123E-02   -7.704873E-03    2.464111E-03   -4.580902E-04    4.637788E-05    1.374969E-07   -7.400819E-04 |    1.374969E-07
  -1.188967E-01   -2.309989E-02   -2.029970E-04    1.240358E-03   -2.685908E-04    2.333210E-05   -2.108367E-02 |    2.333210E-05
max(min|c_i|) =    2.333210E-05

12    9.333333E+01    1.400000E+02
   2.288684E-10    2.405156E-10   -2.286005E-10    1.740284E-10   -1.052648E-10    5.871455E-11 |    5.871455E-11
  -2.830935E-06   -2.751830E-06    2.269482E-06   -1.411499E-06    6.908660E-07   -2.882364E-07 |    2.882364E-07
  -7.400819E-04   -6.395740E-04    4.317691E-04   -2.048118E-04    7.360743E-05   -2.080807E-05 |    2.080807E-05
  -2.108367E-02   -1.464384E-02    7.111932E-03   -2.015758E-03    3.506187E-04   -5.660574E-06 |    5.660574E-06
max(min|c_i|) =    2.080807E-05

----- EIGENVALUES -----
EIGENVALUE n=0 -5.555555555E-02
EIGENVALUE n=1 -3.124999999E-02
EIGENVALUE n=2 -1.999999998E-02
EIGENVALUE n=3 -1.388888643E-02

ALL_EIGENVALUES: | 6 | 77 |  -5.555555555E-02 | -3.124999999E-02 | -1.999999998E-02 | -1.388888643E-02 |

DATETIME: 03 Sep 2026 21:33:20

=== END OF LOG FILE ===
