===============================================================================
 EEEEE I   GGG  EEEEE N   N RRRR   AAA  DDDD         Zbigniew Romanowski       
 E     I  G     E     NN  N R   R A   A D   D                                  
 EEE   I  G  GG EEE   N N N RRRR  AAAAA D   D        romz@wp.pl                
 E     I  G   G E     N  NN R  R  A   A D   D                                  
 EEEEE I   GGG  EEEEE N   N R   R A   A DDDD         https://github.com/romz-pl
===============================================================================



DATETIME: 08 Sep 2026 19:57:24



========== ADAPTIVE STEP 0 ==========
Number of elements: 3
Degrees of freedom: 17
Domain: [0, 1.800000000E+02]

0    0.000000E+00    6.000000E+01
   2.354973E-01   -3.396686E-02   -2.138619E-01    9.837969E-02    9.415734E-02   -1.782492E-02 |    1.782492E-02
   8.928071E-02   -2.664000E-01   -1.726571E-01    1.892249E-01    9.023207E-02    1.432504E-01 |    8.928071E-02
   1.135317E-01    2.756748E-01    4.966260E-02   -2.141953E-01   -6.356025E-02    8.600240E-02 |    4.966260E-02
   1.048209E-01    1.885900E-01   -2.857894E-02   -1.992083E-01   -3.944626E-02    9.931406E-02 |    2.857894E-02
max(min|c_i|) =    8.928071E-02

1    6.000000E+01    1.200000E+02
  -1.782492E-02   -1.595318E-02    1.120822E-02   -5.444103E-03    1.885173E-03   -4.432680E-04   -4.059567E-06 |    4.059567E-06
   1.432504E-01    8.865757E-02   -2.541252E-02   -5.110044E-03    7.017611E-03   -2.799394E-03    8.048471E-04 |    8.048471E-04
   8.600240E-02   -1.184903E-01    1.250107E-01   -3.370714E-02   -6.734528E-03    6.878493E-03    2.138489E-02 |    6.734528E-03
   9.931406E-02    1.188532E-01    1.296480E-01   -9.562156E-02    8.235759E-03    9.968348E-03   -1.124547E-01 |    8.235759E-03
max(min|c_i|) =    8.235759E-03

2    1.200000E+02    1.800000E+02
  -4.059567E-06   -3.929464E-06    3.215119E-06   -1.976849E-06    9.544116E-07   -3.908227E-07 |    3.908227E-07
   8.048471E-04    6.981359E-04   -4.732242E-04    2.251280E-04   -8.081780E-05    2.267837E-05 |    2.267837E-05
   2.138489E-02    1.504714E-02   -7.361136E-03    2.084920E-03   -3.437736E-04   -6.123738E-06 |    6.123738E-06
  -1.124547E-01   -4.143820E-02    3.953118E-03    5.361930E-03   -1.946471E-03    3.864744E-04 |    3.864744E-04
max(min|c_i|) =    3.864744E-04

----- EIGENVALUES -----
EIGENVALUE n=0 -1.978558408E-02
EIGENVALUE n=1 -1.350188523E-02
EIGENVALUE n=2 -9.777868914E-03
EIGENVALUE n=3 -7.421639749E-03

ALL_EIGENVALUES: | 0 | 17 |  -1.978558408E-02 | -1.350188523E-02 | -9.777868914E-03 | -7.421639749E-03 |

----- ELEMENTS TO SPLIT -----
0


========== ADAPTIVE STEP 1 ==========
Number of elements: 4
Degrees of freedom: 23
Domain: [0, 1.800000000E+02]

0    0.000000E+00    3.000000E+01
   3.747114E-02    1.454959E-01   -4.286886E-03   -4.208070E-02    3.849392E-03   -2.049455E-01 |    3.849392E-03
   1.618760E-01    1.522858E-01   -4.062045E-02   -5.086026E-02    8.815082E-03   -6.343363E-04 |    6.343363E-04
   1.629337E-01    1.122943E-01   -6.199297E-02   -4.790207E-02    1.208121E-02    5.122202E-02 |    1.208121E-02
   1.419063E-01    7.965929E-02   -6.855103E-02   -4.174134E-02    1.354543E-02    6.042079E-02 |    1.354543E-02
max(min|c_i|) =    1.354543E-02

1    3.000000E+01    6.000000E+01
  -2.049455E-01   -4.924515E-02   -1.453889E-02    1.246344E-02   -2.986735E-03    1.046426E-04   -1.628492E-02 |    1.046426E-04
  -6.343363E-04   -1.894400E-01    3.302015E-02    1.893381E-02   -8.075164E-03    7.613863E-04    1.274117E-01 |    6.343363E-04
   5.122202E-02   -1.653543E-01    1.021913E-01    9.591273E-03   -1.238064E-02    1.849427E-03   -1.193654E-01 |    1.849427E-03
   6.042079E-02   -4.641950E-02    1.300649E-01   -8.008969E-03   -1.385250E-02    2.954504E-03   -1.030575E-01 |    2.954504E-03
max(min|c_i|) =    2.954504E-03

2    6.000000E+01    1.200000E+02
  -1.628492E-02   -1.464111E-02    1.037513E-02   -5.106981E-03    1.804478E-03   -4.415109E-04   -3.470953E-06 |    3.470953E-06
   1.274117E-01    8.334422E-02   -2.873319E-02   -9.819835E-04    5.226447E-03   -2.464148E-03    5.571562E-04 |    5.571562E-04
  -1.193654E-01    6.554158E-02   -1.063270E-01    4.162776E-02   -1.041616E-03   -4.698569E-03   -1.454622E-02 |    1.041616E-03
  -1.030575E-01   -1.920048E-01   -4.805593E-02    8.767359E-02   -2.361383E-02   -3.360177E-03    8.977713E-02 |    3.360177E-03
max(min|c_i|) =    3.360177E-03

3    1.200000E+02    1.800000E+02
  -3.470953E-06   -3.366868E-06    2.765307E-06   -1.709189E-06    8.299917E-07   -3.423930E-07 |    3.423930E-07
   5.571562E-04    4.886001E-04   -3.372265E-04    1.644713E-04   -6.082713E-05    1.775950E-05 |    1.775950E-05
  -1.454622E-02   -1.065811E-02    5.544935E-03   -1.760974E-03    3.611620E-04   -2.750495E-05 |    2.750495E-05
   8.977713E-02    4.123079E-02   -9.245233E-03   -2.115480E-03    1.357024E-03   -3.875050E-04 |    3.875050E-04
max(min|c_i|) =    3.875050E-04

----- EIGENVALUES -----
EIGENVALUE n=0 -1.999456528E-02
EIGENVALUE n=1 -1.388100816E-02
EIGENVALUE n=2 -1.019623238E-02
EIGENVALUE n=3 -7.805099696E-03

ALL_EIGENVALUES: | 1 | 23 |  -1.999456528E-02 | -1.388100816E-02 | -1.019623238E-02 | -7.805099696E-03 |

----- ELEMENTS TO SPLIT -----
0


========== ADAPTIVE STEP 2 ==========
Number of elements: 5
Degrees of freedom: 29
Domain: [0, 1.800000000E+02]

0    0.000000E+00    1.500000E+01
   7.006818E-02    1.184957E-03   -1.335724E-02   -6.962181E-04    1.641749E-03    1.285347E-01 |    6.962181E-04
  -5.515340E-02    8.259961E-03    1.580111E-02    2.299041E-04   -1.953556E-03   -1.122148E-01 |    2.299041E-04
   4.195780E-02   -1.207252E-02   -1.520702E-02    1.713546E-04    1.943149E-03    9.243127E-02 |    1.713546E-04
   3.269348E-02   -1.309507E-02   -1.382653E-02    4.070547E-04    1.819272E-03    7.656508E-02 |    4.070547E-04
max(min|c_i|) =    6.962181E-04

1    1.500000E+01    3.000000E+01
   1.285347E-01   -8.144427E-02    1.429902E-03    5.347861E-03   -8.428845E-04   -4.777981E-05    2.047803E-01 |    4.777981E-05
  -1.122148E-01    1.050506E-01   -1.749706E-02   -6.955249E-03    1.546937E-03    4.622875E-05   -3.931841E-07 |    3.931841E-07
   9.243127E-02   -7.857593E-02    2.887333E-02    6.239310E-03   -1.989823E-03   -2.032464E-05   -5.194732E-02 |    2.032464E-05
   7.656508E-02   -5.453362E-02    3.255187E-02    4.841754E-03   -2.161346E-03    9.853741E-06   -6.104863E-02 |    9.853741E-06
max(min|c_i|) =    4.777981E-05

2    3.000000E+01    6.000000E+01
   2.047803E-01    4.931692E-02    1.445805E-02   -1.244011E-02    2.986310E-03   -1.061020E-04    1.624320E-02 |    1.061020E-04
  -3.931841E-07   -1.892668E-01    3.331418E-02    1.880423E-02   -8.069074E-03    7.690157E-04    1.271074E-01 |    3.931841E-07
  -5.194732E-02    1.642500E-01   -1.025403E-01   -9.270594E-03    1.234751E-02   -1.865943E-03    1.198898E-01 |    1.865943E-03
  -6.104863E-02    4.452007E-02   -1.301183E-01    8.497915E-03    1.376984E-02   -2.977451E-03    1.028981E-01 |    2.977451E-03
max(min|c_i|) =    2.977451E-03

3    6.000000E+01    1.200000E+02
   1.624320E-02    1.460529E-02   -1.035201E-02    5.097320E-03   -1.801978E-03    4.413311E-04    3.456325E-06 |    3.456325E-06
   1.271074E-01    8.323112E-02   -2.878457E-02   -9.076843E-04    5.192142E-03   -2.456941E-03    5.530049E-04 |    5.530049E-04
   1.198898E-01   -6.463249E-02    1.059279E-01   -4.170788E-02    1.164251E-03    4.657129E-03    1.444292E-02 |    1.164251E-03
   1.028981E-01    1.929161E-01    4.666774E-02   -8.736249E-02    2.379887E-02    3.248027E-03   -8.939508E-02 |    3.248027E-03
max(min|c_i|) =    3.248027E-03

4    1.200000E+02    1.800000E+02
   3.456325E-06    3.352861E-06   -2.754072E-06    1.702473E-06   -8.268535E-07    3.411631E-07 |    3.411631E-07
   5.530049E-04    4.850649E-04   -3.349069E-04    1.634206E-04   -6.047414E-05    1.767016E-05 |    1.767016E-05
   1.444292E-02    1.058964E-02   -5.515025E-03    1.754682E-03   -3.610011E-04    2.794232E-05 |    2.794232E-05
  -8.939508E-02   -4.117915E-02    9.304685E-03    2.068154E-03   -1.346206E-03    3.866888E-04 |    3.866888E-04
max(min|c_i|) =    3.866888E-04

----- EIGENVALUES -----
EIGENVALUE n=0 -1.999999441E-02
EIGENVALUE n=1 -1.388887357E-02
EIGENVALUE n=2 -1.020401179E-02
EIGENVALUE n=3 -7.811845416E-03

ALL_EIGENVALUES: | 2 | 29 |  -1.999999441E-02 | -1.388887357E-02 | -1.020401179E-02 | -7.811845416E-03 |

----- ELEMENTS TO SPLIT -----
0
2
3


========== ADAPTIVE STEP 3 ==========
Number of elements: 8
Degrees of freedom: 47
Domain: [0, 1.800000000E+02]

0    0.000000E+00    7.500000E+00
  -1.277044E-02   -4.660776E-03   -5.221332E-05    3.060721E-04    1.029102E-06   -1.800167E-02 |    1.029102E-06
   1.291353E-02    4.553805E-03   -8.139918E-05   -3.451293E-04    3.446452E-07    1.835947E-02 |    3.446452E-07
   1.167657E-02    4.027872E-03   -1.486989E-04   -3.314443E-04    1.389781E-06    1.668918E-02 |    1.389781E-06
   1.029659E-02    3.499388E-03   -1.748291E-04   -3.033434E-04    1.962901E-06    1.476856E-02 |    1.962901E-06
max(min|c_i|) =    1.962901E-06

1    7.500000E+00    1.500000E+01
  -1.800167E-02   -1.403654E-02    4.835917E-03    4.296340E-04   -1.265605E-04    2.392879E-06   -1.285350E-01 |    2.392879E-06
   1.835947E-02    4.926943E-03   -6.676519E-03   -3.568656E-04    1.677495E-04   -3.806964E-06    1.122150E-01 |    3.806964E-06
   1.668918E-02   -8.905069E-05   -6.765018E-03   -2.258940E-04    1.766562E-04   -4.749864E-06    9.243040E-02 |    4.749864E-06
   1.476856E-02   -2.506897E-03   -6.300198E-03   -1.267515E-04    1.706579E-04   -5.203253E-06    7.655533E-02 |    5.203253E-06
max(min|c_i|) =    5.203253E-06

2    1.500000E+01    3.000000E+01
  -1.285350E-01    8.144417E-02   -1.429927E-03   -5.347855E-03    8.428861E-04    4.777909E-05   -2.047801E-01 |    4.777909E-05
   1.122150E-01   -1.050502E-01    1.749712E-02    6.955215E-03   -1.546938E-03   -4.622685E-05    1.843881E-08 |    1.843881E-08
   9.243040E-02   -7.857455E-02    2.887284E-02    6.239172E-03   -1.989788E-03   -2.032171E-05   -5.194660E-02 |    2.032171E-05
   7.655533E-02   -5.452663E-02    3.254706E-02    4.841081E-03   -2.161023E-03    9.853924E-06   -6.104001E-02 |    9.853924E-06
max(min|c_i|) =    4.777909E-05

3    3.000000E+01    4.500000E+01
  -2.047801E-01   -2.119300E-03   -7.699193E-03    1.526612E-03   -5.236521E-05   -2.138076E-05   -7.742134E-02 |    2.138076E-05
   1.843881E-08    5.909183E-02    6.315861E-03   -3.431393E-03    2.615878E-04    3.395236E-05   -1.837320E-01 |    1.843881E-08
  -5.194660E-02    8.974914E-02   -3.927388E-03   -4.342623E-03    5.370417E-04    3.304577E-05   -6.849271E-02 |    3.304577E-05
  -6.104001E-02    7.860486E-02   -1.322112E-02   -4.058337E-03    7.558643E-04    2.176219E-05   -3.899975E-03 |    2.176219E-05
max(min|c_i|) =    3.304577E-05

4    4.500000E+01    6.000000E+01
  -7.742134E-02   -1.546012E-02    1.535291E-03    1.179571E-04   -4.828807E-05    5.691291E-06   -1.624318E-02 |    5.691291E-06
  -1.837320E-01    2.506619E-02   -7.791368E-03    4.419521E-04    8.575749E-05   -1.636268E-05   -1.271079E-01 |    1.636268E-05
  -6.849271E-02   -1.223281E-02   -1.125095E-02    1.637696E-03    5.332871E-05   -2.775606E-05    1.198882E-01 |    2.775606E-05
  -3.899975E-03   -5.036708E-02   -7.672953E-03    2.655750E-03   -4.849654E-05   -3.458172E-05    1.028878E-01 |    3.458172E-05
max(min|c_i|) =    3.458172E-05

5    6.000000E+01    9.000000E+01
  -1.624318E-02   -9.849736E-03    3.977932E-03   -9.665869E-04    1.382403E-04   -5.159948E-06   -3.057448E-04 |    5.159948E-06
  -1.271079E-01   -3.545971E-02    9.122511E-04    2.546671E-03   -7.627966E-04    9.365289E-05   -1.300728E-02 |    9.365289E-05
   1.198882E-01   -7.999342E-02    2.902239E-02   -4.144157E-04   -1.435198E-03    3.030267E-04    9.632269E-02 |    3.030267E-04
   1.028878E-01    2.845434E-03    4.857933E-02   -9.062583E-03   -1.214074E-03    5.508273E-04   -1.322430E-01 |    5.508273E-04
max(min|c_i|) =    5.508273E-04

6    9.000000E+01    1.200000E+02
  -3.057448E-04   -2.113657E-04    1.044940E-04   -3.462128E-05    8.439399E-06   -1.585155E-06   -3.193178E-06 |    1.585155E-06
  -1.300728E-02   -6.517046E-03    2.133309E-03   -4.057893E-04    4.207341E-05    5.579405E-08   -5.539803E-04 |    5.579405E-08
   9.632269E-02    2.214849E-02   -8.514032E-04   -9.631763E-04    2.492591E-04   -2.599878E-05    1.444087E-02 |    2.599878E-05
  -1.322430E-01    4.252434E-02   -1.555598E-02    7.883481E-04    4.058582E-04   -8.612070E-05   -8.937997E-02 |    8.612070E-05
max(min|c_i|) =    8.612070E-05

7    1.200000E+02    1.800000E+02
  -3.193178E-06   -3.097592E-06    2.544391E-06   -1.572856E-06    7.639015E-07   -3.151889E-07 |    3.151889E-07
  -5.539803E-04   -4.859207E-04    3.354980E-04   -1.637092E-04    6.058100E-05   -1.770141E-05 |    1.770141E-05
   1.444087E-02    1.058820E-02   -5.514326E-03    1.754488E-03   -3.609713E-04    2.794398E-05 |    2.794398E-05
  -8.937997E-02   -4.117584E-02    9.306027E-03    2.066673E-03   -1.345829E-03    3.866478E-04 |    3.866478E-04
max(min|c_i|) =    3.866478E-04

----- EIGENVALUES -----
EIGENVALUE n=0 -1.999999987E-02
EIGENVALUE n=1 -1.388888865E-02
EIGENVALUE n=2 -1.020408094E-02
EIGENVALUE n=3 -7.812044702E-03

ALL_EIGENVALUES: | 3 | 47 |  -1.999999987E-02 | -1.388888865E-02 | -1.020408094E-02 | -7.812044702E-03 |

----- ELEMENTS TO SPLIT -----
2
5


========== ADAPTIVE STEP 4 ==========
Number of elements: 10
Degrees of freedom: 59
Domain: [0, 1.800000000E+02]

0    0.000000E+00    7.500000E+00
   1.277044E-02    4.660776E-03    5.221332E-05   -3.060721E-04   -1.029102E-06    1.800167E-02 |    1.029102E-06
   1.291353E-02    4.553805E-03   -8.139917E-05   -3.451292E-04    3.446451E-07    1.835947E-02 |    3.446451E-07
  -1.167656E-02   -4.027872E-03    1.486989E-04    3.314443E-04   -1.389780E-06   -1.668918E-02 |    1.389780E-06
  -1.029659E-02   -3.499388E-03    1.748291E-04    3.033434E-04   -1.962901E-06   -1.476856E-02 |    1.962901E-06
max(min|c_i|) =    1.962901E-06

1    7.500000E+00    1.500000E+01
   1.800167E-02    1.403654E-02   -4.835917E-03   -4.296339E-04    1.265605E-04   -2.392879E-06    1.285350E-01 |    2.392879E-06
   1.835947E-02    4.926943E-03   -6.676519E-03   -3.568656E-04    1.677495E-04   -3.806964E-06    1.122150E-01 |    3.806964E-06
  -1.668918E-02    8.905044E-05    6.765017E-03    2.258940E-04   -1.766562E-04    4.749863E-06   -9.243039E-02 |    4.749863E-06
  -1.476856E-02    2.506896E-03    6.300197E-03    1.267516E-04   -1.706579E-04    5.203252E-06   -7.655533E-02 |    5.203252E-06
max(min|c_i|) =    5.203252E-06

2    1.500000E+01    2.250000E+01
   1.285350E-01   -1.960621E-02   -2.152571E-03    5.151022E-04   -7.651574E-06   -4.369903E-06    2.177890E-01 |    4.369903E-06
   1.122150E-01   -3.290341E-02   -1.037312E-03    7.861354E-04   -2.379254E-05   -6.240842E-06    1.220701E-01 |    6.240842E-06
  -9.243039E-02    3.205000E-02   -4.589061E-04   -8.594861E-04    3.849856E-05    6.817352E-06   -6.982016E-02 |    6.817352E-06
  -7.655533E-02    2.824140E-02   -1.359215E-03   -8.262626E-04    4.751153E-05    6.674808E-06   -4.227822E-02 |    6.674808E-06
max(min|c_i|) =    6.817352E-06

3    2.250000E+01    3.000000E+01
   2.177890E-01   -1.803629E-02    1.792093E-03    1.143576E-04   -2.521496E-05    1.122270E-06    2.047801E-01 |    1.122270E-06
   1.220701E-01   -1.562237E-02    4.096821E-03    4.567094E-05   -4.213805E-05    2.225224E-06    7.316864E-09 |    7.316864E-09
  -6.982016E-02    3.657672E-03   -5.069771E-03    9.578586E-05    4.947980E-05   -3.164417E-06    5.194661E-02 |    3.164417E-06
  -4.227822E-02   -3.745876E-03   -4.943281E-03    2.124567E-04    4.940932E-05   -3.770075E-06    6.104004E-02 |    3.770075E-06
max(min|c_i|) =    3.770075E-06

4    3.000000E+01    4.500000E+01
   2.047801E-01    2.119300E-03    7.699193E-03   -1.526612E-03    5.236522E-05    2.138076E-05    7.742134E-02 |    2.138076E-05
   7.316864E-09    5.909183E-02    6.315860E-03   -3.431393E-03    2.615878E-04    3.395235E-05   -1.837320E-01 |    7.316864E-09
   5.194661E-02   -8.974914E-02    3.927392E-03    4.342623E-03   -5.370418E-04   -3.304576E-05    6.849269E-02 |    3.304576E-05
   6.104004E-02   -7.860486E-02    1.322113E-02    4.058337E-03   -7.558645E-04   -2.176216E-05    3.899950E-03 |    2.176216E-05
max(min|c_i|) =    3.304576E-05

5    4.500000E+01    6.000000E+01
   7.742134E-02    1.546012E-02   -1.535291E-03   -1.179570E-04    4.828807E-05   -5.691291E-06    1.624317E-02 |    5.691291E-06
  -1.837320E-01    2.506619E-02   -7.791368E-03    4.419522E-04    8.575747E-05   -1.636268E-05   -1.271079E-01 |    1.636268E-05
   6.849269E-02    1.223282E-02    1.125095E-02   -1.637696E-03   -5.332866E-05    2.775606E-05   -1.198882E-01 |    2.775606E-05
   3.899950E-03    5.036710E-02    7.672950E-03   -2.655751E-03    4.849665E-05    3.458172E-05   -1.028878E-01 |    3.458172E-05
max(min|c_i|) =    3.458172E-05

6    6.000000E+01    7.500000E+01
   1.624317E-02    4.648970E-03   -9.137813E-04    9.602235E-05   -3.854316E-06   -4.307310E-07    2.467957E-03 |    4.307310E-07
  -1.271079E-01   -8.676921E-03   -1.158767E-03    3.867215E-04   -3.699894E-05    5.550613E-07   -4.776145E-02 |    5.550613E-07
  -1.198882E-01    3.437700E-02   -3.146748E-03   -4.597471E-04    9.548188E-05   -4.724035E-06   -1.569494E-01 |    4.724035E-06
  -1.028878E-01    2.563101E-02   -8.860231E-03    2.287378E-05    1.390022E-04   -1.155988E-05    1.862078E-02 |    1.155988E-05
max(min|c_i|) =    1.155988E-05

7    7.500000E+01    9.000000E+01
   2.467957E-03    8.275345E-04   -1.975785E-04    2.909156E-05   -2.863862E-06    1.806183E-07    3.057456E-04 |    1.806183E-07
  -4.776145E-02   -7.628395E-03    7.468498E-04    8.842416E-06   -9.732430E-06    1.114992E-06   -1.300727E-02 |    1.114992E-06
  -1.569494E-01    5.967040E-03   -2.911539E-03    2.618680E-04    4.413045E-06   -2.572911E-06   -9.632268E-02 |    2.572911E-06
   1.862078E-02   -2.166329E-02   -2.287059E-03    6.562554E-04   -2.876886E-05   -3.167619E-06    1.322430E-01 |    3.167619E-06
max(min|c_i|) =    3.167619E-06

8    9.000000E+01    1.200000E+02
   3.057456E-04    2.113663E-04   -1.044943E-04    3.462137E-05   -8.439422E-06    1.585159E-06    3.193187E-06 |    1.585159E-06
  -1.300727E-02   -6.517045E-03    2.133309E-03   -4.057893E-04    4.207341E-05    5.579334E-08   -5.539803E-04 |    5.579334E-08
  -9.632268E-02   -2.214849E-02    8.514041E-04    9.631760E-04   -2.492591E-04    2.599878E-05   -1.444087E-02 |    2.599878E-05
   1.322430E-01   -4.252432E-02    1.555598E-02   -7.883491E-04   -4.058579E-04    8.612069E-05    8.937995E-02 |    8.612069E-05
max(min|c_i|) =    8.612069E-05

9    1.200000E+02    1.800000E+02
   3.193187E-06    3.097600E-06   -2.544398E-06    1.572860E-06   -7.639035E-07    3.151898E-07 |    3.151898E-07
  -5.539803E-04   -4.859206E-04    3.354980E-04   -1.637092E-04    6.058100E-05   -1.770140E-05 |    1.770140E-05
  -1.444087E-02   -1.058820E-02    5.514325E-03   -1.754488E-03    3.609712E-04   -2.794399E-05 |    2.794399E-05
   8.937995E-02    4.117584E-02   -9.306029E-03   -2.066671E-03    1.345828E-03   -3.866478E-04 |    3.866478E-04
max(min|c_i|) =    3.866478E-04

----- EIGENVALUES -----
EIGENVALUE n=0 -1.999999993E-02
EIGENVALUE n=1 -1.388888879E-02
EIGENVALUE n=2 -1.020408114E-02
EIGENVALUE n=3 -7.812045001E-03

ALL_EIGENVALUES: | 4 | 59 |  -1.999999993E-02 | -1.388888879E-02 | -1.020408114E-02 | -7.812045001E-03 |

----- ELEMENTS TO SPLIT -----
4
9


========== ADAPTIVE STEP 5 ==========
Number of elements: 12
Degrees of freedom: 71
Domain: [0, 1.800000000E+02]

0    0.000000E+00    7.500000E+00
   1.277044E-02    4.660776E-03    5.221332E-05   -3.060721E-04   -1.029102E-06    1.800167E-02 |    1.029102E-06
  -1.291353E-02   -4.553805E-03    8.139917E-05    3.451292E-04   -3.446451E-07   -1.835947E-02 |    3.446451E-07
  -1.167656E-02   -4.027872E-03    1.486989E-04    3.314443E-04   -1.389780E-06   -1.668918E-02 |    1.389780E-06
   1.029659E-02    3.499388E-03   -1.748291E-04   -3.033434E-04    1.962901E-06    1.476856E-02 |    1.962901E-06
max(min|c_i|) =    1.962901E-06

1    7.500000E+00    1.500000E+01
   1.800167E-02    1.403654E-02   -4.835917E-03   -4.296339E-04    1.265605E-04   -2.392879E-06    1.285350E-01 |    2.392879E-06
  -1.835947E-02   -4.926943E-03    6.676519E-03    3.568656E-04   -1.677495E-04    3.806964E-06   -1.122150E-01 |    3.806964E-06
  -1.668918E-02    8.905042E-05    6.765017E-03    2.258940E-04   -1.766562E-04    4.749863E-06   -9.243039E-02 |    4.749863E-06
   1.476856E-02   -2.506896E-03   -6.300198E-03   -1.267516E-04    1.706579E-04   -5.203252E-06    7.655533E-02 |    5.203252E-06
max(min|c_i|) =    5.203252E-06

2    1.500000E+01    2.250000E+01
   1.285350E-01   -1.960621E-02   -2.152571E-03    5.151022E-04   -7.651574E-06   -4.369903E-06    2.177890E-01 |    4.369903E-06
  -1.122150E-01    3.290341E-02    1.037312E-03   -7.861354E-04    2.379254E-05    6.240842E-06   -1.220701E-01 |    6.240842E-06
  -9.243039E-02    3.205000E-02   -4.589061E-04   -8.594860E-04    3.849856E-05    6.817352E-06   -6.982016E-02 |    6.817352E-06
   7.655533E-02   -2.824140E-02    1.359215E-03    8.262626E-04   -4.751153E-05   -6.674808E-06    4.227823E-02 |    6.674808E-06
max(min|c_i|) =    6.817352E-06

3    2.250000E+01    3.000000E+01
   2.177890E-01   -1.803629E-02    1.792093E-03    1.143576E-04   -2.521496E-05    1.122270E-06    2.047801E-01 |    1.122270E-06
  -1.220701E-01    1.562237E-02   -4.096821E-03   -4.567094E-05    4.213805E-05   -2.225224E-06   -7.412171E-09 |    7.412171E-09
  -6.982016E-02    3.657672E-03   -5.069771E-03    9.578586E-05    4.947980E-05   -3.164417E-06    5.194661E-02 |    3.164417E-06
   4.227823E-02    3.745876E-03    4.943282E-03   -2.124567E-04   -4.940932E-05    3.770075E-06   -6.104004E-02 |    3.770075E-06
max(min|c_i|) =    3.770075E-06

4    3.000000E+01    3.750000E+01
   2.047801E-01   -3.632719E-03    1.547112E-03   -9.846471E-05   -3.087586E-06    7.543964E-07    1.394428E-01 |    7.543964E-07
  -7.412171E-09   -1.075519E-02   -2.165582E-03    2.630469E-04   -3.181910E-08   -1.387239E-06    1.288596E-01 |    7.412171E-09
   5.194661E-02   -2.314772E-02   -1.338418E-03    3.876829E-04   -7.514402E-06   -1.755598E-06    1.161999E-01 |    1.755598E-06
  -6.104004E-02    2.496824E-02    1.651091E-04   -4.281908E-04    1.527560E-05    1.838090E-06   -8.155759E-02 |    1.838090E-06
max(min|c_i|) =    1.838090E-06

5    3.750000E+01    4.500000E+01
   1.394428E-01    3.810279E-03    4.230532E-04   -7.479030E-05    3.755977E-06    4.008252E-08    7.742134E-02 |    4.008252E-08
   1.288596E-01   -1.681308E-02    3.642385E-04    1.379826E-04   -1.097859E-05    7.419226E-08    1.837320E-01 |    7.419226E-08
   1.161999E-01   -1.922763E-02    1.865547E-03    1.280163E-04   -1.837254E-05    3.451820E-07    6.849269E-02 |    3.451820E-07
  -8.155759E-02    1.200192E-02   -2.831297E-03   -6.127321E-05    2.278999E-05   -6.725862E-07   -3.899949E-03 |    6.725862E-07
max(min|c_i|) =    6.725862E-07

6    4.500000E+01    6.000000E+01
   7.742134E-02    1.546012E-02   -1.535291E-03   -1.179570E-04    4.828807E-05   -5.691291E-06    1.624317E-02 |    5.691291E-06
   1.837320E-01   -2.506619E-02    7.791368E-03   -4.419522E-04   -8.575747E-05    1.636268E-05    1.271079E-01 |    1.636268E-05
   6.849269E-02    1.223282E-02    1.125095E-02   -1.637696E-03   -5.332866E-05    2.775606E-05   -1.198882E-01 |    2.775606E-05
  -3.899949E-03   -5.036710E-02   -7.672950E-03    2.655751E-03   -4.849665E-05   -3.458172E-05    1.028878E-01 |    3.458172E-05
max(min|c_i|) =    3.458172E-05

7    6.000000E+01    7.500000E+01
   1.624317E-02    4.648970E-03   -9.137813E-04    9.602235E-05   -3.854316E-06   -4.307310E-07    2.467957E-03 |    4.307310E-07
   1.271079E-01    8.676921E-03    1.158767E-03   -3.867215E-04    3.699894E-05   -5.550614E-07    4.776145E-02 |    5.550614E-07
  -1.198882E-01    3.437700E-02   -3.146748E-03   -4.597470E-04    9.548188E-05   -4.724035E-06   -1.569494E-01 |    4.724035E-06
   1.028878E-01   -2.563101E-02    8.860231E-03   -2.287379E-05   -1.390022E-04    1.155988E-05   -1.862078E-02 |    1.155988E-05
max(min|c_i|) =    1.155988E-05

8    7.500000E+01    9.000000E+01
   2.467957E-03    8.275345E-04   -1.975785E-04    2.909156E-05   -2.863862E-06    1.806183E-07    3.057456E-04 |    1.806183E-07
   4.776145E-02    7.628395E-03   -7.468498E-04   -8.842414E-06    9.732430E-06   -1.114992E-06    1.300727E-02 |    1.114992E-06
  -1.569494E-01    5.967040E-03   -2.911539E-03    2.618680E-04    4.413044E-06   -2.572911E-06   -9.632268E-02 |    2.572911E-06
  -1.862078E-02    2.166329E-02    2.287059E-03   -6.562554E-04    2.876886E-05    3.167619E-06   -1.322430E-01 |    3.167619E-06
max(min|c_i|) =    3.167619E-06

9    9.000000E+01    1.200000E+02
   3.057456E-04    2.113667E-04   -1.044941E-04    3.462145E-05   -8.439400E-06    1.585164E-06    3.193744E-06 |    1.585164E-06
   1.300727E-02    6.517048E-03   -2.133308E-03    4.057897E-04   -4.207333E-05   -5.577968E-08    5.539858E-04 |    5.577968E-08
  -9.632268E-02   -2.214849E-02    8.514040E-04    9.631760E-04   -2.492591E-04    2.599878E-05   -1.444087E-02 |    2.599878E-05
  -1.322430E-01    4.252432E-02   -1.555598E-02    7.883492E-04    4.058579E-04   -8.612069E-05   -8.937996E-02 |    8.612069E-05
max(min|c_i|) =    8.612069E-05

10    1.200000E+02    1.500000E+02
   3.193744E-06    2.325965E-06   -1.239502E-06    4.528038E-07   -1.247860E-07    2.745255E-08    2.416076E-08 |    2.416076E-08
   5.539858E-04    3.213171E-04   -1.292135E-04    3.384191E-05   -6.362011E-06    8.910189E-07    1.518144E-05 |    8.910189E-07
  -1.444087E-02   -5.774343E-03    1.494190E-03   -2.086966E-04    1.165718E-05    1.490627E-06   -1.142359E-03 |    1.490627E-06
  -8.937996E-02   -1.442121E-02   -2.035621E-04    6.336142E-04   -1.128164E-04    7.541473E-06   -1.904879E-02 |    7.541473E-06
max(min|c_i|) =    7.541473E-06

11    1.500000E+02    1.800000E+02
   2.416076E-08    1.798149E-08   -1.009548E-08    3.824549E-09   -1.132159E-09    2.629900E-10 |    2.629900E-10
   1.518144E-05    9.224153E-06   -4.230633E-06    1.184777E-06   -2.716219E-07    4.374545E-08 |    4.374545E-08
  -1.142359E-03   -5.138780E-04    1.893312E-04   -3.375988E-05    5.799012E-06   -4.331415E-07 |    4.331415E-07
  -1.904879E-02   -5.122733E-03    1.414896E-03   -5.676503E-05    5.199853E-06    2.708075E-06 |    2.708075E-06
max(min|c_i|) =    2.708075E-06

----- EIGENVALUES -----
EIGENVALUE n=0 -1.999999993E-02
EIGENVALUE n=1 -1.388888880E-02
EIGENVALUE n=2 -1.020408115E-02
EIGENVALUE n=3 -7.812045036E-03

ALL_EIGENVALUES: | 5 | 71 |  -1.999999993E-02 | -1.388888880E-02 | -1.020408115E-02 | -7.812045036E-03 |

----- DOMAIN EXPANDED -----
RMAX BEFORE:  1.800000000E+02
RMAX AFTER:  1.980000000E+02


========== ADAPTIVE STEP 6 ==========
Number of elements: 13
Degrees of freedom: 77
Domain: [0, 1.980000000E+02]

0    0.000000E+00    7.500000E+00
   1.277044E-02    4.660776E-03    5.221332E-05   -3.060721E-04   -1.029102E-06    1.800167E-02 |    1.029102E-06
  -1.291353E-02   -4.553805E-03    8.139917E-05    3.451292E-04   -3.446451E-07   -1.835947E-02 |    3.446451E-07
  -1.167656E-02   -4.027870E-03    1.486988E-04    3.314441E-04   -1.389779E-06   -1.668917E-02 |    1.389779E-06
  -1.029024E-02   -3.497239E-03    1.747135E-04    3.031543E-04   -1.961551E-06   -1.475944E-02 |    1.961551E-06
max(min|c_i|) =    1.961551E-06

1    7.500000E+00    1.500000E+01
   1.800167E-02    1.403654E-02   -4.835917E-03   -4.296339E-04    1.265605E-04   -2.392879E-06    1.285350E-01 |    2.392879E-06
  -1.835947E-02   -4.926943E-03    6.676519E-03    3.568656E-04   -1.677495E-04    3.806964E-06   -1.122150E-01 |    3.806964E-06
  -1.668917E-02    8.904991E-05    6.765013E-03    2.258939E-04   -1.766561E-04    4.749860E-06   -9.243033E-02 |    4.749860E-06
  -1.475944E-02    2.504932E-03    6.296258E-03    1.266873E-04   -1.705500E-04    5.199842E-06   -7.650897E-02 |    5.199842E-06
max(min|c_i|) =    5.199842E-06

2    1.500000E+01    2.250000E+01
   1.285350E-01   -1.960621E-02   -2.152571E-03    5.151022E-04   -7.651574E-06   -4.369903E-06    2.177890E-01 |    4.369903E-06
  -1.122150E-01    3.290341E-02    1.037312E-03   -7.861354E-04    2.379254E-05    6.240842E-06   -1.220701E-01 |    6.240842E-06
  -9.243033E-02    3.204998E-02   -4.589057E-04   -8.594855E-04    3.849853E-05    6.817348E-06   -6.982013E-02 |    6.817348E-06
  -7.650897E-02    2.822406E-02   -1.358201E-03   -8.257425E-04    4.747955E-05    6.670578E-06   -4.225531E-02 |    6.670578E-06
max(min|c_i|) =    6.817348E-06

3    2.250000E+01    3.000000E+01
   2.177890E-01   -1.803629E-02    1.792093E-03    1.143576E-04   -2.521496E-05    1.122270E-06    2.047801E-01 |    1.122270E-06
  -1.220701E-01    1.562237E-02   -4.096821E-03   -4.567094E-05    4.213805E-05   -2.225224E-06   -7.412464E-09 |    7.412464E-09
  -6.982013E-02    3.657671E-03   -5.069768E-03    9.578578E-05    4.947977E-05   -3.164415E-06    5.194658E-02 |    3.164415E-06
  -4.225531E-02   -3.742318E-03   -4.940176E-03    2.122998E-04    4.937797E-05   -3.767550E-06    6.100051E-02 |    3.767550E-06
max(min|c_i|) =    3.767550E-06

4    3.000000E+01    3.750000E+01
   2.047801E-01   -3.632719E-03    1.547112E-03   -9.846471E-05   -3.087586E-06    7.543964E-07    1.394428E-01 |    7.543964E-07
  -7.412464E-09   -1.075519E-02   -2.165582E-03    2.630469E-04   -3.181911E-08   -1.387239E-06    1.288596E-01 |    7.412464E-09
   5.194658E-02   -2.314770E-02   -1.338417E-03    3.876827E-04   -7.514396E-06   -1.755596E-06    1.161998E-01 |    1.755596E-06
   6.100051E-02   -2.495231E-02   -1.652253E-04    4.279134E-04   -1.526426E-05   -1.836911E-06    8.151173E-02 |    1.836911E-06
max(min|c_i|) =    1.836911E-06

5    3.750000E+01    4.500000E+01
   1.394428E-01    3.810279E-03    4.230532E-04   -7.479030E-05    3.755977E-06    4.008252E-08    7.742134E-02 |    4.008252E-08
   1.288596E-01   -1.681308E-02    3.642385E-04    1.379826E-04   -1.097859E-05    7.419226E-08    1.837320E-01 |    7.419226E-08
   1.161998E-01   -1.922762E-02    1.865546E-03    1.280162E-04   -1.837253E-05    3.451817E-07    6.849266E-02 |    3.451817E-07
   8.151173E-02   -1.199580E-02    2.829354E-03    6.125035E-05   -2.277472E-05    6.720839E-07    3.906410E-03 |    6.720839E-07
max(min|c_i|) =    6.720839E-07

6    4.500000E+01    6.000000E+01
   7.742134E-02    1.546012E-02   -1.535291E-03   -1.179570E-04    4.828807E-05   -5.691291E-06    1.624317E-02 |    5.691291E-06
   1.837320E-01   -2.506619E-02    7.791368E-03   -4.419522E-04   -8.575747E-05    1.636268E-05    1.271079E-01 |    1.636268E-05
   6.849266E-02    1.223281E-02    1.125095E-02   -1.637695E-03   -5.332863E-05    2.775604E-05   -1.198881E-01 |    2.775604E-05
   3.906410E-03    5.033007E-02    7.669277E-03   -2.653883E-03    4.843952E-05    3.455862E-05   -1.028310E-01 |    3.455862E-05
max(min|c_i|) =    3.455862E-05

7    6.000000E+01    7.500000E+01
   1.624317E-02    4.648970E-03   -9.137813E-04    9.602235E-05   -3.854316E-06   -4.307310E-07    2.467957E-03 |    4.307310E-07
   1.271079E-01    8.676921E-03    1.158767E-03   -3.867215E-04    3.699894E-05   -5.550614E-07    4.776145E-02 |    5.550614E-07
  -1.198881E-01    3.437698E-02   -3.146745E-03   -4.597468E-04    9.548181E-05   -4.724031E-06   -1.569493E-01 |    4.724031E-06
  -1.028310E-01    2.562078E-02   -8.853558E-03    2.270967E-05    1.389076E-04   -1.155082E-05    1.858584E-02 |    1.155082E-05
max(min|c_i|) =    1.155082E-05

8    7.500000E+01    9.000000E+01
   2.467957E-03    8.275345E-04   -1.975785E-04    2.909156E-05   -2.863862E-06    1.806183E-07    3.057456E-04 |    1.806183E-07
   4.776145E-02    7.628395E-03   -7.468498E-04   -8.842414E-06    9.732430E-06   -1.114992E-06    1.300727E-02 |    1.114992E-06
  -1.569493E-01    5.967034E-03   -2.911537E-03    2.618677E-04    4.413039E-06   -2.572909E-06   -9.632270E-02 |    2.572909E-06
   1.858584E-02   -2.164197E-02   -2.286101E-03    6.557700E-04   -2.874004E-05   -3.165625E-06    1.321587E-01 |    3.165625E-06
max(min|c_i|) =    3.165625E-06

9    9.000000E+01    1.200000E+02
   3.057456E-04    2.113667E-04   -1.044941E-04    3.462145E-05   -8.439400E-06    1.585164E-06    3.193744E-06 |    1.585164E-06
   1.300727E-02    6.517048E-03   -2.133308E-03    4.057897E-04   -4.207333E-05   -5.577915E-08    5.539860E-04 |    5.577915E-08
  -9.632270E-02   -2.214859E-02    8.513655E-04    9.631677E-04   -2.492602E-04    2.599858E-05   -1.444125E-02 |    2.599858E-05
   1.321587E-01   -4.248746E-02    1.554580E-02   -7.866252E-04   -4.055384E-04    8.605670E-05    8.943137E-02 |    8.605670E-05
max(min|c_i|) =    8.605670E-05

10    1.200000E+02    1.500000E+02
   3.193744E-06    2.325966E-06   -1.239502E-06    4.528039E-07   -1.247859E-07    2.745257E-08    2.416171E-08 |    2.416171E-08
   5.539860E-04    3.213213E-04   -1.292116E-04    3.384248E-05   -6.361879E-06    8.910441E-07    1.518847E-05 |    8.910441E-07
  -1.444125E-02   -5.776006E-03    1.493625E-03   -2.088288E-04    1.163305E-05    1.487010E-06   -1.146192E-03 |    1.487010E-06
   8.943137E-02    1.449766E-02    2.280107E-04   -6.290489E-04    1.132971E-04   -7.464582E-06    1.942684E-02 |    7.464582E-06
max(min|c_i|) =    7.464582E-06

11    1.500000E+02    1.800000E+02
   2.416171E-08    1.809397E-08   -1.003174E-08    3.849878E-09   -1.124398E-09    2.649379E-10    1.487640E-10 |    1.487640E-10
   1.518847E-05    9.423885E-06   -4.138535E-06    1.214055E-06   -2.644817E-07    4.516494E-08    3.156842E-07 |    4.516494E-08
  -1.146192E-03   -5.444981E-04    1.780965E-04   -3.659033E-05    5.250719E-06   -5.199316E-07   -6.186213E-05 |    5.199316E-07
   1.942684E-02    5.915476E-03   -1.188519E-03    1.008375E-04    1.554903E-06   -1.856743E-06    2.354534E-03 |    1.554903E-06
max(min|c_i|) =    1.554903E-06

12    1.800000E+02    1.980000E+02
   1.487640E-10    7.499710E-11   -3.068122E-11    7.017602E-12   -1.449016E-12    1.972977E-13 |    1.972977E-13
   3.156842E-07    1.173771E-07   -4.131764E-08    6.552740E-09   -1.147053E-09    1.027267E-10 |    1.027267E-10
  -6.186213E-05   -1.577684E-05    4.895244E-06   -4.809151E-07    7.531118E-08   -3.363454E-09 |    3.363454E-09
   2.354534E-03    3.633258E-04   -1.000640E-04    3.989682E-06   -6.876744E-07   -1.302019E-08 |    1.302019E-08
max(min|c_i|) =    1.302019E-08

----- EIGENVALUES -----
EIGENVALUE n=0 -1.999999993E-02
EIGENVALUE n=1 -1.388888880E-02
EIGENVALUE n=2 -1.020408154E-02
EIGENVALUE n=3 -7.812468740E-03

ALL_EIGENVALUES: | 6 | 77 |  -1.999999993E-02 | -1.388888880E-02 | -1.020408154E-02 | -7.812468740E-03 |

----- DOMAIN EXPANDED -----
RMAX BEFORE:  1.980000000E+02
RMAX AFTER:  2.178000000E+02


========== ADAPTIVE STEP 7 ==========
Number of elements: 14
Degrees of freedom: 83
Domain: [0, 2.178000000E+02]

0    0.000000E+00    7.500000E+00
  -1.277044E-02   -4.660776E-03   -5.221332E-05    3.060721E-04    1.029102E-06   -1.800167E-02 |    1.029102E-06
   1.291353E-02    4.553805E-03   -8.139917E-05   -3.451292E-04    3.446451E-07    1.835947E-02 |    3.446451E-07
  -1.167656E-02   -4.027870E-03    1.486988E-04    3.314441E-04   -1.389779E-06   -1.668917E-02 |    1.389779E-06
  -1.028972E-02   -3.497061E-03    1.747040E-04    3.031387E-04   -1.961441E-06   -1.475869E-02 |    1.961441E-06
max(min|c_i|) =    1.961441E-06

1    7.500000E+00    1.500000E+01
  -1.800167E-02   -1.403654E-02    4.835917E-03    4.296339E-04   -1.265605E-04    2.392879E-06   -1.285350E-01 |    2.392879E-06
   1.835947E-02    4.926943E-03   -6.676519E-03   -3.568656E-04    1.677495E-04   -3.806964E-06    1.122150E-01 |    3.806964E-06
  -1.668917E-02    8.904990E-05    6.765013E-03    2.258939E-04   -1.766561E-04    4.749860E-06   -9.243033E-02 |    4.749860E-06
  -1.475869E-02    2.504775E-03    6.295932E-03    1.266818E-04   -1.705411E-04    5.199563E-06   -7.650512E-02 |    5.199563E-06
max(min|c_i|) =    5.199563E-06

2    1.500000E+01    2.250000E+01
  -1.285350E-01    1.960621E-02    2.152571E-03   -5.151022E-04    7.651574E-06    4.369903E-06   -2.177890E-01 |    4.369903E-06
   1.122150E-01   -3.290341E-02   -1.037312E-03    7.861354E-04   -2.379254E-05   -6.240842E-06    1.220701E-01 |    6.240842E-06
  -9.243033E-02    3.204998E-02   -4.589056E-04   -8.594855E-04    3.849853E-05    6.817348E-06   -6.982012E-02 |    6.817348E-06
  -7.650512E-02    2.822263E-02   -1.358119E-03   -8.256996E-04    4.747693E-05    6.670229E-06   -4.225337E-02 |    6.670229E-06
max(min|c_i|) =    6.817348E-06

3    2.250000E+01    3.000000E+01
  -2.177890E-01    1.803629E-02   -1.792093E-03   -1.143576E-04    2.521496E-05   -1.122270E-06   -2.047801E-01 |    1.122270E-06
   1.220701E-01   -1.562237E-02    4.096821E-03    4.567094E-05   -4.213805E-05    2.225224E-06    7.412432E-09 |    7.412432E-09
  -6.982012E-02    3.657671E-03   -5.069768E-03    9.578578E-05    4.947977E-05   -3.164415E-06    5.194658E-02 |    3.164415E-06
  -4.225337E-02   -3.742039E-03   -4.939920E-03    2.122871E-04    4.937539E-05   -3.767344E-06    6.099726E-02 |    3.767344E-06
max(min|c_i|) =    3.767344E-06

4    3.000000E+01    3.750000E+01
  -2.047801E-01    3.632719E-03   -1.547112E-03    9.846471E-05    3.087586E-06   -7.543964E-07   -1.394428E-01 |    7.543964E-07
   7.412432E-09    1.075519E-02    2.165582E-03   -2.630469E-04    3.181911E-08    1.387239E-06   -1.288596E-01 |    7.412432E-09
   5.194658E-02   -2.314770E-02   -1.338417E-03    3.876827E-04   -7.514396E-06   -1.755596E-06    1.161998E-01 |    1.755596E-06
   6.099726E-02   -2.495100E-02   -1.652322E-04    4.278906E-04   -1.526334E-05   -1.836814E-06    8.150788E-02 |    1.836814E-06
max(min|c_i|) =    1.836814E-06

5    3.750000E+01    4.500000E+01
  -1.394428E-01   -3.810279E-03   -4.230532E-04    7.479030E-05   -3.755977E-06   -4.008252E-08   -7.742134E-02 |    4.008252E-08
  -1.288596E-01    1.681308E-02   -3.642385E-04   -1.379826E-04    1.097859E-05   -7.419226E-08   -1.837320E-01 |    7.419226E-08
   1.161998E-01   -1.922762E-02    1.865546E-03    1.280162E-04   -1.837253E-05    3.451817E-07    6.849266E-02 |    3.451817E-07
   8.150788E-02   -1.199528E-02    2.829196E-03    6.124828E-05   -2.277348E-05    6.720434E-07    3.906836E-03 |    6.720434E-07
max(min|c_i|) =    6.720434E-07

6    4.500000E+01    6.000000E+01
  -7.742134E-02   -1.546012E-02    1.535291E-03    1.179570E-04   -4.828807E-05    5.691291E-06   -1.624317E-02 |    5.691291E-06
  -1.837320E-01    2.506619E-02   -7.791368E-03    4.419522E-04    8.575747E-05   -1.636268E-05   -1.271079E-01 |    1.636268E-05
   6.849266E-02    1.223281E-02    1.125094E-02   -1.637695E-03   -5.332863E-05    2.775604E-05   -1.198881E-01 |    2.775604E-05
   3.906836E-03    5.032708E-02    7.668960E-03   -2.653732E-03    4.843513E-05    3.455673E-05   -1.028262E-01 |    3.455673E-05
max(min|c_i|) =    3.455673E-05

7    6.000000E+01    7.500000E+01
  -1.624317E-02   -4.648970E-03    9.137813E-04   -9.602235E-05    3.854316E-06    4.307310E-07   -2.467957E-03 |    4.307310E-07
  -1.271079E-01   -8.676921E-03   -1.158767E-03    3.867215E-04   -3.699894E-05    5.550614E-07   -4.776145E-02 |    5.550614E-07
  -1.198881E-01    3.437698E-02   -3.146745E-03   -4.597468E-04    9.548181E-05   -4.724031E-06   -1.569493E-01 |    4.724031E-06
  -1.028262E-01    2.561987E-02   -8.853021E-03    2.269793E-05    1.388999E-04   -1.155010E-05    1.858324E-02 |    1.155010E-05
max(min|c_i|) =    1.155010E-05

8    7.500000E+01    9.000000E+01
  -2.467957E-03   -8.275345E-04    1.975785E-04   -2.909156E-05    2.863862E-06   -1.806183E-07   -3.057456E-04 |    1.806183E-07
  -4.776145E-02   -7.628395E-03    7.468498E-04    8.842414E-06   -9.732430E-06    1.114992E-06   -1.300727E-02 |    1.114992E-06
  -1.569493E-01    5.967033E-03   -2.911537E-03    2.618677E-04    4.413039E-06   -2.572909E-06   -9.632270E-02 |    2.572909E-06
   1.858324E-02   -2.164030E-02   -2.286016E-03    6.557308E-04   -2.873779E-05   -3.165460E-06    1.321518E-01 |    3.165460E-06
max(min|c_i|) =    3.165460E-06

9    9.000000E+01    1.200000E+02
  -3.057456E-04   -2.113667E-04    1.044941E-04   -3.462145E-05    8.439400E-06   -1.585164E-06   -3.193744E-06 |    1.585164E-06
  -1.300727E-02   -6.517048E-03    2.133308E-03   -4.057897E-04    4.207333E-05    5.577914E-08   -5.539860E-04 |    5.577914E-08
  -9.632270E-02   -2.214860E-02    8.513645E-04    9.631674E-04   -2.492602E-04    2.599858E-05   -1.444126E-02 |    2.599858E-05
   1.321518E-01   -4.248453E-02    1.554496E-02   -7.864977E-04   -4.055128E-04    8.605154E-05    8.943432E-02 |    8.605154E-05
max(min|c_i|) =    8.605154E-05

10    1.200000E+02    1.500000E+02
  -3.193744E-06   -2.325966E-06    1.239502E-06   -4.528039E-07    1.247859E-07   -2.745257E-08   -2.416172E-08 |    2.416172E-08
  -5.539860E-04   -3.213214E-04    1.292116E-04   -3.384248E-05    6.361878E-06   -8.910443E-07   -1.518852E-05 |    8.910443E-07
  -1.444126E-02   -5.776049E-03    1.493610E-03   -2.088322E-04    1.163242E-05    1.486916E-06   -1.146291E-03 |    1.486916E-06
   8.943432E-02    1.450294E-02    2.297332E-04   -6.287221E-04    1.133302E-04   -7.459102E-06    1.945335E-02 |    7.459102E-06
max(min|c_i|) =    7.459102E-06

11    1.500000E+02    1.800000E+02
  -2.416172E-08   -1.809419E-08    1.003161E-08   -3.849928E-09    1.124382E-09   -2.649418E-10   -1.490568E-10 |    1.490568E-10
  -1.518852E-05   -9.425543E-06    4.137770E-06   -1.214299E-06    2.644224E-07   -4.517673E-08   -3.183061E-07 |    4.517673E-08
  -1.146291E-03   -5.452916E-04    1.778054E-04   -3.666367E-05    5.236511E-06   -5.221806E-07   -6.346520E-05 |    5.221806E-07
   1.945335E-02    5.971348E-03   -1.172542E-03    1.039457E-04    2.031423E-06   -1.796667E-06    2.520573E-03 |    1.796667E-06
max(min|c_i|) =    1.796667E-06

12    1.800000E+02    1.980000E+02
  -1.490568E-10   -7.846531E-11    2.936377E-11   -7.355704E-12    1.383208E-12   -2.076593E-13   -6.552978E-12 |    2.076593E-13
  -3.183061E-07   -1.290306E-07    3.779413E-08   -7.268387E-09    1.037001E-09   -1.163867E-10   -2.845748E-08 |    1.163867E-10
  -6.346520E-05   -1.872463E-05    4.189864E-06   -5.944998E-07    6.140870E-08   -4.742429E-09   -9.793980E-06 |    4.742429E-09
   2.520573E-03    4.857613E-04   -7.728091E-05    6.874575E-06   -4.069876E-07    9.285995E-09    6.081278E-04 |    9.285995E-09
max(min|c_i|) =    9.285995E-09

13    1.980000E+02    2.178000E+02
  -6.552978E-12   -3.677839E-12    1.612601E-12   -4.207518E-13    9.396920E-14   -1.468799E-14 |    1.468799E-14
  -2.845748E-08   -1.224720E-08    4.595413E-09   -8.664605E-10    1.623202E-10   -1.774750E-11 |    1.774750E-11
  -9.793980E-06   -3.042471E-06    1.000357E-06   -1.262850E-07    2.066184E-08   -1.353421E-09 |    1.353421E-09
   6.081278E-04    1.240137E-04   -3.617729E-05    2.472175E-06   -3.844163E-07    5.511775E-09 |    5.511775E-09
max(min|c_i|) =    5.511775E-09

----- EIGENVALUES -----
EIGENVALUE n=0 -1.999999993E-02
EIGENVALUE n=1 -1.388888880E-02
EIGENVALUE n=2 -1.020408155E-02
EIGENVALUE n=3 -7.812498624E-03

ALL_EIGENVALUES: | 7 | 83 |  -1.999999993E-02 | -1.388888880E-02 | -1.020408155E-02 | -7.812498624E-03 |

----- DOMAIN EXPANDED -----
RMAX BEFORE:  2.178000000E+02
RMAX AFTER:  2.395800000E+02


========== ADAPTIVE STEP 8 ==========
Number of elements: 15
Degrees of freedom: 89
Domain: [0, 2.395800000E+02]

0    0.000000E+00    7.500000E+00
  -1.277044E-02   -4.660776E-03   -5.221332E-05    3.060721E-04    1.029102E-06   -1.800167E-02 |    1.029102E-06
   1.291353E-02    4.553805E-03   -8.139917E-05   -3.451292E-04    3.446451E-07    1.835947E-02 |    3.446451E-07
   1.167656E-02    4.027870E-03   -1.486988E-04   -3.314441E-04    1.389779E-06    1.668917E-02 |    1.389779E-06
  -1.028969E-02   -3.497052E-03    1.747035E-04    3.031380E-04   -1.961436E-06   -1.475865E-02 |    1.961436E-06
max(min|c_i|) =    1.961436E-06

1    7.500000E+00    1.500000E+01
  -1.800167E-02   -1.403654E-02    4.835917E-03    4.296339E-04   -1.265605E-04    2.392879E-06   -1.285350E-01 |    2.392879E-06
   1.835947E-02    4.926943E-03   -6.676519E-03   -3.568656E-04    1.677495E-04   -3.806964E-06    1.122150E-01 |    3.806964E-06
   1.668917E-02   -8.904990E-05   -6.765013E-03   -2.258939E-04    1.766561E-04   -4.749860E-06    9.243033E-02 |    4.749860E-06
  -1.475865E-02    2.504767E-03    6.295916E-03    1.266815E-04   -1.705407E-04    5.199549E-06   -7.650493E-02 |    5.199549E-06
max(min|c_i|) =    5.199549E-06

2    1.500000E+01    2.250000E+01
  -1.285350E-01    1.960621E-02    2.152571E-03   -5.151022E-04    7.651574E-06    4.369903E-06   -2.177890E-01 |    4.369903E-06
   1.122150E-01   -3.290341E-02   -1.037312E-03    7.861354E-04   -2.379254E-05   -6.240842E-06    1.220701E-01 |    6.240842E-06
   9.243033E-02   -3.204998E-02    4.589056E-04    8.594855E-04   -3.849853E-05   -6.817348E-06    6.982012E-02 |    6.817348E-06
  -7.650493E-02    2.822256E-02   -1.358115E-03   -8.256975E-04    4.747681E-05    6.670212E-06   -4.225328E-02 |    6.670212E-06
max(min|c_i|) =    6.817348E-06

3    2.250000E+01    3.000000E+01
  -2.177890E-01    1.803629E-02   -1.792093E-03   -1.143576E-04    2.521496E-05   -1.122270E-06   -2.047801E-01 |    1.122270E-06
   1.220701E-01   -1.562237E-02    4.096821E-03    4.567094E-05   -4.213805E-05    2.225224E-06    7.412461E-09 |    7.412461E-09
   6.982012E-02   -3.657671E-03    5.069768E-03   -9.578578E-05   -4.947977E-05    3.164415E-06   -5.194658E-02 |    3.164415E-06
  -4.225328E-02   -3.742026E-03   -4.939908E-03    2.122865E-04    4.937527E-05   -3.767334E-06    6.099710E-02 |    3.767334E-06
max(min|c_i|) =    3.767334E-06

4    3.000000E+01    3.750000E+01
  -2.047801E-01    3.632719E-03   -1.547112E-03    9.846471E-05    3.087586E-06   -7.543964E-07   -1.394428E-01 |    7.543964E-07
   7.412461E-09    1.075519E-02    2.165582E-03   -2.630469E-04    3.181910E-08    1.387239E-06   -1.288596E-01 |    7.412461E-09
  -5.194658E-02    2.314770E-02    1.338417E-03   -3.876827E-04    7.514396E-06    1.755596E-06   -1.161998E-01 |    1.755596E-06
   6.099710E-02   -2.495093E-02   -1.652324E-04    4.278895E-04   -1.526330E-05   -1.836809E-06    8.150769E-02 |    1.836809E-06
max(min|c_i|) =    1.836809E-06

5    3.750000E+01    4.500000E+01
  -1.394428E-01   -3.810279E-03   -4.230532E-04    7.479030E-05   -3.755977E-06   -4.008252E-08   -7.742134E-02 |    4.008252E-08
  -1.288596E-01    1.681308E-02   -3.642385E-04   -1.379826E-04    1.097859E-05   -7.419226E-08   -1.837320E-01 |    7.419226E-08
  -1.161998E-01    1.922762E-02   -1.865546E-03   -1.280162E-04    1.837253E-05   -3.451817E-07   -6.849266E-02 |    3.451817E-07
   8.150769E-02   -1.199525E-02    2.829188E-03    6.124817E-05   -2.277342E-05    6.720415E-07    3.906853E-03 |    6.720415E-07
max(min|c_i|) =    6.720415E-07

6    4.500000E+01    6.000000E+01
  -7.742134E-02   -1.546012E-02    1.535291E-03    1.179570E-04   -4.828807E-05    5.691291E-06   -1.624317E-02 |    5.691291E-06
  -1.837320E-01    2.506619E-02   -7.791368E-03    4.419522E-04    8.575747E-05   -1.636268E-05   -1.271079E-01 |    1.636268E-05
  -6.849266E-02   -1.223281E-02   -1.125094E-02    1.637695E-03    5.332863E-05   -2.775604E-05    1.198881E-01 |    2.775604E-05
   3.906853E-03    5.032693E-02    7.668945E-03   -2.653724E-03    4.843493E-05    3.455664E-05   -1.028260E-01 |    3.455664E-05
max(min|c_i|) =    3.455664E-05

7    6.000000E+01    7.500000E+01
  -1.624317E-02   -4.648970E-03    9.137813E-04   -9.602235E-05    3.854316E-06    4.307310E-07   -2.467957E-03 |    4.307310E-07
  -1.271079E-01   -8.676921E-03   -1.158767E-03    3.867215E-04   -3.699894E-05    5.550614E-07   -4.776145E-02 |    5.550614E-07
   1.198881E-01   -3.437698E-02    3.146745E-03    4.597468E-04   -9.548181E-05    4.724031E-06    1.569493E-01 |    4.724031E-06
  -1.028260E-01    2.561982E-02   -8.852995E-03    2.269742E-05    1.388995E-04   -1.155006E-05    1.858312E-02 |    1.155006E-05
max(min|c_i|) =    1.155006E-05

8    7.500000E+01    9.000000E+01
  -2.467957E-03   -8.275345E-04    1.975785E-04   -2.909156E-05    2.863862E-06   -1.806183E-07   -3.057456E-04 |    1.806183E-07
  -4.776145E-02   -7.628395E-03    7.468498E-04    8.842414E-06   -9.732430E-06    1.114992E-06   -1.300727E-02 |    1.114992E-06
   1.569493E-01   -5.967033E-03    2.911537E-03   -2.618677E-04   -4.413039E-06    2.572909E-06    9.632270E-02 |    2.572909E-06
   1.858312E-02   -2.164022E-02   -2.286012E-03    6.557289E-04   -2.873769E-05   -3.165452E-06    1.321514E-01 |    3.165452E-06
max(min|c_i|) =    3.165452E-06

9    9.000000E+01    1.200000E+02
  -3.057456E-04   -2.113667E-04    1.044941E-04   -3.462145E-05    8.439400E-06   -1.585164E-06   -3.193744E-06 |    1.585164E-06
  -1.300727E-02   -6.517048E-03    2.133308E-03   -4.057897E-04    4.207333E-05    5.577914E-08   -5.539860E-04 |    5.577914E-08
   9.632270E-02    2.214860E-02   -8.513645E-04   -9.631674E-04    2.492602E-04   -2.599858E-05    1.444126E-02 |    2.599858E-05
   1.321514E-01   -4.248440E-02    1.554492E-02   -7.864920E-04   -4.055116E-04    8.605129E-05    8.943441E-02 |    8.605129E-05
max(min|c_i|) =    8.605129E-05

10    1.200000E+02    1.500000E+02
  -3.193744E-06   -2.325966E-06    1.239502E-06   -4.528039E-07    1.247859E-07   -2.745257E-08   -2.416172E-08 |    2.416172E-08
  -5.539860E-04   -3.213214E-04    1.292116E-04   -3.384248E-05    6.361878E-06   -8.910443E-07   -1.518852E-05 |    8.910443E-07
   1.444126E-02    5.776050E-03   -1.493610E-03    2.088323E-04   -1.163241E-05   -1.486915E-06    1.146293E-03 |    1.486915E-06
   8.943441E-02    1.450316E-02    2.298064E-04   -6.287080E-04    1.133315E-04   -7.458866E-06    1.945447E-02 |    7.458866E-06
max(min|c_i|) =    7.458866E-06

11    1.500000E+02    1.800000E+02
  -2.416172E-08   -1.809419E-08    1.003161E-08   -3.849928E-09    1.124382E-09   -2.649418E-10   -1.490570E-10 |    1.490570E-10
  -1.518852E-05   -9.425551E-06    4.137767E-06   -1.214300E-06    2.644221E-07   -4.517678E-08   -3.183179E-07 |    4.517678E-08
   1.146293E-03    5.453036E-04   -1.778010E-04    3.666478E-05   -5.236295E-06    5.222147E-07    6.348948E-05 |    5.222147E-07
   1.945447E-02    5.973722E-03   -1.171862E-03    1.040779E-04    2.051691E-06   -1.794111E-06    2.527635E-03 |    1.794111E-06
max(min|c_i|) =    1.794111E-06

12    1.800000E+02    1.980000E+02
  -1.490570E-10   -7.846876E-11    2.936251E-11   -7.356321E-12    1.383136E-12   -2.077300E-13   -6.559278E-12 |    2.077300E-13
  -3.183179E-07   -1.290832E-07    3.777821E-08   -7.271622E-09    1.036504E-09   -1.164489E-10   -2.858608E-08 |    1.164489E-10
   6.348948E-05    1.876929E-05   -4.179179E-06    5.962205E-07   -6.119809E-08    4.763319E-09    9.942351E-06 |    4.763319E-09
   2.527635E-03    4.909690E-04   -7.631180E-05    6.997284E-06   -3.950483E-07    1.023480E-08    6.339942E-04 |    1.023480E-08
max(min|c_i|) =    1.023480E-08

13    1.980000E+02    2.178000E+02
  -6.559278E-12   -3.794859E-12    1.563882E-12   -4.347717E-13    9.113006E-14   -1.526252E-14   -2.012870E-13 |    1.526252E-14
  -2.858608E-08   -1.312399E-08    4.300759E-09   -9.331445E-10    1.508893E-10   -1.932921E-11   -1.893782E-09 |    1.932921E-11
   9.942351E-06    3.462423E-06   -8.870742E-07    1.468340E-07   -1.783304E-08    1.668498E-09    1.187205E-06 |    1.668498E-09
   6.339942E-04    1.548753E-04   -2.958700E-05    3.425135E-06   -2.790827E-07    1.499140E-08    1.224352E-04 |    1.499140E-08
max(min|c_i|) =    1.499140E-08

14    2.178000E+02    2.395800E+02
  -2.012870E-13   -1.241837E-13    5.847135E-14   -1.725413E-14    4.222264E-15   -7.100984E-16 |    7.100984E-16
  -1.893782E-09   -9.278535E-10    3.727035E-10   -8.207005E-11    1.657521E-11   -2.154464E-12 |    2.154464E-12
   1.187205E-06    4.389902E-07   -1.537118E-07    2.400056E-08   -4.171345E-09    3.604798E-10 |    3.604798E-10
   1.224352E-04    3.172048E-05   -9.825029E-06    9.591390E-07   -1.501672E-07    6.121562E-09 |    6.121562E-09
max(min|c_i|) =    6.121562E-09

----- EIGENVALUES -----
EIGENVALUE n=0 -1.999999993E-02
EIGENVALUE n=1 -1.388888880E-02
EIGENVALUE n=2 -1.020408155E-02
EIGENVALUE n=3 -7.812499895E-03

ALL_EIGENVALUES: | 8 | 89 |  -1.999999993E-02 | -1.388888880E-02 | -1.020408155E-02 | -7.812499895E-03 |

----- DOMAIN EXPANDED -----
RMAX BEFORE:  2.395800000E+02
RMAX AFTER:  2.635380000E+02


========== ADAPTIVE STEP 9 ==========
Number of elements: 16
Degrees of freedom: 95
Domain: [0, 2.635380000E+02]

0    0.000000E+00    7.500000E+00
   1.277044E-02    4.660776E-03    5.221332E-05   -3.060721E-04   -1.029102E-06    1.800167E-02 |    1.029102E-06
   1.291353E-02    4.553805E-03   -8.139917E-05   -3.451292E-04    3.446451E-07    1.835947E-02 |    3.446451E-07
  -1.167656E-02   -4.027870E-03    1.486988E-04    3.314441E-04   -1.389779E-06   -1.668917E-02 |    1.389779E-06
  -1.028969E-02   -3.497052E-03    1.747035E-04    3.031379E-04   -1.961436E-06   -1.475865E-02 |    1.961436E-06
max(min|c_i|) =    1.961436E-06

1    7.500000E+00    1.500000E+01
   1.800167E-02    1.403654E-02   -4.835917E-03   -4.296339E-04    1.265605E-04   -2.392879E-06    1.285350E-01 |    2.392879E-06
   1.835947E-02    4.926943E-03   -6.676519E-03   -3.568656E-04    1.677495E-04   -3.806964E-06    1.122150E-01 |    3.806964E-06
  -1.668917E-02    8.904990E-05    6.765013E-03    2.258939E-04   -1.766561E-04    4.749860E-06   -9.243033E-02 |    4.749860E-06
  -1.475865E-02    2.504767E-03    6.295916E-03    1.266815E-04   -1.705407E-04    5.199549E-06   -7.650493E-02 |    5.199549E-06
max(min|c_i|) =    5.199549E-06

2    1.500000E+01    2.250000E+01
   1.285350E-01   -1.960621E-02   -2.152571E-03    5.151022E-04   -7.651574E-06   -4.369903E-06    2.177890E-01 |    4.369903E-06
   1.122150E-01   -3.290341E-02   -1.037312E-03    7.861354E-04   -2.379254E-05   -6.240842E-06    1.220701E-01 |    6.240842E-06
  -9.243033E-02    3.204998E-02   -4.589056E-04   -8.594855E-04    3.849853E-05    6.817348E-06   -6.982012E-02 |    6.817348E-06
  -7.650493E-02    2.822255E-02   -1.358115E-03   -8.256974E-04    4.747680E-05    6.670212E-06   -4.225328E-02 |    6.670212E-06
max(min|c_i|) =    6.817348E-06

3    2.250000E+01    3.000000E+01
   2.177890E-01   -1.803629E-02    1.792093E-03    1.143576E-04   -2.521496E-05    1.122270E-06    2.047801E-01 |    1.122270E-06
   1.220701E-01   -1.562237E-02    4.096821E-03    4.567094E-05   -4.213805E-05    2.225224E-06    7.412467E-09 |    7.412467E-09
  -6.982012E-02    3.657671E-03   -5.069768E-03    9.578578E-05    4.947977E-05   -3.164415E-06    5.194658E-02 |    3.164415E-06
  -4.225328E-02   -3.742026E-03   -4.939907E-03    2.122865E-04    4.937526E-05   -3.767333E-06    6.099709E-02 |    3.767333E-06
max(min|c_i|) =    3.767333E-06

4    3.000000E+01    3.750000E+01
   2.047801E-01   -3.632719E-03    1.547112E-03   -9.846471E-05   -3.087586E-06    7.543964E-07    1.394428E-01 |    7.543964E-07
   7.412467E-09    1.075519E-02    2.165582E-03   -2.630469E-04    3.181911E-08    1.387239E-06   -1.288596E-01 |    7.412467E-09
   5.194658E-02   -2.314770E-02   -1.338417E-03    3.876827E-04   -7.514396E-06   -1.755596E-06    1.161998E-01 |    1.755596E-06
   6.099709E-02   -2.495093E-02   -1.652324E-04    4.278895E-04   -1.526330E-05   -1.836809E-06    8.150769E-02 |    1.836809E-06
max(min|c_i|) =    1.836809E-06

5    3.750000E+01    4.500000E+01
   1.394428E-01    3.810279E-03    4.230532E-04   -7.479030E-05    3.755977E-06    4.008252E-08    7.742134E-02 |    4.008252E-08
  -1.288596E-01    1.681308E-02   -3.642385E-04   -1.379826E-04    1.097859E-05   -7.419226E-08   -1.837320E-01 |    7.419226E-08
   1.161998E-01   -1.922762E-02    1.865546E-03    1.280162E-04   -1.837253E-05    3.451817E-07    6.849266E-02 |    3.451817E-07
   8.150769E-02   -1.199525E-02    2.829188E-03    6.124817E-05   -2.277341E-05    6.720414E-07    3.906853E-03 |    6.720414E-07
max(min|c_i|) =    6.720414E-07

6    4.500000E+01    6.000000E+01
   7.742134E-02    1.546012E-02   -1.535291E-03   -1.179570E-04    4.828807E-05   -5.691291E-06    1.624317E-02 |    5.691291E-06
  -1.837320E-01    2.506619E-02   -7.791368E-03    4.419522E-04    8.575747E-05   -1.636268E-05   -1.271079E-01 |    1.636268E-05
   6.849266E-02    1.223281E-02    1.125094E-02   -1.637695E-03   -5.332863E-05    2.775604E-05   -1.198881E-01 |    2.775604E-05
   3.906853E-03    5.032693E-02    7.668944E-03   -2.653724E-03    4.843492E-05    3.455663E-05   -1.028260E-01 |    3.455663E-05
max(min|c_i|) =    3.455663E-05

7    6.000000E+01    7.500000E+01
   1.624317E-02    4.648970E-03   -9.137813E-04    9.602235E-05   -3.854316E-06   -4.307310E-07    2.467957E-03 |    4.307310E-07
  -1.271079E-01   -8.676921E-03   -1.158767E-03    3.867215E-04   -3.699894E-05    5.550614E-07   -4.776145E-02 |    5.550614E-07
  -1.198881E-01    3.437698E-02   -3.146745E-03   -4.597468E-04    9.548181E-05   -4.724031E-06   -1.569493E-01 |    4.724031E-06
  -1.028260E-01    2.561982E-02   -8.852994E-03    2.269741E-05    1.388995E-04   -1.155006E-05    1.858312E-02 |    1.155006E-05
max(min|c_i|) =    1.155006E-05

8    7.500000E+01    9.000000E+01
   2.467957E-03    8.275345E-04   -1.975785E-04    2.909156E-05   -2.863862E-06    1.806183E-07    3.057456E-04 |    1.806183E-07
  -4.776145E-02   -7.628395E-03    7.468498E-04    8.842414E-06   -9.732430E-06    1.114992E-06   -1.300727E-02 |    1.114992E-06
  -1.569493E-01    5.967033E-03   -2.911537E-03    2.618677E-04    4.413039E-06   -2.572909E-06   -9.632270E-02 |    2.572909E-06
   1.858312E-02   -2.164022E-02   -2.286012E-03    6.557289E-04   -2.873769E-05   -3.165452E-06    1.321514E-01 |    3.165452E-06
max(min|c_i|) =    3.165452E-06

9    9.000000E+01    1.200000E+02
   3.057456E-04    2.113667E-04   -1.044941E-04    3.462145E-05   -8.439400E-06    1.585164E-06    3.193744E-06 |    1.585164E-06
  -1.300727E-02   -6.517048E-03    2.133308E-03   -4.057897E-04    4.207333E-05    5.577914E-08   -5.539860E-04 |    5.577914E-08
  -9.632270E-02   -2.214860E-02    8.513645E-04    9.631674E-04   -2.492602E-04    2.599858E-05   -1.444126E-02 |    2.599858E-05
   1.321514E-01   -4.248439E-02    1.554492E-02   -7.864919E-04   -4.055115E-04    8.605128E-05    8.943442E-02 |    8.605128E-05
max(min|c_i|) =    8.605128E-05

10    1.200000E+02    1.500000E+02
   3.193744E-06    2.325966E-06   -1.239502E-06    4.528039E-07   -1.247859E-07    2.745257E-08    2.416172E-08 |    2.416172E-08
  -5.539860E-04   -3.213214E-04    1.292116E-04   -3.384248E-05    6.361878E-06   -8.910443E-07   -1.518852E-05 |    8.910443E-07
  -1.444126E-02   -5.776050E-03    1.493610E-03   -2.088323E-04    1.163241E-05    1.486915E-06   -1.146293E-03 |    1.486915E-06
   8.943442E-02    1.450316E-02    2.298082E-04   -6.287077E-04    1.133316E-04   -7.458860E-06    1.945450E-02 |    7.458860E-06
max(min|c_i|) =    7.458860E-06

11    1.500000E+02    1.800000E+02
   2.416172E-08    1.809419E-08   -1.003161E-08    3.849928E-09   -1.124382E-09    2.649417E-10    1.490571E-10 |    1.490571E-10
  -1.518852E-05   -9.425551E-06    4.137767E-06   -1.214300E-06    2.644221E-07   -4.517678E-08   -3.183179E-07 |    4.517678E-08
  -1.146293E-03   -5.453037E-04    1.778009E-04   -3.666479E-05    5.236294E-06   -5.222150E-07   -6.348969E-05 |    5.222150E-07
   1.945450E-02    5.973781E-03   -1.171845E-03    1.040812E-04    2.052195E-06   -1.794047E-06    2.527810E-03 |    1.794047E-06
max(min|c_i|) =    1.794047E-06

12    1.800000E+02    1.980000E+02
   1.490571E-10    7.846857E-11   -2.936252E-11    7.356102E-12   -1.383130E-12    2.076766E-13    6.559262E-12 |    2.076766E-13
  -3.183179E-07   -1.290834E-07    3.777818E-08   -7.271629E-09    1.036503E-09   -1.164489E-10   -2.858638E-08 |    1.164489E-10
  -6.348969E-05   -1.876967E-05    4.179088E-06   -5.962351E-07    6.119631E-08   -4.763496E-09   -9.943605E-06 |    4.763496E-09
   2.527810E-03    4.910984E-04   -7.628771E-05    7.000334E-06   -3.947515E-07    1.025839E-08    6.346372E-04 |    1.025839E-08
max(min|c_i|) =    1.025839E-08

13    1.980000E+02    2.178000E+02
   6.559262E-12    3.794881E-12   -1.563763E-12    4.345578E-13   -9.099353E-14    1.530707E-14    2.013995E-13 |    1.530707E-14
  -2.858638E-08   -1.312603E-08    4.300076E-09   -9.332989E-10    1.508625E-10   -1.933295E-11   -1.898174E-09 |    1.933295E-11
  -9.943605E-06   -3.465971E-06    8.861170E-07   -1.470076E-07    1.780914E-08   -1.671160E-09   -1.197236E-06 |    1.671160E-09
   6.346372E-04    1.556424E-04   -2.942318E-05    3.448823E-06   -2.764643E-07    1.522704E-08    1.254787E-04 |    1.522704E-08
max(min|c_i|) =    1.522704E-08

14    2.178000E+02    2.395800E+02
   2.013995E-13    1.268109E-13   -5.730244E-14    1.762430E-14   -4.082232E-15    7.646120E-16    4.189629E-15 |    7.646120E-16
  -1.898174E-09   -9.745760E-10    3.553245E-10   -8.643933E-11    1.574214E-11   -2.282830E-12   -9.036116E-11 |    2.282830E-12
  -1.197236E-06   -4.829516E-07    1.404116E-07   -2.670856E-08    3.753204E-09   -4.126694E-10   -1.076203E-07 |    4.126694E-10
   1.254787E-04    3.750259E-05   -8.417142E-06    1.190514E-06   -1.211966E-07    9.066881E-09    1.889843E-05 |    9.066881E-09
max(min|c_i|) =    9.066881E-09

15    2.395800E+02    2.635380E+02
   4.189629E-15    2.773451E-15   -1.457119E-15    4.873356E-16   -1.088202E-16    7.312929E-17 |    7.312929E-17
  -9.036116E-11   -4.963021E-11    2.141382E-11   -5.424575E-12    1.187688E-12   -1.799952E-13 |    1.799952E-13
  -1.076203E-07   -4.639121E-08    1.738018E-08   -3.264277E-09    6.093111E-10   -6.567139E-11 |    6.567139E-11
   1.889843E-05    6.023811E-06   -1.988950E-06    2.553136E-07   -4.187168E-08    2.711720E-09 |    2.711720E-09
max(min|c_i|) =    2.711720E-09

----- EIGENVALUES -----
EIGENVALUE n=0 -1.999999993E-02
EIGENVALUE n=1 -1.388888880E-02
EIGENVALUE n=2 -1.020408155E-02
EIGENVALUE n=3 -7.812499927E-03

ALL_EIGENVALUES: | 9 | 95 |  -1.999999993E-02 | -1.388888880E-02 | -1.020408155E-02 | -7.812499927E-03 |

----- DOMAIN EXPANDED -----
RMAX BEFORE:  2.635380000E+02
RMAX AFTER:  2.898918000E+02


========== ADAPTIVE STEP 10 ==========
Number of elements: 17
Degrees of freedom: 101
Domain: [0, 2.898918000E+02]

0    0.000000E+00    7.500000E+00
  -1.277044E-02   -4.660776E-03   -5.221332E-05    3.060721E-04    1.029102E-06   -1.800167E-02 |    1.029102E-06
  -1.291353E-02   -4.553805E-03    8.139917E-05    3.451292E-04   -3.446451E-07   -1.835947E-02 |    3.446451E-07
   1.167656E-02    4.027870E-03   -1.486988E-04   -3.314441E-04    1.389779E-06    1.668917E-02 |    1.389779E-06
  -1.028969E-02   -3.497052E-03    1.747035E-04    3.031379E-04   -1.961436E-06   -1.475865E-02 |    1.961436E-06
max(min|c_i|) =    1.961436E-06

1    7.500000E+00    1.500000E+01
  -1.800167E-02   -1.403654E-02    4.835917E-03    4.296339E-04   -1.265605E-04    2.392879E-06   -1.285350E-01 |    2.392879E-06
  -1.835947E-02   -4.926943E-03    6.676519E-03    3.568656E-04   -1.677495E-04    3.806964E-06   -1.122150E-01 |    3.806964E-06
   1.668917E-02   -8.904990E-05   -6.765013E-03   -2.258939E-04    1.766561E-04   -4.749860E-06    9.243033E-02 |    4.749860E-06
  -1.475865E-02    2.504767E-03    6.295916E-03    1.266815E-04   -1.705407E-04    5.199549E-06   -7.650493E-02 |    5.199549E-06
max(min|c_i|) =    5.199549E-06

2    1.500000E+01    2.250000E+01
  -1.285350E-01    1.960621E-02    2.152571E-03   -5.151022E-04    7.651574E-06    4.369903E-06   -2.177890E-01 |    4.369903E-06
  -1.122150E-01    3.290341E-02    1.037312E-03   -7.861354E-04    2.379254E-05    6.240842E-06   -1.220701E-01 |    6.240842E-06
   9.243033E-02   -3.204998E-02    4.589056E-04    8.594855E-04   -3.849853E-05   -6.817348E-06    6.982012E-02 |    6.817348E-06
  -7.650493E-02    2.822255E-02   -1.358115E-03   -8.256974E-04    4.747680E-05    6.670212E-06   -4.225328E-02 |    6.670212E-06
max(min|c_i|) =    6.817348E-06

3    2.250000E+01    3.000000E+01
  -2.177890E-01    1.803629E-02   -1.792093E-03   -1.143576E-04    2.521496E-05   -1.122270E-06   -2.047801E-01 |    1.122270E-06
  -1.220701E-01    1.562237E-02   -4.096821E-03   -4.567094E-05    4.213805E-05   -2.225224E-06   -7.412450E-09 |    7.412450E-09
   6.982012E-02   -3.657671E-03    5.069768E-03   -9.578578E-05   -4.947977E-05    3.164415E-06   -5.194658E-02 |    3.164415E-06
  -4.225328E-02   -3.742026E-03   -4.939907E-03    2.122865E-04    4.937526E-05   -3.767333E-06    6.099709E-02 |    3.767333E-06
max(min|c_i|) =    3.767333E-06

4    3.000000E+01    3.750000E+01
  -2.047801E-01    3.632719E-03   -1.547112E-03    9.846471E-05    3.087586E-06   -7.543964E-07   -1.394428E-01 |    7.543964E-07
  -7.412450E-09   -1.075519E-02   -2.165582E-03    2.630469E-04   -3.181910E-08   -1.387239E-06    1.288596E-01 |    7.412450E-09
  -5.194658E-02    2.314770E-02    1.338417E-03   -3.876827E-04    7.514396E-06    1.755596E-06   -1.161998E-01 |    1.755596E-06
   6.099709E-02   -2.495093E-02   -1.652324E-04    4.278895E-04   -1.526330E-05   -1.836809E-06    8.150769E-02 |    1.836809E-06
max(min|c_i|) =    1.836809E-06

5    3.750000E+01    4.500000E+01
  -1.394428E-01   -3.810279E-03   -4.230532E-04    7.479030E-05   -3.755977E-06   -4.008252E-08   -7.742134E-02 |    4.008252E-08
   1.288596E-01   -1.681308E-02    3.642385E-04    1.379826E-04   -1.097859E-05    7.419226E-08    1.837320E-01 |    7.419226E-08
  -1.161998E-01    1.922762E-02   -1.865546E-03   -1.280162E-04    1.837253E-05   -3.451817E-07   -6.849266E-02 |    3.451817E-07
   8.150769E-02   -1.199525E-02    2.829188E-03    6.124817E-05   -2.277341E-05    6.720414E-07    3.906853E-03 |    6.720414E-07
max(min|c_i|) =    6.720414E-07

6    4.500000E+01    6.000000E+01
  -7.742134E-02   -1.546012E-02    1.535291E-03    1.179570E-04   -4.828807E-05    5.691291E-06   -1.624317E-02 |    5.691291E-06
   1.837320E-01   -2.506619E-02    7.791368E-03   -4.419522E-04   -8.575747E-05    1.636268E-05    1.271079E-01 |    1.636268E-05
  -6.849266E-02   -1.223281E-02   -1.125094E-02    1.637695E-03    5.332863E-05   -2.775604E-05    1.198881E-01 |    2.775604E-05
   3.906853E-03    5.032693E-02    7.668944E-03   -2.653724E-03    4.843492E-05    3.455663E-05   -1.028260E-01 |    3.455663E-05
max(min|c_i|) =    3.455663E-05

7    6.000000E+01    7.500000E+01
  -1.624317E-02   -4.648970E-03    9.137813E-04   -9.602235E-05    3.854316E-06    4.307310E-07   -2.467957E-03 |    4.307310E-07
   1.271079E-01    8.676921E-03    1.158767E-03   -3.867215E-04    3.699894E-05   -5.550614E-07    4.776145E-02 |    5.550614E-07
   1.198881E-01   -3.437698E-02    3.146745E-03    4.597468E-04   -9.548181E-05    4.724031E-06    1.569493E-01 |    4.724031E-06
  -1.028260E-01    2.561982E-02   -8.852994E-03    2.269741E-05    1.388995E-04   -1.155006E-05    1.858312E-02 |    1.155006E-05
max(min|c_i|) =    1.155006E-05

8    7.500000E+01    9.000000E+01
  -2.467957E-03   -8.275345E-04    1.975785E-04   -2.909156E-05    2.863862E-06   -1.806183E-07   -3.057456E-04 |    1.806183E-07
   4.776145E-02    7.628395E-03   -7.468498E-04   -8.842414E-06    9.732430E-06   -1.114992E-06    1.300727E-02 |    1.114992E-06
   1.569493E-01   -5.967033E-03    2.911537E-03   -2.618677E-04   -4.413039E-06    2.572909E-06    9.632270E-02 |    2.572909E-06
   1.858312E-02   -2.164022E-02   -2.286012E-03    6.557289E-04   -2.873769E-05   -3.165452E-06    1.321514E-01 |    3.165452E-06
max(min|c_i|) =    3.165452E-06

9    9.000000E+01    1.200000E+02
  -3.057456E-04   -2.113667E-04    1.044941E-04   -3.462145E-05    8.439400E-06   -1.585164E-06   -3.193744E-06 |    1.585164E-06
   1.300727E-02    6.517048E-03   -2.133308E-03    4.057897E-04   -4.207333E-05   -5.577914E-08    5.539860E-04 |    5.577914E-08
   9.632270E-02    2.214860E-02   -8.513645E-04   -9.631674E-04    2.492602E-04   -2.599858E-05    1.444126E-02 |    2.599858E-05
   1.321514E-01   -4.248439E-02    1.554492E-02   -7.864919E-04   -4.055115E-04    8.605128E-05    8.943442E-02 |    8.605128E-05
max(min|c_i|) =    8.605128E-05

10    1.200000E+02    1.500000E+02
  -3.193744E-06   -2.325966E-06    1.239502E-06   -4.528039E-07    1.247859E-07   -2.745257E-08   -2.416172E-08 |    2.416172E-08
   5.539860E-04    3.213214E-04   -1.292116E-04    3.384248E-05   -6.361878E-06    8.910443E-07    1.518852E-05 |    8.910443E-07
   1.444126E-02    5.776050E-03   -1.493610E-03    2.088323E-04   -1.163241E-05   -1.486915E-06    1.146293E-03 |    1.486915E-06
   8.943442E-02    1.450316E-02    2.298083E-04   -6.287077E-04    1.133316E-04   -7.458860E-06    1.945450E-02 |    7.458860E-06
max(min|c_i|) =    7.458860E-06

11    1.500000E+02    1.800000E+02
  -2.416172E-08   -1.809419E-08    1.003161E-08   -3.849928E-09    1.124382E-09   -2.649417E-10   -1.490571E-10 |    1.490571E-10
   1.518852E-05    9.425551E-06   -4.137767E-06    1.214300E-06   -2.644221E-07    4.517678E-08    3.183179E-07 |    4.517678E-08
   1.146293E-03    5.453037E-04   -1.778009E-04    3.666479E-05   -5.236294E-06    5.222150E-07    6.348969E-05 |    5.222150E-07
   1.945450E-02    5.973782E-03   -1.171844E-03    1.040813E-04    2.052202E-06   -1.794046E-06    2.527813E-03 |    1.794046E-06
max(min|c_i|) =    1.794046E-06

12    1.800000E+02    1.980000E+02
  -1.490571E-10   -7.846857E-11    2.936258E-11   -7.356254E-12    1.383221E-12   -2.076258E-13   -6.559270E-12 |    2.076258E-13
   3.183179E-07    1.290834E-07   -3.777818E-08    7.271629E-09   -1.036503E-09    1.164491E-10    2.858638E-08 |    1.164491E-10
   6.348969E-05    1.876967E-05   -4.179088E-06    5.962351E-07   -6.119630E-08    4.763497E-09    9.943611E-06 |    4.763497E-09
   2.527813E-03    4.911002E-04   -7.628737E-05    7.000376E-06   -3.947473E-07    1.025872E-08    6.346462E-04 |    1.025872E-08
max(min|c_i|) =    1.025872E-08

13    1.980000E+02    2.178000E+02
  -6.559270E-12   -3.794899E-12    1.563907E-12   -4.345500E-13    9.098483E-14   -1.524918E-14   -2.013345E-13 |    1.524918E-14
   2.858638E-08    1.312603E-08   -4.300075E-09    9.332990E-10   -1.508623E-10    1.933289E-11    1.898178E-09 |    1.933289E-11
   9.943611E-06    3.465987E-06   -8.861128E-07    1.470084E-07   -1.780903E-08    1.671172E-09    1.197281E-06 |    1.671172E-09
   6.346462E-04    1.556531E-04   -2.942090E-05    3.449154E-06   -2.764278E-07    1.523033E-08    1.255212E-04 |    1.523033E-08
max(min|c_i|) =    1.523033E-08

14    2.178000E+02    2.395800E+02
  -2.013345E-13   -1.267518E-13    5.730215E-14   -1.754020E-14    4.082083E-15   -8.779188E-16   -4.154079E-15 |    8.779188E-16
   1.898178E-09    9.746280E-10   -3.553050E-10    8.644409E-11   -1.574140E-11    2.283265E-12    9.046186E-11 |    2.283265E-12
   1.197281E-06    4.831481E-07   -1.403521E-07    2.672066E-08   -3.751336E-09    4.129024E-10    1.081012E-07 |    4.129024E-10
   1.255212E-04    3.758328E-05   -8.397495E-06    1.193743E-06   -1.207923E-07    9.107984E-09    1.916216E-05 |    9.107984E-09
max(min|c_i|) =    9.107984E-09

15    2.395800E+02    2.635380E+02
  -4.154079E-15   -2.847349E-15    1.393226E-15   -4.795632E-16    1.160253E-16   -3.262723E-17   -5.187375E-17 |    3.262723E-17
   9.046186E-11    5.133897E-11   -2.071324E-11    5.619511E-12   -1.146490E-12    1.871421E-13    2.992778E-12 |    1.871421E-13
   1.081012E-07    4.969038E-08   -1.626628E-08    3.517933E-09   -5.654997E-10    7.178615E-11    7.103857E-09 |    7.178615E-11
   1.916216E-05    6.817527E-06   -1.770002E-06    2.960264E-07   -3.611575E-08    3.371161E-09    2.190821E-06 |    3.371161E-09
max(min|c_i|) =    3.371161E-09

16    2.635380E+02    2.898918E+02
  -5.187375E-17   -3.704142E-17    1.997072E-17   -2.937629E-20   -1.269807E-17   -5.207318E-18 |    2.937629E-20
   2.992778E-12    1.816737E-12   -8.439138E-13    2.427771E-13   -5.778902E-14    1.012439E-14 |    1.012439E-14
   7.103857E-09    3.502833E-09   -1.409814E-09    3.116544E-10   -6.296581E-11    8.170977E-12 |    8.170977E-12
   2.190821E-06    8.359734E-07   -2.955587E-07    4.750302E-08   -8.320858E-09    7.322546E-10 |    7.322546E-10
max(min|c_i|) =    7.322546E-10

----- EIGENVALUES -----
EIGENVALUE n=0 -1.999999993E-02
EIGENVALUE n=1 -1.388888880E-02
EIGENVALUE n=2 -1.020408155E-02
EIGENVALUE n=3 -7.812499927E-03

ALL_EIGENVALUES: | 10 | 101 |  -1.999999993E-02 | -1.388888880E-02 | -1.020408155E-02 | -7.812499927E-03 |

----- DOMAIN EXPANDED -----
RMAX BEFORE:  2.898918000E+02
RMAX AFTER:  3.188809800E+02


========== ADAPTIVE STEP 11 ==========
Number of elements: 18
Degrees of freedom: 107
Domain: [0, 3.188809800E+02]

0    0.000000E+00    7.500000E+00
  -1.277044E-02   -4.660776E-03   -5.221332E-05    3.060721E-04    1.029102E-06   -1.800167E-02 |    1.029102E-06
  -1.291353E-02   -4.553805E-03    8.139917E-05    3.451292E-04   -3.446451E-07   -1.835947E-02 |    3.446451E-07
  -1.167656E-02   -4.027870E-03    1.486988E-04    3.314441E-04   -1.389779E-06   -1.668917E-02 |    1.389779E-06
  -1.028969E-02   -3.497052E-03    1.747035E-04    3.031379E-04   -1.961436E-06   -1.475865E-02 |    1.961436E-06
max(min|c_i|) =    1.961436E-06

1    7.500000E+00    1.500000E+01
  -1.800167E-02   -1.403654E-02    4.835917E-03    4.296339E-04   -1.265605E-04    2.392879E-06   -1.285350E-01 |    2.392879E-06
  -1.835947E-02   -4.926943E-03    6.676519E-03    3.568656E-04   -1.677495E-04    3.806964E-06   -1.122150E-01 |    3.806964E-06
  -1.668917E-02    8.904990E-05    6.765013E-03    2.258939E-04   -1.766561E-04    4.749860E-06   -9.243033E-02 |    4.749860E-06
  -1.475865E-02    2.504767E-03    6.295916E-03    1.266815E-04   -1.705407E-04    5.199549E-06   -7.650493E-02 |    5.199549E-06
max(min|c_i|) =    5.199549E-06

2    1.500000E+01    2.250000E+01
  -1.285350E-01    1.960621E-02    2.152571E-03   -5.151022E-04    7.651574E-06    4.369903E-06   -2.177890E-01 |    4.369903E-06
  -1.122150E-01    3.290341E-02    1.037312E-03   -7.861354E-04    2.379254E-05    6.240842E-06   -1.220701E-01 |    6.240842E-06
  -9.243033E-02    3.204998E-02   -4.589056E-04   -8.594855E-04    3.849853E-05    6.817348E-06   -6.982012E-02 |    6.817348E-06
  -7.650493E-02    2.822255E-02   -1.358115E-03   -8.256974E-04    4.747680E-05    6.670212E-06   -4.225328E-02 |    6.670212E-06
max(min|c_i|) =    6.817348E-06

3    2.250000E+01    3.000000E+01
  -2.177890E-01    1.803629E-02   -1.792093E-03   -1.143576E-04    2.521496E-05   -1.122270E-06   -2.047801E-01 |    1.122270E-06
  -1.220701E-01    1.562237E-02   -4.096821E-03   -4.567094E-05    4.213805E-05   -2.225224E-06   -7.412433E-09 |    7.412433E-09
  -6.982012E-02    3.657671E-03   -5.069768E-03    9.578578E-05    4.947977E-05   -3.164415E-06    5.194658E-02 |    3.164415E-06
  -4.225328E-02   -3.742026E-03   -4.939907E-03    2.122865E-04    4.937526E-05   -3.767333E-06    6.099709E-02 |    3.767333E-06
max(min|c_i|) =    3.767333E-06

4    3.000000E+01    3.750000E+01
  -2.047801E-01    3.632719E-03   -1.547112E-03    9.846471E-05    3.087586E-06   -7.543964E-07   -1.394428E-01 |    7.543964E-07
  -7.412433E-09   -1.075519E-02   -2.165582E-03    2.630469E-04   -3.181910E-08   -1.387239E-06    1.288596E-01 |    7.412433E-09
   5.194658E-02   -2.314770E-02   -1.338417E-03    3.876827E-04   -7.514396E-06   -1.755596E-06    1.161998E-01 |    1.755596E-06
   6.099709E-02   -2.495093E-02   -1.652324E-04    4.278895E-04   -1.526330E-05   -1.836809E-06    8.150769E-02 |    1.836809E-06
max(min|c_i|) =    1.836809E-06

5    3.750000E+01    4.500000E+01
  -1.394428E-01   -3.810279E-03   -4.230532E-04    7.479030E-05   -3.755977E-06   -4.008252E-08   -7.742134E-02 |    4.008252E-08
   1.288596E-01   -1.681308E-02    3.642385E-04    1.379826E-04   -1.097859E-05    7.419226E-08    1.837320E-01 |    7.419226E-08
   1.161998E-01   -1.922762E-02    1.865546E-03    1.280162E-04   -1.837253E-05    3.451817E-07    6.849266E-02 |    3.451817E-07
   8.150769E-02   -1.199525E-02    2.829188E-03    6.124817E-05   -2.277341E-05    6.720414E-07    3.906853E-03 |    6.720414E-07
max(min|c_i|) =    6.720414E-07

6    4.500000E+01    6.000000E+01
  -7.742134E-02   -1.546012E-02    1.535291E-03    1.179570E-04   -4.828807E-05    5.691291E-06   -1.624317E-02 |    5.691291E-06
   1.837320E-01   -2.506619E-02    7.791368E-03   -4.419522E-04   -8.575747E-05    1.636268E-05    1.271079E-01 |    1.636268E-05
   6.849266E-02    1.223281E-02    1.125094E-02   -1.637695E-03   -5.332863E-05    2.775604E-05   -1.198881E-01 |    2.775604E-05
   3.906853E-03    5.032693E-02    7.668944E-03   -2.653724E-03    4.843492E-05    3.455663E-05   -1.028260E-01 |    3.455663E-05
max(min|c_i|) =    3.455663E-05

7    6.000000E+01    7.500000E+01
  -1.624317E-02   -4.648970E-03    9.137813E-04   -9.602235E-05    3.854316E-06    4.307310E-07   -2.467957E-03 |    4.307310E-07
   1.271079E-01    8.676921E-03    1.158767E-03   -3.867215E-04    3.699894E-05   -5.550614E-07    4.776145E-02 |    5.550614E-07
  -1.198881E-01    3.437698E-02   -3.146745E-03   -4.597468E-04    9.548181E-05   -4.724031E-06   -1.569493E-01 |    4.724031E-06
  -1.028260E-01    2.561982E-02   -8.852994E-03    2.269741E-05    1.388995E-04   -1.155006E-05    1.858312E-02 |    1.155006E-05
max(min|c_i|) =    1.155006E-05

8    7.500000E+01    9.000000E+01
  -2.467957E-03   -8.275345E-04    1.975785E-04   -2.909156E-05    2.863862E-06   -1.806183E-07   -3.057456E-04 |    1.806183E-07
   4.776145E-02    7.628395E-03   -7.468498E-04   -8.842414E-06    9.732430E-06   -1.114992E-06    1.300727E-02 |    1.114992E-06
  -1.569493E-01    5.967033E-03   -2.911537E-03    2.618677E-04    4.413039E-06   -2.572909E-06   -9.632270E-02 |    2.572909E-06
   1.858312E-02   -2.164022E-02   -2.286012E-03    6.557289E-04   -2.873769E-05   -3.165452E-06    1.321514E-01 |    3.165452E-06
max(min|c_i|) =    3.165452E-06

9    9.000000E+01    1.200000E+02
  -3.057456E-04   -2.113667E-04    1.044941E-04   -3.462145E-05    8.439400E-06   -1.585164E-06   -3.193744E-06 |    1.585164E-06
   1.300727E-02    6.517048E-03   -2.133308E-03    4.057897E-04   -4.207333E-05   -5.577914E-08    5.539860E-04 |    5.577914E-08
  -9.632270E-02   -2.214860E-02    8.513645E-04    9.631674E-04   -2.492602E-04    2.599858E-05   -1.444126E-02 |    2.599858E-05
   1.321514E-01   -4.248439E-02    1.554492E-02   -7.864919E-04   -4.055115E-04    8.605128E-05    8.943442E-02 |    8.605128E-05
max(min|c_i|) =    8.605128E-05

10    1.200000E+02    1.500000E+02
  -3.193744E-06   -2.325966E-06    1.239502E-06   -4.528039E-07    1.247859E-07   -2.745257E-08   -2.416172E-08 |    2.416172E-08
   5.539860E-04    3.213214E-04   -1.292116E-04    3.384248E-05   -6.361878E-06    8.910443E-07    1.518852E-05 |    8.910443E-07
  -1.444126E-02   -5.776050E-03    1.493610E-03   -2.088323E-04    1.163241E-05    1.486915E-06   -1.146293E-03 |    1.486915E-06
   8.943442E-02    1.450316E-02    2.298083E-04   -6.287077E-04    1.133316E-04   -7.458860E-06    1.945450E-02 |    7.458860E-06
max(min|c_i|) =    7.458860E-06

11    1.500000E+02    1.800000E+02
  -2.416172E-08   -1.809419E-08    1.003161E-08   -3.849928E-09    1.124382E-09   -2.649418E-10   -1.490571E-10 |    1.490571E-10
   1.518852E-05    9.425551E-06   -4.137767E-06    1.214300E-06   -2.644221E-07    4.517678E-08    3.183179E-07 |    4.517678E-08
  -1.146293E-03   -5.453037E-04    1.778009E-04   -3.666479E-05    5.236294E-06   -5.222150E-07   -6.348969E-05 |    5.222150E-07
   1.945450E-02    5.973782E-03   -1.171844E-03    1.040813E-04    2.052202E-06   -1.794046E-06    2.527813E-03 |    1.794046E-06
max(min|c_i|) =    1.794046E-06

12    1.800000E+02    1.980000E+02
  -1.490571E-10   -7.846870E-11    2.936254E-11   -7.356479E-12    1.383190E-12   -2.077730E-13   -6.559312E-12 |    2.077730E-13
   3.183179E-07    1.290834E-07   -3.777818E-08    7.271630E-09   -1.036503E-09    1.164489E-10    2.858638E-08 |    1.164489E-10
  -6.348969E-05   -1.876967E-05    4.179088E-06   -5.962351E-07    6.119630E-08   -4.763496E-09   -9.943611E-06 |    4.763496E-09
   2.527813E-03    4.911002E-04   -7.628737E-05    7.000377E-06   -3.947473E-07    1.025872E-08    6.346462E-04 |    1.025872E-08
max(min|c_i|) =    1.025872E-08

13    1.980000E+02    2.178000E+02
  -6.559312E-12   -3.794964E-12    1.563910E-12   -4.346806E-13    9.099996E-14   -1.541229E-14   -2.013604E-13 |    1.541229E-14
   2.858638E-08    1.312603E-08   -4.300075E-09    9.332993E-10   -1.508622E-10    1.933319E-11    1.898179E-09 |    1.933319E-11
  -9.943611E-06   -3.465987E-06    8.861128E-07   -1.470084E-07    1.780903E-08   -1.671172E-09   -1.197281E-06 |    1.671172E-09
   6.346462E-04    1.556532E-04   -2.942088E-05    3.449156E-06   -2.764275E-07    1.523035E-08    1.255215E-04 |    1.523035E-08
max(min|c_i|) =    1.523035E-08

14    2.178000E+02    2.395800E+02
  -2.013604E-13   -1.268674E-13    5.733867E-14   -1.760337E-14    4.096924E-15   -7.491344E-16   -4.171927E-15 |    7.491344E-16
   1.898179E-09    9.746285E-10   -3.553052E-10    8.644422E-11   -1.574126E-11    2.283235E-12    9.046194E-11 |    2.283235E-12
  -1.197281E-06   -4.831485E-07    1.403520E-07   -2.672068E-08    3.751332E-09   -4.129035E-10   -1.081023E-07 |    4.129035E-10
   1.255215E-04    3.758388E-05   -8.397348E-06    1.193767E-06   -1.207893E-07    9.108291E-09    1.916413E-05 |    9.108291E-09
max(min|c_i|) =    9.108291E-09

15    2.395800E+02    2.635380E+02
  -4.171927E-15   -2.863942E-15    1.408407E-15   -5.072795E-16    1.395742E-16   -5.933660E-17   -7.075045E-17 |    5.933660E-17
   9.046194E-11    5.134004E-11   -2.071300E-11    5.619759E-12   -1.146596E-12    1.870634E-13    2.994356E-12 |    1.870634E-13
  -1.081023E-07   -4.969772E-08    1.626380E-08   -3.518497E-09    5.654026E-10   -7.179932E-11   -7.119672E-09 |    7.179932E-11
   1.916413E-05    6.823455E-06   -1.768367E-06    2.963305E-07   -3.607276E-08    3.376086E-09    2.207184E-06 |    3.376086E-09
max(min|c_i|) =    3.376086E-09

16    2.635380E+02    2.898918E+02
  -7.075045E-17   -7.967429E-17    3.354950E-17    3.957323E-17    1.505704E-17   -3.576399E-17   -8.696424E-18 |    8.696424E-18
   2.994356E-12    1.858398E-12   -8.253705E-13    2.481555E-13   -5.661003E-14    1.044382E-14    6.644610E-14 |    1.044382E-14
  -7.119672E-09   -3.675376E-09    1.345122E-09   -3.280716E-10    5.980302E-11   -8.663669E-12   -3.313984E-10 |    8.663669E-12
   2.207184E-06    9.142121E-07   -2.712586E-07    5.259331E-08   -7.510941E-09    8.365572E-10    1.861835E-07 |    8.365572E-10
max(min|c_i|) =    8.365572E-10

17    2.898918E+02    3.188810E+02
  -8.696424E-18   -6.518936E-18    7.098292E-18   -1.108742E-17    6.890985E-18   -8.927064E-19 |    8.927064E-19
   6.644610E-14    4.399107E-14   -2.203626E-14    7.222783E-15   -1.911756E-15    3.231785E-16 |    3.231785E-16
  -3.313984E-10   -1.837351E-10    7.968705E-11   -2.037175E-11    4.479978E-12   -6.830179E-13 |    6.830179E-13
   1.861835E-07    8.304287E-08   -3.157129E-08    6.144042E-09   -1.162808E-09    1.293242E-10 |    1.293242E-10
max(min|c_i|) =    1.293242E-10

----- EIGENVALUES -----
EIGENVALUE n=0 -1.999999993E-02
EIGENVALUE n=1 -1.388888880E-02
EIGENVALUE n=2 -1.020408155E-02
EIGENVALUE n=3 -7.812499927E-03

ALL_EIGENVALUES: | 11 | 107 |  -1.999999993E-02 | -1.388888880E-02 | -1.020408155E-02 | -7.812499927E-03 |

DATETIME: 08 Sep 2026 19:57:24

=== END OF LOG FILE ===
