===============================================================================
 EEEEE I   GGG  EEEEE N   N RRRR   AAA  DDDD         Zbigniew Romanowski       
 E     I  G     E     NN  N R   R A   A D   D                                  
 EEE   I  G  GG EEE   N N N RRRR  AAAAA D   D        romz@wp.pl                
 E     I  G   G E     N  NN R  R  A   A D   D                                  
 EEEEE I   GGG  EEEEE N   N R   R A   A DDDD         https://github.com/romz-pl
===============================================================================



DATETIME: 08 Sep 2026 20:42:31



========== ADAPTIVE STEP 0 ==========
Number of elements: 3
Degrees of freedom: 17
Domain: [0, 1.800000000E+02]

0    0.000000E+00    6.000000E+01
   2.352382E-01   -3.195692E-02   -2.143521E-01    9.671030E-02    9.517143E-02   -1.806833E-02 |    1.806833E-02
   9.056274E-02   -2.644487E-01   -1.749256E-01    1.875131E-01    9.208753E-02    1.438375E-01 |    9.056274E-02
   1.124876E-01    2.752161E-01    5.282201E-02   -2.129830E-01   -6.582732E-02    8.476856E-02 |    5.282201E-02
   1.048011E-01    1.891408E-01   -2.539016E-02   -1.985085E-01   -4.183947E-02    9.887017E-02 |    2.539016E-02
max(min|c_i|) =    9.056274E-02

1    6.000000E+01    1.200000E+02
  -1.806833E-02   -1.615682E-02    1.133249E-02   -5.490390E-03    1.893836E-03   -4.418777E-04   -4.170701E-06 |    4.170701E-06
   1.438375E-01    8.872140E-02   -2.512078E-02   -5.349673E-03    7.101643E-03   -2.808022E-03    8.197973E-04 |    8.197973E-04
   8.476856E-02   -1.200471E-01    1.252975E-01   -3.329726E-02   -6.995021E-03    6.929378E-03    2.161770E-02 |    6.929378E-03
   9.887017E-02    1.166470E-01    1.313780E-01   -9.545350E-02    7.769685E-03    1.010533E-02   -1.129207E-01 |    7.769685E-03
max(min|c_i|) =    7.769685E-03

2    1.200000E+02    1.800000E+02
  -4.170701E-06   -4.035332E-06    3.299252E-06   -2.026481E-06    9.772492E-07   -3.995909E-07 |    3.995909E-07
   8.197973E-04    7.106370E-04   -4.811788E-04    2.285718E-04   -8.190761E-05    2.292908E-05 |    2.292908E-05
   2.161770E-02    1.518948E-02   -7.414878E-03    2.091339E-03   -3.417533E-04   -7.524051E-06 |    7.524051E-06
  -1.129207E-01   -4.133520E-02    3.777980E-03    5.445530E-03   -1.956976E-03    3.847358E-04 |    3.847358E-04
max(min|c_i|) =    3.847358E-04

----- EIGENVALUES -----
EIGENVALUE n=0 -1.974451973E-02
EIGENVALUE n=1 -1.347994300E-02
EIGENVALUE n=2 -9.764480094E-03
EIGENVALUE n=3 -7.412549191E-03

ALL_EIGENVALUES: | 0 | 17 |  -1.974451973E-02 | -1.347994300E-02 | -9.764480094E-03 | -7.412549191E-03 |

----- ELEMENTS TO SPLIT -----
0


========== ADAPTIVE STEP 1 ==========
Number of elements: 4
Degrees of freedom: 23
Domain: [0, 1.800000000E+02]

0    0.000000E+00    3.000000E+01
   3.573190E-02    1.449334E-01   -3.107674E-03   -4.199055E-02    3.400225E-03   -2.053749E-01 |    3.107674E-03
  -1.599851E-01   -1.525571E-01    3.900255E-02    5.094007E-02   -8.236335E-03    2.322549E-03 |    2.322549E-03
  -1.617894E-01   -1.131944E-01    6.038265E-02    4.814024E-02   -1.148249E-02   -4.989727E-02 |    1.148249E-02
   1.412940E-01    8.079643E-02   -6.711533E-02   -4.207410E-02    1.297594E-02    5.950828E-02 |    1.297594E-02
max(min|c_i|) =    1.297594E-02

1    3.000000E+01    6.000000E+01
  -2.053749E-01   -4.860873E-02   -1.498627E-02    1.254251E-02   -2.966730E-03    9.219478E-05   -1.652503E-02 |    9.219478E-05
   2.322549E-03    1.895256E-01   -3.209285E-02   -1.925069E-02    8.062892E-03   -7.344310E-04   -1.281189E-01 |    7.344310E-04
  -4.989727E-02    1.671916E-01   -1.013583E-01   -1.018332E-02    1.241437E-02   -1.811360E-03    1.182352E-01 |    1.811360E-03
   5.950828E-02   -4.916890E-02    1.298194E-01   -7.262624E-03   -1.395222E-02    2.912595E-03   -1.032347E-01 |    2.912595E-03
max(min|c_i|) =    2.912595E-03

2    6.000000E+01    1.200000E+02
  -1.652503E-02   -1.484345E-02    1.050047E-02   -5.155069E-03    1.814326E-03   -4.405949E-04   -3.570066E-06 |    3.570066E-06
  -1.281189E-01   -8.353699E-02    2.851969E-02    1.207355E-03   -5.319603E-03    2.480077E-03   -5.693453E-04 |    5.693453E-04
   1.182352E-01   -6.726920E-02    1.069920E-01   -4.141215E-02    7.945341E-04    4.774268E-03    1.474325E-02 |    7.945341E-04
  -1.032347E-01   -1.904600E-01   -5.017833E-02    8.807803E-02   -2.329922E-02   -3.532672E-03    9.033170E-02 |    3.532672E-03
max(min|c_i|) =    3.532672E-03

3    1.200000E+02    1.800000E+02
  -3.570066E-06   -3.461476E-06    2.840760E-06   -1.753916E-06    8.506844E-07   -3.503912E-07 |    3.503912E-07
  -5.693453E-04   -4.989382E-04    3.439609E-04   -1.674878E-04    6.182507E-05   -1.800570E-05 |    1.800570E-05
   1.474325E-02    1.078726E-02   -5.600141E-03    1.771805E-03   -3.610414E-04    2.656806E-05 |    2.656806E-05
   9.033170E-02    4.128522E-02   -9.143549E-03   -2.189620E-03    1.373179E-03   -3.884643E-04 |    3.884643E-04
max(min|c_i|) =    3.884643E-04

----- EIGENVALUES -----
EIGENVALUE n=0 -1.995040332E-02
EIGENVALUE n=1 -1.385536729E-02
EIGENVALUE n=2 -1.018001583E-02
EIGENVALUE n=3 -7.794173709E-03

ALL_EIGENVALUES: | 1 | 23 |  -1.995040332E-02 | -1.385536729E-02 | -1.018001583E-02 | -7.794173709E-03 |

----- ELEMENTS TO SPLIT -----
0


========== ADAPTIVE STEP 2 ==========
Number of elements: 5
Degrees of freedom: 29
Domain: [0, 1.800000000E+02]

0    0.000000E+00    1.500000E+01
   6.982950E-02    1.623727E-03   -1.321139E-02   -7.791221E-04    1.626247E-03    1.273618E-01 |    7.791221E-04
   5.523671E-02   -7.697232E-03   -1.566974E-02   -3.338646E-04    1.937345E-03    1.114668E-01 |    3.338646E-04
  -4.217879E-02    1.152236E-02    1.510689E-02   -6.523640E-05   -1.928729E-03   -9.196167E-02 |    6.523640E-05
   3.296199E-02   -1.259440E-02   -1.375230E-02    3.064136E-04    1.807003E-03    7.626038E-02 |    3.064136E-04
max(min|c_i|) =    7.791221E-04

1    1.500000E+01    3.000000E+01
   1.273618E-01   -8.114331E-02    1.107996E-03    5.372635E-03   -8.294839E-04   -5.093052E-05    2.052075E-01 |    5.093052E-05
   1.114668E-01   -1.052818E-01    1.701174E-02    7.025306E-03   -1.528469E-03   -5.132020E-05    1.674906E-03 |    5.132020E-05
  -9.196167E-02    7.931219E-02   -2.839123E-02   -6.348348E-03    1.971446E-03    2.657902E-05    5.064449E-02 |    2.657902E-05
   7.626038E-02   -5.546703E-02    3.214537E-02    4.971794E-03   -2.145585E-03    3.109535E-06   -6.016045E-02 |    3.109535E-06
max(min|c_i|) =    5.132020E-05

2    3.000000E+01    6.000000E+01
   2.052075E-01    4.868381E-02    1.490328E-02   -1.251886E-02    2.966406E-03   -9.370575E-05    1.648194E-02 |    9.370575E-05
   1.674906E-03    1.893562E-01   -3.239704E-02   -1.911869E-02    8.057235E-03   -7.423398E-04   -1.278079E-01 |    7.423398E-04
   5.064449E-02   -1.660719E-01    1.017262E-01    9.854878E-03   -1.238176E-02    1.828562E-03   -1.187782E-01 |    1.828562E-03
  -6.016045E-02    4.722612E-02   -1.298915E-01    7.766041E-03    1.386941E-02   -2.936658E-03    1.030827E-01 |    2.936658E-03
max(min|c_i|) =    2.936658E-03

3    6.000000E+01    1.200000E+02
   1.648194E-02    1.480650E-02   -1.047667E-02    5.145169E-03   -1.811788E-03    4.404258E-04    3.554663E-06 |    3.554663E-06
  -1.278079E-01   -8.342313E-02    2.857432E-02    1.130423E-03   -5.284408E-03    2.472796E-03   -5.650158E-04 |    5.650158E-04
  -1.187782E-01    6.633487E-02   -1.065875E-01    4.149853E-02   -9.213977E-04   -4.731947E-03   -1.463623E-02 |    9.213977E-04
   1.030827E-01    1.914133E-01    4.875179E-02   -8.776706E-02    2.349325E-02    3.417360E-03   -8.993928E-02 |    3.417360E-03
max(min|c_i|) =    3.417360E-03

4    1.200000E+02    1.800000E+02
   3.554663E-06    3.446734E-06   -2.828944E-06    1.746861E-06   -8.473912E-07    3.491024E-07 |    3.491024E-07
  -5.650158E-04   -4.952544E-04    3.415472E-04   -1.663967E-04    6.145941E-05   -1.791348E-05 |    1.791348E-05
  -1.463623E-02   -1.071647E-02    5.569330E-03   -1.765390E-03    3.609073E-04   -2.702714E-05 |    2.702714E-05
  -8.993928E-02   -4.123442E-02    9.206058E-03    2.140619E-03   -1.362095E-03    3.876643E-04 |    3.876643E-04
max(min|c_i|) =    3.876643E-04

----- EIGENVALUES -----
EIGENVALUE n=0 -1.995592402E-02
EIGENVALUE n=1 -1.386338841E-02
EIGENVALUE n=2 -1.018796918E-02
EIGENVALUE n=3 -7.801084497E-03

ALL_EIGENVALUES: | 2 | 29 |  -1.995592402E-02 | -1.386338841E-02 | -1.018796918E-02 | -7.801084497E-03 |

----- ELEMENTS TO SPLIT -----
0
2
3


========== ADAPTIVE STEP 3 ==========
Number of elements: 8
Degrees of freedom: 47
Domain: [0, 1.800000000E+02]

0    0.000000E+00    7.500000E+00
  -1.253106E-02   -4.624601E-03   -7.646647E-05    3.028185E-04    3.205457E-06   -1.759600E-02 |    3.205457E-06
   1.268787E-02    4.529070E-03   -5.301356E-05   -3.418982E-04   -2.089334E-06    1.796554E-02 |    2.089334E-06
  -1.148196E-02   -4.012076E-03    1.210346E-04    3.286311E-04    9.506868E-07   -1.634259E-02 |    9.506868E-07
   1.013087E-02    3.489353E-03   -1.493402E-04   -3.009623E-04   -1.851186E-07    1.446913E-02 |    1.851186E-07
max(min|c_i|) =    3.205457E-06

1    7.500000E+00    1.500000E+01
  -1.759600E-02   -1.424166E-02    4.765370E-03    4.411182E-04   -1.255011E-04    2.083440E-06   -1.273620E-01 |    2.083440E-06
   1.796554E-02    5.270675E-03   -6.605106E-03   -3.737770E-04    1.665962E-04   -3.406060E-06    1.114670E-01 |    3.406060E-06
  -1.634259E-02   -2.740223E-04    6.707451E-03    2.446928E-04   -1.756566E-04    4.327051E-06   -9.196083E-02 |    4.327051E-06
   1.446913E-02   -2.164244E-03   -6.255753E-03   -1.454311E-04    1.698552E-04   -4.791614E-06    7.625079E-02 |    4.791614E-06
max(min|c_i|) =    4.791614E-06

2    1.500000E+01    3.000000E+01
  -1.273620E-01    8.114321E-02   -1.108018E-03   -5.372630E-03    8.294854E-04    5.092985E-05   -2.052073E-01 |    5.092985E-05
   1.114670E-01   -1.052814E-01    1.701178E-02    7.025274E-03   -1.528470E-03   -5.131846E-05    1.674579E-03 |    5.131846E-05
  -9.196083E-02    7.931089E-02   -2.839075E-02   -6.348217E-03    1.971413E-03    2.657626E-05    5.064375E-02 |    2.657626E-05
   7.625079E-02   -5.546009E-02    3.214065E-02    4.971119E-03   -2.145268E-03    3.110332E-06   -6.015198E-02 |    3.110332E-06
max(min|c_i|) =    5.131846E-05

3    3.000000E+01    4.500000E+01
  -2.052073E-01   -1.718663E-03   -7.774670E-03    1.520747E-03   -4.896683E-05   -2.178484E-05   -7.812178E-02 |    2.178484E-05
   1.674579E-03    5.857434E-02    6.539939E-03   -3.435375E-03    2.550540E-04    3.487132E-05   -1.833773E-01 |    3.487132E-05
   5.064375E-02   -8.964074E-02    3.597482E-03    4.369377E-03   -5.289317E-04   -3.449000E-05    6.965497E-02 |    3.449000E-05
  -6.015198E-02    7.896628E-02   -1.288230E-02   -4.108145E-03    7.480328E-04    2.360788E-05   -5.197775E-03 |    2.360788E-05
max(min|c_i|) =    3.487132E-05

4    4.500000E+01    6.000000E+01
  -7.812178E-02   -1.549465E-02    1.515212E-03    1.234628E-04   -4.880955E-05    5.684276E-06   -1.648191E-02 |    5.684276E-06
  -1.833773E-01    2.543870E-02   -7.793749E-03    4.285833E-04    8.765760E-05   -1.639688E-05   -1.278084E-01 |    1.639688E-05
   6.965497E-02    1.156150E-02    1.134465E-02   -1.622178E-03   -5.711894E-05    2.790988E-05   -1.187766E-01 |    2.790988E-05
  -5.197775E-03   -4.980930E-02   -7.866142E-03    2.647642E-03   -4.316870E-05   -3.491392E-05    1.030725E-01 |    3.491392E-05
max(min|c_i|) =    3.491392E-05

5    6.000000E+01    9.000000E+01
  -1.648191E-02   -9.973063E-03    4.015497E-03   -9.711536E-04    1.375791E-04   -4.756686E-06   -3.132129E-04 |    4.756686E-06
  -1.278084E-01   -3.535535E-02    7.624471E-04    2.589306E-03   -7.661178E-04    9.268697E-05   -1.319642E-02 |    9.268697E-05
  -1.187766E-01    8.071858E-02   -2.891730E-02    3.088318E-04    1.453243E-03   -3.023567E-04   -9.694342E-02 |    3.023567E-04
   1.030725E-01    1.281861E-03    4.884654E-02   -8.934500E-03   -1.254813E-03    5.523598E-04   -1.316231E-01 |    5.523598E-04
max(min|c_i|) =    5.523598E-04

6    9.000000E+01    1.200000E+02
  -3.132129E-04   -2.162463E-04    1.067237E-04   -3.528656E-05    8.580508E-06   -1.606848E-06   -3.299257E-06 |    1.606848E-06
  -1.319642E-02   -6.596078E-03    2.152515E-03   -4.074379E-04    4.176408E-05    1.802566E-07   -5.659818E-04 |    1.802566E-07
  -9.694342E-02   -2.211412E-02    7.831846E-04    9.805837E-04   -2.506250E-04    2.578934E-05   -1.463417E-02 |    2.578934E-05
  -1.316231E-01    4.304172E-02   -1.554767E-02    7.500146E-04    4.128267E-04   -8.623137E-05   -8.992391E-02 |    8.623137E-05
max(min|c_i|) =    8.623137E-05

7    1.200000E+02    1.800000E+02
  -3.299257E-06   -3.199083E-06    2.625682E-06   -1.621347E-06    7.865056E-07   -3.240192E-07 |    3.240192E-07
  -5.659818E-04   -4.961013E-04    3.421314E-04   -1.666815E-04    6.156467E-05   -1.794419E-05 |    1.794419E-05
  -1.463417E-02   -1.071503E-02    5.568631E-03   -1.765197E-03    3.608780E-04   -2.702898E-05 |    2.702898E-05
  -8.992391E-02   -4.123111E-02    9.207457E-03    2.139104E-03   -1.361712E-03    3.876236E-04 |    3.876236E-04
max(min|c_i|) =    3.876236E-04

----- EIGENVALUES -----
EIGENVALUE n=0 -1.995592905E-02
EIGENVALUE n=1 -1.386340291E-02
EIGENVALUE n=2 -1.018803800E-02
EIGENVALUE n=3 -7.801285722E-03

ALL_EIGENVALUES: | 3 | 47 |  -1.995592905E-02 | -1.386340291E-02 | -1.018803800E-02 | -7.801285722E-03 |

----- ELEMENTS TO SPLIT -----
2
5


========== ADAPTIVE STEP 4 ==========
Number of elements: 10
Degrees of freedom: 59
Domain: [0, 1.800000000E+02]

0    0.000000E+00    7.500000E+00
   1.253106E-02    4.624601E-03    7.646647E-05   -3.028185E-04   -3.205457E-06    1.759600E-02 |    3.205457E-06
   1.268787E-02    4.529070E-03   -5.301355E-05   -3.418982E-04   -2.089334E-06    1.796553E-02 |    2.089334E-06
  -1.148196E-02   -4.012076E-03    1.210345E-04    3.286310E-04    9.506868E-07   -1.634259E-02 |    9.506868E-07
   1.013086E-02    3.489353E-03   -1.493402E-04   -3.009623E-04   -1.851187E-07    1.446913E-02 |    1.851187E-07
max(min|c_i|) =    3.205457E-06

1    7.500000E+00    1.500000E+01
   1.759600E-02    1.424166E-02   -4.765370E-03   -4.411182E-04    1.255011E-04   -2.083440E-06    1.273620E-01 |    2.083440E-06
   1.796553E-02    5.270674E-03   -6.605105E-03   -3.737770E-04    1.665962E-04   -3.406060E-06    1.114670E-01 |    3.406060E-06
  -1.634259E-02   -2.740225E-04    6.707450E-03    2.446927E-04   -1.756566E-04    4.327051E-06   -9.196082E-02 |    4.327051E-06
   1.446913E-02   -2.164243E-03   -6.255752E-03   -1.454311E-04    1.698552E-04   -4.791613E-06    7.625078E-02 |    4.791613E-06
max(min|c_i|) =    4.791613E-06

2    1.500000E+01    2.250000E+01
   1.273620E-01   -1.936602E-02   -2.196004E-03    5.119893E-04   -6.723338E-06   -4.412387E-06    2.172380E-01 |    4.412387E-06
   1.114670E-01   -3.270328E-02   -1.115576E-03    7.837771E-04   -2.239734E-05   -6.308930E-06    1.226921E-01 |    6.308930E-06
  -9.196082E-02    3.196635E-02   -3.667196E-04   -8.590909E-04    3.691340E-05    6.903522E-06   -7.071415E-02 |    6.903522E-06
   7.625078E-02   -2.823785E-02    1.267676E-03    8.276132E-04   -4.591822E-05   -6.771319E-06    4.317301E-02 |    6.771319E-06
max(min|c_i|) =    6.903522E-06

3    2.250000E+01    3.000000E+01
   2.172380E-01   -1.811067E-02    1.766236E-03    1.179711E-04   -2.522511E-05    1.094346E-06    2.052073E-01 |    1.094346E-06
   1.226921E-01   -1.589614E-02    4.069163E-03    5.259086E-05   -4.225922E-05    2.179254E-06    1.674568E-03 |    2.179254E-06
  -7.071415E-02    4.044757E-03   -5.056747E-03    8.691424E-05    4.975875E-05   -3.109361E-06    5.064377E-02 |    3.109361E-06
   4.317301E-02    3.352539E-03    4.946314E-03   -2.031097E-04   -4.982717E-05    3.713356E-06   -6.015201E-02 |    3.713356E-06
max(min|c_i|) =    3.713356E-06

4    3.000000E+01    4.500000E+01
   2.052073E-01    1.718664E-03    7.774669E-03   -1.520747E-03    4.896683E-05    2.178484E-05    7.812177E-02 |    2.178484E-05
   1.674568E-03    5.857434E-02    6.539937E-03   -3.435375E-03    2.550540E-04    3.487131E-05   -1.833773E-01 |    3.487131E-05
   5.064377E-02   -8.964074E-02    3.597486E-03    4.369377E-03   -5.289318E-04   -3.448998E-05    6.965496E-02 |    3.448998E-05
  -6.015201E-02    7.896629E-02   -1.288231E-02   -4.108145E-03    7.480330E-04    2.360784E-05   -5.197750E-03 |    2.360784E-05
max(min|c_i|) =    3.487131E-05

5    4.500000E+01    6.000000E+01
   7.812177E-02    1.549465E-02   -1.515212E-03   -1.234628E-04    4.880955E-05   -5.684276E-06    1.648191E-02 |    5.684276E-06
  -1.833773E-01    2.543870E-02   -7.793749E-03    4.285834E-04    8.765759E-05   -1.639688E-05   -1.278084E-01 |    1.639688E-05
   6.965496E-02    1.156151E-02    1.134465E-02   -1.622179E-03   -5.711889E-05    2.790988E-05   -1.187766E-01 |    2.790988E-05
  -5.197750E-03   -4.980931E-02   -7.866139E-03    2.647643E-03   -4.316881E-05   -3.491391E-05    1.030725E-01 |    3.491391E-05
max(min|c_i|) =    3.491391E-05

6    6.000000E+01    7.500000E+01
   1.648191E-02    4.699434E-03   -9.198583E-04    9.595187E-05   -3.737697E-06   -4.476911E-07    2.516663E-03 |    4.476911E-07
  -1.278084E-01   -8.566302E-03   -1.194604E-03    3.897166E-04   -3.682599E-05    4.986282E-07   -4.826009E-02 |    4.986282E-07
  -1.187766E-01    3.447906E-02   -3.086937E-03   -4.703451E-04    9.566627E-05   -4.621101E-06   -1.571728E-01 |    4.621101E-06
   1.030725E-01   -2.611934E-02    8.828789E-03   -4.426963E-06   -1.400903E-04    1.143587E-05   -1.723127E-02 |    4.426963E-06
max(min|c_i|) =    4.621101E-06

7    7.500000E+01    9.000000E+01
   2.516663E-03    8.414921E-04   -2.003690E-04    2.940165E-05   -2.880384E-06    1.800201E-07    3.132137E-04 |    1.800201E-07
  -4.826009E-02   -7.662074E-03    7.423299E-04    1.038464E-05   -9.892453E-06    1.120232E-06   -1.319642E-02 |    1.120232E-06
  -1.571728E-01    6.166872E-03   -2.929683E-03    2.598119E-04    4.887256E-06   -2.602151E-06   -9.694341E-02 |    2.602151E-06
  -1.723127E-02    2.144260E-02    2.350746E-03   -6.574160E-04    2.800751E-05    3.242114E-06   -1.316232E-01 |    3.242114E-06
max(min|c_i|) =    3.242114E-06

8    9.000000E+01    1.200000E+02
   3.132137E-04    2.162469E-04   -1.067240E-04    3.528665E-05   -8.580531E-06    1.606852E-06    3.299266E-06 |    1.606852E-06
  -1.319642E-02   -6.596077E-03    2.152515E-03   -4.074379E-04    4.176408E-05    1.802559E-07   -5.659817E-04 |    1.802559E-07
  -9.694341E-02   -2.211412E-02    7.831855E-04    9.805835E-04   -2.506250E-04    2.578934E-05   -1.463416E-02 |    2.578934E-05
  -1.316232E-01    4.304170E-02   -1.554767E-02    7.500156E-04    4.128265E-04   -8.623136E-05   -8.992389E-02 |    8.623136E-05
max(min|c_i|) =    8.623136E-05

9    1.200000E+02    1.800000E+02
   3.299266E-06    3.199091E-06   -2.625689E-06    1.621351E-06   -7.865076E-07    3.240200E-07 |    3.240200E-07
  -5.659817E-04   -4.961012E-04    3.421314E-04   -1.666815E-04    6.156466E-05   -1.794419E-05 |    1.794419E-05
  -1.463416E-02   -1.071503E-02    5.568631E-03   -1.765197E-03    3.608780E-04   -2.702899E-05 |    2.702899E-05
  -8.992389E-02   -4.123110E-02    9.207460E-03    2.139102E-03   -1.361712E-03    3.876235E-04 |    3.876235E-04
max(min|c_i|) =    3.876235E-04

----- EIGENVALUES -----
EIGENVALUE n=0 -1.995592911E-02
EIGENVALUE n=1 -1.386340305E-02
EIGENVALUE n=2 -1.018803820E-02
EIGENVALUE n=3 -7.801286020E-03

ALL_EIGENVALUES: | 4 | 59 |  -1.995592911E-02 | -1.386340305E-02 | -1.018803820E-02 | -7.801286020E-03 |

----- ELEMENTS TO SPLIT -----
4
9


========== ADAPTIVE STEP 5 ==========
Number of elements: 12
Degrees of freedom: 71
Domain: [0, 1.800000000E+02]

0    0.000000E+00    7.500000E+00
  -1.253106E-02   -4.624601E-03   -7.646647E-05    3.028185E-04    3.205457E-06   -1.759600E-02 |    3.205457E-06
   1.268787E-02    4.529070E-03   -5.301355E-05   -3.418982E-04   -2.089334E-06    1.796553E-02 |    2.089334E-06
   1.148196E-02    4.012076E-03   -1.210345E-04   -3.286310E-04   -9.506868E-07    1.634259E-02 |    9.506868E-07
  -1.013087E-02   -3.489353E-03    1.493402E-04    3.009623E-04    1.851187E-07   -1.446913E-02 |    1.851187E-07
max(min|c_i|) =    3.205457E-06

1    7.500000E+00    1.500000E+01
  -1.759600E-02   -1.424166E-02    4.765370E-03    4.411182E-04   -1.255011E-04    2.083440E-06   -1.273620E-01 |    2.083440E-06
   1.796553E-02    5.270674E-03   -6.605105E-03   -3.737770E-04    1.665962E-04   -3.406060E-06    1.114670E-01 |    3.406060E-06
   1.634259E-02    2.740225E-04   -6.707450E-03   -2.446927E-04    1.756566E-04   -4.327051E-06    9.196082E-02 |    4.327051E-06
  -1.446913E-02    2.164243E-03    6.255753E-03    1.454311E-04   -1.698552E-04    4.791613E-06   -7.625079E-02 |    4.791613E-06
max(min|c_i|) =    4.791613E-06

2    1.500000E+01    2.250000E+01
  -1.273620E-01    1.936602E-02    2.196004E-03   -5.119893E-04    6.723338E-06    4.412387E-06   -2.172380E-01 |    4.412387E-06
   1.114670E-01   -3.270328E-02   -1.115576E-03    7.837771E-04   -2.239734E-05   -6.308930E-06    1.226921E-01 |    6.308930E-06
   9.196082E-02   -3.196635E-02    3.667196E-04    8.590909E-04   -3.691339E-05   -6.903522E-06    7.071415E-02 |    6.903522E-06
  -7.625079E-02    2.823785E-02   -1.267676E-03   -8.276132E-04    4.591822E-05    6.771319E-06   -4.317301E-02 |    6.771319E-06
max(min|c_i|) =    6.903522E-06

3    2.250000E+01    3.000000E+01
  -2.172380E-01    1.811067E-02   -1.766236E-03   -1.179711E-04    2.522511E-05   -1.094346E-06   -2.052073E-01 |    1.094346E-06
   1.226921E-01   -1.589614E-02    4.069163E-03    5.259086E-05   -4.225922E-05    2.179254E-06    1.674568E-03 |    2.179254E-06
   7.071415E-02   -4.044757E-03    5.056747E-03   -8.691424E-05   -4.975875E-05    3.109361E-06   -5.064377E-02 |    3.109361E-06
  -4.317301E-02   -3.352539E-03   -4.946314E-03    2.031097E-04    4.982717E-05   -3.713356E-06    6.015201E-02 |    3.713356E-06
max(min|c_i|) =    3.713356E-06

4    3.000000E+01    3.750000E+01
  -2.052073E-01    3.768180E-03   -1.552907E-03    9.708851E-05    3.254575E-06   -7.590547E-07   -1.402533E-01 |    7.590547E-07
   1.674568E-03    1.051533E-02    2.192218E-03   -2.612949E-04   -3.124329E-07    1.398645E-06   -1.275291E-01 |    3.124329E-07
  -5.064377E-02    2.295210E-02    1.385983E-03   -3.867424E-04    7.036252E-06    1.775137E-06   -1.160697E-01 |    1.775137E-06
   6.015201E-02   -2.487912E-02   -2.223860E-04    4.285885E-04   -1.473760E-05   -1.865011E-06    8.199573E-02 |    1.865011E-06
max(min|c_i|) =    1.865011E-06

5    3.750000E+01    4.500000E+01
  -1.402533E-01   -3.748634E-03   -4.332791E-04    7.510060E-05   -3.710380E-06   -4.520161E-08   -7.812177E-02 |    4.520161E-08
  -1.275291E-01    1.679159E-02   -3.403313E-04   -1.394755E-04    1.091137E-05   -6.270243E-08   -1.833773E-01 |    6.270243E-08
  -1.160697E-01    1.935320E-02   -1.837428E-03   -1.311115E-04    1.833102E-05   -3.278873E-07   -6.965495E-02 |    3.278873E-07
   8.199573E-02   -1.224255E-02    2.810421E-03    6.558148E-05   -2.281109E-05    6.517132E-07    5.197749E-03 |    6.517132E-07
max(min|c_i|) =    6.517132E-07

6    4.500000E+01    6.000000E+01
  -7.812177E-02   -1.549465E-02    1.515212E-03    1.234628E-04   -4.880955E-05    5.684276E-06   -1.648191E-02 |    5.684276E-06
  -1.833773E-01    2.543870E-02   -7.793749E-03    4.285834E-04    8.765759E-05   -1.639688E-05   -1.278084E-01 |    1.639688E-05
  -6.965495E-02   -1.156151E-02   -1.134465E-02    1.622179E-03    5.711889E-05   -2.790988E-05    1.187766E-01 |    2.790988E-05
   5.197749E-03    4.980931E-02    7.866139E-03   -2.647643E-03    4.316882E-05    3.491391E-05   -1.030726E-01 |    3.491391E-05
max(min|c_i|) =    3.491391E-05

7    6.000000E+01    7.500000E+01
  -1.648191E-02   -4.699434E-03    9.198583E-04   -9.595187E-05    3.737697E-06    4.476911E-07   -2.516663E-03 |    4.476911E-07
  -1.278084E-01   -8.566302E-03   -1.194604E-03    3.897166E-04   -3.682599E-05    4.986282E-07   -4.826009E-02 |    4.986282E-07
   1.187766E-01   -3.447906E-02    3.086937E-03    4.703451E-04   -9.566627E-05    4.621101E-06    1.571728E-01 |    4.621101E-06
  -1.030726E-01    2.611935E-02   -8.828789E-03    4.426978E-06    1.400903E-04   -1.143587E-05    1.723127E-02 |    4.426978E-06
max(min|c_i|) =    4.621101E-06

8    7.500000E+01    9.000000E+01
  -2.516663E-03   -8.414921E-04    2.003690E-04   -2.940165E-05    2.880384E-06   -1.800201E-07   -3.132137E-04 |    1.800201E-07
  -4.826009E-02   -7.662074E-03    7.423299E-04    1.038464E-05   -9.892453E-06    1.120232E-06   -1.319642E-02 |    1.120232E-06
   1.571728E-01   -6.166872E-03    2.929683E-03   -2.598119E-04   -4.887256E-06    2.602151E-06    9.694341E-02 |    2.602151E-06
   1.723127E-02   -2.144261E-02   -2.350746E-03    6.574160E-04   -2.800751E-05   -3.242114E-06    1.316232E-01 |    3.242114E-06
max(min|c_i|) =    3.242114E-06

9    9.000000E+01    1.200000E+02
  -3.132137E-04   -2.162473E-04    1.067237E-04   -3.528673E-05    8.580509E-06   -1.606858E-06   -3.299834E-06 |    1.606858E-06
  -1.319642E-02   -6.596080E-03    2.152514E-03   -4.074382E-04    4.176401E-05    1.802423E-07   -5.659872E-04 |    1.802423E-07
   9.694341E-02    2.211412E-02   -7.831854E-04   -9.805834E-04    2.506250E-04   -2.578934E-05    1.463417E-02 |    2.578934E-05
   1.316232E-01   -4.304170E-02    1.554767E-02   -7.500156E-04   -4.128265E-04    8.623136E-05    8.992390E-02 |    8.623136E-05
max(min|c_i|) =    8.623136E-05

10    1.200000E+02    1.500000E+02
  -3.299834E-06   -2.400765E-06    1.277634E-06   -4.659958E-07    1.281975E-07   -2.814869E-08   -2.516510E-08 |    2.516510E-08
  -5.659872E-04   -3.277772E-04    1.315746E-04   -3.438523E-05    6.446937E-06   -8.997586E-07   -1.560770E-05 |    8.997586E-07
   1.463417E-02    5.835563E-03   -1.504851E-03    2.088755E-04   -1.138625E-05   -1.549704E-06    1.163971E-03 |    1.549704E-06
   8.992390E-02    1.436851E-02    2.495900E-04   -6.422782E-04    1.131339E-04   -7.422163E-06    1.927015E-02 |    7.422163E-06
max(min|c_i|) =    7.422163E-06

11    1.500000E+02    1.800000E+02
  -2.516510E-08   -1.871138E-08    1.049386E-08   -3.969602E-09    1.173483E-09   -2.721190E-10 |    2.721190E-10
  -1.560770E-05   -9.470572E-06    4.338706E-06   -1.212720E-06    2.776257E-07   -4.460209E-08 |    4.460209E-08
   1.163971E-03    5.225239E-04   -1.922688E-04    3.416868E-05   -5.858765E-06    4.339399E-07 |    4.339399E-07
   1.927015E-02    5.161972E-03   -1.422717E-03    5.556076E-05   -5.017394E-06   -2.746956E-06 |    2.746956E-06
max(min|c_i|) =    2.746956E-06

----- EIGENVALUES -----
EIGENVALUE n=0 -1.995592911E-02
EIGENVALUE n=1 -1.386340305E-02
EIGENVALUE n=2 -1.018803821E-02
EIGENVALUE n=3 -7.801286054E-03

ALL_EIGENVALUES: | 5 | 71 |  -1.995592911E-02 | -1.386340305E-02 | -1.018803821E-02 | -7.801286054E-03 |

----- DOMAIN EXPANDED -----
RMAX BEFORE:  1.800000000E+02
RMAX AFTER:  1.980000000E+02


========== ADAPTIVE STEP 6 ==========
Number of elements: 13
Degrees of freedom: 77
Domain: [0, 1.980000000E+02]

0    0.000000E+00    7.500000E+00
   1.253106E-02    4.624601E-03    7.646647E-05   -3.028185E-04   -3.205457E-06    1.759600E-02 |    3.205457E-06
   1.268787E-02    4.529070E-03   -5.301355E-05   -3.418982E-04   -2.089334E-06    1.796553E-02 |    2.089334E-06
  -1.148195E-02   -4.012073E-03    1.210345E-04    3.286308E-04    9.506863E-07   -1.634258E-02 |    9.506863E-07
  -1.012443E-02   -3.487145E-03    1.492374E-04    3.007691E-04    1.851291E-07   -1.445993E-02 |    1.851291E-07
max(min|c_i|) =    3.205457E-06

1    7.500000E+00    1.500000E+01
   1.759600E-02    1.424166E-02   -4.765370E-03   -4.411182E-04    1.255011E-04   -2.083440E-06    1.273620E-01 |    2.083440E-06
   1.796553E-02    5.270674E-03   -6.605105E-03   -3.737770E-04    1.665962E-04   -3.406060E-06    1.114670E-01 |    3.406060E-06
  -1.634258E-02   -2.740228E-04    6.707446E-03    2.446926E-04   -1.756565E-04    4.327048E-06   -9.196077E-02 |    4.327048E-06
  -1.445993E-02    2.162440E-03    6.251722E-03    1.453528E-04   -1.697445E-04    4.788370E-06   -7.620321E-02 |    4.788370E-06
max(min|c_i|) =    4.788370E-06

2    1.500000E+01    2.250000E+01
   1.273620E-01   -1.936602E-02   -2.196004E-03    5.119893E-04   -6.723338E-06   -4.412387E-06    2.172380E-01 |    4.412387E-06
   1.114670E-01   -3.270328E-02   -1.115576E-03    7.837771E-04   -2.239734E-05   -6.308930E-06    1.226921E-01 |    6.308930E-06
  -9.196077E-02    3.196633E-02   -3.667192E-04   -8.590903E-04    3.691337E-05    6.903518E-06   -7.071411E-02 |    6.903518E-06
  -7.620321E-02    2.821998E-02   -1.266691E-03   -8.270763E-04    4.588632E-05    6.766897E-06   -4.314883E-02 |    6.766897E-06
max(min|c_i|) =    6.903518E-06

3    2.250000E+01    3.000000E+01
   2.172380E-01   -1.811067E-02    1.766236E-03    1.179711E-04   -2.522511E-05    1.094346E-06    2.052073E-01 |    1.094346E-06
   1.226921E-01   -1.589614E-02    4.069163E-03    5.259086E-05   -4.225922E-05    2.179254E-06    1.674568E-03 |    2.179254E-06
  -7.071411E-02    4.044756E-03   -5.056744E-03    8.691417E-05    4.975872E-05   -3.109359E-06    5.064373E-02 |    3.109359E-06
  -4.314883E-02   -3.349128E-03   -4.943111E-03    2.029543E-04    4.979458E-05   -3.710792E-06    6.011179E-02 |    3.710792E-06
max(min|c_i|) =    3.710792E-06

4    3.000000E+01    3.750000E+01
   2.052073E-01   -3.768180E-03    1.552907E-03   -9.708851E-05   -3.254575E-06    7.590547E-07    1.402533E-01 |    7.590547E-07
   1.674568E-03    1.051533E-02    2.192218E-03   -2.612949E-04   -3.124329E-07    1.398645E-06   -1.275291E-01 |    3.124329E-07
   5.064373E-02   -2.295209E-02   -1.385982E-03    3.867422E-04   -7.036246E-06   -1.775136E-06    1.160696E-01 |    1.775136E-06
   6.011179E-02   -2.486275E-02   -2.224673E-04    4.283022E-04   -1.472628E-05   -1.863777E-06    8.194814E-02 |    1.863777E-06
max(min|c_i|) =    1.863777E-06

5    3.750000E+01    4.500000E+01
   1.402533E-01    3.748634E-03    4.332791E-04   -7.510060E-05    3.710380E-06    4.520161E-08    7.812177E-02 |    4.520161E-08
  -1.275291E-01    1.679159E-02   -3.403313E-04   -1.394755E-04    1.091137E-05   -6.270243E-08   -1.833773E-01 |    6.270243E-08
   1.160696E-01   -1.935318E-02    1.837426E-03    1.311114E-04   -1.833101E-05    3.278870E-07    6.965492E-02 |    3.278870E-07
   8.194814E-02   -1.223607E-02    2.808431E-03    6.555492E-05   -2.279533E-05    6.512100E-07    5.203595E-03 |    6.512100E-07
max(min|c_i|) =    6.512100E-07

6    4.500000E+01    6.000000E+01
   7.812177E-02    1.549465E-02   -1.515212E-03   -1.234628E-04    4.880955E-05   -5.684276E-06    1.648191E-02 |    5.684276E-06
  -1.833773E-01    2.543870E-02   -7.793749E-03    4.285834E-04    8.765759E-05   -1.639688E-05   -1.278084E-01 |    1.639688E-05
   6.965492E-02    1.156149E-02    1.134464E-02   -1.622177E-03   -5.711886E-05    2.790986E-05   -1.187766E-01 |    2.790986E-05
   5.203595E-03    4.977146E-02    7.862213E-03   -2.645722E-03    4.311370E-05    3.488985E-05   -1.030138E-01 |    3.488985E-05
max(min|c_i|) =    3.488985E-05

7    6.000000E+01    7.500000E+01
   1.648191E-02    4.699434E-03   -9.198583E-04    9.595187E-05   -3.737697E-06   -4.476911E-07    2.516663E-03 |    4.476911E-07
  -1.278084E-01   -8.566302E-03   -1.194604E-03    3.897166E-04   -3.682599E-05    4.986282E-07   -4.826009E-02 |    4.986282E-07
  -1.187766E-01    3.447903E-02   -3.086934E-03   -4.703448E-04    9.566620E-05   -4.621098E-06   -1.571728E-01 |    4.621098E-06
  -1.030138E-01    2.610842E-02   -8.821922E-03    4.271084E-06    1.399920E-04   -1.142662E-05    1.719611E-02 |    4.271084E-06
max(min|c_i|) =    4.621098E-06

8    7.500000E+01    9.000000E+01
   2.516663E-03    8.414921E-04   -2.003690E-04    2.940165E-05   -2.880384E-06    1.800201E-07    3.132137E-04 |    1.800201E-07
  -4.826009E-02   -7.662074E-03    7.423299E-04    1.038464E-05   -9.892453E-06    1.120232E-06   -1.319642E-02 |    1.120232E-06
  -1.571728E-01    6.166865E-03   -2.929681E-03    2.598116E-04    4.887250E-06   -2.602150E-06   -9.694343E-02 |    2.602150E-06
   1.719611E-02   -2.142075E-02   -2.349709E-03    6.569138E-04   -2.797835E-05   -3.240000E-06    1.315363E-01 |    3.240000E-06
max(min|c_i|) =    3.240000E-06

9    9.000000E+01    1.200000E+02
   3.132137E-04    2.162473E-04   -1.067237E-04    3.528673E-05   -8.580509E-06    1.606858E-06    3.299834E-06 |    1.606858E-06
  -1.319642E-02   -6.596080E-03    2.152514E-03   -4.074382E-04    4.176400E-05    1.802418E-07   -5.659874E-04 |    1.802418E-07
  -9.694343E-02   -2.211423E-02    7.831458E-04    9.805749E-04   -2.506261E-04    2.578913E-05   -1.463455E-02 |    2.578913E-05
   1.315363E-01   -4.300339E-02    1.553711E-02   -7.482725E-04   -4.124920E-04    8.616508E-05    8.997590E-02 |    8.616508E-05
max(min|c_i|) =    8.616508E-05

10    1.200000E+02    1.500000E+02
   3.299834E-06    2.400766E-06   -1.277633E-06    4.659959E-07   -1.281975E-07    2.814870E-08    2.516610E-08 |    2.516610E-08
  -5.659874E-04   -3.277816E-04    1.315727E-04   -3.438582E-05    6.446801E-06   -8.997847E-07   -1.561501E-05 |    8.997847E-07
  -1.463455E-02   -5.837271E-03    1.504272E-03   -2.090109E-04    1.136158E-05    1.546012E-06   -1.167916E-03 |    1.546012E-06
   8.997590E-02    1.444602E-02    2.743967E-04   -6.376348E-04    1.136181E-04   -7.344346E-06    1.965612E-02 |    7.344346E-06
max(min|c_i|) =    7.344346E-06

11    1.500000E+02    1.800000E+02
   2.516610E-08    1.882935E-08   -1.042709E-08    3.996105E-09   -1.165372E-09    2.741520E-10    1.561514E-10 |    1.561514E-10
  -1.561501E-05   -9.676878E-06    4.243689E-06   -1.242888E-06    2.702776E-07   -4.606107E-08   -3.264434E-07 |    4.606107E-08
  -1.167916E-03   -5.538219E-04    1.808007E-04   -3.705413E-05    5.300531E-06   -5.221931E-07   -6.333418E-05 |    5.221931E-07
   1.965612E-02    5.965117E-03   -1.193654E-03    1.000838E-04    1.797653E-06   -1.889037E-06    2.392265E-03 |    1.797653E-06
max(min|c_i|) =    1.797653E-06

12    1.800000E+02    1.980000E+02
   1.561514E-10    7.860168E-11   -3.212654E-11    7.334555E-12   -1.512896E-12    2.057080E-13 |    2.057080E-13
  -3.264434E-07   -1.211536E-07    4.261515E-08   -6.743482E-09    1.179522E-09   -1.053488E-10 |    1.053488E-10
  -6.333418E-05   -1.611454E-05    4.996780E-06   -4.893165E-07    7.659854E-08   -3.400889E-09 |    3.400889E-09
   2.392265E-03    3.679325E-04   -1.012627E-04    4.002954E-06   -6.918943E-07   -1.346581E-08 |    1.346581E-08
max(min|c_i|) =    1.346581E-08

----- EIGENVALUES -----
EIGENVALUE n=0 -1.995592911E-02
EIGENVALUE n=1 -1.386340305E-02
EIGENVALUE n=2 -1.018803862E-02
EIGENVALUE n=3 -7.801722684E-03

ALL_EIGENVALUES: | 6 | 77 |  -1.995592911E-02 | -1.386340305E-02 | -1.018803862E-02 | -7.801722684E-03 |

----- DOMAIN EXPANDED -----
RMAX BEFORE:  1.980000000E+02
RMAX AFTER:  2.178000000E+02


========== ADAPTIVE STEP 7 ==========
Number of elements: 14
Degrees of freedom: 83
Domain: [0, 2.178000000E+02]

0    0.000000E+00    7.500000E+00
   1.253106E-02    4.624601E-03    7.646647E-05   -3.028185E-04   -3.205457E-06    1.759600E-02 |    3.205457E-06
   1.268787E-02    4.529070E-03   -5.301355E-05   -3.418982E-04   -2.089334E-06    1.796553E-02 |    2.089334E-06
  -1.148195E-02   -4.012073E-03    1.210344E-04    3.286308E-04    9.506863E-07   -1.634258E-02 |    9.506863E-07
  -1.012389E-02   -3.486962E-03    1.492290E-04    3.007530E-04    1.851283E-07   -1.445916E-02 |    1.851283E-07
max(min|c_i|) =    3.205457E-06

1    7.500000E+00    1.500000E+01
   1.759600E-02    1.424166E-02   -4.765370E-03   -4.411182E-04    1.255011E-04   -2.083440E-06    1.273620E-01 |    2.083440E-06
   1.796553E-02    5.270674E-03   -6.605105E-03   -3.737770E-04    1.665962E-04   -3.406060E-06    1.114670E-01 |    3.406060E-06
  -1.634258E-02   -2.740228E-04    6.707446E-03    2.446926E-04   -1.756565E-04    4.327048E-06   -9.196076E-02 |    4.327048E-06
  -1.445916E-02    2.162295E-03    6.251387E-03    1.453461E-04   -1.697354E-04    4.788102E-06   -7.619924E-02 |    4.788102E-06
max(min|c_i|) =    4.788102E-06

2    1.500000E+01    2.250000E+01
   1.273620E-01   -1.936602E-02   -2.196004E-03    5.119893E-04   -6.723338E-06   -4.412387E-06    2.172380E-01 |    4.412387E-06
   1.114670E-01   -3.270328E-02   -1.115576E-03    7.837771E-04   -2.239734E-05   -6.308930E-06    1.226921E-01 |    6.308930E-06
  -9.196076E-02    3.196633E-02   -3.667192E-04   -8.590903E-04    3.691337E-05    6.903517E-06   -7.071411E-02 |    6.903517E-06
  -7.619924E-02    2.821850E-02   -1.266611E-03   -8.270317E-04    4.588370E-05    6.766531E-06   -4.314678E-02 |    6.766531E-06
max(min|c_i|) =    6.903517E-06

3    2.250000E+01    3.000000E+01
   2.172380E-01   -1.811067E-02    1.766236E-03    1.179711E-04   -2.522511E-05    1.094346E-06    2.052073E-01 |    1.094346E-06
   1.226921E-01   -1.589614E-02    4.069163E-03    5.259086E-05   -4.225922E-05    2.179254E-06    1.674568E-03 |    2.179254E-06
  -7.071411E-02    4.044756E-03   -5.056744E-03    8.691416E-05    4.975872E-05   -3.109359E-06    5.064373E-02 |    3.109359E-06
  -4.314678E-02   -3.348860E-03   -4.942845E-03    2.029417E-04    4.979188E-05   -3.710581E-06    6.010847E-02 |    3.710581E-06
max(min|c_i|) =    3.710581E-06

4    3.000000E+01    3.750000E+01
   2.052073E-01   -3.768180E-03    1.552907E-03   -9.708851E-05   -3.254575E-06    7.590547E-07    1.402533E-01 |    7.590547E-07
   1.674568E-03    1.051533E-02    2.192218E-03   -2.612949E-04   -3.124329E-07    1.398645E-06   -1.275291E-01 |    3.124329E-07
   5.064373E-02   -2.295209E-02   -1.385982E-03    3.867422E-04   -7.036246E-06   -1.775136E-06    1.160696E-01 |    1.775136E-06
   6.010847E-02   -2.486140E-02   -2.224713E-04    4.282785E-04   -1.472537E-05   -1.863675E-06    8.194412E-02 |    1.863675E-06
max(min|c_i|) =    1.863675E-06

5    3.750000E+01    4.500000E+01
   1.402533E-01    3.748634E-03    4.332791E-04   -7.510060E-05    3.710380E-06    4.520161E-08    7.812177E-02 |    4.520161E-08
  -1.275291E-01    1.679159E-02   -3.403313E-04   -1.394755E-04    1.091137E-05   -6.270243E-08   -1.833773E-01 |    6.270243E-08
   1.160696E-01   -1.935318E-02    1.837426E-03    1.311114E-04   -1.833101E-05    3.278870E-07    6.965492E-02 |    3.278870E-07
   8.194412E-02   -1.223552E-02    2.808268E-03    6.555252E-05   -2.279403E-05    6.511692E-07    5.203968E-03 |    6.511692E-07
max(min|c_i|) =    6.511692E-07

6    4.500000E+01    6.000000E+01
   7.812177E-02    1.549465E-02   -1.515212E-03   -1.234628E-04    4.880955E-05   -5.684276E-06    1.648191E-02 |    5.684276E-06
  -1.833773E-01    2.543870E-02   -7.793749E-03    4.285834E-04    8.765759E-05   -1.639688E-05   -1.278084E-01 |    1.639688E-05
   6.965492E-02    1.156149E-02    1.134464E-02   -1.622177E-03   -5.711886E-05    2.790986E-05   -1.187766E-01 |    2.790986E-05
   5.203968E-03    4.976839E-02    7.861873E-03   -2.645565E-03    4.310945E-05    3.488787E-05   -1.030088E-01 |    3.488787E-05
max(min|c_i|) =    3.488787E-05

7    6.000000E+01    7.500000E+01
   1.648191E-02    4.699434E-03   -9.198583E-04    9.595187E-05   -3.737697E-06   -4.476911E-07    2.516663E-03 |    4.476911E-07
  -1.278084E-01   -8.566302E-03   -1.194604E-03    3.897166E-04   -3.682599E-05    4.986282E-07   -4.826009E-02 |    4.986282E-07
  -1.187766E-01    3.447903E-02   -3.086934E-03   -4.703448E-04    9.566620E-05   -4.621098E-06   -1.571728E-01 |    4.621098E-06
  -1.030088E-01    2.610744E-02   -8.821366E-03    4.260005E-06    1.399839E-04   -1.142587E-05    1.719348E-02 |    4.260005E-06
max(min|c_i|) =    4.621098E-06

8    7.500000E+01    9.000000E+01
   2.516663E-03    8.414921E-04   -2.003690E-04    2.940165E-05   -2.880384E-06    1.800201E-07    3.132137E-04 |    1.800201E-07
  -4.826009E-02   -7.662074E-03    7.423299E-04    1.038464E-05   -9.892453E-06    1.120232E-06   -1.319642E-02 |    1.120232E-06
  -1.571728E-01    6.166865E-03   -2.929681E-03    2.598116E-04    4.887250E-06   -2.602150E-06   -9.694343E-02 |    2.602150E-06
   1.719348E-02   -2.141903E-02   -2.349618E-03    6.568731E-04   -2.797606E-05   -3.239824E-06    1.315292E-01 |    3.239824E-06
max(min|c_i|) =    3.239824E-06

9    9.000000E+01    1.200000E+02
   3.132137E-04    2.162473E-04   -1.067237E-04    3.528673E-05   -8.580509E-06    1.606858E-06    3.299834E-06 |    1.606858E-06
  -1.319642E-02   -6.596080E-03    2.152514E-03   -4.074382E-04    4.176400E-05    1.802418E-07   -5.659874E-04 |    1.802418E-07
  -9.694343E-02   -2.211423E-02    7.831448E-04    9.805746E-04   -2.506262E-04    2.578913E-05   -1.463456E-02 |    2.578913E-05
   1.315292E-01   -4.300034E-02    1.553624E-02   -7.481431E-04   -4.124650E-04    8.615971E-05    8.997888E-02 |    8.615971E-05
max(min|c_i|) =    8.615971E-05

10    1.200000E+02    1.500000E+02
   3.299834E-06    2.400766E-06   -1.277633E-06    4.659959E-07   -1.281975E-07    2.814870E-08    2.516610E-08 |    2.516610E-08
  -5.659874E-04   -3.277816E-04    1.315727E-04   -3.438582E-05    6.446800E-06   -8.997849E-07   -1.561507E-05 |    8.997849E-07
  -1.463456E-02   -5.837315E-03    1.504257E-03   -2.090144E-04    1.136093E-05    1.545915E-06   -1.168019E-03 |    1.545915E-06
   8.997888E-02    1.445140E-02    2.761535E-04   -6.373005E-04    1.136515E-04   -7.338770E-06    1.968333E-02 |    7.338770E-06
max(min|c_i|) =    7.338770E-06

11    1.500000E+02    1.800000E+02
   2.516610E-08    1.882958E-08   -1.042695E-08    3.996158E-09   -1.165356E-09    2.741560E-10    1.564615E-10 |    1.564615E-10
  -1.561507E-05   -9.678603E-06    4.242895E-06   -1.243140E-06    2.702162E-07   -4.607327E-08   -3.291733E-07 |    4.607327E-08
  -1.168019E-03   -5.546376E-04    1.805018E-04   -3.712933E-05    5.285982E-06   -5.244932E-07   -6.498481E-05 |    5.244932E-07
   1.968333E-02    6.022026E-03   -1.177399E-03    1.032409E-04    2.281022E-06   -1.828168E-06    2.561875E-03 |    1.828168E-06
max(min|c_i|) =    1.828168E-06

12    1.800000E+02    1.980000E+02
   1.564615E-10    8.225375E-11   -3.074092E-11    7.689774E-12   -1.443942E-12    2.163804E-13    6.909808E-12 |    2.163804E-13
  -3.291733E-07   -1.332272E-07    3.896923E-08   -7.483049E-09    1.065936E-09   -1.194291E-10   -2.952839E-08 |    1.194291E-10
  -6.498481E-05   -1.913530E-05    4.274895E-06   -6.054093E-07    6.240685E-08   -4.806834E-09   -1.005539E-05 |    4.806834E-09
   2.561875E-03    4.923280E-04   -7.814824E-05    6.925810E-06   -4.078743E-07    9.077661E-09    6.194834E-04 |    9.077661E-09
max(min|c_i|) =    9.077661E-09

13    1.980000E+02    2.178000E+02
   6.909808E-12    3.872951E-12   -1.696574E-12    4.418792E-13   -9.847066E-14    1.541987E-14 |    1.541987E-14
  -2.952839E-08   -1.268766E-08    4.756956E-09   -8.951812E-10    1.675562E-10   -1.827930E-11 |    1.827930E-11
  -1.005539E-05   -3.117421E-06    1.024308E-06   -1.289775E-07    2.108967E-08   -1.376301E-09 |    1.376301E-09
   6.194834E-04    1.259900E-04   -3.672976E-05    2.498159E-06   -3.885885E-07    5.435428E-09 |    5.435428E-09
max(min|c_i|) =    5.435428E-09

----- EIGENVALUES -----
EIGENVALUE n=0 -1.995592911E-02
EIGENVALUE n=1 -1.386340305E-02
EIGENVALUE n=2 -1.018803863E-02
EIGENVALUE n=3 -7.801753645E-03

ALL_EIGENVALUES: | 7 | 83 |  -1.995592911E-02 | -1.386340305E-02 | -1.018803863E-02 | -7.801753645E-03 |

----- DOMAIN EXPANDED -----
RMAX BEFORE:  2.178000000E+02
RMAX AFTER:  2.395800000E+02


========== ADAPTIVE STEP 8 ==========
Number of elements: 15
Degrees of freedom: 89
Domain: [0, 2.395800000E+02]

0    0.000000E+00    7.500000E+00
  -1.253106E-02   -4.624601E-03   -7.646647E-05    3.028185E-04    3.205457E-06   -1.759600E-02 |    3.205457E-06
  -1.268787E-02   -4.529070E-03    5.301355E-05    3.418982E-04    2.089334E-06   -1.796553E-02 |    2.089334E-06
  -1.148195E-02   -4.012073E-03    1.210344E-04    3.286308E-04    9.506863E-07   -1.634258E-02 |    9.506863E-07
  -1.012387E-02   -3.486953E-03    1.492286E-04    3.007522E-04    1.851282E-07   -1.445912E-02 |    1.851282E-07
max(min|c_i|) =    3.205457E-06

1    7.500000E+00    1.500000E+01
  -1.759600E-02   -1.424166E-02    4.765370E-03    4.411182E-04   -1.255011E-04    2.083440E-06   -1.273620E-01 |    2.083440E-06
  -1.796553E-02   -5.270674E-03    6.605105E-03    3.737770E-04   -1.665962E-04    3.406060E-06   -1.114670E-01 |    3.406060E-06
  -1.634258E-02   -2.740228E-04    6.707446E-03    2.446926E-04   -1.756565E-04    4.327048E-06   -9.196076E-02 |    4.327048E-06
  -1.445912E-02    2.162289E-03    6.251370E-03    1.453457E-04   -1.697349E-04    4.788089E-06   -7.619905E-02 |    4.788089E-06
max(min|c_i|) =    4.788089E-06

2    1.500000E+01    2.250000E+01
  -1.273620E-01    1.936602E-02    2.196004E-03   -5.119893E-04    6.723338E-06    4.412387E-06   -2.172380E-01 |    4.412387E-06
  -1.114670E-01    3.270328E-02    1.115576E-03   -7.837771E-04    2.239734E-05    6.308930E-06   -1.226921E-01 |    6.308930E-06
  -9.196076E-02    3.196633E-02   -3.667192E-04   -8.590903E-04    3.691337E-05    6.903517E-06   -7.071411E-02 |    6.903517E-06
  -7.619905E-02    2.821842E-02   -1.266607E-03   -8.270295E-04    4.588357E-05    6.766513E-06   -4.314668E-02 |    6.766513E-06
max(min|c_i|) =    6.903517E-06

3    2.250000E+01    3.000000E+01
  -2.172380E-01    1.811067E-02   -1.766236E-03   -1.179711E-04    2.522511E-05   -1.094346E-06   -2.052073E-01 |    1.094346E-06
  -1.226921E-01    1.589614E-02   -4.069163E-03   -5.259086E-05    4.225922E-05   -2.179254E-06   -1.674568E-03 |    2.179254E-06
  -7.071411E-02    4.044756E-03   -5.056744E-03    8.691416E-05    4.975872E-05   -3.109359E-06    5.064373E-02 |    3.109359E-06
  -4.314668E-02   -3.348847E-03   -4.942832E-03    2.029411E-04    4.979175E-05   -3.710571E-06    6.010831E-02 |    3.710571E-06
max(min|c_i|) =    3.710571E-06

4    3.000000E+01    3.750000E+01
  -2.052073E-01    3.768180E-03   -1.552907E-03    9.708851E-05    3.254575E-06   -7.590547E-07   -1.402533E-01 |    7.590547E-07
  -1.674568E-03   -1.051533E-02   -2.192218E-03    2.612949E-04    3.124329E-07   -1.398645E-06    1.275291E-01 |    3.124329E-07
   5.064373E-02   -2.295209E-02   -1.385982E-03    3.867422E-04   -7.036246E-06   -1.775136E-06    1.160696E-01 |    1.775136E-06
   6.010831E-02   -2.486133E-02   -2.224714E-04    4.282774E-04   -1.472532E-05   -1.863670E-06    8.194392E-02 |    1.863670E-06
max(min|c_i|) =    1.863670E-06

5    3.750000E+01    4.500000E+01
  -1.402533E-01   -3.748634E-03   -4.332791E-04    7.510060E-05   -3.710380E-06   -4.520161E-08   -7.812177E-02 |    4.520161E-08
   1.275291E-01   -1.679159E-02    3.403313E-04    1.394755E-04   -1.091137E-05    6.270243E-08    1.833773E-01 |    6.270243E-08
   1.160696E-01   -1.935318E-02    1.837426E-03    1.311114E-04   -1.833101E-05    3.278870E-07    6.965492E-02 |    3.278870E-07
   8.194392E-02   -1.223549E-02    2.808260E-03    6.555240E-05   -2.279397E-05    6.511673E-07    5.203982E-03 |    6.511673E-07
max(min|c_i|) =    6.511673E-07

6    4.500000E+01    6.000000E+01
  -7.812177E-02   -1.549465E-02    1.515212E-03    1.234628E-04   -4.880955E-05    5.684276E-06   -1.648191E-02 |    5.684276E-06
   1.833773E-01   -2.543870E-02    7.793749E-03   -4.285834E-04   -8.765759E-05    1.639688E-05    1.278084E-01 |    1.639688E-05
   6.965492E-02    1.156149E-02    1.134464E-02   -1.622177E-03   -5.711886E-05    2.790986E-05   -1.187766E-01 |    2.790986E-05
   5.203982E-03    4.976824E-02    7.861856E-03   -2.645557E-03    4.310926E-05    3.488777E-05   -1.030085E-01 |    3.488777E-05
max(min|c_i|) =    3.488777E-05

7    6.000000E+01    7.500000E+01
  -1.648191E-02   -4.699434E-03    9.198583E-04   -9.595187E-05    3.737697E-06    4.476911E-07   -2.516663E-03 |    4.476911E-07
   1.278084E-01    8.566302E-03    1.194604E-03   -3.897166E-04    3.682599E-05   -4.986282E-07    4.826009E-02 |    4.986282E-07
  -1.187766E-01    3.447903E-02   -3.086934E-03   -4.703448E-04    9.566620E-05   -4.621098E-06   -1.571728E-01 |    4.621098E-06
  -1.030085E-01    2.610739E-02   -8.821339E-03    4.259530E-06    1.399835E-04   -1.142584E-05    1.719337E-02 |    4.259530E-06
max(min|c_i|) =    4.621098E-06

8    7.500000E+01    9.000000E+01
  -2.516663E-03   -8.414921E-04    2.003690E-04   -2.940165E-05    2.880384E-06   -1.800201E-07   -3.132137E-04 |    1.800201E-07
   4.826009E-02    7.662074E-03   -7.423299E-04   -1.038464E-05    9.892453E-06   -1.120232E-06    1.319642E-02 |    1.120232E-06
  -1.571728E-01    6.166865E-03   -2.929681E-03    2.598116E-04    4.887250E-06   -2.602150E-06   -9.694343E-02 |    2.602150E-06
   1.719337E-02   -2.141895E-02   -2.349613E-03    6.568711E-04   -2.797595E-05   -3.239816E-06    1.315288E-01 |    3.239816E-06
max(min|c_i|) =    3.239816E-06

9    9.000000E+01    1.200000E+02
  -3.132137E-04   -2.162473E-04    1.067237E-04   -3.528673E-05    8.580509E-06   -1.606858E-06   -3.299834E-06 |    1.606858E-06
   1.319642E-02    6.596080E-03   -2.152514E-03    4.074382E-04   -4.176400E-05   -1.802418E-07    5.659874E-04 |    1.802418E-07
  -9.694343E-02   -2.211423E-02    7.831447E-04    9.805746E-04   -2.506262E-04    2.578912E-05   -1.463456E-02 |    2.578912E-05
   1.315288E-01   -4.300019E-02    1.553620E-02   -7.481373E-04   -4.124637E-04    8.615945E-05    8.997897E-02 |    8.615945E-05
max(min|c_i|) =    8.615945E-05

10    1.200000E+02    1.500000E+02
  -3.299834E-06   -2.400766E-06    1.277633E-06   -4.659959E-07    1.281975E-07   -2.814870E-08   -2.516610E-08 |    2.516610E-08
   5.659874E-04    3.277816E-04   -1.315727E-04    3.438582E-05   -6.446800E-06    8.997849E-07    1.561507E-05 |    8.997849E-07
  -1.463456E-02   -5.837316E-03    1.504256E-03   -2.090145E-04    1.136092E-05    1.545914E-06   -1.168020E-03 |    1.545914E-06
   8.997897E-02    1.445162E-02    2.762285E-04   -6.372860E-04    1.136529E-04   -7.338529E-06    1.968448E-02 |    7.338529E-06
max(min|c_i|) =    7.338529E-06

11    1.500000E+02    1.800000E+02
  -2.516610E-08   -1.882958E-08    1.042695E-08   -3.996158E-09    1.165356E-09   -2.741559E-10   -1.564619E-10 |    1.564619E-10
   1.561507E-05    9.678611E-06   -4.242891E-06    1.243141E-06   -2.702159E-07    4.607332E-08    3.291858E-07 |    4.607332E-08
  -1.168020E-03   -5.546501E-04    1.804973E-04   -3.713048E-05    5.285760E-06   -5.245283E-07   -6.500997E-05 |    5.245283E-07
   1.968448E-02    6.024458E-03   -1.176704E-03    1.033758E-04    2.301694E-06   -1.825564E-06    2.569128E-03 |    1.825564E-06
max(min|c_i|) =    1.825564E-06

12    1.800000E+02    1.980000E+02
  -1.564619E-10   -8.225744E-11    3.073943E-11   -7.690236E-12    1.443823E-12   -2.166299E-13   -6.916556E-12 |    2.166299E-13
   3.291858E-07    1.332822E-07   -3.895263E-08    7.486416E-09   -1.065419E-09    1.194939E-10    2.966281E-08 |    1.194939E-10
  -6.500997E-05   -1.918133E-05    4.263893E-06   -6.071787E-07    6.219056E-08   -4.828262E-09   -1.020864E-05 |    4.828262E-09
   2.569128E-03    4.976478E-04   -7.715969E-05    7.050809E-06   -3.957275E-07    1.004177E-08    6.459759E-04 |    1.004177E-08
max(min|c_i|) =    1.004177E-08

13    1.980000E+02    2.178000E+02
  -6.916556E-12   -3.996824E-12    1.645046E-12   -4.563569E-13    9.540688E-14   -1.598609E-14   -2.133353E-13 |    1.598609E-14
   2.966281E-08    1.359957E-08   -4.450866E-09    9.643683E-10   -1.557101E-10    1.991633E-11    1.972293E-09 |    1.991633E-11
  -1.020864E-05   -3.549162E-06    9.079885E-07   -1.500514E-07    1.819207E-08   -1.698660E-09   -1.222528E-06 |    1.698660E-09
   6.459759E-04    1.574435E-04   -3.002209E-05    3.466856E-06   -2.816457E-07    1.504859E-08    1.250513E-04 |    1.504859E-08
max(min|c_i|) =    1.504859E-08

14    2.178000E+02    2.395800E+02
  -2.133353E-13   -1.314537E-13    6.183568E-14   -1.809283E-14    4.463441E-15   -8.390456E-16 |    8.390456E-16
   1.972293E-09    9.649724E-10   -3.872993E-10    8.513817E-11   -1.717928E-11    2.228995E-12 |    2.228995E-12
  -1.222528E-06   -4.512743E-07    1.579018E-07   -2.460236E-08    4.272832E-09   -3.682428E-10 |    3.682428E-10
   1.250513E-04    3.232597E-05   -1.000603E-05    9.736515E-07   -1.523886E-07    6.169373E-09 |    6.169373E-09
max(min|c_i|) =    6.169373E-09

----- EIGENVALUES -----
EIGENVALUE n=0 -1.995592911E-02
EIGENVALUE n=1 -1.386340305E-02
EIGENVALUE n=2 -1.018803863E-02
EIGENVALUE n=3 -7.801754970E-03

ALL_EIGENVALUES: | 8 | 89 |  -1.995592911E-02 | -1.386340305E-02 | -1.018803863E-02 | -7.801754970E-03 |

----- DOMAIN EXPANDED -----
RMAX BEFORE:  2.395800000E+02
RMAX AFTER:  2.635380000E+02


========== ADAPTIVE STEP 9 ==========
Number of elements: 16
Degrees of freedom: 95
Domain: [0, 2.635380000E+02]

0    0.000000E+00    7.500000E+00
  -1.253106E-02   -4.624601E-03   -7.646647E-05    3.028185E-04    3.205457E-06   -1.759600E-02 |    3.205457E-06
   1.268787E-02    4.529070E-03   -5.301355E-05   -3.418982E-04   -2.089334E-06    1.796553E-02 |    2.089334E-06
  -1.148195E-02   -4.012073E-03    1.210344E-04    3.286308E-04    9.506863E-07   -1.634258E-02 |    9.506863E-07
  -1.012386E-02   -3.486952E-03    1.492286E-04    3.007522E-04    1.851282E-07   -1.445912E-02 |    1.851282E-07
max(min|c_i|) =    3.205457E-06

1    7.500000E+00    1.500000E+01
  -1.759600E-02   -1.424166E-02    4.765370E-03    4.411182E-04   -1.255011E-04    2.083440E-06   -1.273620E-01 |    2.083440E-06
   1.796553E-02    5.270674E-03   -6.605105E-03   -3.737770E-04    1.665962E-04   -3.406060E-06    1.114670E-01 |    3.406060E-06
  -1.634258E-02   -2.740228E-04    6.707446E-03    2.446926E-04   -1.756565E-04    4.327048E-06   -9.196076E-02 |    4.327048E-06
  -1.445912E-02    2.162288E-03    6.251370E-03    1.453457E-04   -1.697349E-04    4.788089E-06   -7.619904E-02 |    4.788089E-06
max(min|c_i|) =    4.788089E-06

2    1.500000E+01    2.250000E+01
  -1.273620E-01    1.936602E-02    2.196004E-03   -5.119893E-04    6.723338E-06    4.412387E-06   -2.172380E-01 |    4.412387E-06
   1.114670E-01   -3.270328E-02   -1.115576E-03    7.837771E-04   -2.239734E-05   -6.308930E-06    1.226921E-01 |    6.308930E-06
  -9.196076E-02    3.196633E-02   -3.667192E-04   -8.590903E-04    3.691337E-05    6.903517E-06   -7.071411E-02 |    6.903517E-06
  -7.619904E-02    2.821842E-02   -1.266607E-03   -8.270295E-04    4.588356E-05    6.766512E-06   -4.314667E-02 |    6.766512E-06
max(min|c_i|) =    6.903517E-06

3    2.250000E+01    3.000000E+01
  -2.172380E-01    1.811067E-02   -1.766236E-03   -1.179711E-04    2.522511E-05   -1.094346E-06   -2.052073E-01 |    1.094346E-06
   1.226921E-01   -1.589614E-02    4.069163E-03    5.259086E-05   -4.225922E-05    2.179254E-06    1.674568E-03 |    2.179254E-06
  -7.071411E-02    4.044756E-03   -5.056744E-03    8.691416E-05    4.975872E-05   -3.109359E-06    5.064373E-02 |    3.109359E-06
  -4.314667E-02   -3.348847E-03   -4.942831E-03    2.029411E-04    4.979175E-05   -3.710570E-06    6.010830E-02 |    3.710570E-06
max(min|c_i|) =    3.710570E-06

4    3.000000E+01    3.750000E+01
  -2.052073E-01    3.768180E-03   -1.552907E-03    9.708851E-05    3.254575E-06   -7.590547E-07   -1.402533E-01 |    7.590547E-07
   1.674568E-03    1.051533E-02    2.192218E-03   -2.612949E-04   -3.124329E-07    1.398645E-06   -1.275291E-01 |    3.124329E-07
   5.064373E-02   -2.295209E-02   -1.385982E-03    3.867422E-04   -7.036246E-06   -1.775136E-06    1.160696E-01 |    1.775136E-06
   6.010830E-02   -2.486133E-02   -2.224714E-04    4.282773E-04   -1.472532E-05   -1.863670E-06    8.194391E-02 |    1.863670E-06
max(min|c_i|) =    1.863670E-06

5    3.750000E+01    4.500000E+01
  -1.402533E-01   -3.748634E-03   -4.332791E-04    7.510060E-05   -3.710380E-06   -4.520161E-08   -7.812177E-02 |    4.520161E-08
  -1.275291E-01    1.679159E-02   -3.403313E-04   -1.394755E-04    1.091137E-05   -6.270243E-08   -1.833773E-01 |    6.270243E-08
   1.160696E-01   -1.935318E-02    1.837426E-03    1.311114E-04   -1.833101E-05    3.278870E-07    6.965492E-02 |    3.278870E-07
   8.194391E-02   -1.223549E-02    2.808259E-03    6.555240E-05   -2.279397E-05    6.511672E-07    5.203983E-03 |    6.511672E-07
max(min|c_i|) =    6.511672E-07

6    4.500000E+01    6.000000E+01
  -7.812177E-02   -1.549465E-02    1.515212E-03    1.234628E-04   -4.880955E-05    5.684276E-06   -1.648191E-02 |    5.684276E-06
  -1.833773E-01    2.543870E-02   -7.793749E-03    4.285834E-04    8.765759E-05   -1.639688E-05   -1.278084E-01 |    1.639688E-05
   6.965492E-02    1.156149E-02    1.134464E-02   -1.622177E-03   -5.711886E-05    2.790986E-05   -1.187766E-01 |    2.790986E-05
   5.203983E-03    4.976824E-02    7.861855E-03   -2.645557E-03    4.310925E-05    3.488777E-05   -1.030085E-01 |    3.488777E-05
max(min|c_i|) =    3.488777E-05

7    6.000000E+01    7.500000E+01
  -1.648191E-02   -4.699434E-03    9.198583E-04   -9.595187E-05    3.737697E-06    4.476911E-07   -2.516663E-03 |    4.476911E-07
  -1.278084E-01   -8.566302E-03   -1.194604E-03    3.897166E-04   -3.682599E-05    4.986282E-07   -4.826009E-02 |    4.986282E-07
  -1.187766E-01    3.447903E-02   -3.086934E-03   -4.703448E-04    9.566620E-05   -4.621098E-06   -1.571728E-01 |    4.621098E-06
  -1.030085E-01    2.610739E-02   -8.821338E-03    4.259518E-06    1.399835E-04   -1.142583E-05    1.719336E-02 |    4.259518E-06
max(min|c_i|) =    4.621098E-06

8    7.500000E+01    9.000000E+01
  -2.516663E-03   -8.414921E-04    2.003690E-04   -2.940165E-05    2.880384E-06   -1.800201E-07   -3.132137E-04 |    1.800201E-07
  -4.826009E-02   -7.662074E-03    7.423299E-04    1.038464E-05   -9.892453E-06    1.120232E-06   -1.319642E-02 |    1.120232E-06
  -1.571728E-01    6.166865E-03   -2.929681E-03    2.598116E-04    4.887250E-06   -2.602150E-06   -9.694343E-02 |    2.602150E-06
   1.719336E-02   -2.141895E-02   -2.349613E-03    6.568711E-04   -2.797595E-05   -3.239815E-06    1.315288E-01 |    3.239815E-06
max(min|c_i|) =    3.239815E-06

9    9.000000E+01    1.200000E+02
  -3.132137E-04   -2.162473E-04    1.067237E-04   -3.528673E-05    8.580509E-06   -1.606858E-06   -3.299834E-06 |    1.606858E-06
  -1.319642E-02   -6.596080E-03    2.152514E-03   -4.074382E-04    4.176400E-05    1.802418E-07   -5.659874E-04 |    1.802418E-07
  -9.694343E-02   -2.211423E-02    7.831447E-04    9.805746E-04   -2.506262E-04    2.578912E-05   -1.463456E-02 |    2.578912E-05
   1.315288E-01   -4.300019E-02    1.553619E-02   -7.481372E-04   -4.124637E-04    8.615944E-05    8.997898E-02 |    8.615944E-05
max(min|c_i|) =    8.615944E-05

10    1.200000E+02    1.500000E+02
  -3.299834E-06   -2.400766E-06    1.277633E-06   -4.659959E-07    1.281975E-07   -2.814870E-08   -2.516610E-08 |    2.516610E-08
  -5.659874E-04   -3.277816E-04    1.315727E-04   -3.438582E-05    6.446800E-06   -8.997849E-07   -1.561507E-05 |    8.997849E-07
  -1.463456E-02   -5.837316E-03    1.504256E-03   -2.090145E-04    1.136092E-05    1.545914E-06   -1.168020E-03 |    1.545914E-06
   8.997898E-02    1.445163E-02    2.762304E-04   -6.372856E-04    1.136530E-04   -7.338523E-06    1.968451E-02 |    7.338523E-06
max(min|c_i|) =    7.338523E-06

11    1.500000E+02    1.800000E+02
  -2.516610E-08   -1.882958E-08    1.042695E-08   -3.996158E-09    1.165356E-09   -2.741560E-10   -1.564618E-10 |    1.564618E-10
  -1.561507E-05   -9.678611E-06    4.242891E-06   -1.243141E-06    2.702159E-07   -4.607332E-08   -3.291858E-07 |    4.607332E-08
  -1.168020E-03   -5.546502E-04    1.804972E-04   -3.713049E-05    5.285759E-06   -5.245286E-07   -6.501018E-05 |    5.245286E-07
   1.968451E-02    6.024519E-03   -1.176686E-03    1.033792E-04    2.302210E-06   -1.825499E-06    2.569309E-03 |    1.825499E-06
max(min|c_i|) =    1.825499E-06

12    1.800000E+02    1.980000E+02
  -1.564618E-10   -8.225733E-11    3.073945E-11   -7.690281E-12    1.443927E-12   -2.165417E-13   -6.916565E-12 |    2.165417E-13
  -3.291858E-07   -1.332823E-07    3.895259E-08   -7.486425E-09    1.065418E-09   -1.194939E-10   -2.966313E-08 |    1.194939E-10
  -6.501018E-05   -1.918173E-05    4.263799E-06   -6.071937E-07    6.218872E-08   -4.828444E-09   -1.020994E-05 |    4.828444E-09
   2.569309E-03    4.977807E-04   -7.713498E-05    7.053933E-06   -3.954239E-07    1.006587E-08    6.466382E-04 |    1.006587E-08
max(min|c_i|) =    1.006587E-08

13    1.980000E+02    2.178000E+02
  -6.916565E-12   -3.996857E-12    1.645016E-12   -4.565285E-13    9.556897E-14   -1.601646E-14   -2.134075E-13 |    1.601646E-14
  -2.966313E-08   -1.360170E-08    4.450150E-09   -9.645304E-10    1.556829E-10   -1.991999E-11   -1.976904E-09 |    1.991999E-11
  -1.020994E-05   -3.552833E-06    9.069993E-07   -1.502306E-07    1.816743E-08   -1.701402E-09   -1.232924E-06 |    1.701402E-09
   6.466382E-04    1.582297E-04   -2.985442E-05    3.491070E-06   -2.789725E-07    1.528889E-08    1.281772E-04 |    1.528889E-08
max(min|c_i|) =    1.528889E-08

14    2.178000E+02    2.395800E+02
  -2.134075E-13   -1.341954E-13    6.060102E-14   -1.853866E-14    4.323851E-15   -6.857920E-16   -4.407223E-15 |    6.857920E-16
  -1.976904E-09   -1.013767E-09    3.691702E-10   -8.969111E-11    1.631220E-11   -2.361879E-12   -9.448101E-11 |    2.361879E-12
  -1.232924E-06   -4.966228E-07    1.441977E-07   -2.738933E-08    3.842991E-09   -4.218323E-10   -1.111736E-07 |    4.218323E-10
   1.281772E-04    3.823716E-05   -8.568502E-06    1.209615E-06   -1.228777E-07    9.166245E-09    1.935501E-05 |    9.166245E-09
max(min|c_i|) =    9.166245E-09

15    2.395800E+02    2.635380E+02
  -4.407223E-15   -2.939098E-15    1.490680E-15   -4.605375E-16    7.060204E-17   -3.282937E-17 |    3.282937E-17
  -9.448101E-11   -5.183049E-11    2.234455E-11   -5.651567E-12    1.236025E-12   -1.870848E-13 |    1.870848E-13
  -1.111736E-07   -4.785222E-08    1.791447E-08   -3.358537E-09    6.264033E-10   -6.736812E-11 |    6.736812E-11
   1.935501E-05    6.157801E-06   -2.031838E-06    2.601751E-07   -4.264373E-08    2.751134E-09 |    2.751134E-09
max(min|c_i|) =    2.751134E-09

----- EIGENVALUES -----
EIGENVALUE n=0 -1.995592911E-02
EIGENVALUE n=1 -1.386340305E-02
EIGENVALUE n=2 -1.018803863E-02
EIGENVALUE n=3 -7.801755003E-03

ALL_EIGENVALUES: | 9 | 95 |  -1.995592911E-02 | -1.386340305E-02 | -1.018803863E-02 | -7.801755003E-03 |

----- DOMAIN EXPANDED -----
RMAX BEFORE:  2.635380000E+02
RMAX AFTER:  2.898918000E+02


========== ADAPTIVE STEP 10 ==========
Number of elements: 17
Degrees of freedom: 101
Domain: [0, 2.898918000E+02]

0    0.000000E+00    7.500000E+00
   1.253106E-02    4.624601E-03    7.646647E-05   -3.028185E-04   -3.205457E-06    1.759600E-02 |    3.205457E-06
  -1.268787E-02   -4.529070E-03    5.301355E-05    3.418982E-04    2.089334E-06   -1.796553E-02 |    2.089334E-06
  -1.148195E-02   -4.012073E-03    1.210344E-04    3.286308E-04    9.506863E-07   -1.634258E-02 |    9.506863E-07
  -1.012386E-02   -3.486952E-03    1.492286E-04    3.007522E-04    1.851282E-07   -1.445912E-02 |    1.851282E-07
max(min|c_i|) =    3.205457E-06

1    7.500000E+00    1.500000E+01
   1.759600E-02    1.424166E-02   -4.765370E-03   -4.411182E-04    1.255011E-04   -2.083440E-06    1.273620E-01 |    2.083440E-06
  -1.796553E-02   -5.270674E-03    6.605105E-03    3.737770E-04   -1.665962E-04    3.406060E-06   -1.114670E-01 |    3.406060E-06
  -1.634258E-02   -2.740228E-04    6.707446E-03    2.446926E-04   -1.756565E-04    4.327048E-06   -9.196076E-02 |    4.327048E-06
  -1.445912E-02    2.162288E-03    6.251370E-03    1.453457E-04   -1.697349E-04    4.788089E-06   -7.619904E-02 |    4.788089E-06
max(min|c_i|) =    4.788089E-06

2    1.500000E+01    2.250000E+01
   1.273620E-01   -1.936602E-02   -2.196004E-03    5.119893E-04   -6.723338E-06   -4.412387E-06    2.172380E-01 |    4.412387E-06
  -1.114670E-01    3.270328E-02    1.115576E-03   -7.837771E-04    2.239734E-05    6.308930E-06   -1.226921E-01 |    6.308930E-06
  -9.196076E-02    3.196633E-02   -3.667192E-04   -8.590903E-04    3.691337E-05    6.903517E-06   -7.071411E-02 |    6.903517E-06
  -7.619904E-02    2.821842E-02   -1.266607E-03   -8.270295E-04    4.588356E-05    6.766512E-06   -4.314667E-02 |    6.766512E-06
max(min|c_i|) =    6.903517E-06

3    2.250000E+01    3.000000E+01
   2.172380E-01   -1.811067E-02    1.766236E-03    1.179711E-04   -2.522511E-05    1.094346E-06    2.052073E-01 |    1.094346E-06
  -1.226921E-01    1.589614E-02   -4.069163E-03   -5.259086E-05    4.225922E-05   -2.179254E-06   -1.674568E-03 |    2.179254E-06
  -7.071411E-02    4.044756E-03   -5.056744E-03    8.691416E-05    4.975872E-05   -3.109359E-06    5.064373E-02 |    3.109359E-06
  -4.314667E-02   -3.348847E-03   -4.942831E-03    2.029411E-04    4.979175E-05   -3.710570E-06    6.010830E-02 |    3.710570E-06
max(min|c_i|) =    3.710570E-06

4    3.000000E+01    3.750000E+01
   2.052073E-01   -3.768180E-03    1.552907E-03   -9.708851E-05   -3.254575E-06    7.590547E-07    1.402533E-01 |    7.590547E-07
  -1.674568E-03   -1.051533E-02   -2.192218E-03    2.612949E-04    3.124329E-07   -1.398645E-06    1.275291E-01 |    3.124329E-07
   5.064373E-02   -2.295209E-02   -1.385982E-03    3.867422E-04   -7.036246E-06   -1.775136E-06    1.160696E-01 |    1.775136E-06
   6.010830E-02   -2.486133E-02   -2.224714E-04    4.282773E-04   -1.472532E-05   -1.863670E-06    8.194391E-02 |    1.863670E-06
max(min|c_i|) =    1.863670E-06

5    3.750000E+01    4.500000E+01
   1.402533E-01    3.748634E-03    4.332791E-04   -7.510060E-05    3.710380E-06    4.520161E-08    7.812177E-02 |    4.520161E-08
   1.275291E-01   -1.679159E-02    3.403313E-04    1.394755E-04   -1.091137E-05    6.270243E-08    1.833773E-01 |    6.270243E-08
   1.160696E-01   -1.935318E-02    1.837426E-03    1.311114E-04   -1.833101E-05    3.278870E-07    6.965492E-02 |    3.278870E-07
   8.194391E-02   -1.223549E-02    2.808259E-03    6.555240E-05   -2.279397E-05    6.511672E-07    5.203983E-03 |    6.511672E-07
max(min|c_i|) =    6.511672E-07

6    4.500000E+01    6.000000E+01
   7.812177E-02    1.549465E-02   -1.515212E-03   -1.234628E-04    4.880955E-05   -5.684276E-06    1.648191E-02 |    5.684276E-06
   1.833773E-01   -2.543870E-02    7.793749E-03   -4.285834E-04   -8.765759E-05    1.639688E-05    1.278084E-01 |    1.639688E-05
   6.965492E-02    1.156149E-02    1.134464E-02   -1.622177E-03   -5.711886E-05    2.790986E-05   -1.187766E-01 |    2.790986E-05
   5.203983E-03    4.976824E-02    7.861855E-03   -2.645557E-03    4.310925E-05    3.488777E-05   -1.030085E-01 |    3.488777E-05
max(min|c_i|) =    3.488777E-05

7    6.000000E+01    7.500000E+01
   1.648191E-02    4.699434E-03   -9.198583E-04    9.595187E-05   -3.737697E-06   -4.476911E-07    2.516663E-03 |    4.476911E-07
   1.278084E-01    8.566302E-03    1.194604E-03   -3.897166E-04    3.682599E-05   -4.986282E-07    4.826009E-02 |    4.986282E-07
  -1.187766E-01    3.447903E-02   -3.086934E-03   -4.703448E-04    9.566620E-05   -4.621098E-06   -1.571728E-01 |    4.621098E-06
  -1.030085E-01    2.610739E-02   -8.821338E-03    4.259518E-06    1.399835E-04   -1.142583E-05    1.719336E-02 |    4.259518E-06
max(min|c_i|) =    4.621098E-06

8    7.500000E+01    9.000000E+01
   2.516663E-03    8.414921E-04   -2.003690E-04    2.940165E-05   -2.880384E-06    1.800201E-07    3.132137E-04 |    1.800201E-07
   4.826009E-02    7.662074E-03   -7.423299E-04   -1.038464E-05    9.892453E-06   -1.120232E-06    1.319642E-02 |    1.120232E-06
  -1.571728E-01    6.166865E-03   -2.929681E-03    2.598116E-04    4.887250E-06   -2.602150E-06   -9.694343E-02 |    2.602150E-06
   1.719336E-02   -2.141895E-02   -2.349613E-03    6.568711E-04   -2.797595E-05   -3.239815E-06    1.315288E-01 |    3.239815E-06
max(min|c_i|) =    3.239815E-06

9    9.000000E+01    1.200000E+02
   3.132137E-04    2.162473E-04   -1.067237E-04    3.528673E-05   -8.580509E-06    1.606858E-06    3.299834E-06 |    1.606858E-06
   1.319642E-02    6.596080E-03   -2.152514E-03    4.074382E-04   -4.176400E-05   -1.802418E-07    5.659874E-04 |    1.802418E-07
  -9.694343E-02   -2.211423E-02    7.831447E-04    9.805746E-04   -2.506262E-04    2.578912E-05   -1.463456E-02 |    2.578912E-05
   1.315288E-01   -4.300019E-02    1.553619E-02   -7.481372E-04   -4.124637E-04    8.615944E-05    8.997898E-02 |    8.615944E-05
max(min|c_i|) =    8.615944E-05

10    1.200000E+02    1.500000E+02
   3.299834E-06    2.400766E-06   -1.277633E-06    4.659959E-07   -1.281975E-07    2.814870E-08    2.516610E-08 |    2.516610E-08
   5.659874E-04    3.277816E-04   -1.315727E-04    3.438582E-05   -6.446800E-06    8.997849E-07    1.561507E-05 |    8.997849E-07
  -1.463456E-02   -5.837316E-03    1.504256E-03   -2.090145E-04    1.136092E-05    1.545914E-06   -1.168020E-03 |    1.545914E-06
   8.997898E-02    1.445163E-02    2.762304E-04   -6.372856E-04    1.136530E-04   -7.338523E-06    1.968451E-02 |    7.338523E-06
max(min|c_i|) =    7.338523E-06

11    1.500000E+02    1.800000E+02
   2.516610E-08    1.882958E-08   -1.042695E-08    3.996158E-09   -1.165356E-09    2.741560E-10    1.564619E-10 |    1.564619E-10
   1.561507E-05    9.678611E-06   -4.242891E-06    1.243141E-06   -2.702159E-07    4.607332E-08    3.291858E-07 |    4.607332E-08
  -1.168020E-03   -5.546502E-04    1.804972E-04   -3.713049E-05    5.285759E-06   -5.245286E-07   -6.501019E-05 |    5.245286E-07
   1.968451E-02    6.024520E-03   -1.176686E-03    1.033793E-04    2.302218E-06   -1.825498E-06    2.569311E-03 |    1.825498E-06
max(min|c_i|) =    1.825498E-06

12    1.800000E+02    1.980000E+02
   1.564619E-10    8.225741E-11   -3.073956E-11    7.690212E-12   -1.443825E-12    2.164807E-13    6.916597E-12 |    2.164807E-13
   3.291858E-07    1.332823E-07   -3.895259E-08    7.486425E-09   -1.065417E-09    1.194942E-10    2.966313E-08 |    1.194942E-10
  -6.501019E-05   -1.918173E-05    4.263799E-06   -6.071938E-07    6.218871E-08   -4.828446E-09   -1.020995E-05 |    4.828446E-09
   2.569311E-03    4.977826E-04   -7.713463E-05    7.053977E-06   -3.954196E-07    1.006621E-08    6.466474E-04 |    1.006621E-08
max(min|c_i|) =    1.006621E-08

13    1.980000E+02    2.178000E+02
   6.916597E-12    3.996952E-12   -1.644946E-12    4.564963E-13   -9.538260E-14    1.588971E-14    2.134025E-13 |    1.588971E-14
   2.966313E-08    1.360171E-08   -4.450149E-09    9.645307E-10   -1.556826E-10    1.991999E-11    1.976909E-09 |    1.991999E-11
  -1.020995E-05   -3.552850E-06    9.069949E-07   -1.502314E-07    1.816732E-08   -1.701414E-09   -1.232971E-06 |    1.701414E-09
   6.466474E-04    1.582408E-04   -2.985207E-05    3.491410E-06   -2.789350E-07    1.529226E-08    1.282211E-04 |    1.529226E-08
max(min|c_i|) =    1.529226E-08

14    2.178000E+02    2.395800E+02
   2.134025E-13    1.343392E-13   -6.056716E-14    1.866591E-14   -4.227815E-15    8.795570E-16    4.462325E-15 |    8.795570E-16
   1.976909E-09    1.013822E-09   -3.691496E-10    8.969651E-11   -1.631107E-11    2.362612E-12    9.458756E-11 |    2.362612E-12
  -1.232971E-06   -4.968269E-07    1.441361E-07   -2.740187E-08    3.841057E-09   -4.220733E-10   -1.116737E-07 |    4.220733E-10
   1.282211E-04    3.832013E-05   -8.548324E-06    1.212927E-06   -1.224635E-07    9.208310E-09    1.962669E-05 |    9.208310E-09
max(min|c_i|) =    9.208310E-09

15    2.395800E+02    2.635380E+02
   4.462325E-15    3.061174E-15   -1.516655E-15    4.963382E-16   -1.591197E-16    1.716305E-16    6.050868E-17 |    6.050868E-17
   9.458756E-11    5.362322E-11   -2.161069E-11    5.855808E-12   -1.193259E-12    1.949803E-13    3.142680E-12 |    1.949803E-13
  -1.116737E-07   -5.126763E-08    1.676257E-08   -3.620557E-09    5.811973E-10   -7.367086E-11   -7.363248E-09 |    7.367086E-11
   1.962669E-05    6.971782E-06   -1.807558E-06    3.018323E-07   -3.676079E-08    3.424399E-09    2.250174E-06 |    3.424399E-09
max(min|c_i|) =    3.424399E-09

16    2.635380E+02    2.898918E+02
   6.050868E-17    4.798842E-17   -4.201904E-17    2.998862E-17   -1.262041E-17    1.878721E-17 |    1.262041E-17
   3.142680E-12    1.905803E-12   -8.845761E-13    2.542149E-13   -6.046735E-14    1.057960E-14 |    1.057960E-14
  -7.363248E-09   -3.626153E-09    1.458358E-09   -3.218811E-10    6.497687E-11   -8.416999E-12 |    8.416999E-12
   2.250174E-06    8.572675E-07   -3.028806E-07    4.858287E-08   -8.503953E-09    7.463930E-10 |    7.463930E-10
max(min|c_i|) =    7.463930E-10

----- EIGENVALUES -----
EIGENVALUE n=0 -1.995592911E-02
EIGENVALUE n=1 -1.386340305E-02
EIGENVALUE n=2 -1.018803863E-02
EIGENVALUE n=3 -7.801755003E-03

ALL_EIGENVALUES: | 10 | 101 |  -1.995592911E-02 | -1.386340305E-02 | -1.018803863E-02 | -7.801755003E-03 |

----- DOMAIN EXPANDED -----
RMAX BEFORE:  2.898918000E+02
RMAX AFTER:  3.188809800E+02


========== ADAPTIVE STEP 11 ==========
Number of elements: 18
Degrees of freedom: 107
Domain: [0, 3.188809800E+02]

0    0.000000E+00    7.500000E+00
  -1.253106E-02   -4.624601E-03   -7.646647E-05    3.028185E-04    3.205457E-06   -1.759600E-02 |    3.205457E-06
  -1.268787E-02   -4.529070E-03    5.301355E-05    3.418982E-04    2.089334E-06   -1.796553E-02 |    2.089334E-06
  -1.148195E-02   -4.012073E-03    1.210344E-04    3.286308E-04    9.506863E-07   -1.634258E-02 |    9.506863E-07
  -1.012386E-02   -3.486952E-03    1.492286E-04    3.007522E-04    1.851282E-07   -1.445912E-02 |    1.851282E-07
max(min|c_i|) =    3.205457E-06

1    7.500000E+00    1.500000E+01
  -1.759600E-02   -1.424166E-02    4.765370E-03    4.411182E-04   -1.255011E-04    2.083440E-06   -1.273620E-01 |    2.083440E-06
  -1.796553E-02   -5.270674E-03    6.605105E-03    3.737770E-04   -1.665962E-04    3.406060E-06   -1.114670E-01 |    3.406060E-06
  -1.634258E-02   -2.740228E-04    6.707446E-03    2.446926E-04   -1.756565E-04    4.327048E-06   -9.196076E-02 |    4.327048E-06
  -1.445912E-02    2.162288E-03    6.251370E-03    1.453457E-04   -1.697349E-04    4.788089E-06   -7.619904E-02 |    4.788089E-06
max(min|c_i|) =    4.788089E-06

2    1.500000E+01    2.250000E+01
  -1.273620E-01    1.936602E-02    2.196004E-03   -5.119893E-04    6.723338E-06    4.412387E-06   -2.172380E-01 |    4.412387E-06
  -1.114670E-01    3.270328E-02    1.115576E-03   -7.837771E-04    2.239734E-05    6.308930E-06   -1.226921E-01 |    6.308930E-06
  -9.196076E-02    3.196633E-02   -3.667192E-04   -8.590903E-04    3.691337E-05    6.903517E-06   -7.071411E-02 |    6.903517E-06
  -7.619904E-02    2.821842E-02   -1.266607E-03   -8.270295E-04    4.588356E-05    6.766512E-06   -4.314667E-02 |    6.766512E-06
max(min|c_i|) =    6.903517E-06

3    2.250000E+01    3.000000E+01
  -2.172380E-01    1.811067E-02   -1.766236E-03   -1.179711E-04    2.522511E-05   -1.094346E-06   -2.052073E-01 |    1.094346E-06
  -1.226921E-01    1.589614E-02   -4.069163E-03   -5.259086E-05    4.225922E-05   -2.179254E-06   -1.674568E-03 |    2.179254E-06
  -7.071411E-02    4.044756E-03   -5.056744E-03    8.691416E-05    4.975872E-05   -3.109359E-06    5.064373E-02 |    3.109359E-06
  -4.314667E-02   -3.348847E-03   -4.942831E-03    2.029411E-04    4.979175E-05   -3.710570E-06    6.010830E-02 |    3.710570E-06
max(min|c_i|) =    3.710570E-06

4    3.000000E+01    3.750000E+01
  -2.052073E-01    3.768180E-03   -1.552907E-03    9.708851E-05    3.254575E-06   -7.590547E-07   -1.402533E-01 |    7.590547E-07
  -1.674568E-03   -1.051533E-02   -2.192218E-03    2.612949E-04    3.124329E-07   -1.398645E-06    1.275291E-01 |    3.124329E-07
   5.064373E-02   -2.295209E-02   -1.385982E-03    3.867422E-04   -7.036246E-06   -1.775136E-06    1.160696E-01 |    1.775136E-06
   6.010830E-02   -2.486133E-02   -2.224714E-04    4.282773E-04   -1.472532E-05   -1.863670E-06    8.194391E-02 |    1.863670E-06
max(min|c_i|) =    1.863670E-06

5    3.750000E+01    4.500000E+01
  -1.402533E-01   -3.748634E-03   -4.332791E-04    7.510060E-05   -3.710380E-06   -4.520161E-08   -7.812177E-02 |    4.520161E-08
   1.275291E-01   -1.679159E-02    3.403313E-04    1.394755E-04   -1.091137E-05    6.270243E-08    1.833773E-01 |    6.270243E-08
   1.160696E-01   -1.935318E-02    1.837426E-03    1.311114E-04   -1.833101E-05    3.278870E-07    6.965492E-02 |    3.278870E-07
   8.194391E-02   -1.223549E-02    2.808259E-03    6.555240E-05   -2.279397E-05    6.511672E-07    5.203983E-03 |    6.511672E-07
max(min|c_i|) =    6.511672E-07

6    4.500000E+01    6.000000E+01
  -7.812177E-02   -1.549465E-02    1.515212E-03    1.234628E-04   -4.880955E-05    5.684276E-06   -1.648191E-02 |    5.684276E-06
   1.833773E-01   -2.543870E-02    7.793749E-03   -4.285834E-04   -8.765759E-05    1.639688E-05    1.278084E-01 |    1.639688E-05
   6.965492E-02    1.156149E-02    1.134464E-02   -1.622177E-03   -5.711886E-05    2.790986E-05   -1.187766E-01 |    2.790986E-05
   5.203983E-03    4.976824E-02    7.861855E-03   -2.645557E-03    4.310925E-05    3.488777E-05   -1.030085E-01 |    3.488777E-05
max(min|c_i|) =    3.488777E-05

7    6.000000E+01    7.500000E+01
  -1.648191E-02   -4.699434E-03    9.198583E-04   -9.595187E-05    3.737697E-06    4.476911E-07   -2.516663E-03 |    4.476911E-07
   1.278084E-01    8.566302E-03    1.194604E-03   -3.897166E-04    3.682599E-05   -4.986282E-07    4.826009E-02 |    4.986282E-07
  -1.187766E-01    3.447903E-02   -3.086934E-03   -4.703448E-04    9.566620E-05   -4.621098E-06   -1.571728E-01 |    4.621098E-06
  -1.030085E-01    2.610739E-02   -8.821338E-03    4.259518E-06    1.399835E-04   -1.142583E-05    1.719336E-02 |    4.259518E-06
max(min|c_i|) =    4.621098E-06

8    7.500000E+01    9.000000E+01
  -2.516663E-03   -8.414921E-04    2.003690E-04   -2.940165E-05    2.880384E-06   -1.800201E-07   -3.132137E-04 |    1.800201E-07
   4.826009E-02    7.662074E-03   -7.423299E-04   -1.038464E-05    9.892453E-06   -1.120232E-06    1.319642E-02 |    1.120232E-06
  -1.571728E-01    6.166865E-03   -2.929681E-03    2.598116E-04    4.887250E-06   -2.602150E-06   -9.694343E-02 |    2.602150E-06
   1.719336E-02   -2.141895E-02   -2.349613E-03    6.568711E-04   -2.797595E-05   -3.239815E-06    1.315288E-01 |    3.239815E-06
max(min|c_i|) =    3.239815E-06

9    9.000000E+01    1.200000E+02
  -3.132137E-04   -2.162473E-04    1.067237E-04   -3.528673E-05    8.580509E-06   -1.606858E-06   -3.299834E-06 |    1.606858E-06
   1.319642E-02    6.596080E-03   -2.152514E-03    4.074382E-04   -4.176400E-05   -1.802418E-07    5.659874E-04 |    1.802418E-07
  -9.694343E-02   -2.211423E-02    7.831447E-04    9.805746E-04   -2.506262E-04    2.578912E-05   -1.463456E-02 |    2.578912E-05
   1.315288E-01   -4.300019E-02    1.553619E-02   -7.481372E-04   -4.124637E-04    8.615944E-05    8.997898E-02 |    8.615944E-05
max(min|c_i|) =    8.615944E-05

10    1.200000E+02    1.500000E+02
  -3.299834E-06   -2.400766E-06    1.277633E-06   -4.659959E-07    1.281975E-07   -2.814870E-08   -2.516610E-08 |    2.516610E-08
   5.659874E-04    3.277816E-04   -1.315727E-04    3.438582E-05   -6.446800E-06    8.997849E-07    1.561507E-05 |    8.997849E-07
  -1.463456E-02   -5.837316E-03    1.504256E-03   -2.090145E-04    1.136092E-05    1.545914E-06   -1.168020E-03 |    1.545914E-06
   8.997898E-02    1.445163E-02    2.762304E-04   -6.372856E-04    1.136530E-04   -7.338523E-06    1.968451E-02 |    7.338523E-06
max(min|c_i|) =    7.338523E-06

11    1.500000E+02    1.800000E+02
  -2.516610E-08   -1.882958E-08    1.042695E-08   -3.996158E-09    1.165356E-09   -2.741559E-10   -1.564618E-10 |    1.564618E-10
   1.561507E-05    9.678611E-06   -4.242891E-06    1.243141E-06   -2.702159E-07    4.607332E-08    3.291858E-07 |    4.607332E-08
  -1.168020E-03   -5.546502E-04    1.804972E-04   -3.713049E-05    5.285759E-06   -5.245286E-07   -6.501019E-05 |    5.245286E-07
   1.968451E-02    6.024520E-03   -1.176686E-03    1.033793E-04    2.302218E-06   -1.825498E-06    2.569311E-03 |    1.825498E-06
max(min|c_i|) =    1.825498E-06

12    1.800000E+02    1.980000E+02
  -1.564618E-10   -8.225741E-11    3.073950E-11   -7.690163E-12    1.443773E-12   -2.163843E-13   -6.916594E-12 |    2.163843E-13
   3.291858E-07    1.332823E-07   -3.895259E-08    7.486424E-09   -1.065417E-09    1.194936E-10    2.966313E-08 |    1.194936E-10
  -6.501019E-05   -1.918173E-05    4.263799E-06   -6.071938E-07    6.218871E-08   -4.828446E-09   -1.020995E-05 |    4.828446E-09
   2.569311E-03    4.977826E-04   -7.713463E-05    7.053977E-06   -3.954196E-07    1.006621E-08    6.466475E-04 |    1.006621E-08
max(min|c_i|) =    1.006621E-08

13    1.980000E+02    2.178000E+02
  -6.916594E-12   -3.996848E-12    1.644957E-12   -4.564229E-13    9.544623E-14   -1.605607E-14   -2.133695E-13 |    1.605607E-14
   2.966313E-08    1.360170E-08   -4.450149E-09    9.645307E-10   -1.556828E-10    1.992007E-11    1.976909E-09 |    1.992007E-11
  -1.020995E-05   -3.552850E-06    9.069949E-07   -1.502314E-07    1.816732E-08   -1.701414E-09   -1.232971E-06 |    1.701414E-09
   6.466475E-04    1.582408E-04   -2.985205E-05    3.491413E-06   -2.789347E-07    1.529228E-08    1.282214E-04 |    1.529228E-08
max(min|c_i|) =    1.529228E-08

14    2.178000E+02    2.395800E+02
  -2.133695E-13   -1.342493E-13    6.051996E-14   -1.860569E-14    4.239087E-15   -9.594768E-16   -4.429983E-15 |    9.594768E-16
   1.976909E-09    1.013822E-09   -3.691493E-10    8.969651E-11   -1.631093E-11    2.363068E-12    9.458751E-11 |    2.363068E-12
  -1.232971E-06   -4.968273E-07    1.441360E-07   -2.740190E-08    3.841052E-09   -4.220742E-10   -1.116749E-07 |    4.220742E-10
   1.282214E-04    3.832075E-05   -8.548173E-06    1.212952E-06   -1.224604E-07    9.208626E-09    1.962873E-05 |    9.208626E-09
max(min|c_i|) =    9.208626E-09

15    2.395800E+02    2.635380E+02
  -4.429983E-15   -3.022429E-15    1.481847E-15   -5.282447E-16    1.486517E-16   -5.058377E-17   -6.214021E-17 |    5.058377E-17
   9.458751E-11    5.362408E-11   -2.161031E-11    5.856108E-12   -1.193360E-12    1.945362E-13    3.144281E-12 |    1.945362E-13
  -1.116749E-07   -5.127529E-08    1.675998E-08   -3.621145E-09    5.810963E-10   -7.368454E-11   -7.379761E-09 |    7.368454E-11
   1.962873E-05    6.977898E-06   -1.805872E-06    3.021454E-07   -3.671658E-08    3.429458E-09    2.267082E-06 |    3.429458E-09
max(min|c_i|) =    3.429458E-09

16    2.635380E+02    2.898918E+02
  -6.214021E-17   -4.807039E-17    3.934915E-17   -3.349659E-17    5.119668E-18    6.966029E-18   -4.612571E-20 |    4.612571E-20
   3.144281E-12    1.949424E-12   -8.650328E-13    2.602763E-13   -5.905444E-14    1.070746E-14    6.999715E-14 |    1.070746E-14
  -7.379761E-09   -3.805452E-09    1.391200E-09   -3.389061E-10    6.170008E-11   -8.926251E-12   -3.447466E-10 |    8.926251E-12
   2.267082E-06    9.377643E-07   -2.779058E-07    5.380893E-08   -7.673308E-09    8.532530E-10    1.918057E-07 |    8.532530E-10
max(min|c_i|) =    8.532530E-10

17    2.898918E+02    3.188810E+02
  -4.612571E-20    2.469130E-18   -1.463692E-18    2.212710E-18    7.603982E-18   -1.316373E-20 |    1.316373E-20
   6.999715E-14    4.625815E-14   -2.310358E-14    7.408102E-15   -1.997404E-15    3.362212E-16 |    3.362212E-16
  -3.447466E-10   -1.909296E-10    8.274473E-11   -2.112389E-11    4.641368E-12   -7.064638E-13 |    7.064638E-13
   1.918057E-07    8.543676E-08   -3.245880E-08    6.306272E-09   -1.192587E-09    1.323693E-10 |    1.323693E-10
max(min|c_i|) =    1.323693E-10

----- EIGENVALUES -----
EIGENVALUE n=0 -1.995592911E-02
EIGENVALUE n=1 -1.386340305E-02
EIGENVALUE n=2 -1.018803863E-02
EIGENVALUE n=3 -7.801755003E-03

ALL_EIGENVALUES: | 11 | 107 |  -1.995592911E-02 | -1.386340305E-02 | -1.018803863E-02 | -7.801755003E-03 |

DATETIME: 08 Sep 2026 20:42:31

=== END OF LOG FILE ===
