===============================================================================
 EEEEE I   GGG  EEEEE N   N RRRR   AAA  DDDD         Zbigniew Romanowski       
 E     I  G     E     NN  N R   R A   A D   D                                  
 EEE   I  G  GG EEE   N N N RRRR  AAAAA D   D        romz@wp.pl                
 E     I  G   G E     N  NN R  R  A   A D   D                                  
 EEEEE I   GGG  EEEEE N   N R   R A   A DDDD         https://github.com/romz-pl
===============================================================================



DATETIME: 03 Sep 2026 21:33:26



========== ADAPTIVE STEP 0 ==========
Number of elements: 3
Degrees of freedom: 17
Domain: [0, 1.800000000E+02]

0    0.000000E+00    6.000000E+01
   2.354973E-01   -3.396686E-02   -2.138619E-01    9.837969E-02    9.415734E-02   -1.782492E-02 |    1.782492E-02
   8.928071E-02   -2.664000E-01   -1.726571E-01    1.892249E-01    9.023207E-02    1.432504E-01 |    8.928071E-02
   1.135317E-01    2.756748E-01    4.966260E-02   -2.141953E-01   -6.356025E-02    8.600240E-02 |    4.966260E-02
   1.048209E-01    1.885900E-01   -2.857894E-02   -1.992083E-01   -3.944626E-02    9.931406E-02 |    2.857894E-02
max(min|c_i|) =    8.928071E-02

1    6.000000E+01    1.200000E+02
  -1.782492E-02   -1.595318E-02    1.120822E-02   -5.444103E-03    1.885173E-03   -4.432680E-04   -4.059567E-06 |    4.059567E-06
   1.432504E-01    8.865757E-02   -2.541252E-02   -5.110044E-03    7.017611E-03   -2.799394E-03    8.048471E-04 |    8.048471E-04
   8.600240E-02   -1.184903E-01    1.250107E-01   -3.370714E-02   -6.734528E-03    6.878493E-03    2.138489E-02 |    6.734528E-03
   9.931406E-02    1.188532E-01    1.296480E-01   -9.562156E-02    8.235759E-03    9.968348E-03   -1.124547E-01 |    8.235759E-03
max(min|c_i|) =    8.235759E-03

2    1.200000E+02    1.800000E+02
  -4.059567E-06   -3.929464E-06    3.215119E-06   -1.976849E-06    9.544116E-07   -3.908227E-07 |    3.908227E-07
   8.048471E-04    6.981359E-04   -4.732242E-04    2.251280E-04   -8.081780E-05    2.267837E-05 |    2.267837E-05
   2.138489E-02    1.504714E-02   -7.361136E-03    2.084920E-03   -3.437736E-04   -6.123738E-06 |    6.123738E-06
  -1.124547E-01   -4.143820E-02    3.953118E-03    5.361930E-03   -1.946471E-03    3.864744E-04 |    3.864744E-04
max(min|c_i|) =    3.864744E-04

----- EIGENVALUES -----
EIGENVALUE n=0 -1.978558408E-02
EIGENVALUE n=1 -1.350188523E-02
EIGENVALUE n=2 -9.777868914E-03
EIGENVALUE n=3 -7.421639749E-03

ALL_EIGENVALUES: | 0 | 17 |  -1.978558408E-02 | -1.350188523E-02 | -9.777868914E-03 | -7.421639749E-03 |

----- ELEMENTS TO SPLIT -----
0


========== ADAPTIVE STEP 1 ==========
Number of elements: 4
Degrees of freedom: 23
Domain: [0, 1.800000000E+02]

0    0.000000E+00    3.000000E+01
   3.747114E-02    1.454959E-01   -4.286886E-03   -4.208070E-02    3.849392E-03   -2.049455E-01 |    3.849392E-03
   1.618760E-01    1.522858E-01   -4.062045E-02   -5.086026E-02    8.815082E-03   -6.343363E-04 |    6.343363E-04
   1.629337E-01    1.122943E-01   -6.199297E-02   -4.790207E-02    1.208121E-02    5.122202E-02 |    1.208121E-02
   1.419063E-01    7.965929E-02   -6.855103E-02   -4.174134E-02    1.354543E-02    6.042079E-02 |    1.354543E-02
max(min|c_i|) =    1.354543E-02

1    3.000000E+01    6.000000E+01
  -2.049455E-01   -4.924515E-02   -1.453889E-02    1.246344E-02   -2.986735E-03    1.046426E-04   -1.628492E-02 |    1.046426E-04
  -6.343363E-04   -1.894400E-01    3.302015E-02    1.893381E-02   -8.075164E-03    7.613863E-04    1.274117E-01 |    6.343363E-04
   5.122202E-02   -1.653543E-01    1.021913E-01    9.591273E-03   -1.238064E-02    1.849427E-03   -1.193654E-01 |    1.849427E-03
   6.042079E-02   -4.641950E-02    1.300649E-01   -8.008969E-03   -1.385250E-02    2.954504E-03   -1.030575E-01 |    2.954504E-03
max(min|c_i|) =    2.954504E-03

2    6.000000E+01    1.200000E+02
  -1.628492E-02   -1.464111E-02    1.037513E-02   -5.106981E-03    1.804478E-03   -4.415109E-04   -3.470953E-06 |    3.470953E-06
   1.274117E-01    8.334422E-02   -2.873319E-02   -9.819835E-04    5.226447E-03   -2.464148E-03    5.571562E-04 |    5.571562E-04
  -1.193654E-01    6.554158E-02   -1.063270E-01    4.162776E-02   -1.041616E-03   -4.698569E-03   -1.454622E-02 |    1.041616E-03
  -1.030575E-01   -1.920048E-01   -4.805593E-02    8.767359E-02   -2.361383E-02   -3.360177E-03    8.977713E-02 |    3.360177E-03
max(min|c_i|) =    3.360177E-03

3    1.200000E+02    1.800000E+02
  -3.470953E-06   -3.366868E-06    2.765307E-06   -1.709189E-06    8.299917E-07   -3.423930E-07 |    3.423930E-07
   5.571562E-04    4.886001E-04   -3.372265E-04    1.644713E-04   -6.082713E-05    1.775950E-05 |    1.775950E-05
  -1.454622E-02   -1.065811E-02    5.544935E-03   -1.760974E-03    3.611620E-04   -2.750495E-05 |    2.750495E-05
   8.977713E-02    4.123079E-02   -9.245233E-03   -2.115480E-03    1.357024E-03   -3.875050E-04 |    3.875050E-04
max(min|c_i|) =    3.875050E-04

----- EIGENVALUES -----
EIGENVALUE n=0 -1.999456528E-02
EIGENVALUE n=1 -1.388100816E-02
EIGENVALUE n=2 -1.019623238E-02
EIGENVALUE n=3 -7.805099696E-03

ALL_EIGENVALUES: | 1 | 23 |  -1.999456528E-02 | -1.388100816E-02 | -1.019623238E-02 | -7.805099696E-03 |

----- ELEMENTS TO SPLIT -----
0


========== ADAPTIVE STEP 2 ==========
Number of elements: 5
Degrees of freedom: 29
Domain: [0, 1.800000000E+02]

0    0.000000E+00    1.500000E+01
   7.006818E-02    1.184957E-03   -1.335724E-02   -6.962181E-04    1.641749E-03    1.285347E-01 |    6.962181E-04
  -5.515340E-02    8.259961E-03    1.580111E-02    2.299041E-04   -1.953556E-03   -1.122148E-01 |    2.299041E-04
   4.195780E-02   -1.207252E-02   -1.520702E-02    1.713546E-04    1.943149E-03    9.243127E-02 |    1.713546E-04
   3.269348E-02   -1.309507E-02   -1.382653E-02    4.070547E-04    1.819272E-03    7.656508E-02 |    4.070547E-04
max(min|c_i|) =    6.962181E-04

1    1.500000E+01    3.000000E+01
   1.285347E-01   -8.144427E-02    1.429902E-03    5.347861E-03   -8.428845E-04   -4.777981E-05    2.047803E-01 |    4.777981E-05
  -1.122148E-01    1.050506E-01   -1.749706E-02   -6.955249E-03    1.546937E-03    4.622875E-05   -3.931841E-07 |    3.931841E-07
   9.243127E-02   -7.857593E-02    2.887333E-02    6.239310E-03   -1.989823E-03   -2.032464E-05   -5.194732E-02 |    2.032464E-05
   7.656508E-02   -5.453362E-02    3.255187E-02    4.841754E-03   -2.161346E-03    9.853741E-06   -6.104863E-02 |    9.853741E-06
max(min|c_i|) =    4.777981E-05

2    3.000000E+01    6.000000E+01
   2.047803E-01    4.931692E-02    1.445805E-02   -1.244011E-02    2.986310E-03   -1.061020E-04    1.624320E-02 |    1.061020E-04
  -3.931841E-07   -1.892668E-01    3.331418E-02    1.880423E-02   -8.069074E-03    7.690157E-04    1.271074E-01 |    3.931841E-07
  -5.194732E-02    1.642500E-01   -1.025403E-01   -9.270594E-03    1.234751E-02   -1.865943E-03    1.198898E-01 |    1.865943E-03
  -6.104863E-02    4.452007E-02   -1.301183E-01    8.497915E-03    1.376984E-02   -2.977451E-03    1.028981E-01 |    2.977451E-03
max(min|c_i|) =    2.977451E-03

3    6.000000E+01    1.200000E+02
   1.624320E-02    1.460529E-02   -1.035201E-02    5.097320E-03   -1.801978E-03    4.413311E-04    3.456325E-06 |    3.456325E-06
   1.271074E-01    8.323112E-02   -2.878457E-02   -9.076843E-04    5.192142E-03   -2.456941E-03    5.530049E-04 |    5.530049E-04
   1.198898E-01   -6.463249E-02    1.059279E-01   -4.170788E-02    1.164251E-03    4.657129E-03    1.444292E-02 |    1.164251E-03
   1.028981E-01    1.929161E-01    4.666774E-02   -8.736249E-02    2.379887E-02    3.248027E-03   -8.939508E-02 |    3.248027E-03
max(min|c_i|) =    3.248027E-03

4    1.200000E+02    1.800000E+02
   3.456325E-06    3.352861E-06   -2.754072E-06    1.702473E-06   -8.268535E-07    3.411631E-07 |    3.411631E-07
   5.530049E-04    4.850649E-04   -3.349069E-04    1.634206E-04   -6.047414E-05    1.767016E-05 |    1.767016E-05
   1.444292E-02    1.058964E-02   -5.515025E-03    1.754682E-03   -3.610011E-04    2.794232E-05 |    2.794232E-05
  -8.939508E-02   -4.117915E-02    9.304685E-03    2.068154E-03   -1.346206E-03    3.866888E-04 |    3.866888E-04
max(min|c_i|) =    3.866888E-04

----- EIGENVALUES -----
EIGENVALUE n=0 -1.999999441E-02
EIGENVALUE n=1 -1.388887357E-02
EIGENVALUE n=2 -1.020401179E-02
EIGENVALUE n=3 -7.811845416E-03

ALL_EIGENVALUES: | 2 | 29 |  -1.999999441E-02 | -1.388887357E-02 | -1.020401179E-02 | -7.811845416E-03 |

----- ELEMENTS TO SPLIT -----
0
2
3


========== ADAPTIVE STEP 3 ==========
Number of elements: 8
Degrees of freedom: 47
Domain: [0, 1.800000000E+02]

0    0.000000E+00    7.500000E+00
  -1.277044E-02   -4.660776E-03   -5.221332E-05    3.060721E-04    1.029102E-06   -1.800167E-02 |    1.029102E-06
   1.291353E-02    4.553805E-03   -8.139918E-05   -3.451293E-04    3.446452E-07    1.835947E-02 |    3.446452E-07
   1.167657E-02    4.027872E-03   -1.486989E-04   -3.314443E-04    1.389781E-06    1.668918E-02 |    1.389781E-06
   1.029659E-02    3.499388E-03   -1.748291E-04   -3.033434E-04    1.962901E-06    1.476856E-02 |    1.962901E-06
max(min|c_i|) =    1.962901E-06

1    7.500000E+00    1.500000E+01
  -1.800167E-02   -1.403654E-02    4.835917E-03    4.296340E-04   -1.265605E-04    2.392879E-06   -1.285350E-01 |    2.392879E-06
   1.835947E-02    4.926943E-03   -6.676519E-03   -3.568656E-04    1.677495E-04   -3.806964E-06    1.122150E-01 |    3.806964E-06
   1.668918E-02   -8.905069E-05   -6.765018E-03   -2.258940E-04    1.766562E-04   -4.749864E-06    9.243040E-02 |    4.749864E-06
   1.476856E-02   -2.506897E-03   -6.300198E-03   -1.267515E-04    1.706579E-04   -5.203253E-06    7.655533E-02 |    5.203253E-06
max(min|c_i|) =    5.203253E-06

2    1.500000E+01    3.000000E+01
  -1.285350E-01    8.144417E-02   -1.429927E-03   -5.347855E-03    8.428861E-04    4.777909E-05   -2.047801E-01 |    4.777909E-05
   1.122150E-01   -1.050502E-01    1.749712E-02    6.955215E-03   -1.546938E-03   -4.622685E-05    1.843881E-08 |    1.843881E-08
   9.243040E-02   -7.857455E-02    2.887284E-02    6.239172E-03   -1.989788E-03   -2.032171E-05   -5.194660E-02 |    2.032171E-05
   7.655533E-02   -5.452663E-02    3.254706E-02    4.841081E-03   -2.161023E-03    9.853924E-06   -6.104001E-02 |    9.853924E-06
max(min|c_i|) =    4.777909E-05

3    3.000000E+01    4.500000E+01
  -2.047801E-01   -2.119300E-03   -7.699193E-03    1.526612E-03   -5.236521E-05   -2.138076E-05   -7.742134E-02 |    2.138076E-05
   1.843881E-08    5.909183E-02    6.315861E-03   -3.431393E-03    2.615878E-04    3.395236E-05   -1.837320E-01 |    1.843881E-08
  -5.194660E-02    8.974914E-02   -3.927388E-03   -4.342623E-03    5.370417E-04    3.304577E-05   -6.849271E-02 |    3.304577E-05
  -6.104001E-02    7.860486E-02   -1.322112E-02   -4.058337E-03    7.558643E-04    2.176219E-05   -3.899975E-03 |    2.176219E-05
max(min|c_i|) =    3.304577E-05

4    4.500000E+01    6.000000E+01
  -7.742134E-02   -1.546012E-02    1.535291E-03    1.179571E-04   -4.828807E-05    5.691291E-06   -1.624318E-02 |    5.691291E-06
  -1.837320E-01    2.506619E-02   -7.791368E-03    4.419521E-04    8.575749E-05   -1.636268E-05   -1.271079E-01 |    1.636268E-05
  -6.849271E-02   -1.223281E-02   -1.125095E-02    1.637696E-03    5.332871E-05   -2.775606E-05    1.198882E-01 |    2.775606E-05
  -3.899975E-03   -5.036708E-02   -7.672953E-03    2.655750E-03   -4.849654E-05   -3.458172E-05    1.028878E-01 |    3.458172E-05
max(min|c_i|) =    3.458172E-05

5    6.000000E+01    9.000000E+01
  -1.624318E-02   -9.849736E-03    3.977932E-03   -9.665869E-04    1.382403E-04   -5.159948E-06   -3.057448E-04 |    5.159948E-06
  -1.271079E-01   -3.545971E-02    9.122511E-04    2.546671E-03   -7.627966E-04    9.365289E-05   -1.300728E-02 |    9.365289E-05
   1.198882E-01   -7.999342E-02    2.902239E-02   -4.144157E-04   -1.435198E-03    3.030267E-04    9.632269E-02 |    3.030267E-04
   1.028878E-01    2.845434E-03    4.857933E-02   -9.062583E-03   -1.214074E-03    5.508273E-04   -1.322430E-01 |    5.508273E-04
max(min|c_i|) =    5.508273E-04

6    9.000000E+01    1.200000E+02
  -3.057448E-04   -2.113657E-04    1.044940E-04   -3.462128E-05    8.439399E-06   -1.585155E-06   -3.193178E-06 |    1.585155E-06
  -1.300728E-02   -6.517046E-03    2.133309E-03   -4.057893E-04    4.207341E-05    5.579405E-08   -5.539803E-04 |    5.579405E-08
   9.632269E-02    2.214849E-02   -8.514032E-04   -9.631763E-04    2.492591E-04   -2.599878E-05    1.444087E-02 |    2.599878E-05
  -1.322430E-01    4.252434E-02   -1.555598E-02    7.883481E-04    4.058582E-04   -8.612070E-05   -8.937997E-02 |    8.612070E-05
max(min|c_i|) =    8.612070E-05

7    1.200000E+02    1.800000E+02
  -3.193178E-06   -3.097592E-06    2.544391E-06   -1.572856E-06    7.639015E-07   -3.151889E-07 |    3.151889E-07
  -5.539803E-04   -4.859207E-04    3.354980E-04   -1.637092E-04    6.058100E-05   -1.770141E-05 |    1.770141E-05
   1.444087E-02    1.058820E-02   -5.514326E-03    1.754488E-03   -3.609713E-04    2.794398E-05 |    2.794398E-05
  -8.937997E-02   -4.117584E-02    9.306027E-03    2.066673E-03   -1.345829E-03    3.866478E-04 |    3.866478E-04
max(min|c_i|) =    3.866478E-04

----- EIGENVALUES -----
EIGENVALUE n=0 -1.999999987E-02
EIGENVALUE n=1 -1.388888865E-02
EIGENVALUE n=2 -1.020408094E-02
EIGENVALUE n=3 -7.812044702E-03

ALL_EIGENVALUES: | 3 | 47 |  -1.999999987E-02 | -1.388888865E-02 | -1.020408094E-02 | -7.812044702E-03 |

----- ELEMENTS TO SPLIT -----
2
5


========== ADAPTIVE STEP 4 ==========
Number of elements: 10
Degrees of freedom: 59
Domain: [0, 1.800000000E+02]

0    0.000000E+00    7.500000E+00
   1.277044E-02    4.660776E-03    5.221332E-05   -3.060721E-04   -1.029102E-06    1.800167E-02 |    1.029102E-06
   1.291353E-02    4.553805E-03   -8.139917E-05   -3.451292E-04    3.446451E-07    1.835947E-02 |    3.446451E-07
  -1.167656E-02   -4.027872E-03    1.486989E-04    3.314443E-04   -1.389780E-06   -1.668918E-02 |    1.389780E-06
  -1.029659E-02   -3.499388E-03    1.748291E-04    3.033434E-04   -1.962901E-06   -1.476856E-02 |    1.962901E-06
max(min|c_i|) =    1.962901E-06

1    7.500000E+00    1.500000E+01
   1.800167E-02    1.403654E-02   -4.835917E-03   -4.296339E-04    1.265605E-04   -2.392879E-06    1.285350E-01 |    2.392879E-06
   1.835947E-02    4.926943E-03   -6.676519E-03   -3.568656E-04    1.677495E-04   -3.806964E-06    1.122150E-01 |    3.806964E-06
  -1.668918E-02    8.905044E-05    6.765017E-03    2.258940E-04   -1.766562E-04    4.749863E-06   -9.243039E-02 |    4.749863E-06
  -1.476856E-02    2.506896E-03    6.300197E-03    1.267516E-04   -1.706579E-04    5.203252E-06   -7.655533E-02 |    5.203252E-06
max(min|c_i|) =    5.203252E-06

2    1.500000E+01    2.250000E+01
   1.285350E-01   -1.960621E-02   -2.152571E-03    5.151022E-04   -7.651574E-06   -4.369903E-06    2.177890E-01 |    4.369903E-06
   1.122150E-01   -3.290341E-02   -1.037312E-03    7.861354E-04   -2.379254E-05   -6.240842E-06    1.220701E-01 |    6.240842E-06
  -9.243039E-02    3.205000E-02   -4.589061E-04   -8.594861E-04    3.849856E-05    6.817352E-06   -6.982016E-02 |    6.817352E-06
  -7.655533E-02    2.824140E-02   -1.359215E-03   -8.262626E-04    4.751153E-05    6.674808E-06   -4.227822E-02 |    6.674808E-06
max(min|c_i|) =    6.817352E-06

3    2.250000E+01    3.000000E+01
   2.177890E-01   -1.803629E-02    1.792093E-03    1.143576E-04   -2.521496E-05    1.122270E-06    2.047801E-01 |    1.122270E-06
   1.220701E-01   -1.562237E-02    4.096821E-03    4.567094E-05   -4.213805E-05    2.225224E-06    7.316864E-09 |    7.316864E-09
  -6.982016E-02    3.657672E-03   -5.069771E-03    9.578586E-05    4.947980E-05   -3.164417E-06    5.194661E-02 |    3.164417E-06
  -4.227822E-02   -3.745876E-03   -4.943281E-03    2.124567E-04    4.940932E-05   -3.770075E-06    6.104004E-02 |    3.770075E-06
max(min|c_i|) =    3.770075E-06

4    3.000000E+01    4.500000E+01
   2.047801E-01    2.119300E-03    7.699193E-03   -1.526612E-03    5.236522E-05    2.138076E-05    7.742134E-02 |    2.138076E-05
   7.316864E-09    5.909183E-02    6.315860E-03   -3.431393E-03    2.615878E-04    3.395235E-05   -1.837320E-01 |    7.316864E-09
   5.194661E-02   -8.974914E-02    3.927392E-03    4.342623E-03   -5.370418E-04   -3.304576E-05    6.849269E-02 |    3.304576E-05
   6.104004E-02   -7.860486E-02    1.322113E-02    4.058337E-03   -7.558645E-04   -2.176216E-05    3.899950E-03 |    2.176216E-05
max(min|c_i|) =    3.304576E-05

5    4.500000E+01    6.000000E+01
   7.742134E-02    1.546012E-02   -1.535291E-03   -1.179570E-04    4.828807E-05   -5.691291E-06    1.624317E-02 |    5.691291E-06
  -1.837320E-01    2.506619E-02   -7.791368E-03    4.419522E-04    8.575747E-05   -1.636268E-05   -1.271079E-01 |    1.636268E-05
   6.849269E-02    1.223282E-02    1.125095E-02   -1.637696E-03   -5.332866E-05    2.775606E-05   -1.198882E-01 |    2.775606E-05
   3.899950E-03    5.036710E-02    7.672950E-03   -2.655751E-03    4.849665E-05    3.458172E-05   -1.028878E-01 |    3.458172E-05
max(min|c_i|) =    3.458172E-05

6    6.000000E+01    7.500000E+01
   1.624317E-02    4.648970E-03   -9.137813E-04    9.602235E-05   -3.854316E-06   -4.307310E-07    2.467957E-03 |    4.307310E-07
  -1.271079E-01   -8.676921E-03   -1.158767E-03    3.867215E-04   -3.699894E-05    5.550613E-07   -4.776145E-02 |    5.550613E-07
  -1.198882E-01    3.437700E-02   -3.146748E-03   -4.597471E-04    9.548188E-05   -4.724035E-06   -1.569494E-01 |    4.724035E-06
  -1.028878E-01    2.563101E-02   -8.860231E-03    2.287378E-05    1.390022E-04   -1.155988E-05    1.862078E-02 |    1.155988E-05
max(min|c_i|) =    1.155988E-05

7    7.500000E+01    9.000000E+01
   2.467957E-03    8.275345E-04   -1.975785E-04    2.909156E-05   -2.863862E-06    1.806183E-07    3.057456E-04 |    1.806183E-07
  -4.776145E-02   -7.628395E-03    7.468498E-04    8.842416E-06   -9.732430E-06    1.114992E-06   -1.300727E-02 |    1.114992E-06
  -1.569494E-01    5.967040E-03   -2.911539E-03    2.618680E-04    4.413045E-06   -2.572911E-06   -9.632268E-02 |    2.572911E-06
   1.862078E-02   -2.166329E-02   -2.287059E-03    6.562554E-04   -2.876886E-05   -3.167619E-06    1.322430E-01 |    3.167619E-06
max(min|c_i|) =    3.167619E-06

8    9.000000E+01    1.200000E+02
   3.057456E-04    2.113663E-04   -1.044943E-04    3.462137E-05   -8.439422E-06    1.585159E-06    3.193187E-06 |    1.585159E-06
  -1.300727E-02   -6.517045E-03    2.133309E-03   -4.057893E-04    4.207341E-05    5.579334E-08   -5.539803E-04 |    5.579334E-08
  -9.632268E-02   -2.214849E-02    8.514041E-04    9.631760E-04   -2.492591E-04    2.599878E-05   -1.444087E-02 |    2.599878E-05
   1.322430E-01   -4.252432E-02    1.555598E-02   -7.883491E-04   -4.058579E-04    8.612069E-05    8.937995E-02 |    8.612069E-05
max(min|c_i|) =    8.612069E-05

9    1.200000E+02    1.800000E+02
   3.193187E-06    3.097600E-06   -2.544398E-06    1.572860E-06   -7.639035E-07    3.151898E-07 |    3.151898E-07
  -5.539803E-04   -4.859206E-04    3.354980E-04   -1.637092E-04    6.058100E-05   -1.770140E-05 |    1.770140E-05
  -1.444087E-02   -1.058820E-02    5.514325E-03   -1.754488E-03    3.609712E-04   -2.794399E-05 |    2.794399E-05
   8.937995E-02    4.117584E-02   -9.306029E-03   -2.066671E-03    1.345828E-03   -3.866478E-04 |    3.866478E-04
max(min|c_i|) =    3.866478E-04

----- EIGENVALUES -----
EIGENVALUE n=0 -1.999999993E-02
EIGENVALUE n=1 -1.388888879E-02
EIGENVALUE n=2 -1.020408114E-02
EIGENVALUE n=3 -7.812045001E-03

ALL_EIGENVALUES: | 4 | 59 |  -1.999999993E-02 | -1.388888879E-02 | -1.020408114E-02 | -7.812045001E-03 |

----- ELEMENTS TO SPLIT -----
4
9


========== ADAPTIVE STEP 5 ==========
Number of elements: 12
Degrees of freedom: 71
Domain: [0, 1.800000000E+02]

0    0.000000E+00    7.500000E+00
   1.277044E-02    4.660776E-03    5.221332E-05   -3.060721E-04   -1.029102E-06    1.800167E-02 |    1.029102E-06
  -1.291353E-02   -4.553805E-03    8.139917E-05    3.451292E-04   -3.446451E-07   -1.835947E-02 |    3.446451E-07
  -1.167656E-02   -4.027872E-03    1.486989E-04    3.314443E-04   -1.389780E-06   -1.668918E-02 |    1.389780E-06
   1.029659E-02    3.499388E-03   -1.748291E-04   -3.033434E-04    1.962901E-06    1.476856E-02 |    1.962901E-06
max(min|c_i|) =    1.962901E-06

1    7.500000E+00    1.500000E+01
   1.800167E-02    1.403654E-02   -4.835917E-03   -4.296339E-04    1.265605E-04   -2.392879E-06    1.285350E-01 |    2.392879E-06
  -1.835947E-02   -4.926943E-03    6.676519E-03    3.568656E-04   -1.677495E-04    3.806964E-06   -1.122150E-01 |    3.806964E-06
  -1.668918E-02    8.905042E-05    6.765017E-03    2.258940E-04   -1.766562E-04    4.749863E-06   -9.243039E-02 |    4.749863E-06
   1.476856E-02   -2.506896E-03   -6.300198E-03   -1.267516E-04    1.706579E-04   -5.203252E-06    7.655533E-02 |    5.203252E-06
max(min|c_i|) =    5.203252E-06

2    1.500000E+01    2.250000E+01
   1.285350E-01   -1.960621E-02   -2.152571E-03    5.151022E-04   -7.651574E-06   -4.369903E-06    2.177890E-01 |    4.369903E-06
  -1.122150E-01    3.290341E-02    1.037312E-03   -7.861354E-04    2.379254E-05    6.240842E-06   -1.220701E-01 |    6.240842E-06
  -9.243039E-02    3.205000E-02   -4.589061E-04   -8.594860E-04    3.849856E-05    6.817352E-06   -6.982016E-02 |    6.817352E-06
   7.655533E-02   -2.824140E-02    1.359215E-03    8.262626E-04   -4.751153E-05   -6.674808E-06    4.227823E-02 |    6.674808E-06
max(min|c_i|) =    6.817352E-06

3    2.250000E+01    3.000000E+01
   2.177890E-01   -1.803629E-02    1.792093E-03    1.143576E-04   -2.521496E-05    1.122270E-06    2.047801E-01 |    1.122270E-06
  -1.220701E-01    1.562237E-02   -4.096821E-03   -4.567094E-05    4.213805E-05   -2.225224E-06   -7.412171E-09 |    7.412171E-09
  -6.982016E-02    3.657672E-03   -5.069771E-03    9.578586E-05    4.947980E-05   -3.164417E-06    5.194661E-02 |    3.164417E-06
   4.227823E-02    3.745876E-03    4.943282E-03   -2.124567E-04   -4.940932E-05    3.770075E-06   -6.104004E-02 |    3.770075E-06
max(min|c_i|) =    3.770075E-06

4    3.000000E+01    3.750000E+01
   2.047801E-01   -3.632719E-03    1.547112E-03   -9.846471E-05   -3.087586E-06    7.543964E-07    1.394428E-01 |    7.543964E-07
  -7.412171E-09   -1.075519E-02   -2.165582E-03    2.630469E-04   -3.181910E-08   -1.387239E-06    1.288596E-01 |    7.412171E-09
   5.194661E-02   -2.314772E-02   -1.338418E-03    3.876829E-04   -7.514402E-06   -1.755598E-06    1.161999E-01 |    1.755598E-06
  -6.104004E-02    2.496824E-02    1.651091E-04   -4.281908E-04    1.527560E-05    1.838090E-06   -8.155759E-02 |    1.838090E-06
max(min|c_i|) =    1.838090E-06

5    3.750000E+01    4.500000E+01
   1.394428E-01    3.810279E-03    4.230532E-04   -7.479030E-05    3.755977E-06    4.008252E-08    7.742134E-02 |    4.008252E-08
   1.288596E-01   -1.681308E-02    3.642385E-04    1.379826E-04   -1.097859E-05    7.419226E-08    1.837320E-01 |    7.419226E-08
   1.161999E-01   -1.922763E-02    1.865547E-03    1.280163E-04   -1.837254E-05    3.451820E-07    6.849269E-02 |    3.451820E-07
  -8.155759E-02    1.200192E-02   -2.831297E-03   -6.127321E-05    2.278999E-05   -6.725862E-07   -3.899949E-03 |    6.725862E-07
max(min|c_i|) =    6.725862E-07

6    4.500000E+01    6.000000E+01
   7.742134E-02    1.546012E-02   -1.535291E-03   -1.179570E-04    4.828807E-05   -5.691291E-06    1.624317E-02 |    5.691291E-06
   1.837320E-01   -2.506619E-02    7.791368E-03   -4.419522E-04   -8.575747E-05    1.636268E-05    1.271079E-01 |    1.636268E-05
   6.849269E-02    1.223282E-02    1.125095E-02   -1.637696E-03   -5.332866E-05    2.775606E-05   -1.198882E-01 |    2.775606E-05
  -3.899949E-03   -5.036710E-02   -7.672950E-03    2.655751E-03   -4.849665E-05   -3.458172E-05    1.028878E-01 |    3.458172E-05
max(min|c_i|) =    3.458172E-05

7    6.000000E+01    7.500000E+01
   1.624317E-02    4.648970E-03   -9.137813E-04    9.602235E-05   -3.854316E-06   -4.307310E-07    2.467957E-03 |    4.307310E-07
   1.271079E-01    8.676921E-03    1.158767E-03   -3.867215E-04    3.699894E-05   -5.550614E-07    4.776145E-02 |    5.550614E-07
  -1.198882E-01    3.437700E-02   -3.146748E-03   -4.597470E-04    9.548188E-05   -4.724035E-06   -1.569494E-01 |    4.724035E-06
   1.028878E-01   -2.563101E-02    8.860231E-03   -2.287379E-05   -1.390022E-04    1.155988E-05   -1.862078E-02 |    1.155988E-05
max(min|c_i|) =    1.155988E-05

8    7.500000E+01    9.000000E+01
   2.467957E-03    8.275345E-04   -1.975785E-04    2.909156E-05   -2.863862E-06    1.806183E-07    3.057456E-04 |    1.806183E-07
   4.776145E-02    7.628395E-03   -7.468498E-04   -8.842414E-06    9.732430E-06   -1.114992E-06    1.300727E-02 |    1.114992E-06
  -1.569494E-01    5.967040E-03   -2.911539E-03    2.618680E-04    4.413044E-06   -2.572911E-06   -9.632268E-02 |    2.572911E-06
  -1.862078E-02    2.166329E-02    2.287059E-03   -6.562554E-04    2.876886E-05    3.167619E-06   -1.322430E-01 |    3.167619E-06
max(min|c_i|) =    3.167619E-06

9    9.000000E+01    1.200000E+02
   3.057456E-04    2.113667E-04   -1.044941E-04    3.462145E-05   -8.439400E-06    1.585164E-06    3.193744E-06 |    1.585164E-06
   1.300727E-02    6.517048E-03   -2.133308E-03    4.057897E-04   -4.207333E-05   -5.577968E-08    5.539858E-04 |    5.577968E-08
  -9.632268E-02   -2.214849E-02    8.514040E-04    9.631760E-04   -2.492591E-04    2.599878E-05   -1.444087E-02 |    2.599878E-05
  -1.322430E-01    4.252432E-02   -1.555598E-02    7.883492E-04    4.058579E-04   -8.612069E-05   -8.937996E-02 |    8.612069E-05
max(min|c_i|) =    8.612069E-05

10    1.200000E+02    1.500000E+02
   3.193744E-06    2.325965E-06   -1.239502E-06    4.528038E-07   -1.247860E-07    2.745255E-08    2.416076E-08 |    2.416076E-08
   5.539858E-04    3.213171E-04   -1.292135E-04    3.384191E-05   -6.362011E-06    8.910189E-07    1.518144E-05 |    8.910189E-07
  -1.444087E-02   -5.774343E-03    1.494190E-03   -2.086966E-04    1.165718E-05    1.490627E-06   -1.142359E-03 |    1.490627E-06
  -8.937996E-02   -1.442121E-02   -2.035621E-04    6.336142E-04   -1.128164E-04    7.541473E-06   -1.904879E-02 |    7.541473E-06
max(min|c_i|) =    7.541473E-06

11    1.500000E+02    1.800000E+02
   2.416076E-08    1.798149E-08   -1.009548E-08    3.824549E-09   -1.132159E-09    2.629900E-10 |    2.629900E-10
   1.518144E-05    9.224153E-06   -4.230633E-06    1.184777E-06   -2.716219E-07    4.374545E-08 |    4.374545E-08
  -1.142359E-03   -5.138780E-04    1.893312E-04   -3.375988E-05    5.799012E-06   -4.331415E-07 |    4.331415E-07
  -1.904879E-02   -5.122733E-03    1.414896E-03   -5.676503E-05    5.199853E-06    2.708075E-06 |    2.708075E-06
max(min|c_i|) =    2.708075E-06

----- EIGENVALUES -----
EIGENVALUE n=0 -1.999999993E-02
EIGENVALUE n=1 -1.388888880E-02
EIGENVALUE n=2 -1.020408115E-02
EIGENVALUE n=3 -7.812045036E-03

ALL_EIGENVALUES: | 5 | 71 |  -1.999999993E-02 | -1.388888880E-02 | -1.020408115E-02 | -7.812045036E-03 |

DATETIME: 03 Sep 2026 21:33:26

=== END OF LOG FILE ===
