===============================================================================
 EEEEE I   GGG  EEEEE N   N RRRR   AAA  DDDD         Zbigniew Romanowski       
 E     I  G     E     NN  N R   R A   A D   D                                  
 EEE   I  G  GG EEE   N N N RRRR  AAAAA D   D        romz@wp.pl                
 E     I  G   G E     N  NN R  R  A   A D   D                                  
 EEEEE I   GGG  EEEEE N   N R   R A   A DDDD         https://github.com/romz-pl
===============================================================================


DATETIME: 02 Sep 2026 23:00:37

-------
Number of elements: 3
Number of degrees of freedom: 17

0    0.000000e+00    2.666667e+01
   2.281313e-01   -5.923112e-01    1.070742e+00   -1.042554e+00    1.005063e+00    1.627292e-02 
  -2.750707e-01    2.761186e-01    2.893706e-01   -7.301289e-01    7.287278e-01    3.742465e-03 
  -1.575789e-01   -3.573072e-01    1.431709e-01    4.524269e-01   -5.399585e-01    1.042840e-01 
  -2.491555e-01   -1.145065e-01    2.584754e-01    2.670582e-01   -4.065695e-01   -2.316380e-01 

1    2.666667e+01    5.333333e+01
   1.627292e-02    1.815095e-02   -1.864592e-02    1.673400e-02   -1.132965e-02    8.070415e-03    1.220025e-04 
   3.742465e-03    3.641458e-03   -2.999470e-03    1.856597e-03   -8.962472e-04    3.636677e-04    8.785451e-07 
   1.042840e-01    7.577277e-02   -3.672970e-02    9.611102e-03   -5.198875e-04   -6.995578e-04    3.998113e-04 
  -2.316380e-01    1.708599e-02   -8.326164e-02    3.838657e-02   -5.924878e-03   -1.189115e-03   -2.723884e-02 

2    5.333333e+01    8.000000e+01
   1.220025e-04    1.354209e-04   -1.418632e-04    1.264307e-04   -8.747719e-05    6.232287e-05 
   8.785451e-07    8.763476e-07   -7.575608e-07    5.032831e-07   -2.651036e-07    1.218656e-07 
   3.998113e-04    3.389673e-04   -2.233225e-04    1.032603e-04   -3.650138e-05    1.026569e-05 
  -2.723884e-02   -1.684455e-02    7.312576e-03   -1.732071e-03    2.613347e-04    3.765693e-06 
-------
Number of elements: 4
Number of degrees of freedom: 23

0    0.000000e+00    1.333333e+01
  -3.734485e-01    9.638272e-01   -1.324573e+00    1.147747e+00   -7.937095e-01   -3.042283e-03 
   3.941217e-01    1.341951e-01   -7.522689e-01    7.403540e-01   -4.073817e-01   -7.252734e-02 
   2.385446e-01   -1.741791e-01   -4.347676e-01    5.051645e-01   -2.539427e-01    3.168435e-01 
  -3.427249e-02    2.012414e-01    2.649866e-01   -3.623933e-01    1.765044e-01   -1.090765e-01 

1    1.333333e+01    2.666667e+01
  -3.042283e-03   -3.103791e-03    2.787228e-03   -1.958391e-03    1.089575e-03   -5.397867e-04   -1.957907e-06 
  -7.252734e-02   -5.213672e-02    2.608866e-02   -8.111163e-03    1.512146e-03   -6.362763e-05   -4.366495e-04 
   3.168435e-01    9.713227e-03    5.293935e-02   -2.314360e-02    3.958823e-03    8.227422e-05    5.309161e-02 
  -1.090765e-01   -1.786266e-01   -3.592007e-02    3.326662e-02   -6.117446e-03   -2.043964e-04    2.456601e-01 

2    2.666667e+01    5.333333e+01
  -1.957907e-06   -2.226296e-06    2.322647e-06   -2.199944e-06    1.521449e-06   -1.175787e-06   -2.359482e-08 
  -4.366495e-04   -4.400203e-04    3.861654e-04   -2.619116e-04    1.399252e-04   -6.521179e-05   -2.178314e-07 
   5.309161e-02    4.298454e-02   -2.546859e-02    9.733785e-03   -2.368620e-03    2.342491e-04    7.623412e-05 
   2.456601e-01    7.521777e-02    2.320542e-02   -2.775525e-02    9.830850e-03   -1.454484e-03    1.072255e-02 

3    5.333333e+01    8.000000e+01
  -2.359482e-08   -2.655097e-08    2.845069e-08   -2.643557e-08    1.879677e-08   -1.431901e-08 
  -2.178314e-07   -2.230726e-07    2.022639e-07   -1.437294e-07    8.122661e-08   -4.105767e-08 
   7.623412e-05    6.795091e-05   -4.842504e-05    2.484268e-05   -9.859657e-06    3.197010e-06 
   1.072255e-02    7.468069e-03   -3.751829e-03    1.168838e-03   -2.615318e-04    3.457263e-05 
-------
Number of elements: 5
Number of degrees of freedom: 29

0    0.000000e+00    6.666667e+00
  -7.062620e-01    1.198712e+00   -1.000876e+00    5.477246e-01   -2.211811e-01    1.699980e-02 
  -1.409065e-02    6.334253e-01   -5.003093e-01    2.027446e-01   -5.424239e-02   -3.923920e-01 
  -1.288345e-01   -3.652460e-01    3.083816e-01   -1.111491e-01    2.467843e-02    4.237550e-02 
  -1.059088e-01   -2.345536e-01    2.109696e-01   -7.263694e-02    1.467589e-02   -3.870281e-03 

1    6.666667e+00    1.333333e+01
   1.699980e-02    1.369981e-02   -8.325918e-03    3.503657e-03   -1.102954e-03    2.702972e-04    4.356592e-05 
  -3.923920e-01   -6.014833e-02   -1.861693e-02    1.197852e-02   -2.775242e-03    3.193409e-04   -6.801762e-02 
   4.237550e-02    1.594400e-01    1.148382e-02   -1.480414e-02    2.868027e-03   -1.610534e-04   -3.181985e-01 
  -3.870281e-03    1.718407e-01   -1.355750e-03   -1.359149e-02    2.559256e-03   -8.028072e-05   -1.042458e-01 

2    1.333333e+01    2.666667e+01
   4.356592e-05    4.477614e-05   -4.073574e-05    2.918327e-05   -1.655683e-05    8.436274e-06    3.393741e-08 
  -6.801762e-02   -4.945017e-02    2.519572e-02   -8.059693e-03    1.591896e-03   -1.041085e-04   -3.767721e-04 
  -3.181985e-01   -1.579404e-02   -5.040881e-02    2.301073e-02   -4.149429e-03   -1.077657e-05   -5.082146e-02 
  -1.042458e-01   -1.842144e-01   -3.203504e-02    3.291919e-02   -6.352939e-03   -1.229566e-04    2.449963e-01 

3    2.666667e+01    5.333333e+01
   3.393741e-08    3.873779e-08   -4.050116e-08    3.877207e-08   -2.689174e-08    2.111526e-08    4.472587e-10 
  -3.767721e-04   -3.807776e-04    3.359098e-04   -2.295744e-04    1.236528e-04   -5.829234e-05   -2.020389e-07 
  -5.082146e-02   -4.136495e-02    2.474341e-02   -9.603082e-03    2.406088e-03   -2.701450e-04   -6.867309e-05 
   2.449963e-01    7.813212e-02    2.058436e-02   -2.693925e-02    9.829143e-03   -1.538623e-03    1.022710e-02 

4    5.333333e+01    8.000000e+01
   4.472587e-10    5.045847e-10   -5.429130e-10    5.084616e-10   -3.632378e-10    2.802644e-10 
  -2.020389e-07   -2.073623e-07    1.887867e-07   -1.349405e-07    7.671774e-08   -3.910564e-08 
  -6.867309e-05   -6.137782e-05    4.393322e-05   -2.266900e-05    9.054961e-06   -2.959005e-06 
   1.022710e-02    7.157287e-03   -3.617662e-03    1.138456e-03   -2.579524e-04    3.516169e-05 
-------
Number of elements: 6
Number of degrees of freedom: 35

0    0.000000e+00    3.333333e+00
   9.512115e-01   -7.673159e-01    3.185061e-01   -8.841249e-02    1.829040e-02   -2.378270e-01 
   4.223589e-01   -3.537137e-01    1.079805e-01   -1.965829e-02    2.516381e-03    2.967892e-01 
  -2.166465e-01    2.084733e-01   -5.845634e-02    8.997306e-03   -9.296901e-04   -1.685944e-01 
  -1.370841e-01    1.391249e-01   -3.800008e-02    5.415746e-03   -5.005341e-04   -1.101029e-01 

1    3.333333e+00    6.666667e+00
  -2.378270e-01   -9.920217e-02    2.586697e-02   -3.018413e-03   -2.179067e-04    1.753172e-04   -1.696864e-02 
   2.967892e-01   -1.480957e-01    2.898519e-02    2.860227e-04   -9.064241e-04    1.843024e-04    3.923939e-01 
  -1.685944e-01    1.132979e-01   -2.534948e-02   -7.880027e-04    7.659192e-04   -1.213026e-04   -4.234029e-02 
  -1.101029e-01    7.448260e-02   -2.031954e-02   -6.510478e-04    5.905163e-04   -8.437867e-05    3.886341e-03 

2    6.666667e+00    1.333333e+01
  -1.696864e-02   -1.368233e-02    8.322303e-03   -3.505870e-03    1.105064e-03   -2.712584e-04   -4.320560e-05 
   3.923939e-01    6.019509e-02    1.859815e-02   -1.197634e-02    2.775749e-03   -3.195897e-04    6.799155e-02 
  -4.234029e-02   -1.594610e-01   -1.147294e-02    1.480321e-02   -2.868360e-03    1.611608e-04    3.182070e-01 
   3.886341e-03   -1.718482e-01    1.362649e-03    1.359085e-02   -2.559458e-03    8.033920e-05    1.042329e-01 

3    1.333333e+01    2.666667e+01
  -4.320560e-05   -4.441457e-05    4.042076e-05   -2.897270e-05    1.644589e-05   -8.386086e-06   -3.383038e-08 
   6.799155e-02    4.943501e-02   -2.519108e-02    8.059746e-03   -1.592505e-03    1.043853e-04    3.764106e-04 
   3.182070e-01    1.581667e-02    5.039990e-02   -2.301043e-02    4.150167e-03    1.051128e-05    5.081373e-02 
   1.042329e-01    1.842300e-01    3.202463e-02   -3.291832e-02    6.353588e-03    1.227368e-04   -2.449955e-01 

4    2.666667e+01    5.333333e+01
  -3.383038e-08   -3.861963e-08    4.037977e-08   -3.866698e-08    2.682077e-08   -2.106855e-08   -4.469162e-10 
   3.764106e-04    3.804198e-04   -3.356060e-04    2.293788e-04   -1.235544e-04    5.825047e-05    2.019453e-07 
   5.081373e-02    4.135947e-02   -2.474100e-02    9.602690e-03   -2.406244e-03    2.702781e-04    6.864705e-05 
  -2.449955e-01   -7.814017e-02   -2.057741e-02    2.693714e-02   -9.829160e-03    1.538852e-03   -1.022583e-02 

5    5.333333e+01    8.000000e+01
  -4.469162e-10   -5.042327e-10    5.425935e-10   -5.082698e-10    3.631456e-10   -2.802892e-10 
   2.019453e-07    2.072694e-07   -1.887074e-07    1.348893e-07   -7.669173e-08    3.909463e-08 
   6.864705e-05    6.135517e-05   -4.391772e-05    2.266149e-05   -9.052177e-06    2.958181e-06 
  -1.022583e-02   -7.156491e-03    3.617319e-03   -1.138379e-03    2.579436e-04   -3.516332e-05 
-------
Number of elements: 8
Number of degrees of freedom: 47

0    0.000000e+00    1.666667e+00
  -6.878299e-01    2.523118e-01   -5.034430e-02    6.844689e-03   -7.026929e-04    6.295853e-01 
   3.051901e-01   -9.262730e-02    1.273970e-02   -1.100253e-03    6.846622e-05   -8.536315e-02 
  -1.706934e-01    5.154014e-02   -6.290654e-03    4.524730e-04   -2.252631e-05    3.483725e-02 
   1.118335e-01   -3.376360e-02    3.935013e-03   -2.594932e-04    1.148551e-05   -2.008203e-02 

1    1.666667e+00    3.333333e+00
   6.295853e-01    3.627405e-02    1.258581e-02   -4.622424e-03    7.833971e-04   -9.052431e-05    2.378266e-01 
  -8.536315e-02   -3.305966e-02   -1.219311e-02    2.837318e-03   -2.984784e-04    2.067300e-05    2.967894e-01 
   3.483725e-02    2.921899e-02    8.095819e-03   -1.783989e-03    1.588565e-04   -8.862863e-06   -1.685944e-01 
  -2.008203e-02   -2.170413e-02   -5.546197e-03    1.228088e-03   -1.019579e-04    5.099442e-06    1.101029e-01 

2    3.333333e+00    6.666667e+00
   2.378266e-01    9.920252e-02   -2.586725e-02    3.018504e-03    2.178901e-04   -1.753157e-04    1.696842e-02 
   2.967894e-01   -1.480957e-01    2.898521e-02    2.860191e-04   -9.064239e-04    1.843024e-04    3.923939e-01 
  -1.685944e-01    1.132979e-01   -2.534948e-02   -7.880019e-04    7.659191e-04   -1.213026e-04   -4.234026e-02 
   1.101029e-01   -7.448253e-02    2.031953e-02    6.510469e-04   -5.905158e-04    8.437860e-05   -3.886344e-03 

3    6.666667e+00    1.333333e+01
   1.696842e-02    1.368218e-02   -8.322232e-03    3.505851e-03   -1.105062e-03    2.712594e-04    4.320417e-05 
   3.923939e-01    6.019514e-02    1.859814e-02   -1.197634e-02    2.775750e-03   -3.195900e-04    6.799153e-02 
  -4.234026e-02   -1.594610e-01   -1.147294e-02    1.480321e-02   -2.868360e-03    1.611609e-04    3.182069e-01 
  -3.886344e-03    1.718480e-01   -1.362651e-03   -1.359083e-02    2.559456e-03   -8.033917e-05   -1.042328e-01 

4    1.333333e+01    2.666667e+01
   4.320417e-05    4.441406e-05   -4.041863e-05    2.897247e-05   -1.644506e-05    8.386063e-06    3.473610e-08 
   6.799153e-02    4.943515e-02   -2.519098e-02    8.059787e-03   -1.592493e-03    1.043892e-04    3.766111e-04 
   3.182069e-01    1.581669e-02    5.039989e-02   -2.301042e-02    4.150168e-03    1.051114e-05    5.081376e-02 
  -1.042328e-01   -1.842299e-01   -3.202460e-02    3.291829e-02   -6.353582e-03   -1.227365e-04    2.449953e-01 

5    2.666667e+01    4.000000e+01
   3.473610e-08    3.595188e-08   -3.312289e-08    2.420511e-08   -1.402930e-08    7.390938e-09    3.268712e-11 
   3.766111e-04    3.014046e-04   -1.821318e-04    7.672562e-05   -2.452186e-05    6.274542e-06    1.108834e-06 
   5.081376e-02    2.475066e-02   -7.699348e-03    1.289149e-03   -7.136651e-05   -2.191315e-05    2.315292e-03 
   2.449953e-01    3.219262e-03    1.686982e-02   -4.727090e-03    4.447863e-04    3.838341e-05    7.369920e-02 

6    4.000000e+01    5.333333e+01
   3.268712e-11    3.390671e-11   -3.136576e-11    2.306254e-11   -1.345326e-11    7.157143e-12    3.155942e-14 
   1.108834e-06    9.107934e-07   -5.738612e-07    2.556173e-07   -8.756531e-08    2.447439e-08    2.545419e-09 
   2.315292e-03    1.321896e-03   -5.237357e-04    1.350920e-04   -2.495872e-05    3.408636e-06    6.877242e-05 
   7.369920e-02    2.100505e-02   -3.441698e-03    8.477058e-05    6.837724e-05   -1.474508e-05    1.022578e-02 

7    5.333333e+01    8.000000e+01
   3.155942e-14    3.560689e-14   -3.831568e-14    3.589214e-14   -2.564401e-14    1.979308e-14 
   2.545419e-09    2.612527e-09   -2.378562e-09    1.700211e-09   -9.666609e-10    4.927684e-10 
   6.877242e-05    6.146722e-05   -4.399792e-05    2.270288e-05   -9.068709e-06    2.963584e-06 
   1.022578e-02    7.156460e-03   -3.617304e-03    1.138374e-03   -2.579425e-04    3.516318e-05 
-------
Number of elements: 11
Number of degrees of freedom: 65

0    0.000000e+00    8.333333e-01
   3.076625e-01   -5.309406e-02    5.151143e-03   -3.446024e-04    1.753108e-05   -7.243303e-01 
  -1.246581e-01    1.675758e-02   -1.098320e-03    4.621445e-05   -1.416017e-06    2.266024e-01 
   6.937381e-02   -8.960670e-03    5.149237e-04   -1.794248e-05    4.383535e-07   -1.204787e-01 
  -4.540096e-02    5.785490e-03   -3.151425e-04    1.002721e-05   -2.172556e-07    7.760617e-02 

1    8.333333e-01    1.666667e+00
  -7.243303e-01    6.483901e-02   -1.570176e-02    1.720838e-03   -1.226279e-04    6.487621e-06   -6.295853e-01 
   2.266024e-01   -3.520998e-02    7.320588e-03   -5.505236e-04    2.480097e-05   -7.918698e-07    8.536315e-02 
  -1.204787e-01    1.956818e-02   -4.303451e-03    2.899542e-04   -1.091238e-05    2.790398e-07   -3.483724e-02 
   7.760617e-02   -1.276568e-02    2.872850e-03   -1.861891e-04    6.445773e-06   -1.467804e-07    2.008201e-02 

2    1.666667e+00    3.333333e+00
  -6.295853e-01   -3.627405e-02   -1.258581e-02    4.622424e-03   -7.833971e-04    9.052431e-05   -2.378266e-01 
   8.536315e-02    3.305966e-02    1.219311e-02   -2.837318e-03    2.984784e-04   -2.067300e-05   -2.967894e-01 
  -3.483724e-02   -2.921898e-02   -8.095816e-03    1.783989e-03   -1.588565e-04    8.862860e-06    1.685943e-01 
   2.008201e-02    2.170411e-02    5.546191e-03   -1.228086e-03    1.019578e-04   -5.099437e-06   -1.101027e-01 

3    3.333333e+00    6.666667e+00
  -2.378266e-01   -9.920253e-02    2.586724e-02   -3.018505e-03   -2.178903e-04    1.753157e-04   -1.696845e-02 
  -2.967894e-01    1.480957e-01   -2.898521e-02   -2.860191e-04    9.064238e-04   -1.843024e-04   -3.923939e-01 
   1.685943e-01   -1.132978e-01    2.534947e-02    7.880016e-04   -7.659188e-04    1.213025e-04    4.234025e-02 
  -1.101027e-01    7.448245e-02   -2.031950e-02   -6.510462e-04    5.905151e-04   -8.437850e-05    3.886332e-03 

4    6.666667e+00    1.000000e+01
  -1.696845e-02   -8.288457e-03    2.822112e-03   -6.207439e-04    9.703831e-05   -1.097270e-05   -9.079985e-04 
  -3.923939e-01   -2.973846e-03   -7.955102e-03    1.568742e-03   -1.322131e-04    1.706889e-06   -1.905779e-01 
   4.234025e-02    3.041362e-02    8.137113e-03   -1.693131e-03    9.827900e-05    4.208539e-06   -2.390198e-01 
   3.886332e-03   -4.002370e-02   -5.946376e-03    1.505913e-03   -7.512666e-05   -5.280846e-06    1.624600e-01 

5    1.000000e+01    1.333333e+01
  -9.079985e-04   -4.651161e-04    1.684325e-04   -4.044726e-05    7.200425e-06   -1.006036e-06   -4.318897e-05 
  -1.905779e-01   -2.038039e-02    9.777878e-04    1.919262e-04   -3.943778e-05    3.649781e-06   -6.799154e-02 
  -2.390198e-01    4.089778e-02   -2.850201e-03   -2.907169e-04    5.629705e-05   -3.722965e-06   -3.182069e-01 
   1.624600e-01   -3.814618e-02    4.125229e-03    2.597592e-04   -5.699503e-05    3.179071e-06    1.042327e-01 

6    1.333333e+01    2.000000e+01
  -4.318897e-05   -3.596972e-05    2.312845e-05   -1.055370e-05    3.709572e-06   -1.065669e-06   -8.275125e-08 
  -6.799154e-02   -2.666646e-02    6.820320e-03   -9.268865e-04    3.726332e-05    1.246596e-05   -5.778468e-03 
  -3.182069e-01    2.657324e-02   -1.659007e-02    2.408748e-03   -4.016887e-05   -3.558988e-05   -1.694473e-01 
   1.042327e-01    2.181267e-02    1.888874e-02   -3.502472e-03    5.739058e-05    4.746533e-05   -1.909086e-01 

7    2.000000e+01    2.666667e+01
  -8.275125e-08   -6.965011e-08    4.555774e-08   -2.126229e-08    7.679675e-09   -2.281440e-09   -1.409536e-10 
  -5.778468e-03   -2.624710e-03    8.296919e-04   -1.676538e-04    2.381790e-05   -2.414567e-06   -3.766518e-04 
  -1.694473e-01   -2.130971e-02    4.387414e-04    4.625238e-04   -8.509053e-05    7.267009e-06   -5.081373e-02 
  -1.909086e-01    5.141674e-02   -5.444390e-03   -5.159380e-04    1.443277e-04   -1.136488e-05   -2.449952e-01 

8    2.666667e+01    4.000000e+01
  -1.409536e-10   -1.458870e-10    1.344074e-10   -9.822051e-11    5.692869e-11   -2.999125e-11   -1.326390e-13 
  -3.766518e-04   -3.014371e-04    1.821515e-04   -7.673391e-05    2.452451e-05   -6.275220e-06   -1.108953e-06 
  -5.081373e-02   -2.475065e-02    7.699345e-03   -1.289149e-03    7.136656e-05    2.191312e-05   -2.315290e-03 
  -2.449952e-01   -3.219330e-03   -1.686979e-02    4.727089e-03   -4.447869e-04   -3.838323e-05   -7.369912e-02 

9    4.000000e+01    5.333333e+01
  -1.326390e-13   -1.375878e-13    1.272772e-13   -9.358350e-14    5.459090e-14   -2.904240e-14   -1.280455e-16 
  -1.108953e-06   -9.108918e-07    5.739232e-07   -2.556449e-07    8.757476e-08   -2.447703e-08   -2.545693e-09 
  -2.315290e-03   -1.321895e-03    5.237353e-04   -1.350919e-04    2.495870e-05   -3.408634e-06   -6.877235e-05 
  -7.369912e-02   -2.100504e-02    3.441699e-03   -8.477133e-05   -6.837708e-05    1.474506e-05   -1.022576e-02 

10    5.333333e+01    8.000000e+01
  -1.280455e-16   -1.444678e-16    1.554227e-16   -1.455596e-16    1.040202e-16   -8.029853e-17 
  -2.545693e-09   -2.612809e-09    2.378819e-09   -1.700395e-09    9.667653e-10   -4.928216e-10 
  -6.877235e-05   -6.146716e-05    4.399788e-05   -2.270286e-05    9.068702e-06   -2.963581e-06 
  -1.022576e-02   -7.156449e-03    3.617299e-03   -1.138373e-03    2.579423e-04   -3.516319e-05 
-------
Number of elements: 12
Number of degrees of freedom: 71

0    0.000000e+00    8.333333e-01
   3.076625e-01   -5.309406e-02    5.151143e-03   -3.446024e-04    1.753108e-05   -7.243303e-01 
  -1.246581e-01    1.675758e-02   -1.098320e-03    4.621445e-05   -1.416017e-06    2.266024e-01 
   6.937381e-02   -8.960670e-03    5.149237e-04   -1.794248e-05    4.383535e-07   -1.204787e-01 
   4.540096e-02   -5.785490e-03    3.151425e-04   -1.002721e-05    2.172556e-07   -7.760617e-02 

1    8.333333e-01    1.666667e+00
  -7.243303e-01    6.483901e-02   -1.570176e-02    1.720838e-03   -1.226279e-04    6.487621e-06   -6.295853e-01 
   2.266024e-01   -3.520998e-02    7.320588e-03   -5.505236e-04    2.480097e-05   -7.918698e-07    8.536315e-02 
  -1.204787e-01    1.956818e-02   -4.303451e-03    2.899542e-04   -1.091238e-05    2.790398e-07   -3.483724e-02 
  -7.760617e-02    1.276568e-02   -2.872850e-03    1.861891e-04   -6.445773e-06    1.467804e-07   -2.008201e-02 

2    1.666667e+00    3.333333e+00
  -6.295853e-01   -3.627405e-02   -1.258581e-02    4.622424e-03   -7.833971e-04    9.052431e-05   -2.378266e-01 
   8.536315e-02    3.305966e-02    1.219311e-02   -2.837318e-03    2.984784e-04   -2.067300e-05   -2.967894e-01 
  -3.483724e-02   -2.921898e-02   -8.095816e-03    1.783989e-03   -1.588565e-04    8.862860e-06    1.685943e-01 
  -2.008201e-02   -2.170411e-02   -5.546191e-03    1.228086e-03   -1.019578e-04    5.099437e-06    1.101027e-01 

3    3.333333e+00    5.000000e+00
  -2.378266e-01   -3.824021e-02    4.246668e-03   -4.986020e-05   -5.173748e-05    9.078207e-06   -6.737947e-02 
  -2.967894e-01    5.110425e-02   -3.120627e-03   -3.251933e-04    6.551995e-05   -5.603677e-06   -4.353214e-01 
   1.685943e-01   -4.047504e-02    2.544478e-03    2.925312e-04   -4.703904e-05    3.204201e-06    1.750143e-01 
   1.101027e-01   -2.834995e-02    2.043273e-03    2.239486e-04   -3.413194e-05    2.095641e-06    9.885912e-02 

4    5.000000e+00    6.666667e+00
  -6.737947e-02   -1.315124e-02    2.053170e-03   -1.837349e-04    8.402537e-06    1.998354e-07   -1.696845e-02 
  -4.353214e-01    2.284542e-02   -3.374286e-03    1.379760e-04    6.615114e-06   -1.218634e-06   -3.923939e-01 
   1.750143e-01   -1.576584e-02    3.155101e-03   -9.429869e-05   -8.701212e-06    9.973750e-07    4.234025e-02 
   9.885912e-02   -8.548530e-03    2.544165e-03   -7.318300e-05   -7.570594e-06    7.559772e-07   -3.886332e-03 

5    6.666667e+00    1.000000e+01
  -1.696845e-02   -8.288458e-03    2.822112e-03   -6.207440e-04    9.703832e-05   -1.097270e-05   -9.079986e-04 
  -3.923939e-01   -2.973846e-03   -7.955102e-03    1.568742e-03   -1.322131e-04    1.706889e-06   -1.905779e-01 
   4.234025e-02    3.041362e-02    8.137113e-03   -1.693131e-03    9.827900e-05    4.208539e-06   -2.390198e-01 
  -3.886332e-03    4.002370e-02    5.946376e-03   -1.505913e-03    7.512666e-05    5.280845e-06   -1.624600e-01 

6    1.000000e+01    1.333333e+01
  -9.079986e-04   -4.651161e-04    1.684325e-04   -4.044727e-05    7.200426e-06   -1.006036e-06   -4.318897e-05 
  -1.905779e-01   -2.038039e-02    9.777878e-04    1.919262e-04   -3.943778e-05    3.649781e-06   -6.799154e-02 
  -2.390198e-01    4.089778e-02   -2.850201e-03   -2.907169e-04    5.629705e-05   -3.722965e-06   -3.182069e-01 
  -1.624600e-01    3.814618e-02   -4.125229e-03   -2.597592e-04    5.699503e-05   -3.179071e-06   -1.042327e-01 

7    1.333333e+01    2.000000e+01
  -4.318897e-05   -3.596973e-05    2.312846e-05   -1.055370e-05    3.709572e-06   -1.065669e-06   -8.275126e-08 
  -6.799154e-02   -2.666646e-02    6.820320e-03   -9.268865e-04    3.726332e-05    1.246596e-05   -5.778467e-03 
  -3.182069e-01    2.657324e-02   -1.659007e-02    2.408748e-03   -4.016887e-05   -3.558988e-05   -1.694473e-01 
  -1.042327e-01   -2.181267e-02   -1.888873e-02    3.502472e-03   -5.739058e-05   -4.746533e-05    1.909086e-01 

8    2.000000e+01    2.666667e+01
  -8.275126e-08   -6.965012e-08    4.555774e-08   -2.126230e-08    7.679675e-09   -2.281440e-09   -1.409536e-10 
  -5.778467e-03   -2.624710e-03    8.296919e-04   -1.676538e-04    2.381790e-05   -2.414567e-06   -3.766518e-04 
  -1.694473e-01   -2.130971e-02    4.387414e-04    4.625238e-04   -8.509053e-05    7.267009e-06   -5.081373e-02 
   1.909086e-01   -5.141674e-02    5.444390e-03    5.159380e-04   -1.443277e-04    1.136488e-05    2.449952e-01 

9    2.666667e+01    4.000000e+01
  -1.409536e-10   -1.458870e-10    1.344074e-10   -9.822052e-11    5.692870e-11   -2.999126e-11   -1.326391e-13 
  -3.766518e-04   -3.014371e-04    1.821515e-04   -7.673391e-05    2.452451e-05   -6.275220e-06   -1.108953e-06 
  -5.081373e-02   -2.475065e-02    7.699345e-03   -1.289149e-03    7.136656e-05    2.191312e-05   -2.315290e-03 
   2.449952e-01    3.219330e-03    1.686979e-02   -4.727089e-03    4.447869e-04    3.838323e-05    7.369912e-02 

10    4.000000e+01    5.333333e+01
  -1.326391e-13   -1.375881e-13    1.272773e-13   -9.358405e-14    5.459125e-14   -2.904263e-14   -1.280748e-16 
  -1.108953e-06   -9.108918e-07    5.739232e-07   -2.556449e-07    8.757476e-08   -2.447703e-08   -2.545693e-09 
  -2.315290e-03   -1.321895e-03    5.237353e-04   -1.350919e-04    2.495870e-05   -3.408634e-06   -6.877235e-05 
   7.369912e-02    2.100504e-02   -3.441699e-03    8.477133e-05    6.837708e-05   -1.474506e-05    1.022576e-02 

11    5.333333e+01    8.000000e+01
  -1.280748e-16   -1.444786e-16    1.554774e-16   -1.456516e-16    1.040637e-16   -8.032184e-17 
  -2.545693e-09   -2.612809e-09    2.378819e-09   -1.700395e-09    9.667653e-10   -4.928215e-10 
  -6.877235e-05   -6.146716e-05    4.399788e-05   -2.270286e-05    9.068702e-06   -2.963581e-06 
   1.022576e-02    7.156449e-03   -3.617299e-03    1.138373e-03   -2.579423e-04    3.516319e-05 
DATETIME: 02 Sep 2026 23:00:37

=== END OF LOG FILE ===
