===============================================================================
 EEEEE I   GGG  EEEEE N   N RRRR   AAA  DDDD         Zbigniew Romanowski       
 E     I  G     E     NN  N R   R A   A D   D                                  
 EEE   I  G  GG EEE   N N N RRRR  AAAAA D   D        romz@wp.pl                
 E     I  G   G E     N  NN R  R  A   A D   D                                  
 EEEEE I   GGG  EEEEE N   N R   R A   A DDDD         https://github.com/romz-pl
===============================================================================



DATETIME: 06 Sep 2026 21:02:46



========== ADAPTIVE STEP 0 ==========
Number of elements: 3
Degrees of freedom: 17
Domain: [0, 1.400000000E+02]

0    0.000000E+00    4.666667E+01
  -2.331104E-01    4.013457E-01   -1.492241E-01   -1.927228E-01    3.452145E-01    2.105850E-03 |    2.105850E-03
   1.577648E-01    2.751381E-01   -3.972010E-01   -6.257563E-02    3.548087E-01   -3.134287E-02 |    3.134287E-02
  -1.150403E-01    5.471770E-02    3.893390E-01   -5.615817E-02   -2.995112E-01   -1.921853E-01 |    5.471770E-02
   8.233925E-02    1.628893E-01    2.748430E-01   -1.083642E-01   -2.397444E-01    1.759871E-02 |    1.759871E-02
max(min|c_i|) =    5.471770E-02

1    4.666667E+01    9.333333E+01
   2.105850E-03    2.158223E-03   -1.950377E-03    1.380298E-03   -7.684480E-04    3.784752E-04    1.680371E-06 |    1.680371E-06
  -3.134287E-02   -2.754758E-02    1.872016E-02   -8.643192E-03    2.766465E-03   -5.461004E-04   -1.006885E-05 |    1.006885E-05
  -1.921853E-01   -9.714910E-02    8.032749E-03    1.957683E-02   -1.193782E-02    3.320152E-03   -2.282731E-03 |    2.282731E-03
   1.759871E-02   -2.180275E-01    1.306554E-01   -2.467758E-03   -2.145111E-02    8.499100E-03    4.646549E-02 |    2.467758E-03
max(min|c_i|) =    2.467758E-03

2    9.333333E+01    1.400000E+02
   1.680371E-06    1.755097E-06   -1.649551E-06    1.234869E-06   -7.347858E-07    3.997475E-07 |    3.997475E-07
  -1.006885E-05   -9.617310E-06    7.688366E-06   -4.583037E-06    2.140102E-06   -8.415034E-07 |    8.415034E-07
  -2.282731E-03   -1.886899E-03    1.187033E-03   -5.105099E-04    1.631346E-04   -3.920531E-05 |    3.920531E-05
   4.646549E-02    2.830120E-02   -1.135030E-02    2.028843E-03   -2.192309E-05   -1.342528E-04 |    2.192309E-05
max(min|c_i|) =    3.920531E-05

----- EIGENVALUES -----
EIGENVALUE n=0 -5.232017067E-02
EIGENVALUE n=1 -2.858561868E-02
EIGENVALUE n=2 -1.799839099E-02
EIGENVALUE n=3 -1.243151133E-02

ALL_EIGENVALUES: | 0 | 17 |  -5.232017067E-02 | -2.858561868E-02 | -1.799839099E-02 | -1.243151133E-02 |

----- ELEMENTS TO SPLIT -----
0


========== ADAPTIVE STEP 1 ==========
Number of elements: 4
Degrees of freedom: 23
Domain: [0, 1.400000000E+02]

0    0.000000E+00    2.333333E+01
   3.750838E-01   -1.168744E-01   -2.122983E-01    1.737353E-01   -1.245055E-02   -5.360455E-02 |    1.245055E-02
   2.213759E-01   -3.102485E-01   -1.491538E-01    1.974060E-01   -2.138265E-02    2.486404E-01 |    2.138265E-02
  -2.923273E-03    3.166715E-01    6.862953E-02   -1.812174E-01    2.608658E-02   -4.378734E-02 |    2.923273E-03
   4.701065E-02    2.568164E-01    2.157708E-02   -1.550363E-01    2.695983E-02    1.688832E-02 |    1.688832E-02
max(min|c_i|) =    2.138265E-02

1    2.333333E+01    4.666667E+01
  -5.360455E-02   -4.003216E-02    2.094894E-02   -6.778155E-03    1.280781E-03   -3.153682E-05   -2.046291E-04 |    3.153682E-05
   2.486404E-01    4.845561E-02    3.138361E-02   -2.244263E-02    5.728563E-03   -3.839371E-04    2.037170E-02 |    3.839371E-04
  -4.378734E-02   -2.291701E-01    2.398561E-02    3.092638E-02   -1.171124E-02    1.120526E-03    1.565711E-01 |    1.120526E-03
   1.688832E-02   -2.282728E-01    9.876611E-02    2.332591E-02   -1.607656E-02    2.037068E-03   -1.094657E-01 |    2.037068E-03
max(min|c_i|) =    2.037068E-03

2    4.666667E+01    9.333333E+01
  -2.046291E-04   -2.107791E-04    1.921961E-04   -1.379203E-04    7.789546E-05   -3.920122E-05   -1.864666E-07 |    1.864666E-07
   2.037170E-02    1.839846E-02   -1.316077E-02    6.580524E-03   -2.382979E-03    6.103785E-04    4.311527E-06 |    4.311527E-06
   1.565711E-01    9.779236E-02   -2.964633E-02   -4.106095E-03    7.123246E-03   -3.031352E-03    9.236867E-04 |    9.236867E-04
  -1.094657E-01    1.139283E-01   -1.284748E-01    3.840066E-02    4.090436E-03   -6.211772E-03   -2.423125E-02 |    4.090436E-03
max(min|c_i|) =    4.090436E-03

3    9.333333E+01    1.400000E+02
  -1.864666E-07   -1.954560E-07    1.849073E-07   -1.397815E-07    8.397511E-08   -4.635236E-08 |    4.635236E-08
   4.311527E-06    4.173013E-06   -3.415175E-06    2.101821E-06   -1.016873E-06    4.180566E-07 |    4.180566E-07
   9.236867E-04    7.918908E-04   -5.277620E-04    2.459698E-04   -8.657547E-05    2.380625E-05 |    2.380625E-05
  -2.423125E-02   -1.652090E-02    7.811545E-03   -2.100427E-03    3.287853E-04    1.032357E-05 |    1.032357E-05
max(min|c_i|) =    2.380625E-05

----- EIGENVALUES -----
EIGENVALUE n=0 -5.416036508E-02
EIGENVALUE n=1 -3.054163934E-02
EIGENVALUE n=2 -1.958920811E-02
EIGENVALUE n=3 -1.363142211E-02

ALL_EIGENVALUES: | 1 | 23 |  -5.416036508E-02 | -3.054163934E-02 | -1.958920811E-02 | -1.363142211E-02 |

----- ELEMENTS TO SPLIT -----
0
2


========== ADAPTIVE STEP 2 ==========
Number of elements: 6
Degrees of freedom: 35
Domain: [0, 1.400000000E+02]

0    0.000000E+00    1.166667E+01
   1.229157E-01    1.612629E-01   -7.521781E-02   -1.471734E-02    2.346040E-02   -2.971607E-01 |    1.471734E-02
   2.032543E-01    1.239251E-01   -8.121875E-02   -1.221261E-02    2.118209E-02   -3.063954E-02 |    1.221261E-02
  -1.719150E-01   -8.318334E-02    7.252379E-02    9.033923E-03   -1.758065E-02   -1.987479E-02 |    9.033923E-03
  -1.388283E-01   -5.890590E-02    6.159811E-02    6.747900E-03   -1.449192E-02   -2.969738E-02 |    6.747900E-03
max(min|c_i|) =    1.471734E-02

1    1.166667E+01    2.333333E+01
  -2.971607E-01   -3.806774E-02   -1.852768E-02    9.431452E-03   -1.671546E-03    4.526791E-05   -5.224504E-02 |    4.526791E-05
  -3.063954E-02   -1.547555E-01   -6.890694E-03    1.506384E-02   -2.858477E-03    2.091398E-05    2.471271E-01 |    2.091398E-05
  -1.987479E-02    1.853114E-01   -1.650741E-02   -1.575107E-02    3.540166E-03   -2.325535E-05   -3.539809E-02 |    2.325535E-05
  -2.969738E-02    1.498776E-01   -3.038655E-02   -1.366794E-02    3.721509E-03   -4.151183E-05    2.523758E-02 |    4.151183E-05
max(min|c_i|) =    4.526791E-05

2    2.333333E+01    4.666667E+01
  -5.224504E-02   -3.913822E-02    2.058996E-02   -6.721081E-03    1.295035E-03   -4.324730E-05   -1.945991E-04 |    4.324730E-05
   2.471271E-01    5.189233E-02    2.880043E-02   -2.184128E-02    5.783793E-03   -4.524693E-04    1.934704E-02 |    4.524693E-04
  -3.539809E-02   -2.298630E-01    2.978391E-02    2.893440E-02   -1.173965E-02    1.281527E-03    1.527811E-01 |    1.281527E-03
   2.523758E-02   -2.197169E-01    1.052697E-01    1.964292E-02   -1.591742E-02    2.279725E-03   -1.166717E-01 |    2.279725E-03
max(min|c_i|) =    2.279725E-03

3    4.666667E+01    7.000000E+01
  -1.945991E-04   -1.629661E-04    1.050637E-04   -4.770847E-05    1.649394E-05   -4.581835E-06   -3.037026E-07 |    3.037026E-07
   1.934704E-02    1.194276E-02   -4.957485E-03    1.257313E-03   -1.947988E-04    1.115631E-05    3.403928E-04 |    1.115631E-05
   1.527811E-01    3.959575E-02    1.874285E-04   -3.260253E-03    9.202343E-04   -1.104523E-04    1.721846E-02 |    1.104523E-04
  -1.166717E-01    9.959370E-02   -2.925348E-02   -1.129221E-03    1.744933E-03   -3.114378E-04   -1.230384E-01 |    3.114378E-04
max(min|c_i|) =    3.114378E-04

4    7.000000E+01    9.333333E+01
  -3.037026E-07   -2.619835E-07    1.774729E-07   -8.614952E-08    3.233668E-08   -9.973248E-09   -3.333495E-10 |    3.333495E-10
   3.403928E-04    2.364118E-04   -1.178272E-04    3.951546E-05   -9.798959E-06    1.885877E-06    3.502386E-06 |    1.885877E-06
   1.721846E-02    8.278385E-03   -2.595996E-03    4.676374E-04   -4.385205E-05   -1.027796E-06    8.424880E-04 |    1.027796E-06
  -1.230384E-01   -2.251711E-02   -7.269230E-04    1.348692E-03   -2.734599E-04    2.143362E-05   -2.272511E-02 |    2.143362E-05
max(min|c_i|) =    2.143362E-05

5    9.333333E+01    1.400000E+02
  -3.333495E-10   -3.495935E-10    3.310265E-10   -2.505820E-10    1.507395E-10   -8.337357E-11 |    8.337357E-11
   3.502386E-06    3.394773E-06   -2.785437E-06    1.720308E-06   -8.355394E-07    3.452014E-07 |    3.452014E-07
   8.424880E-04    7.246823E-04   -4.855570E-04    2.279653E-04   -8.093810E-05    2.251520E-05 |    2.251520E-05
  -2.272511E-02   -1.562790E-02    7.481740E-03   -2.062264E-03    3.397392E-04    2.659777E-06 |    2.659777E-06
max(min|c_i|) =    2.251520E-05

----- EIGENVALUES -----
EIGENVALUE n=0 -5.442605619E-02
EIGENVALUE n=1 -3.077483221E-02
EIGENVALUE n=2 -1.975676613E-02
EIGENVALUE n=3 -1.374806947E-02

ALL_EIGENVALUES: | 2 | 35 |  -5.442605619E-02 | -3.077483221E-02 | -1.975676613E-02 | -1.374806947E-02 |

----- ELEMENTS TO SPLIT -----
0


========== ADAPTIVE STEP 3 ==========
Number of elements: 7
Degrees of freedom: 41
Domain: [0, 1.400000000E+02]

0    0.000000E+00    5.833333E+00
  -7.314464E-02    4.260306E-02    8.678990E-03   -7.002200E-03    1.615559E-03   -2.444950E-01 |    1.615559E-03
   3.623288E-02   -4.088755E-02   -6.785929E-03    6.009533E-03   -1.269143E-03    1.615691E-01 |    1.269143E-03
   2.111556E-02   -3.373305E-02   -5.057954E-03    4.843960E-03   -9.812255E-04    1.146222E-01 |    9.812255E-04
   1.390431E-02   -2.752080E-02   -3.891143E-03    3.923411E-03   -7.774039E-04    8.648964E-02 |    7.774039E-04
max(min|c_i|) =    1.615559E-03

1    5.833333E+00    1.166667E+01
  -2.444950E-01    8.469544E-02   -9.608759E-03   -2.170700E-03    6.298486E-04   -5.830816E-05   -2.970881E-01 |    5.830816E-05
   1.615691E-01   -8.501526E-02    1.587479E-02    2.239402E-03   -7.144576E-04    5.374080E-05    3.041867E-02 |    5.374080E-05
   1.146222E-01   -6.019707E-02    1.707396E-02    1.791583E-03   -6.705767E-04    4.605720E-05   -2.007492E-02 |    4.605720E-05
   8.648964E-02   -4.359611E-02    1.566384E-02    1.367583E-03   -5.920425E-04    3.922351E-05   -2.986101E-02 |    3.922351E-05
max(min|c_i|) =    5.830816E-05

2    1.166667E+01    2.333333E+01
  -2.970881E-01   -3.812623E-02   -1.849601E-02    9.426542E-03   -1.672081E-03    4.562250E-05   -5.219566E-02 |    4.562250E-05
   3.041867E-02    1.548342E-01    6.813646E-03   -1.505292E-02    2.860566E-03   -2.179149E-05   -2.470927E-01 |    2.179149E-05
  -2.007492E-02    1.853187E-01   -1.661081E-02   -1.573336E-02    3.543088E-03   -2.445693E-05   -3.519180E-02 |    2.445693E-05
  -2.986101E-02    1.498120E-01   -3.049009E-02   -1.364552E-02    3.724478E-03   -4.284288E-05    2.542551E-02 |    4.284288E-05
max(min|c_i|) =    4.562250E-05

3    2.333333E+01    4.666667E+01
  -5.219566E-02   -3.910583E-02    2.057705E-02   -6.719102E-03    1.295598E-03   -4.368682E-05   -1.942264E-04 |    4.368682E-05
  -2.470927E-01   -5.198968E-02   -2.872883E-02    2.182482E-02   -5.785408E-03    4.543911E-04   -1.931939E-02 |    4.543911E-04
  -3.519180E-02   -2.298788E-01    2.992372E-02    2.888579E-02   -1.174009E-02    1.285386E-03    1.526922E-01 |    1.285386E-03
   2.542551E-02   -2.195176E-01    1.054115E-01    1.955965E-02   -1.591310E-02    2.285035E-03   -1.168328E-01 |    2.285035E-03
max(min|c_i|) =    2.285035E-03

4    4.666667E+01    7.000000E+01
  -1.942264E-04   -1.626639E-04    1.048788E-04   -4.763018E-05    1.646912E-05   -4.575674E-06   -3.028664E-07 |    3.028664E-07
  -1.931939E-02   -1.192796E-02    4.952672E-03   -1.256602E-03    1.948393E-04   -1.120193E-05   -3.396068E-04 |    1.120193E-05
   1.526922E-01    3.961206E-02    1.675051E-04   -3.254761E-03    9.198083E-04   -1.105724E-04    1.719213E-02 |    1.105724E-04
  -1.168328E-01    9.951299E-02   -2.927496E-02   -1.115169E-03    1.742936E-03   -3.115836E-04   -1.229571E-01 |    3.115836E-04
max(min|c_i|) =    3.115836E-04

5    7.000000E+01    9.333333E+01
  -3.028664E-07   -2.612750E-07    1.770066E-07   -8.593126E-08    3.225810E-08   -9.950177E-09   -3.321704E-10 |    3.321704E-10
  -3.396068E-04   -2.358937E-04    1.175872E-04   -3.944229E-05    9.782935E-06   -1.883282E-06   -3.491550E-06 |    1.883282E-06
   1.719213E-02    8.267935E-03   -2.593609E-03    4.674681E-04   -4.389835E-05   -1.011725E-06    8.405892E-04 |    1.011725E-06
  -1.229571E-01   -2.252885E-02   -7.166366E-04    1.346598E-03   -2.733727E-04    2.147161E-05   -2.269250E-02 |    2.147161E-05
max(min|c_i|) =    2.147161E-05

6    9.333333E+01    1.400000E+02
  -3.321704E-10   -3.483635E-10    3.298732E-10   -2.497218E-10    1.502296E-10   -8.309799E-11 |    8.309799E-11
  -3.491550E-06   -3.384408E-06    2.777136E-06   -1.715352E-06    8.332243E-07   -3.442929E-07 |    3.442929E-07
   8.405892E-04    7.231074E-04   -4.845647E-04    2.275399E-04   -8.080408E-05    2.248421E-05 |    2.248421E-05
  -2.269250E-02   -1.560845E-02    7.474492E-03   -2.061387E-03    3.399652E-04    2.494303E-06 |    2.494303E-06
max(min|c_i|) =    2.248421E-05

----- EIGENVALUES -----
EIGENVALUE n=0 -5.443620645E-02
EIGENVALUE n=1 -3.078149744E-02
EIGENVALUE n=2 -1.976088621E-02
EIGENVALUE n=3 -1.375070930E-02

ALL_EIGENVALUES: | 3 | 41 |  -5.443620645E-02 | -3.078149744E-02 | -1.976088621E-02 | -1.375070930E-02 |

----- ELEMENTS TO SPLIT -----
0
3


========== ADAPTIVE STEP 4 ==========
Number of elements: 9
Degrees of freedom: 53
Domain: [0, 1.400000000E+02]

0    0.000000E+00    2.916667E+00
   3.747392E-02    9.836965E-04   -2.992083E-03    4.754606E-04    2.313609E-05    7.566964E-02 |    2.313609E-05
  -2.779261E-02   -5.683252E-05    2.474451E-03   -3.805732E-04   -2.227510E-05   -5.720297E-02 |    2.227510E-05
  -2.086735E-02    2.040002E-04    1.950164E-03   -2.969501E-04   -1.873047E-05   -4.334787E-02 |    1.873047E-05
   1.625459E-02   -2.662063E-04   -1.558934E-03    2.363869E-04    1.548939E-05    3.393946E-02 |    1.548939E-05
max(min|c_i|) =    2.313609E-05

1    2.916667E+00    5.833333E+00
   7.566964E-02   -5.277290E-03   -5.821430E-03    5.699031E-04    2.521084E-05   -9.056573E-06    2.444951E-01 |    9.056573E-06
  -5.720297E-02    1.308974E-02    5.271050E-03   -5.643122E-04   -2.751024E-05    8.406265E-06   -1.615690E-01 |    8.406265E-06
  -4.334787E-02    1.283864E-02    4.185935E-03   -4.924936E-04   -2.407656E-05    7.054449E-06   -1.146219E-01 |    7.054449E-06
   3.393946E-02   -1.123869E-02   -3.336041E-03    4.165943E-04    2.019832E-05   -5.850097E-06    8.648902E-02 |    5.850097E-06
max(min|c_i|) =    9.056573E-06

2    5.833333E+00    1.166667E+01
   2.444951E-01   -8.469542E-02    9.608763E-03    2.170699E-03   -6.298487E-04    5.830821E-05    2.970880E-01 |    5.830821E-05
  -1.615690E-01    8.501518E-02   -1.587478E-02   -2.239398E-03    7.144571E-04   -5.374082E-05   -3.041857E-02 |    5.374082E-05
  -1.146219E-01    6.019686E-02   -1.707392E-02   -1.791575E-03    6.705747E-04   -4.605712E-05    2.007492E-02 |    4.605712E-05
   8.648902E-02   -4.359575E-02    1.566373E-02    1.367571E-03   -5.920380E-04    3.922327E-05   -2.986084E-02 |    3.922327E-05
max(min|c_i|) =    5.830821E-05

3    1.166667E+01    2.333333E+01
   2.970880E-01    3.812626E-02    1.849599E-02   -9.426538E-03    1.672082E-03   -4.562265E-05    5.219566E-02 |    4.562265E-05
  -3.041857E-02   -1.548341E-01   -6.813613E-03    1.505291E-02   -2.860565E-03    2.179181E-05    2.470925E-01 |    2.179181E-05
   2.007492E-02   -1.853181E-01    1.661078E-02    1.573331E-02   -3.543077E-03    2.445729E-05    3.519167E-02 |    2.445729E-05
  -2.986084E-02    1.498109E-01   -3.048989E-02   -1.364541E-02    3.724451E-03   -4.284302E-05    2.542535E-02 |    4.284302E-05
max(min|c_i|) =    4.562265E-05

4    2.333333E+01    3.500000E+01
   5.219566E-02    2.150880E-02   -5.618581E-03    7.404146E-04   -1.349530E-05   -1.496905E-05    3.809977E-03 |    1.349530E-05
   2.470925E-01   -6.436962E-03    1.418173E-02   -2.936773E-03    1.588729E-04    3.477130E-05    9.633905E-02 |    3.477130E-05
   3.519167E-02    6.521338E-02    1.208222E-02   -5.172558E-03    4.205214E-04    4.605647E-05   -2.060758E-01 |    4.605647E-05
   2.542535E-02   -1.024780E-01   -1.077049E-03    6.030434E-03   -6.806257E-04   -4.419980E-05    9.294536E-02 |    4.419980E-05
max(min|c_i|) =    4.605647E-05

5    3.500000E+01    4.666667E+01
   3.809977E-03    1.871282E-03   -6.328934E-04    1.364337E-04   -2.052133E-05    2.169623E-06    1.942976E-04 |    2.169623E-06
   9.633905E-02    2.011078E-02   -2.083517E-03   -1.699540E-04    7.516753E-05   -1.007519E-05    1.931934E-02 |    1.007519E-05
  -2.060758E-01    3.367126E-02   -9.611847E-03    4.945638E-04    1.163739E-04   -2.224003E-05   -1.526920E-01 |    2.224003E-05
   9.294536E-02    3.062960E-03    1.396266E-02   -1.691357E-03   -9.337381E-05    3.332895E-05   -1.168332E-01 |    3.332895E-05
max(min|c_i|) =    3.332895E-05

6    4.666667E+01    7.000000E+01
   1.942976E-04    1.627236E-04   -1.049173E-04    4.764766E-05   -1.647516E-05    4.577354E-06    3.029773E-07 |    3.029773E-07
   1.931934E-02    1.192793E-02   -4.952661E-03    1.256600E-03   -1.948390E-04    1.120194E-05    3.396057E-04 |    1.120194E-05
  -1.526920E-01   -3.961207E-02   -1.674783E-04    3.254753E-03   -9.198075E-04    1.105726E-04   -1.719209E-02 |    1.105726E-04
  -1.168332E-01    9.951277E-02   -2.927500E-02   -1.115136E-03    1.742931E-03   -3.115839E-04   -1.229569E-01 |    3.115839E-04
max(min|c_i|) =    3.115839E-04

7    7.000000E+01    9.333333E+01
   3.029773E-07    2.613707E-07   -1.770715E-07    8.596276E-08   -3.226993E-08    9.953825E-09    3.322920E-10 |    3.322920E-10
   3.396057E-04    2.358930E-04   -1.175868E-04    3.944218E-05   -9.782908E-06    1.883278E-06    3.491537E-06 |    1.883278E-06
  -1.719209E-02   -8.267919E-03    2.593605E-03   -4.674678E-04    4.389840E-05    1.011703E-06   -8.405865E-04 |    1.011703E-06
  -1.229569E-01   -2.252888E-02   -7.166124E-04    1.346592E-03   -2.733725E-04    2.147170E-05   -2.269242E-02 |    2.147170E-05
max(min|c_i|) =    2.147170E-05

8    9.333333E+01    1.400000E+02
   3.322920E-10    3.484910E-10   -3.299939E-10    2.498132E-10   -1.502847E-10    8.312841E-11 |    8.312841E-11
   3.491537E-06    3.384396E-06   -2.777126E-06    1.715346E-06   -8.332214E-07    3.442918E-07 |    3.442918E-07
  -8.405865E-04   -7.231051E-04    4.845633E-04   -2.275393E-04    8.080388E-05   -2.248416E-05 |    2.248416E-05
  -2.269242E-02   -1.560840E-02    7.474473E-03   -2.061384E-03    3.399656E-04    2.493916E-06 |    2.493916E-06
max(min|c_i|) =    2.248416E-05

----- EIGENVALUES -----
EIGENVALUE n=0 -5.443621132E-02
EIGENVALUE n=1 -3.078150169E-02
EIGENVALUE n=2 -1.976089175E-02
EIGENVALUE n=3 -1.375071547E-02

ALL_EIGENVALUES: | 4 | 53 |  -5.443621132E-02 | -3.078150169E-02 | -1.976089175E-02 | -1.375071547E-02 |

----- ELEMENTS TO SPLIT -----
2
6


========== ADAPTIVE STEP 5 ==========
Number of elements: 11
Degrees of freedom: 65
Domain: [0, 1.400000000E+02]

0    0.000000E+00    2.916667E+00
   3.747392E-02    9.836965E-04   -2.992083E-03    4.754606E-04    2.313609E-05    7.566964E-02 |    2.313609E-05
  -2.779261E-02   -5.683252E-05    2.474451E-03   -3.805732E-04   -2.227510E-05   -5.720297E-02 |    2.227510E-05
  -2.086735E-02    2.040002E-04    1.950164E-03   -2.969501E-04   -1.873047E-05   -4.334787E-02 |    1.873047E-05
   1.625459E-02   -2.662063E-04   -1.558934E-03    2.363869E-04    1.548939E-05    3.393946E-02 |    1.548939E-05
max(min|c_i|) =    2.313609E-05

1    2.916667E+00    5.833333E+00
   7.566964E-02   -5.277290E-03   -5.821430E-03    5.699031E-04    2.521084E-05   -9.056573E-06    2.444951E-01 |    9.056573E-06
  -5.720297E-02    1.308974E-02    5.271050E-03   -5.643122E-04   -2.751024E-05    8.406265E-06   -1.615690E-01 |    8.406265E-06
  -4.334787E-02    1.283864E-02    4.185935E-03   -4.924936E-04   -2.407656E-05    7.054449E-06   -1.146219E-01 |    7.054449E-06
   3.393946E-02   -1.123869E-02   -3.336041E-03    4.165943E-04    2.019832E-05   -5.850097E-06    8.648902E-02 |    5.850097E-06
max(min|c_i|) =    9.056573E-06

2    5.833333E+00    8.750000E+00
   2.444951E-01   -2.528278E-02    1.273627E-04    3.156856E-04   -2.805995E-05    5.235062E-07    3.231557E-01 |    5.235062E-07
  -1.615690E-01    2.838503E-02   -8.498472E-04   -3.384689E-04    2.924061E-05   -2.323706E-07   -1.485705E-01 |    2.323706E-07
  -1.146219E-01    2.288313E-02   -1.184512E-03   -2.962619E-04    2.652516E-05   -9.437308E-08   -8.454847E-02 |    9.437308E-08
   8.648902E-02   -1.816184E-02    1.198765E-03    2.474866E-04   -2.308935E-05    3.679331E-08    5.532490E-02 |    3.679331E-08
max(min|c_i|) =    5.235062E-07

3    8.750000E+00    1.166667E+01
   3.231557E-01   -1.584269E-02    1.746375E-03    3.699310E-06   -1.065648E-05    8.046045E-07    2.970880E-01 |    8.046045E-07
  -1.485705E-01    1.285936E-02   -2.518641E-03    1.424259E-05    1.335409E-05   -8.919407E-07   -3.041857E-02 |    8.919407E-07
  -8.454847E-02    6.205846E-03   -2.520332E-03    3.434186E-05    1.295845E-05   -8.382678E-07    2.007492E-02 |    8.382678E-07
   5.532490E-02   -2.866973E-03    2.219413E-03   -4.419976E-05   -1.154954E-05    7.488893E-07   -2.986084E-02 |    7.488893E-07
max(min|c_i|) =    8.919407E-07

4    1.166667E+01    2.333333E+01
   2.970880E-01    3.812626E-02    1.849599E-02   -9.426538E-03    1.672082E-03   -4.562265E-05    5.219566E-02 |    4.562265E-05
  -3.041857E-02   -1.548341E-01   -6.813613E-03    1.505291E-02   -2.860565E-03    2.179181E-05    2.470925E-01 |    2.179181E-05
   2.007492E-02   -1.853181E-01    1.661078E-02    1.573331E-02   -3.543077E-03    2.445730E-05    3.519167E-02 |    2.445730E-05
  -2.986084E-02    1.498109E-01   -3.048989E-02   -1.364541E-02    3.724451E-03   -4.284302E-05    2.542535E-02 |    4.284302E-05
max(min|c_i|) =    4.562265E-05

5    2.333333E+01    3.500000E+01
   5.219566E-02    2.150880E-02   -5.618581E-03    7.404146E-04   -1.349530E-05   -1.496905E-05    3.809977E-03 |    1.349530E-05
   2.470925E-01   -6.436962E-03    1.418173E-02   -2.936773E-03    1.588729E-04    3.477130E-05    9.633905E-02 |    3.477130E-05
   3.519167E-02    6.521338E-02    1.208222E-02   -5.172558E-03    4.205214E-04    4.605647E-05   -2.060758E-01 |    4.605647E-05
   2.542535E-02   -1.024780E-01   -1.077049E-03    6.030434E-03   -6.806257E-04   -4.419980E-05    9.294536E-02 |    4.419980E-05
max(min|c_i|) =    4.605647E-05

6    3.500000E+01    4.666667E+01
   3.809977E-03    1.871282E-03   -6.328932E-04    1.364338E-04   -2.052132E-05    2.169624E-06    1.942987E-04 |    2.169624E-06
   9.633905E-02    2.011078E-02   -2.083517E-03   -1.699540E-04    7.516753E-05   -1.007519E-05    1.931934E-02 |    1.007519E-05
  -2.060758E-01    3.367126E-02   -9.611847E-03    4.945638E-04    1.163739E-04   -2.224003E-05   -1.526920E-01 |    2.224003E-05
   9.294536E-02    3.062960E-03    1.396266E-02   -1.691357E-03   -9.337381E-05    3.332895E-05   -1.168332E-01 |    3.332895E-05
max(min|c_i|) =    3.332895E-05

7    4.666667E+01    5.833333E+01
   1.942987E-04    1.025842E-04   -3.798454E-05    9.266979E-06   -1.660580E-06    2.306909E-07    8.142997E-06 |    2.306909E-07
   1.931934E-02    5.716211E-03   -1.167364E-03    1.306050E-04   -6.346096E-06   -4.639864E-07    2.817251E-03 |    4.639864E-07
  -1.526920E-01   -9.009582E-03   -1.623414E-03    4.768727E-04   -4.430374E-05    6.527490E-07   -5.994008E-02 |    6.527490E-07
  -1.168332E-01    3.897623E-02   -2.481732E-03   -6.338019E-04    1.045046E-04   -4.197021E-06   -1.810485E-01 |    4.197021E-06
max(min|c_i|) =    4.197021E-06

8    5.833333E+01    7.000000E+01
   8.142997E-06    4.472270E-06   -1.735648E-06    4.491234E-07   -8.659165E-08    1.320236E-08    3.014527E-07 |    1.320236E-08
   2.817251E-03    9.632759E-04   -2.352242E-04    3.574872E-05   -3.690549E-06    2.539163E-07    3.396067E-04 |    2.539163E-07
  -5.994008E-02   -8.972497E-03    8.098676E-04    2.115606E-05   -1.210489E-05    1.317231E-06   -1.719209E-02 |    1.317231E-06
  -1.810485E-01    1.025459E-02   -3.379839E-03    2.376348E-04    1.135870E-05   -2.980695E-06   -1.229569E-01 |    2.980695E-06
max(min|c_i|) =    2.980695E-06

9    7.000000E+01    9.333333E+01
   3.014527E-07    2.600555E-07   -1.761804E-07    8.553017E-08   -3.210754E-08    9.903734E-09    3.306198E-10 |    3.306198E-10
   3.396067E-04    2.358936E-04   -1.175871E-04    3.944229E-05   -9.782935E-06    1.883283E-06    3.491547E-06 |    1.883283E-06
  -1.719209E-02   -8.267919E-03    2.593605E-03   -4.674678E-04    4.389840E-05    1.011703E-06   -8.405865E-04 |    1.011703E-06
  -1.229569E-01   -2.252888E-02   -7.166124E-04    1.346592E-03   -2.733725E-04    2.147170E-05   -2.269242E-02 |    2.147170E-05
max(min|c_i|) =    2.147170E-05

10    9.333333E+01    1.400000E+02
   3.306198E-10    3.467373E-10   -3.283333E-10    2.485561E-10   -1.495284E-10    8.271008E-11 |    8.271008E-11
   3.491547E-06    3.384405E-06   -2.777134E-06    1.715351E-06   -8.332237E-07    3.442927E-07 |    3.442927E-07
  -8.405865E-04   -7.231051E-04    4.845633E-04   -2.275393E-04    8.080388E-05   -2.248416E-05 |    2.248416E-05
  -2.269242E-02   -1.560840E-02    7.474473E-03   -2.061384E-03    3.399656E-04    2.493916E-06 |    2.493916E-06
max(min|c_i|) =    2.248416E-05

----- EIGENVALUES -----
EIGENVALUE n=0 -5.443621132E-02
EIGENVALUE n=1 -3.078150170E-02
EIGENVALUE n=2 -1.976089175E-02
EIGENVALUE n=3 -1.375071548E-02

ALL_EIGENVALUES: | 5 | 65 |  -5.443621132E-02 | -3.078150170E-02 | -1.976089175E-02 | -1.375071548E-02 |

DATETIME: 06 Sep 2026 21:02:46

=== END OF LOG FILE ===
