===============================================================================
 EEEEE I   GGG  EEEEE N   N RRRR   AAA  DDDD         Zbigniew Romanowski       
 E     I  G     E     NN  N R   R A   A D   D                                  
 EEE   I  G  GG EEE   N N N RRRR  AAAAA D   D        romz@wp.pl                
 E     I  G   G E     N  NN R  R  A   A D   D                                  
 EEEEE I   GGG  EEEEE N   N R   R A   A DDDD         https://github.com/romz-pl
===============================================================================



DATETIME: 08 Sep 2026 20:42:28



========== ADAPTIVE STEP 0 ==========
Number of elements: 3
Degrees of freedom: 17
Domain: [0, 1.600000000E+02]

0    0.000000E+00    5.333333E+01
   2.517269E-01   -2.387013E-01   -9.319024E-02    2.359811E-01   -8.191036E-02   -3.335863E-03 |    3.335863E-03
   4.784543E-02    3.786021E-01   -1.418006E-01   -2.585654E-01    1.719603E-01   -7.769322E-02 |    4.784543E-02
  -1.626139E-01   -1.728630E-01    2.956796E-01    1.768117E-01   -2.146940E-01   -1.820787E-01 |    1.626139E-01
   2.052214E-02   -1.079300E-03   -2.979905E-01   -8.944251E-02    2.153940E-01    6.709451E-02 |    1.079300E-03
max(min|c_i|) =    1.626139E-01

1    5.333333E+01    1.066667E+02
  -3.335863E-03   -3.223283E-03    2.614623E-03   -1.574912E-03    7.298307E-04   -2.761854E-04   -6.710837E-07 |    6.710837E-07
  -7.769322E-02   -6.096521E-02    3.303891E-02   -9.963244E-03    8.212803E-04    7.825234E-04   -9.923582E-05 |    9.923582E-05
  -1.820787E-01   -3.621650E-02   -5.149405E-02    4.163561E-02   -1.248127E-02    4.820028E-04   -6.232693E-03 |    4.820028E-04
   6.709451E-02    2.471425E-01   -6.469128E-02   -4.838639E-02    3.152976E-02   -5.425506E-03   -6.605724E-02 |    5.425506E-03
max(min|c_i|) =    5.425506E-03

2    1.066667E+02    1.600000E+02
  -6.710837E-07   -6.755523E-07    5.934265E-07   -4.028127E-07    2.166760E-07   -1.021757E-07 |    1.021757E-07
  -9.923582E-05   -9.101434E-05    6.777853E-05   -3.668666E-05    1.534435E-05   -5.252509E-06 |    5.252509E-06
  -6.232693E-03   -4.890346E-03    2.832219E-03   -1.075794E-03    2.915523E-04   -5.282071E-05 |    5.282071E-05
  -6.605724E-02   -3.628104E-02    1.211536E-02   -8.076285E-04   -5.322433E-04    2.734483E-04 |    2.734483E-04
max(min|c_i|) =    2.734483E-04

----- EIGENVALUES -----
EIGENVALUE n=0 -3.052432621E-02
EIGENVALUE n=1 -1.930276489E-02
EIGENVALUE n=2 -1.333039028E-02
EIGENVALUE n=3 -9.773387034E-03

ALL_EIGENVALUES: | 0 | 17 |  -3.052432621E-02 | -1.930276489E-02 | -1.333039028E-02 | -9.773387034E-03 |

----- ELEMENTS TO SPLIT -----
0
1


========== ADAPTIVE STEP 1 ==========
Number of elements: 5
Degrees of freedom: 29
Domain: [0, 1.600000000E+02]

0    0.000000E+00    2.666667E+01
   2.161021E-01    1.421192E-01   -1.455684E-01   -1.411662E-02    5.412186E-02   -1.442475E-01 |    1.411662E-02
  -2.901569E-01   -3.456910E-02    1.918778E-01   -5.509828E-03   -6.242127E-02   -1.620609E-01 |    5.509828E-03
  -1.845022E-01    4.916269E-02    1.809002E-01   -2.130444E-02   -5.939426E-02   -1.289388E-01 |    2.130444E-02
  -1.170105E-01    7.659374E-02    1.542489E-01   -2.878575E-02   -5.304834E-02   -8.863159E-02 |    2.878575E-02
max(min|c_i|) =    2.878575E-02

1    2.666667E+01    5.333333E+01
  -1.442475E-01   -7.687702E-02    2.064359E-02    6.261488E-04   -2.221484E-03    7.796348E-04   -3.038535E-03 |    6.261488E-04
  -1.620609E-01    1.092100E-01   -8.132602E-02    1.415407E-02    3.110083E-03   -1.889140E-03   -6.604789E-02 |    1.889140E-03
  -1.289388E-01   -5.699359E-02   -1.031429E-01    3.804477E-02    8.163005E-04   -2.826039E-03    1.834790E-01 |    8.163005E-04
  -8.863159E-02   -1.888947E-01   -6.334843E-02    5.405066E-02   -3.593367E-03   -3.218449E-03    3.236874E-02 |    3.218449E-03
max(min|c_i|) =    3.218449E-03

2    5.333333E+01    8.000000E+01
  -3.038535E-03   -2.207413E-03    1.151900E-03   -4.001123E-04    1.001136E-04   -1.844631E-05   -2.013058E-05 |    1.844631E-05
  -6.604789E-02   -3.068404E-02    8.156573E-03   -7.061828E-04   -1.989196E-04    8.259092E-05   -2.981477E-03 |    8.259092E-05
   1.834790E-01   -8.528787E-03    2.262297E-02   -5.980075E-03    3.352936E-04    1.459066E-04    5.025015E-02 |    1.459066E-04
   3.236874E-02    1.041479E-01    9.038305E-03   -1.157249E-02    1.775443E-03    1.092383E-04   -1.572812E-01 |    1.092383E-04
max(min|c_i|) =    1.459066E-04

3    8.000000E+01    1.066667E+02
  -2.013058E-05   -1.562757E-05    9.052324E-06   -3.632277E-06    1.103540E-06   -2.682673E-07   -8.307480E-08 |    8.307480E-08
  -2.981477E-03   -1.788030E-03    7.374308E-04   -1.951750E-04    3.593528E-05   -4.591875E-06   -6.715284E-05 |    4.591875E-06
   5.025015E-02    1.830368E-02   -3.791428E-03    2.056876E-04    7.584122E-05   -2.167192E-05    4.377638E-03 |    2.167192E-05
  -1.572812E-01    1.753128E-03   -1.043080E-02    2.364052E-03   -1.212612E-04   -3.542029E-05   -5.236954E-02 |    3.542029E-05
max(min|c_i|) =    3.542029E-05

4    1.066667E+02    1.600000E+02
  -8.307480E-08   -8.383617E-08    7.397944E-08   -5.054028E-08    2.737211E-08   -1.302689E-08 |    1.302689E-08
  -6.715284E-05   -6.209236E-05    4.689058E-05   -2.586413E-05    1.105421E-05   -3.887667E-06 |    3.887667E-06
   4.377638E-03    3.509193E-03   -2.100427E-03    8.383562E-04   -2.426041E-04    4.951179E-05 |    4.951179E-05
  -5.236954E-02   -3.091340E-02    1.163113E-02   -1.606884E-03   -1.971640E-04    1.964047E-04 |    1.964047E-04
max(min|c_i|) =    1.964047E-04

----- EIGENVALUES -----
EIGENVALUE n=0 -3.104925560E-02
EIGENVALUE n=1 -1.988162218E-02
EIGENVALUE n=2 -1.381036520E-02
EIGENVALUE n=3 -1.014874324E-02

ALL_EIGENVALUES: | 1 | 29 |  -3.104925560E-02 | -1.988162218E-02 | -1.381036520E-02 | -1.014874324E-02 |

----- ELEMENTS TO SPLIT -----
0


========== ADAPTIVE STEP 2 ==========
Number of elements: 6
Degrees of freedom: 35
Domain: [0, 1.600000000E+02]

0    0.000000E+00    1.333333E+01
  -6.423081E-02    6.707220E-02    1.906987E-02   -1.386353E-02   -4.191750E-04   -2.460642E-01 |    4.191750E-04
   4.824768E-03   -7.993380E-02   -1.493501E-02    1.537317E-02    3.375825E-04    1.499550E-01 |    3.375825E-04
  -1.528371E-02   -7.267612E-02   -1.020271E-02    1.439100E-02    2.088411E-04    9.851360E-02 |    2.088411E-04
  -2.130963E-02   -6.281350E-02   -7.058981E-03    1.281321E-02    1.141618E-04    7.001621E-02 |    1.141618E-04
max(min|c_i|) =    4.191750E-04

1    1.333333E+01    2.666667E+01
  -2.460642E-01    7.184121E-02   -3.129470E-02    1.642011E-03    1.186545E-03   -3.000394E-04   -1.438560E-01 |    3.000394E-04
   1.499550E-01   -2.000486E-02    5.118445E-02   -5.914667E-03   -1.613989E-03    4.694802E-04   -1.628539E-01 |    4.694802E-04
   9.851360E-02    4.602377E-02    5.075837E-02   -9.567732E-03   -1.543654E-03    5.535279E-04   -1.288686E-01 |    5.535279E-04
   7.001621E-02    6.853834E-02    4.186285E-02   -1.122278E-02   -1.268499E-03    5.729016E-04   -8.784720E-02 |    5.729016E-04
max(min|c_i|) =    5.729016E-04

2    2.666667E+01    5.333333E+01
  -1.438560E-01   -7.675145E-02    2.066795E-02    5.909467E-04   -2.208885E-03    7.776498E-04   -3.020291E-03 |    5.909467E-04
  -1.628539E-01    1.079866E-01   -8.113358E-02    1.430861E-02    3.036013E-03   -1.878302E-03   -6.556164E-02 |    1.878302E-03
  -1.288686E-01   -5.978837E-02   -1.019701E-01    3.827558E-02    6.201122E-04   -2.794260E-03    1.833345E-01 |    6.201122E-04
  -8.784720E-02   -1.915747E-01   -6.079217E-02    5.412869E-02   -3.923023E-03   -3.154839E-03    3.029475E-02 |    3.154839E-03
max(min|c_i|) =    3.154839E-03

3    5.333333E+01    8.000000E+01
  -3.020291E-03   -2.194913E-03    1.145941E-03   -3.982965E-04    9.974136E-05   -1.839938E-05   -1.995742E-05 |    1.839938E-05
  -6.556164E-02   -3.052735E-02    8.147958E-03   -7.182146E-04   -1.944716E-04    8.185487E-05   -2.943186E-03 |    8.185487E-05
   1.833345E-01   -7.711077E-03    2.236226E-02   -5.982124E-03    3.513898E-04    1.422927E-04    4.967504E-02 |    1.422927E-04
   3.029475E-02    1.049072E-01    8.232593E-03   -1.146502E-02    1.802475E-03    9.968707E-05   -1.568469E-01 |    9.968707E-05
max(min|c_i|) =    1.422927E-04

4    8.000000E+01    1.066667E+02
  -1.995742E-05   -1.549689E-05    8.979703E-06   -3.604621E-06    1.095642E-06   -2.664863E-07   -8.216243E-08 |    8.216243E-08
  -2.943186E-03   -1.766925E-03    7.296924E-04   -1.934573E-04    3.570169E-05   -4.579079E-06   -6.598404E-05 |    4.579079E-06
   4.967504E-02    1.816801E-02   -3.789497E-03    2.138620E-04    7.365945E-05   -2.141478E-05    4.298151E-03 |    2.141478E-05
  -1.568469E-01    1.138184E-03   -1.026045E-02    2.362560E-03   -1.276036E-04   -3.421980E-05   -5.165582E-02 |    3.421980E-05
max(min|c_i|) =    3.421980E-05

5    1.066667E+02    1.600000E+02
  -8.216243E-08   -8.292263E-08    7.318491E-08   -5.000871E-08    2.709067E-08   -1.289710E-08 |    1.289710E-08
  -6.598404E-05   -6.103225E-05    4.611685E-05   -2.545737E-05    1.089015E-05   -3.834269E-06 |    3.834269E-06
   4.298151E-03    3.448984E-03   -2.067643E-03    8.271974E-04   -2.401010E-04    4.925488E-05 |    4.925488E-05
  -5.165582E-02   -3.060181E-02    1.158008E-02   -1.638363E-03   -1.810702E-04    1.921523E-04 |    1.810702E-04
max(min|c_i|) =    1.810702E-04

----- EIGENVALUES -----
EIGENVALUE n=0 -3.106792868E-02
EIGENVALUE n=1 -1.990668472E-02
EIGENVALUE n=2 -1.383479552E-02
EIGENVALUE n=3 -1.016990535E-02

ALL_EIGENVALUES: | 2 | 35 |  -3.106792868E-02 | -1.990668472E-02 | -1.383479552E-02 | -1.016990535E-02 |

----- ELEMENTS TO SPLIT -----
2


========== ADAPTIVE STEP 3 ==========
Number of elements: 7
Degrees of freedom: 41
Domain: [0, 1.600000000E+02]

0    0.000000E+00    1.333333E+01
  -6.423082E-02    6.707220E-02    1.906987E-02   -1.386353E-02   -4.191750E-04   -2.460643E-01 |    4.191750E-04
   4.824791E-03   -7.993386E-02   -1.493502E-02    1.537319E-02    3.375829E-04    1.499551E-01 |    3.375829E-04
   1.528372E-02    7.267636E-02    1.020275E-02   -1.439105E-02   -2.088420E-04   -9.851401E-02 |    2.088420E-04
   2.130975E-02    6.281401E-02    7.059049E-03   -1.281331E-02   -1.141632E-04   -7.001687E-02 |    1.141632E-04
max(min|c_i|) =    4.191750E-04

1    1.333333E+01    2.666667E+01
  -2.460643E-01    7.184121E-02   -3.129470E-02    1.642011E-03    1.186545E-03   -3.000394E-04   -1.438561E-01 |    3.000394E-04
   1.499551E-01   -2.000493E-02    5.118448E-02   -5.914668E-03   -1.613990E-03    4.694804E-04   -1.628540E-01 |    4.694804E-04
  -9.851401E-02   -4.602379E-02   -5.075855E-02    9.567752E-03    1.543659E-03   -5.535294E-04    1.288691E-01 |    5.535294E-04
  -7.001687E-02   -6.853871E-02   -4.186321E-02    1.122284E-02    1.268510E-03   -5.729055E-04    8.784808E-02 |    5.729055E-04
max(min|c_i|) =    5.729055E-04

2    2.666667E+01    4.000000E+01
  -1.438561E-01   -2.939652E-02    1.374740E-03    9.473947E-04   -2.384270E-04    2.467809E-05   -2.641310E-02 |    2.467809E-05
  -1.628540E-01    7.102165E-02   -1.401449E-02   -7.405151E-04    5.120589E-04   -6.133312E-05   -1.767144E-01 |    6.133312E-05
   1.288691E-01   -4.591805E-02    2.644579E-02   -9.044523E-04   -6.695051E-04    9.961928E-05   -7.320693E-02 |    9.961928E-05
   8.784808E-02    2.865493E-03    2.907644E-02   -2.810213E-03   -6.640995E-04    1.277967E-04   -1.016602E-01 |    1.277967E-04
max(min|c_i|) =    1.277967E-04

3    4.000000E+01    5.333333E+01
  -2.641310E-02   -8.919329E-03    1.989493E-03   -2.333594E-04    8.639938E-06    1.941089E-06   -3.020350E-03 |    1.941089E-06
  -1.767144E-01   -8.157987E-03   -3.862250E-03    9.827312E-04   -8.287114E-05   -1.916368E-06   -6.556150E-02 |    1.916368E-06
  -7.320693E-02    5.288475E-02   -1.223679E-03   -1.579642E-03    2.188891E-04   -3.416633E-06   -1.833341E-01 |    3.416633E-06
  -1.016602E-01    6.078588E-02   -1.023988E-02   -1.359157E-03    3.479735E-04   -1.369898E-05   -3.029219E-02 |    1.369898E-05
max(min|c_i|) =    1.369898E-05

4    5.333333E+01    8.000000E+01
  -3.020350E-03   -2.194955E-03    1.145963E-03   -3.983042E-04    9.974329E-05   -1.839974E-05   -1.995780E-05 |    1.839974E-05
  -6.556150E-02   -3.052730E-02    8.147951E-03   -7.182164E-04   -1.944706E-04    8.185467E-05   -2.943177E-03 |    8.185467E-05
  -1.833341E-01    7.710607E-03   -2.236208E-02    5.982117E-03   -3.513984E-04   -1.422905E-04   -4.967465E-02 |    1.422905E-04
  -3.029219E-02   -1.049078E-01   -8.231613E-03    1.146486E-02   -1.802502E-03   -9.967544E-05    1.568460E-01 |    9.967544E-05
max(min|c_i|) =    1.422905E-04

5    8.000000E+01    1.066667E+02
  -1.995780E-05   -1.549719E-05    8.979875E-06   -3.604690E-06    1.095663E-06   -2.664914E-07   -8.216400E-08 |    8.216400E-08
  -2.943177E-03   -1.766919E-03    7.296904E-04   -1.934568E-04    3.570162E-05   -4.579074E-06   -6.598377E-05 |    4.579074E-06
  -4.967465E-02   -1.816791E-02    3.789491E-03   -2.138663E-04   -7.365812E-05    2.141461E-05   -4.298101E-03 |    2.141461E-05
   1.568460E-01   -1.137453E-03    1.026022E-02   -2.362552E-03    1.276107E-04    3.421828E-05    5.165483E-02 |    3.421828E-05
max(min|c_i|) =    3.421828E-05

6    1.066667E+02    1.600000E+02
  -8.216400E-08   -8.292421E-08    7.318630E-08   -5.000967E-08    2.709118E-08   -1.289734E-08 |    1.289734E-08
  -6.598377E-05   -6.103201E-05    4.611667E-05   -2.545727E-05    1.089011E-05   -3.834256E-06 |    3.834256E-06
  -4.298101E-03   -3.448945E-03    2.067622E-03   -8.271900E-04    2.400993E-04   -4.925467E-05 |    4.925467E-05
   5.165483E-02    3.060135E-02   -1.157999E-02    1.638395E-03    1.810507E-04   -1.921468E-04 |    1.810507E-04
max(min|c_i|) =    1.810507E-04

----- EIGENVALUES -----
EIGENVALUE n=0 -3.106792941E-02
EIGENVALUE n=1 -1.990668951E-02
EIGENVALUE n=2 -1.383480933E-02
EIGENVALUE n=3 -1.016993061E-02

ALL_EIGENVALUES: | 3 | 41 |  -3.106792941E-02 | -1.990668951E-02 | -1.383480933E-02 | -1.016993061E-02 |

----- ELEMENTS TO SPLIT -----
0
1


========== ADAPTIVE STEP 4 ==========
Number of elements: 9
Degrees of freedom: 53
Domain: [0, 1.600000000E+02]

0    0.000000E+00    6.666667E+00
   4.493379E-02    5.073934E-03   -4.685517E-03   -1.988917E-04    4.079272E-04    7.942422E-02 |    1.988917E-04
  -3.769659E-02   -2.613076E-03    4.830505E-03    1.606954E-04   -4.038369E-04   -6.874236E-02 |    1.606954E-04
   3.039029E-02    1.316943E-03   -4.317773E-03   -1.183882E-04    3.572164E-04    5.644050E-02 |    1.183882E-04
   2.480631E-02    6.643194E-04   -3.742109E-03   -8.845985E-05    3.086189E-04    4.660357E-02 |    8.845985E-05
max(min|c_i|) =    1.988917E-04

1    6.666667E+00    1.333333E+01
   7.942422E-02   -2.330324E-02   -9.360156E-03    1.622491E-03    6.102081E-05   -3.657152E-05    2.460696E-01 |    3.657152E-05
  -6.874236E-02    4.335073E-02    8.781715E-03   -2.178843E-03   -5.735989E-05    4.430642E-05   -1.499490E-01 |    4.430642E-05
   5.644050E-02   -4.339723E-02   -6.560298E-03    2.247783E-03    3.921942E-05   -4.402274E-05    9.850015E-02 |    3.921942E-05
   4.660357E-02   -3.905822E-02   -4.859044E-03    2.103817E-03    2.344702E-05   -4.080501E-05    6.999972E-02 |    2.344702E-05
max(min|c_i|) =    4.430642E-05

2    1.333333E+01    2.000000E+01
   2.460696E-01   -3.375965E-02    3.991488E-03    3.227489E-04   -9.111666E-05    6.012441E-06    2.385164E-01 |    6.012441E-06
  -1.499490E-01    3.172446E-02   -7.860545E-03   -2.339243E-04    1.326858E-04   -8.663376E-06   -4.317597E-03 |    8.663376E-06
   9.850015E-02   -1.605979E-02    9.178524E-03    2.395854E-05   -1.445139E-04    9.993553E-06   -4.571290E-02 |    9.993553E-06
   6.999972E-02   -6.570255E-03    8.791766E-03   -1.392746E-04   -1.393994E-04    1.036375E-05   -5.362405E-02 |    1.036375E-05
max(min|c_i|) =    1.036375E-05

3    2.000000E+01    2.666667E+01
   2.385164E-01   -3.205107E-03    2.846830E-03   -2.810067E-04    4.253365E-07    2.085972E-06    1.438455E-01 |    4.253365E-07
  -4.317597E-03   -1.817748E-02   -3.595029E-03    5.868102E-04   -9.722513E-06   -3.496236E-06    1.628729E-01 |    3.496236E-06
  -4.571290E-02    3.340927E-02    2.230547E-03   -7.643271E-04    2.302235E-05    4.123558E-06   -1.288684E-01 |    4.123558E-06
  -5.362405E-02    3.422195E-02    6.242044E-04   -7.920292E-04    3.381930E-05    4.140390E-06   -8.783498E-02 |    4.140390E-06
max(min|c_i|) =    4.140390E-06

4    2.666667E+01    4.000000E+01
   1.438455E-01    2.939630E-02   -1.375355E-03   -9.472250E-04    2.384103E-04   -2.467883E-05    2.640980E-02 |    2.467883E-05
   1.628729E-01   -7.101391E-02    1.401605E-02    7.397975E-04   -5.119889E-04    6.133825E-05    1.767015E-01 |    6.133825E-05
  -1.288684E-01    4.589499E-02   -2.644641E-02    9.058850E-04    6.693366E-04   -9.962926E-05    7.324012E-02 |    9.962926E-05
  -8.783498E-02   -2.898195E-03   -2.907407E-02    2.812103E-03    6.638156E-04   -1.278083E-04    1.016775E-01 |    1.278083E-04
max(min|c_i|) =    1.278083E-04

5    4.000000E+01    5.333333E+01
   2.640980E-02    8.918454E-03   -1.989360E-03    2.333579E-04   -8.642688E-06   -1.940562E-06    3.019845E-03 |    1.940562E-06
   1.767015E-01    8.161679E-03    3.861125E-03   -9.826500E-04    8.288291E-05    1.913387E-06    6.555105E-02 |    1.913387E-06
   7.324012E-02   -5.288597E-02    1.226584E-03    1.579268E-03   -2.189054E-04    3.424227E-06    1.833326E-01 |    3.424227E-06
   1.016775E-01   -6.077569E-02    1.024358E-02    1.358331E-03   -3.479737E-04    1.371161E-05    3.025717E-02 |    1.371161E-05
max(min|c_i|) =    1.371161E-05

6    5.333333E+01    8.000000E+01
   3.019845E-03    2.194610E-03   -1.145799E-03    3.982543E-04   -9.973313E-05    1.839848E-05    1.995299E-05 |    1.839848E-05
   6.555105E-02    3.052399E-02   -8.147809E-03    7.184901E-04    1.943722E-04   -8.183868E-05    2.942341E-03 |    8.183868E-05
   1.833326E-01   -7.695187E-03    2.235727E-02   -5.982186E-03    3.517044E-04    1.422228E-04    4.966411E-02 |    1.422228E-04
   3.025717E-02    1.049210E-01    8.218061E-03   -1.146308E-02    1.802961E-03    9.951478E-05   -1.568394E-01 |    9.951478E-05
max(min|c_i|) =    1.422228E-04

7    8.000000E+01    1.066667E+02
   1.995299E-05    1.549356E-05   -8.977859E-06    3.603923E-06   -1.095445E-06    2.664421E-07    8.213860E-08 |    8.213860E-08
   2.942341E-03    1.766459E-03   -7.295222E-04    1.934196E-04   -3.569661E-05    4.578815E-06    6.595816E-05 |    4.578815E-06
   4.966411E-02    1.816545E-02   -3.789475E-03    2.140215E-04    7.361734E-05   -2.140986E-05    4.296633E-03 |    2.140986E-05
  -1.568394E-01    1.127122E-03   -1.025739E-02    2.362533E-03   -1.277176E-04   -3.419819E-05   -5.164311E-02 |    3.419819E-05
max(min|c_i|) =    3.419819E-05

8    1.066667E+02    1.600000E+02
   8.213860E-08    8.289878E-08   -7.316419E-08    4.999487E-08   -2.708335E-08    1.289373E-08 |    1.289373E-08
   6.595816E-05    6.100878E-05   -4.609972E-05    2.544837E-05   -1.088652E-05    3.833089E-06 |    3.833089E-06
   4.296633E-03    3.447833E-03   -2.067017E-03    8.269846E-04   -2.400535E-04    4.925008E-05 |    4.925008E-05
  -5.164311E-02   -3.059626E-02    1.157918E-02   -1.638927E-03   -1.807817E-04    1.920761E-04 |    1.807817E-04
max(min|c_i|) =    1.807817E-04

----- EIGENVALUES -----
EIGENVALUE n=0 -3.106845847E-02
EIGENVALUE n=1 -1.990725400E-02
EIGENVALUE n=2 -1.383527436E-02
EIGENVALUE n=3 -1.017028927E-02

ALL_EIGENVALUES: | 4 | 53 |  -3.106845847E-02 | -1.990725400E-02 | -1.383527436E-02 | -1.017028927E-02 |

----- ELEMENTS TO SPLIT -----
0
6
8


========== ADAPTIVE STEP 5 ==========
Number of elements: 12
Degrees of freedom: 71
Domain: [0, 1.600000000E+02]

0    0.000000E+00    3.333333E+00
   7.357922E-03    2.266672E-03   -7.682772E-05   -9.457594E-05    1.706946E-05    1.104960E-02 |    1.706946E-05
  -6.702266E-03   -2.027399E-03    9.670574E-05    9.115807E-05   -1.610558E-05   -1.010665E-02 |    1.610558E-05
  -5.660659E-03   -1.694941E-03    9.408490E-05    7.927565E-05   -1.387975E-05   -8.555407E-03 |    1.387975E-05
   4.755313E-03    1.414976E-03   -8.536663E-05   -6.774990E-05    1.180657E-05    7.197036E-03 |    1.180657E-05
max(min|c_i|) =    1.706946E-05

1    3.333333E+00    6.666667E+00
   1.104960E-02    1.230089E-02   -1.119395E-03   -2.184236E-04    2.465064E-05    1.264591E-07    7.942434E-02 |    1.264591E-07
  -1.010665E-02   -9.254875E-03    1.465585E-03    2.172328E-04   -2.663112E-05   -2.260917E-07   -6.874249E-02 |    2.260917E-07
  -8.555407E-03   -6.950777E-03    1.427512E-03    1.881460E-04   -2.478985E-05   -2.400892E-07   -5.644062E-02 |    2.400892E-07
   7.197036E-03    5.408610E-03   -1.291114E-03   -1.593961E-04    2.208796E-05    2.245698E-07    4.660367E-02 |    2.245698E-07
max(min|c_i|) =    2.400892E-07

2    6.666667E+00    1.333333E+01
   7.942434E-02   -2.330324E-02   -9.360158E-03    1.622493E-03    6.102017E-05   -3.657139E-05    2.460696E-01 |    3.657139E-05
  -6.874249E-02    4.335075E-02    8.781712E-03   -2.178845E-03   -5.735911E-05    4.430629E-05   -1.499490E-01 |    4.430629E-05
  -5.644062E-02    4.339725E-02    6.560291E-03   -2.247785E-03   -3.921861E-05    4.402262E-05   -9.850010E-02 |    3.921861E-05
   4.660367E-02   -3.905823E-02   -4.859035E-03    2.103819E-03    2.344625E-05   -4.080490E-05    6.999966E-02 |    2.344625E-05
max(min|c_i|) =    4.430629E-05

3    1.333333E+01    2.000000E+01
   2.460696E-01   -3.375963E-02    3.991489E-03    3.227485E-04   -9.111664E-05    6.012445E-06    2.385164E-01 |    6.012445E-06
  -1.499490E-01    3.172443E-02   -7.860547E-03   -2.339234E-04    1.326857E-04   -8.663385E-06   -4.317478E-03 |    8.663385E-06
  -9.850010E-02    1.605974E-02   -9.178526E-03   -2.395719E-05    1.445138E-04   -9.993565E-06    4.571301E-02 |    9.993565E-06
   6.999966E-02   -6.570205E-03    8.791765E-03   -1.392761E-04   -1.393993E-04    1.036377E-05   -5.362413E-02 |    1.036377E-05
max(min|c_i|) =    1.036377E-05

4    2.000000E+01    2.666667E+01
   2.385164E-01   -3.205098E-03    2.846829E-03   -2.810068E-04    4.253508E-07    2.085971E-06    1.438455E-01 |    4.253508E-07
  -4.317478E-03   -1.817750E-02   -3.595025E-03    5.868103E-04   -9.722557E-06   -3.496233E-06    1.628730E-01 |    3.496233E-06
   4.571301E-02   -3.340929E-02   -2.230541E-03    7.643271E-04   -2.302242E-05   -4.123553E-06    1.288684E-01 |    4.123553E-06
  -5.362413E-02    3.422195E-02    6.241968E-04   -7.920289E-04    3.381938E-05    4.140383E-06   -8.783493E-02 |    4.140383E-06
max(min|c_i|) =    4.140383E-06

5    2.666667E+01    4.000000E+01
   1.438455E-01    2.939630E-02   -1.375358E-03   -9.472242E-04    2.384102E-04   -2.467884E-05    2.640979E-02 |    2.467884E-05
   1.628730E-01   -7.101388E-02    1.401605E-02    7.397947E-04   -5.119887E-04    6.133827E-05    1.767014E-01 |    6.133827E-05
   1.288684E-01   -4.589491E-02    2.644641E-02   -9.058899E-04   -6.693360E-04    9.962929E-05   -7.324023E-02 |    9.962929E-05
  -8.783493E-02   -2.898298E-03   -2.907406E-02    2.812109E-03    6.638146E-04   -1.278083E-04    1.016775E-01 |    1.278083E-04
max(min|c_i|) =    1.278083E-04

6    4.000000E+01    5.333333E+01
   2.640979E-02    8.918450E-03   -1.989360E-03    2.333579E-04   -8.642699E-06   -1.940559E-06    3.019844E-03 |    1.940559E-06
   1.767014E-01    8.161694E-03    3.861120E-03   -9.826497E-04    8.288296E-05    1.913376E-06    6.555101E-02 |    1.913376E-06
  -7.324023E-02    5.288598E-02   -1.226594E-03   -1.579267E-03    2.189054E-04   -3.424253E-06   -1.833326E-01 |    3.424253E-06
   1.016775E-01   -6.077565E-02    1.024359E-02    1.358328E-03   -3.479736E-04    1.371165E-05    3.025706E-02 |    1.371165E-05
max(min|c_i|) =    1.371165E-05

7    5.333333E+01    6.666667E+01
   3.019844E-03    1.203450E-03   -3.340005E-04    5.793374E-05   -6.843552E-06    5.407738E-07    2.664310E-04 |    5.407738E-07
   6.555101E-02    1.181622E-02   -1.196011E-03   -4.136625E-05    2.425771E-05   -2.958862E-06    1.573453E-02 |    2.958862E-06
  -1.833326E-01    1.444587E-02   -5.145633E-03    3.910002E-04    2.609800E-05   -6.964828E-06   -1.197912E-01 |    6.964828E-06
   3.025706E-02    1.915035E-02    6.024649E-03   -1.102900E-03    1.434518E-05    1.021545E-05   -1.302363E-01 |    1.021545E-05
max(min|c_i|) =    1.021545E-05

8    6.666667E+01    8.000000E+01
   2.664310E-04    1.154100E-04   -3.526811E-05    6.980880E-06   -9.992278E-07    1.086946E-07    1.995141E-05 |    1.086946E-07
   1.573453E-02    3.886429E-03   -6.832711E-04    6.391131E-05   -2.215357E-06   -2.463757E-07    2.942340E-03 |    2.463757E-07
  -1.197912E-01   -7.121488E-03   -7.534850E-04    2.400240E-04   -2.142439E-05    4.079207E-07   -4.966407E-02 |    4.079207E-07
  -1.302363E-01    2.671027E-02   -2.431908E-03   -2.487371E-04    5.218767E-05   -2.651363E-06   -1.568394E-01 |    2.651363E-06
max(min|c_i|) =    2.651363E-06

9    8.000000E+01    1.066667E+02
   1.995141E-05    1.549237E-05   -8.977123E-06    3.603646E-06   -1.095355E-06    2.664219E-07    8.217838E-08 |    8.217838E-08
   2.942340E-03    1.766461E-03   -7.295212E-04    1.934199E-04   -3.569655E-05    4.578832E-06    6.596117E-05 |    4.578832E-06
  -4.966407E-02   -1.816544E-02    3.789474E-03   -2.140221E-04   -7.361721E-05    2.140984E-05   -4.296629E-03 |    2.140984E-05
  -1.568394E-01    1.127082E-03   -1.025738E-02    2.362533E-03   -1.277180E-04   -3.419812E-05   -5.164308E-02 |    3.419812E-05
max(min|c_i|) =    3.419812E-05

10    1.066667E+02    1.333333E+02
   8.217838E-08    6.566492E-08   -3.974875E-08    1.687811E-08   -5.487952E-09    1.448792E-09    2.613720E-10 |    2.613720E-10
   6.596117E-05    4.307179E-05   -1.999560E-05    6.222052E-06   -1.434831E-06    2.585859E-07    1.032615E-06 |    2.585859E-07
  -4.296629E-03   -2.064980E-03    6.693920E-04   -1.336255E-04    1.745436E-05   -1.336103E-06   -2.231378E-04 |    1.336103E-06
  -5.164308E-02   -1.377544E-02    1.964427E-03    3.540099E-05   -5.389014E-05    9.057469E-06   -7.496035E-03 |    9.057469E-06
max(min|c_i|) =    9.057469E-06

11    1.333333E+02    1.600000E+02
   2.613720E-10    2.116282E-10   -1.319497E-10    5.742864E-11   -1.944802E-11    5.316414E-12 |    5.316414E-12
   1.032615E-06    6.943964E-07   -3.500008E-07    1.138109E-07   -2.944316E-08    5.722145E-09 |    5.722145E-09
  -2.231378E-04   -1.149705E-04    4.647843E-05   -1.029337E-05    2.012163E-06   -2.340870E-07 |    2.340870E-07
  -7.496035E-03   -2.529016E-03    7.949532E-04   -8.245191E-05    1.128413E-05    3.718360E-07 |    3.718360E-07
max(min|c_i|) =    3.718360E-07

----- EIGENVALUES -----
EIGENVALUE n=0 -3.106846094E-02
EIGENVALUE n=1 -1.990725618E-02
EIGENVALUE n=2 -1.383527603E-02
EIGENVALUE n=3 -1.017029065E-02

ALL_EIGENVALUES: | 5 | 71 |  -3.106846094E-02 | -1.990725618E-02 | -1.383527603E-02 | -1.017029065E-02 |

----- ELEMENTS TO SPLIT -----
2
5


========== ADAPTIVE STEP 6 ==========
Number of elements: 14
Degrees of freedom: 83
Domain: [0, 1.600000000E+02]

0    0.000000E+00    3.333333E+00
  -7.357922E-03   -2.266672E-03    7.682772E-05    9.457594E-05   -1.706946E-05   -1.104960E-02 |    1.706946E-05
  -6.702266E-03   -2.027399E-03    9.670574E-05    9.115807E-05   -1.610558E-05   -1.010665E-02 |    1.610558E-05
   5.660659E-03    1.694941E-03   -9.408489E-05   -7.927565E-05    1.387975E-05    8.555407E-03 |    1.387975E-05
  -4.755313E-03   -1.414976E-03    8.536663E-05    6.774990E-05   -1.180657E-05   -7.197036E-03 |    1.180657E-05
max(min|c_i|) =    1.706946E-05

1    3.333333E+00    6.666667E+00
  -1.104960E-02   -1.230089E-02    1.119395E-03    2.184236E-04   -2.465064E-05   -1.264591E-07   -7.942434E-02 |    1.264591E-07
  -1.010665E-02   -9.254875E-03    1.465585E-03    2.172328E-04   -2.663112E-05   -2.260917E-07   -6.874249E-02 |    2.260917E-07
   8.555407E-03    6.950777E-03   -1.427512E-03   -1.881460E-04    2.478985E-05    2.400892E-07    5.644062E-02 |    2.400892E-07
  -7.197036E-03   -5.408610E-03    1.291114E-03    1.593961E-04   -2.208796E-05   -2.245698E-07   -4.660367E-02 |    2.245698E-07
max(min|c_i|) =    2.400892E-07

2    6.666667E+00    1.000000E+01
  -7.942434E-02    8.166676E-04    1.740842E-03   -7.011166E-05   -8.873652E-06    9.223816E-07   -1.774020E-01 |    9.223816E-07
  -6.874249E-02    5.948255E-03    1.874949E-03   -1.025082E-04   -1.004901E-05    1.055026E-06   -1.364085E-01 |    1.055026E-06
   5.644062E-02   -7.017575E-03   -1.630356E-03    1.114970E-04    9.350226E-06   -1.020858E-06    1.045777E-01 |    1.020858E-06
  -4.660367E-02    6.799936E-03    1.371383E-03   -1.078413E-04   -8.230333E-06    9.341594E-07   -8.271782E-02 |    9.341594E-07
max(min|c_i|) =    1.055026E-06

3    1.000000E+01    1.333333E+01
  -1.774020E-01    9.892442E-03    5.494539E-04   -1.026209E-04    2.541799E-06    2.466692E-07   -2.460696E-01 |    2.466692E-07
  -1.364085E-01    1.446312E-02    2.739421E-04   -1.334002E-04    3.722333E-06    3.230089E-07   -1.499490E-01 |    3.230089E-07
   1.045777E-01   -1.337765E-02    2.168829E-05    1.332589E-04   -4.304390E-06   -3.297053E-07    9.850010E-02 |    3.297053E-07
  -8.271782E-02    1.150940E-02   -1.749384E-04   -1.215644E-04    4.411277E-06    3.079259E-07   -6.999966E-02 |    3.079259E-07
max(min|c_i|) =    3.297053E-07

4    1.333333E+01    2.000000E+01
  -2.460696E-01    3.375963E-02   -3.991489E-03   -3.227485E-04    9.111664E-05   -6.012445E-06   -2.385164E-01 |    6.012445E-06
  -1.499490E-01    3.172443E-02   -7.860547E-03   -2.339234E-04    1.326857E-04   -8.663385E-06   -4.317477E-03 |    8.663385E-06
   9.850010E-02   -1.605974E-02    9.178526E-03    2.395719E-05   -1.445138E-04    9.993565E-06   -4.571301E-02 |    9.993565E-06
  -6.999966E-02    6.570204E-03   -8.791765E-03    1.392761E-04    1.393993E-04   -1.036377E-05    5.362414E-02 |    1.036377E-05
max(min|c_i|) =    1.036377E-05

5    2.000000E+01    2.666667E+01
  -2.385164E-01    3.205098E-03   -2.846829E-03    2.810068E-04   -4.253509E-07   -2.085971E-06   -1.438455E-01 |    4.253509E-07
  -4.317477E-03   -1.817750E-02   -3.595025E-03    5.868103E-04   -9.722557E-06   -3.496233E-06    1.628730E-01 |    3.496233E-06
  -4.571301E-02    3.340929E-02    2.230541E-03   -7.643271E-04    2.302242E-05    4.123553E-06   -1.288684E-01 |    4.123553E-06
   5.362414E-02   -3.422195E-02   -6.241968E-04    7.920289E-04   -3.381938E-05   -4.140383E-06    8.783493E-02 |    4.140383E-06
max(min|c_i|) =    4.140383E-06

6    2.666667E+01    3.333333E+01
  -1.438455E-01   -7.773888E-03   -2.811265E-04    1.285821E-04   -1.124423E-05    3.103030E-07   -6.690828E-02 |    3.103030E-07
   1.628730E-01   -2.439357E-02    1.256744E-03    1.987047E-04   -2.547984E-05    8.060580E-07    2.134381E-01 |    8.060580E-07
  -1.288684E-01    2.462689E-02   -3.348788E-03   -1.509480E-04    3.656153E-05   -1.402660E-06   -5.569231E-02 |    1.402660E-06
   8.783493E-02   -1.425107E-02    4.381380E-03    4.245903E-05   -4.116635E-05    1.916003E-06   -9.372633E-03 |    1.916003E-06
max(min|c_i|) =    1.916003E-06

7    3.333333E+01    4.000000E+01
  -6.690828E-02   -6.390612E-03    4.251526E-04    1.014752E-05   -3.803003E-06    3.036515E-07   -2.640979E-02 |    3.036515E-07
   2.134381E-01   -1.071180E-02    1.818223E-03   -5.571197E-05   -6.931546E-06    7.580842E-07    1.767014E-01 |    7.580842E-07
  -5.569231E-02   -1.124477E-03   -2.702224E-03    1.821351E-04    6.352368E-06   -1.194237E-06    7.324023E-02 |    1.194237E-06
  -9.372633E-03    1.404317E-02    2.331729E-03   -2.887219E-04   -2.343760E-06    1.462309E-06   -1.016775E-01 |    1.462309E-06
max(min|c_i|) =    1.462309E-06

8    4.000000E+01    5.333333E+01
  -2.640979E-02   -8.918450E-03    1.989360E-03   -2.333579E-04    8.642700E-06    1.940559E-06   -3.019844E-03 |    1.940559E-06
   1.767014E-01    8.161694E-03    3.861120E-03   -9.826497E-04    8.288296E-05    1.913376E-06    6.555101E-02 |    1.913376E-06
   7.324023E-02   -5.288598E-02    1.226594E-03    1.579267E-03   -2.189054E-04    3.424253E-06    1.833326E-01 |    3.424253E-06
  -1.016775E-01    6.077565E-02   -1.024359E-02   -1.358328E-03    3.479736E-04   -1.371165E-05   -3.025706E-02 |    1.371165E-05
max(min|c_i|) =    1.371165E-05

9    5.333333E+01    6.666667E+01
  -3.019844E-03   -1.203450E-03    3.340005E-04   -5.793374E-05    6.843552E-06   -5.407738E-07   -2.664310E-04 |    5.407738E-07
   6.555101E-02    1.181622E-02   -1.196011E-03   -4.136625E-05    2.425771E-05   -2.958862E-06    1.573453E-02 |    2.958862E-06
   1.833326E-01   -1.444587E-02    5.145633E-03   -3.910002E-04   -2.609800E-05    6.964828E-06    1.197912E-01 |    6.964828E-06
  -3.025706E-02   -1.915035E-02   -6.024649E-03    1.102900E-03   -1.434518E-05   -1.021545E-05    1.302363E-01 |    1.021545E-05
max(min|c_i|) =    1.021545E-05

10    6.666667E+01    8.000000E+01
  -2.664310E-04   -1.154100E-04    3.526811E-05   -6.980880E-06    9.992278E-07   -1.086946E-07   -1.995141E-05 |    1.086946E-07
   1.573453E-02    3.886429E-03   -6.832711E-04    6.391131E-05   -2.215357E-06   -2.463757E-07    2.942340E-03 |    2.463757E-07
   1.197912E-01    7.121488E-03    7.534850E-04   -2.400240E-04    2.142439E-05   -4.079207E-07    4.966407E-02 |    4.079207E-07
   1.302363E-01   -2.671027E-02    2.431908E-03    2.487371E-04   -5.218767E-05    2.651363E-06    1.568394E-01 |    2.651363E-06
max(min|c_i|) =    2.651363E-06

11    8.000000E+01    1.066667E+02
  -1.995141E-05   -1.549237E-05    8.977123E-06   -3.603646E-06    1.095355E-06   -2.664219E-07   -8.217838E-08 |    8.217838E-08
   2.942340E-03    1.766461E-03   -7.295212E-04    1.934199E-04   -3.569655E-05    4.578832E-06    6.596117E-05 |    4.578832E-06
   4.966407E-02    1.816544E-02   -3.789474E-03    2.140222E-04    7.361721E-05   -2.140984E-05    4.296629E-03 |    2.140984E-05
   1.568394E-01   -1.127082E-03    1.025738E-02   -2.362533E-03    1.277180E-04    3.419812E-05    5.164308E-02 |    3.419812E-05
max(min|c_i|) =    3.419812E-05

12    1.066667E+02    1.333333E+02
  -8.217838E-08   -6.566492E-08    3.974875E-08   -1.687811E-08    5.487952E-09   -1.448792E-09   -2.613720E-10 |    2.613720E-10
   6.596117E-05    4.307179E-05   -1.999560E-05    6.222052E-06   -1.434831E-06    2.585859E-07    1.032615E-06 |    2.585859E-07
   4.296629E-03    2.064980E-03   -6.693920E-04    1.336255E-04   -1.745436E-05    1.336103E-06    2.231378E-04 |    1.336103E-06
   5.164308E-02    1.377544E-02   -1.964427E-03   -3.540099E-05    5.389014E-05   -9.057469E-06    7.496035E-03 |    9.057469E-06
max(min|c_i|) =    9.057469E-06

13    1.333333E+02    1.600000E+02
  -2.613720E-10   -2.116282E-10    1.319497E-10   -5.742864E-11    1.944801E-11   -5.316447E-12 |    5.316447E-12
   1.032615E-06    6.943964E-07   -3.500008E-07    1.138109E-07   -2.944316E-08    5.722145E-09 |    5.722145E-09
   2.231378E-04    1.149705E-04   -4.647843E-05    1.029337E-05   -2.012163E-06    2.340870E-07 |    2.340870E-07
   7.496035E-03    2.529016E-03   -7.949532E-04    8.245191E-05   -1.128413E-05   -3.718360E-07 |    3.718360E-07
max(min|c_i|) =    3.718360E-07

----- EIGENVALUES -----
EIGENVALUE n=0 -3.106846094E-02
EIGENVALUE n=1 -1.990725618E-02
EIGENVALUE n=2 -1.383527603E-02
EIGENVALUE n=3 -1.017029065E-02

ALL_EIGENVALUES: | 6 | 83 |  -3.106846094E-02 | -1.990725618E-02 | -1.383527603E-02 | -1.017029065E-02 |

----- DOMAIN EXPANDED -----
RMAX BEFORE:  1.600000000E+02
RMAX AFTER:  1.760000000E+02


========== ADAPTIVE STEP 7 ==========
Number of elements: 15
Degrees of freedom: 89
Domain: [0, 1.760000000E+02]

0    0.000000E+00    3.333333E+00
   7.357922E-03    2.266672E-03   -7.682772E-05   -9.457594E-05    1.706946E-05    1.104960E-02 |    1.706946E-05
  -6.702266E-03   -2.027399E-03    9.670574E-05    9.115807E-05   -1.610558E-05   -1.010665E-02 |    1.610558E-05
   5.660659E-03    1.694941E-03   -9.408489E-05   -7.927565E-05    1.387975E-05    8.555407E-03 |    1.387975E-05
   4.755048E-03    1.414897E-03   -8.536179E-05   -6.774611E-05    1.180591E-05    7.196634E-03 |    1.180591E-05
max(min|c_i|) =    1.706946E-05

1    3.333333E+00    6.666667E+00
   1.104960E-02    1.230089E-02   -1.119395E-03   -2.184236E-04    2.465064E-05    1.264591E-07    7.942434E-02 |    1.264591E-07
  -1.010665E-02   -9.254875E-03    1.465585E-03    2.172328E-04   -2.663112E-05   -2.260917E-07   -6.874249E-02 |    2.260917E-07
   8.555407E-03    6.950777E-03   -1.427512E-03   -1.881460E-04    2.478985E-05    2.400892E-07    5.644062E-02 |    2.400892E-07
   7.196634E-03    5.408314E-03   -1.291041E-03   -1.593872E-04    2.208672E-05    2.245570E-07    4.660108E-02 |    2.245570E-07
max(min|c_i|) =    2.400892E-07

2    6.666667E+00    1.000000E+01
   7.942434E-02   -8.166676E-04   -1.740842E-03    7.011166E-05    8.873652E-06   -9.223816E-07    1.774020E-01 |    9.223816E-07
  -6.874249E-02    5.948255E-03    1.874949E-03   -1.025082E-04   -1.004901E-05    1.055026E-06   -1.364085E-01 |    1.055026E-06
   5.644062E-02   -7.017575E-03   -1.630356E-03    1.114970E-04    9.350226E-06   -1.020858E-06    1.045777E-01 |    1.020858E-06
   4.660108E-02   -6.799546E-03   -1.371307E-03    1.078351E-04    8.229869E-06   -9.341062E-07    8.271327E-02 |    9.341062E-07
max(min|c_i|) =    1.055026E-06

3    1.000000E+01    1.333333E+01
   1.774020E-01   -9.892442E-03   -5.494539E-04    1.026209E-04   -2.541799E-06   -2.466693E-07    2.460696E-01 |    2.466693E-07
  -1.364085E-01    1.446312E-02    2.739421E-04   -1.334002E-04    3.722333E-06    3.230089E-07   -1.499490E-01 |    3.230089E-07
   1.045777E-01   -1.337765E-02    2.168829E-05    1.332589E-04   -4.304390E-06   -3.297053E-07    9.850010E-02 |    3.297053E-07
   8.271327E-02   -1.150876E-02    1.749266E-04    1.215575E-04   -4.411020E-06   -3.079084E-07    6.999591E-02 |    3.079084E-07
max(min|c_i|) =    3.297053E-07

4    1.333333E+01    2.000000E+01
   2.460696E-01   -3.375963E-02    3.991489E-03    3.227485E-04   -9.111664E-05    6.012445E-06    2.385164E-01 |    6.012445E-06
  -1.499490E-01    3.172443E-02   -7.860547E-03   -2.339234E-04    1.326857E-04   -8.663385E-06   -4.317477E-03 |    8.663385E-06
   9.850010E-02   -1.605974E-02    9.178526E-03    2.395719E-05   -1.445138E-04    9.993565E-06   -4.571301E-02 |    9.993565E-06
   6.999591E-02   -6.569930E-03    8.791263E-03   -1.392660E-04   -1.393913E-04    1.036316E-05   -5.362099E-02 |    1.036316E-05
max(min|c_i|) =    1.036316E-05

5    2.000000E+01    2.666667E+01
   2.385164E-01   -3.205098E-03    2.846829E-03   -2.810068E-04    4.253509E-07    2.085971E-06    1.438455E-01 |    4.253509E-07
  -4.317477E-03   -1.817750E-02   -3.595025E-03    5.868103E-04   -9.722557E-06   -3.496233E-06    1.628730E-01 |    3.496233E-06
  -4.571301E-02    3.340929E-02    2.230541E-03   -7.643271E-04    2.302242E-05    4.123553E-06   -1.288684E-01 |    4.123553E-06
  -5.362099E-02    3.421999E-02    6.241815E-04   -7.919830E-04    3.381726E-05    4.140144E-06   -8.783034E-02 |    4.140144E-06
max(min|c_i|) =    4.140144E-06

6    2.666667E+01    3.333333E+01
   1.438455E-01    7.773888E-03    2.811265E-04   -1.285821E-04    1.124423E-05   -3.103030E-07    6.690828E-02 |    3.103030E-07
   1.628730E-01   -2.439357E-02    1.256744E-03    1.987047E-04   -2.547984E-05    8.060580E-07    2.134381E-01 |    8.060580E-07
  -1.288684E-01    2.462689E-02   -3.348788E-03   -1.509480E-04    3.656153E-05   -1.402660E-06   -5.569231E-02 |    1.402660E-06
  -8.783034E-02    1.425039E-02   -4.381117E-03   -4.245831E-05    4.116392E-05   -1.915884E-06    9.371493E-03 |    1.915884E-06
max(min|c_i|) =    1.915884E-06

7    3.333333E+01    4.000000E+01
   6.690828E-02    6.390612E-03   -4.251526E-04   -1.014752E-05    3.803003E-06   -3.036515E-07    2.640979E-02 |    3.036515E-07
   2.134381E-01   -1.071180E-02    1.818223E-03   -5.571197E-05   -6.931546E-06    7.580843E-07    1.767014E-01 |    7.580843E-07
  -5.569231E-02   -1.124477E-03   -2.702224E-03    1.821351E-04    6.352368E-06   -1.194237E-06    7.324023E-02 |    1.194237E-06
   9.371493E-03   -1.404222E-02   -2.331605E-03    2.887038E-04    2.343701E-06   -1.462221E-06    1.016717E-01 |    1.462221E-06
max(min|c_i|) =    1.462221E-06

8    4.000000E+01    5.333333E+01
   2.640979E-02    8.918450E-03   -1.989360E-03    2.333579E-04   -8.642700E-06   -1.940559E-06    3.019844E-03 |    1.940559E-06
   1.767014E-01    8.161694E-03    3.861120E-03   -9.826497E-04    8.288296E-05    1.913376E-06    6.555101E-02 |    1.913376E-06
   7.324023E-02   -5.288598E-02    1.226594E-03    1.579267E-03   -2.189054E-04    3.424253E-06    1.833326E-01 |    3.424253E-06
   1.016717E-01   -6.077239E-02    1.024285E-02    1.358258E-03   -3.479517E-04    1.371066E-05    3.025699E-02 |    1.371066E-05
max(min|c_i|) =    1.371066E-05

9    5.333333E+01    6.666667E+01
   3.019844E-03    1.203450E-03   -3.340005E-04    5.793374E-05   -6.843552E-06    5.407738E-07    2.664310E-04 |    5.407738E-07
   6.555101E-02    1.181622E-02   -1.196011E-03   -4.136625E-05    2.425771E-05   -2.958862E-06    1.573453E-02 |    2.958862E-06
   1.833326E-01   -1.444587E-02    5.145633E-03   -3.910002E-04   -2.609800E-05    6.964828E-06    1.197912E-01 |    6.964828E-06
   3.025699E-02    1.914852E-02    6.024320E-03   -1.102825E-03    1.434333E-05    1.021482E-05   -1.302283E-01 |    1.021482E-05
max(min|c_i|) =    1.021482E-05

10    6.666667E+01    8.000000E+01
   2.664310E-04    1.154100E-04   -3.526811E-05    6.980880E-06   -9.992278E-07    1.086946E-07    1.995141E-05 |    1.086946E-07
   1.573453E-02    3.886429E-03   -6.832711E-04    6.391131E-05   -2.215357E-06   -2.463757E-07    2.942340E-03 |    2.463757E-07
   1.197912E-01    7.121488E-03    7.534850E-04   -2.400240E-04    2.142439E-05   -4.079207E-07    4.966407E-02 |    4.079207E-07
  -1.302283E-01    2.670838E-02   -2.431716E-03   -2.487269E-04    5.218405E-05   -2.651165E-06   -1.568337E-01 |    2.651165E-06
max(min|c_i|) =    2.651165E-06

11    8.000000E+01    1.066667E+02
   1.995141E-05    1.549237E-05   -8.977123E-06    3.603646E-06   -1.095355E-06    2.664219E-07    8.217838E-08 |    8.217838E-08
   2.942340E-03    1.766461E-03   -7.295212E-04    1.934199E-04   -3.569655E-05    4.578832E-06    6.596117E-05 |    4.578832E-06
   4.966407E-02    1.816545E-02   -3.789471E-03    2.140229E-04    7.361735E-05   -2.140982E-05    4.296651E-03 |    2.140982E-05
  -1.568337E-01    1.124860E-03   -1.025752E-02    2.362222E-03   -1.277224E-04   -3.419826E-05   -5.165616E-02 |    3.419826E-05
max(min|c_i|) =    3.419826E-05

12    1.066667E+02    1.333333E+02
   8.217838E-08    6.566492E-08   -3.974875E-08    1.687812E-08   -5.487951E-09    1.448792E-09    2.613740E-10 |    2.613740E-10
   6.596117E-05    4.307191E-05   -1.999555E-05    6.222071E-06   -1.434826E-06    2.585869E-07    1.032784E-06 |    2.585869E-07
   4.296651E-03    2.065160E-03   -6.693240E-04    1.336433E-04   -1.745080E-05    1.336689E-06    2.234932E-04 |    1.336689E-06
  -5.165616E-02   -1.379962E-02    1.957152E-03    3.402000E-05   -5.409993E-05    9.029655E-06   -7.575615E-03 |    9.029655E-06
max(min|c_i|) =    9.029655E-06

13    1.333333E+02    1.600000E+02
   2.613740E-10    2.122044E-10   -1.315876E-10    5.759042E-11   -1.939195E-11    5.332425E-12    7.055727E-13 |    7.055727E-13
   1.032784E-06    7.033013E-07   -3.454867E-07    1.153973E-07   -2.901501E-08    5.816398E-09    1.290551E-08 |    5.816398E-09
   2.234932E-04    1.196444E-04   -4.460050E-05    1.081082E-05   -1.902853E-06    2.529069E-07    8.488310E-06 |    2.529069E-07
  -7.575615E-03   -2.805147E-03    7.093465E-04   -1.007031E-04    8.272900E-06   -3.524734E-08   -6.974021E-04 |    3.524734E-08
max(min|c_i|) =    2.529069E-07

14    1.600000E+02    1.760000E+02
   7.055727E-13    4.090094E-13   -1.836964E-13    5.000133E-14   -1.151622E-14    1.942296E-15 |    1.942296E-15
   1.290551E-08    5.537293E-09   -2.078208E-09    3.920830E-10   -7.356570E-11    8.105016E-12 |    8.105016E-12
   8.488310E-06    2.526154E-06   -8.220235E-07    9.958550E-08   -1.615067E-08    1.025218E-09 |    1.025218E-09
  -6.974021E-04   -1.301066E-04    3.747071E-05   -2.312118E-06    3.606019E-07   -4.211291E-09 |    4.211291E-09
max(min|c_i|) =    4.211291E-09

----- EIGENVALUES -----
EIGENVALUE n=0 -3.106846094E-02
EIGENVALUE n=1 -1.990725618E-02
EIGENVALUE n=2 -1.383527604E-02
EIGENVALUE n=3 -1.017033715E-02

ALL_EIGENVALUES: | 7 | 89 |  -3.106846094E-02 | -1.990725618E-02 | -1.383527604E-02 | -1.017033715E-02 |

----- DOMAIN EXPANDED -----
RMAX BEFORE:  1.760000000E+02
RMAX AFTER:  1.936000000E+02


========== ADAPTIVE STEP 8 ==========
Number of elements: 16
Degrees of freedom: 95
Domain: [0, 1.936000000E+02]

0    0.000000E+00    3.333333E+00
  -7.357922E-03   -2.266672E-03    7.682772E-05    9.457594E-05   -1.706946E-05   -1.104960E-02 |    1.706946E-05
  -6.702266E-03   -2.027399E-03    9.670574E-05    9.115807E-05   -1.610558E-05   -1.010665E-02 |    1.610558E-05
  -5.660659E-03   -1.694941E-03    9.408489E-05    7.927565E-05   -1.387975E-05   -8.555407E-03 |    1.387975E-05
  -4.755032E-03   -1.414893E-03    8.536151E-05    6.774589E-05   -1.180587E-05   -7.196611E-03 |    1.180587E-05
max(min|c_i|) =    1.706946E-05

1    3.333333E+00    6.666667E+00
  -1.104960E-02   -1.230089E-02    1.119395E-03    2.184236E-04   -2.465064E-05   -1.264591E-07   -7.942434E-02 |    1.264591E-07
  -1.010665E-02   -9.254875E-03    1.465585E-03    2.172328E-04   -2.663112E-05   -2.260917E-07   -6.874249E-02 |    2.260917E-07
  -8.555407E-03   -6.950777E-03    1.427512E-03    1.881460E-04   -2.478985E-05   -2.400892E-07   -5.644062E-02 |    2.400892E-07
  -7.196611E-03   -5.408296E-03    1.291037E-03    1.593867E-04   -2.208664E-05   -2.245563E-07   -4.660093E-02 |    2.245563E-07
max(min|c_i|) =    2.400892E-07

2    6.666667E+00    1.000000E+01
  -7.942434E-02    8.166676E-04    1.740842E-03   -7.011166E-05   -8.873652E-06    9.223816E-07   -1.774020E-01 |    9.223816E-07
  -6.874249E-02    5.948255E-03    1.874949E-03   -1.025082E-04   -1.004901E-05    1.055026E-06   -1.364085E-01 |    1.055026E-06
  -5.644062E-02    7.017575E-03    1.630356E-03   -1.114970E-04   -9.350226E-06    1.020858E-06   -1.045777E-01 |    1.020858E-06
  -4.660093E-02    6.799523E-03    1.371302E-03   -1.078348E-04   -8.229843E-06    9.341032E-07   -8.271300E-02 |    9.341032E-07
max(min|c_i|) =    1.055026E-06

3    1.000000E+01    1.333333E+01
  -1.774020E-01    9.892442E-03    5.494539E-04   -1.026209E-04    2.541799E-06    2.466692E-07   -2.460696E-01 |    2.466692E-07
  -1.364085E-01    1.446312E-02    2.739421E-04   -1.334002E-04    3.722333E-06    3.230089E-07   -1.499490E-01 |    3.230089E-07
  -1.045777E-01    1.337765E-02   -2.168829E-05   -1.332589E-04    4.304390E-06    3.297053E-07   -9.850010E-02 |    3.297053E-07
  -8.271300E-02    1.150872E-02   -1.749259E-04   -1.215571E-04    4.411005E-06    3.079074E-07   -6.999569E-02 |    3.079074E-07
max(min|c_i|) =    3.297053E-07

4    1.333333E+01    2.000000E+01
  -2.460696E-01    3.375963E-02   -3.991489E-03   -3.227485E-04    9.111664E-05   -6.012445E-06   -2.385164E-01 |    6.012445E-06
  -1.499490E-01    3.172443E-02   -7.860547E-03   -2.339234E-04    1.326857E-04   -8.663385E-06   -4.317477E-03 |    8.663385E-06
  -9.850010E-02    1.605974E-02   -9.178526E-03   -2.395719E-05    1.445138E-04   -9.993565E-06    4.571301E-02 |    9.993565E-06
  -6.999569E-02    6.569913E-03   -8.791234E-03    1.392654E-04    1.393908E-04   -1.036313E-05    5.362081E-02 |    1.036313E-05
max(min|c_i|) =    1.036313E-05

5    2.000000E+01    2.666667E+01
  -2.385164E-01    3.205098E-03   -2.846829E-03    2.810068E-04   -4.253509E-07   -2.085971E-06   -1.438455E-01 |    4.253509E-07
  -4.317477E-03   -1.817750E-02   -3.595025E-03    5.868103E-04   -9.722557E-06   -3.496233E-06    1.628730E-01 |    3.496233E-06
   4.571301E-02   -3.340929E-02   -2.230541E-03    7.643271E-04   -2.302242E-05   -4.123553E-06    1.288684E-01 |    4.123553E-06
   5.362081E-02   -3.421987E-02   -6.241804E-04    7.919803E-04   -3.381714E-05   -4.140130E-06    8.783007E-02 |    4.140130E-06
max(min|c_i|) =    4.140130E-06

6    2.666667E+01    3.333333E+01
  -1.438455E-01   -7.773888E-03   -2.811265E-04    1.285821E-04   -1.124423E-05    3.103030E-07   -6.690828E-02 |    3.103030E-07
   1.628730E-01   -2.439357E-02    1.256744E-03    1.987047E-04   -2.547984E-05    8.060580E-07    2.134381E-01 |    8.060580E-07
   1.288684E-01   -2.462689E-02    3.348788E-03    1.509480E-04   -3.656153E-05    1.402660E-06    5.569231E-02 |    1.402660E-06
   8.783007E-02   -1.425035E-02    4.381102E-03    4.245826E-05   -4.116378E-05    1.915877E-06   -9.371432E-03 |    1.915877E-06
max(min|c_i|) =    1.915877E-06

7    3.333333E+01    4.000000E+01
  -6.690828E-02   -6.390612E-03    4.251526E-04    1.014752E-05   -3.803003E-06    3.036515E-07   -2.640979E-02 |    3.036515E-07
   2.134381E-01   -1.071180E-02    1.818223E-03   -5.571197E-05   -6.931546E-06    7.580843E-07    1.767014E-01 |    7.580843E-07
   5.569231E-02    1.124477E-03    2.702224E-03   -1.821351E-04   -6.352368E-06    1.194237E-06   -7.324023E-02 |    1.194237E-06
  -9.371432E-03    1.404217E-02    2.331598E-03   -2.887027E-04   -2.343697E-06    1.462216E-06   -1.016714E-01 |    1.462216E-06
max(min|c_i|) =    1.462216E-06

8    4.000000E+01    5.333333E+01
  -2.640979E-02   -8.918450E-03    1.989360E-03   -2.333579E-04    8.642700E-06    1.940559E-06   -3.019844E-03 |    1.940559E-06
   1.767014E-01    8.161694E-03    3.861120E-03   -9.826497E-04    8.288296E-05    1.913376E-06    6.555101E-02 |    1.913376E-06
  -7.324023E-02    5.288598E-02   -1.226594E-03   -1.579267E-03    2.189054E-04   -3.424253E-06   -1.833326E-01 |    3.424253E-06
  -1.016714E-01    6.077220E-02   -1.024281E-02   -1.358254E-03    3.479504E-04   -1.371061E-05   -3.025698E-02 |    1.371061E-05
max(min|c_i|) =    1.371061E-05

9    5.333333E+01    6.666667E+01
  -3.019844E-03   -1.203450E-03    3.340005E-04   -5.793374E-05    6.843552E-06   -5.407738E-07   -2.664310E-04 |    5.407738E-07
   6.555101E-02    1.181622E-02   -1.196011E-03   -4.136625E-05    2.425771E-05   -2.958862E-06    1.573453E-02 |    2.958862E-06
  -1.833326E-01    1.444587E-02   -5.145633E-03    3.910002E-04    2.609800E-05   -6.964828E-06   -1.197912E-01 |    6.964828E-06
  -3.025698E-02   -1.914842E-02   -6.024301E-03    1.102821E-03   -1.434323E-05   -1.021478E-05    1.302278E-01 |    1.021478E-05
max(min|c_i|) =    1.021478E-05

10    6.666667E+01    8.000000E+01
  -2.664310E-04   -1.154100E-04    3.526811E-05   -6.980880E-06    9.992278E-07   -1.086946E-07   -1.995141E-05 |    1.086946E-07
   1.573453E-02    3.886429E-03   -6.832711E-04    6.391131E-05   -2.215357E-06   -2.463757E-07    2.942340E-03 |    2.463757E-07
  -1.197912E-01   -7.121488E-03   -7.534850E-04    2.400240E-04   -2.142439E-05    4.079207E-07   -4.966407E-02 |    4.079207E-07
   1.302278E-01   -2.670828E-02    2.431705E-03    2.487263E-04   -5.218385E-05    2.651154E-06    1.568333E-01 |    2.651154E-06
max(min|c_i|) =    2.651154E-06

11    8.000000E+01    1.066667E+02
  -1.995141E-05   -1.549237E-05    8.977123E-06   -3.603646E-06    1.095355E-06   -2.664219E-07   -8.217838E-08 |    8.217838E-08
   2.942340E-03    1.766461E-03   -7.295212E-04    1.934199E-04   -3.569655E-05    4.578832E-06    6.596117E-05 |    4.578832E-06
  -4.966407E-02   -1.816545E-02    3.789471E-03   -2.140229E-04   -7.361735E-05    2.140982E-05   -4.296651E-03 |    2.140982E-05
   1.568333E-01   -1.124747E-03    1.025753E-02   -2.362205E-03    1.277226E-04    3.419826E-05    5.165680E-02 |    3.419826E-05
max(min|c_i|) =    3.419826E-05

12    1.066667E+02    1.333333E+02
  -8.217838E-08   -6.566492E-08    3.974875E-08   -1.687812E-08    5.487951E-09   -1.448792E-09   -2.613740E-10 |    2.613740E-10
   6.596117E-05    4.307191E-05   -1.999555E-05    6.222071E-06   -1.434826E-06    2.585869E-07    1.032785E-06 |    2.585869E-07
  -4.296651E-03   -2.065163E-03    6.693228E-04   -1.336436E-04    1.745074E-05   -1.336699E-06   -2.234994E-04 |    1.336699E-06
   5.165680E-02    1.380084E-02   -1.956783E-03   -3.395009E-05    5.411053E-05   -9.028243E-06    7.579640E-03 |    9.028243E-06
max(min|c_i|) =    9.028243E-06

13    1.333333E+02    1.600000E+02
  -2.613740E-10   -2.122049E-10    1.315874E-10   -5.759056E-11    1.939193E-11   -5.332391E-12   -7.060526E-13 |    7.060526E-13
   1.032785E-06    7.033423E-07   -3.454659E-07    1.154046E-07   -2.901304E-08    5.816831E-09    1.296482E-08 |    5.816831E-09
  -2.234994E-04   -1.197250E-04    4.456814E-05   -1.081973E-05    1.900970E-06   -2.532311E-07   -8.634554E-06 |    2.532311E-07
   7.579640E-03    2.819123E-03   -7.050130E-04    1.016269E-04   -8.120474E-06    5.585322E-08    7.327023E-04 |    5.585322E-08
max(min|c_i|) =    2.532311E-07

14    1.600000E+02    1.760000E+02
  -7.060526E-13   -4.204432E-13    1.787950E-13   -5.126867E-14    1.113258E-14   -1.930025E-15   -1.922092E-14 |    1.930025E-15
   1.296482E-08    5.937467E-09   -1.944376E-09    4.221878E-10   -6.844064E-11    8.807876E-12    8.676463E-10 |    8.807876E-12
  -8.634554E-06   -2.901021E-06    7.240415E-07   -1.167743E-07    1.386538E-08   -1.270771E-09   -1.099993E-06 |    1.270771E-09
   7.327023E-04    1.660276E-04   -3.021010E-05    3.304380E-06   -2.570506E-07    1.300243E-08    1.536955E-04 |    1.300243E-08
max(min|c_i|) =    1.300243E-08

15    1.760000E+02    1.936000E+02
  -1.922092E-14   -1.213360E-14    5.838543E-15   -1.864071E-15    4.723570E-16   -5.819598E-17 |    5.819598E-17
   8.676463E-10    4.223907E-10   -1.692703E-10    3.709626E-11   -7.482436E-12    9.719500E-13 |    9.719500E-13
  -1.099993E-06   -3.889632E-07    1.341891E-07   -2.000455E-08    3.428995E-09   -2.838496E-10 |    2.838496E-10
   1.536955E-04    3.640403E-05   -1.106417E-05    9.759134E-07   -1.513322E-07    5.387920E-09 |    5.387920E-09
max(min|c_i|) =    5.387920E-09

----- EIGENVALUES -----
EIGENVALUE n=0 -3.106846094E-02
EIGENVALUE n=1 -1.990725618E-02
EIGENVALUE n=2 -1.383527604E-02
EIGENVALUE n=3 -1.017033950E-02

ALL_EIGENVALUES: | 8 | 95 |  -3.106846094E-02 | -1.990725618E-02 | -1.383527604E-02 | -1.017033950E-02 |

----- DOMAIN EXPANDED -----
RMAX BEFORE:  1.936000000E+02
RMAX AFTER:  2.129600000E+02


========== ADAPTIVE STEP 9 ==========
Number of elements: 17
Degrees of freedom: 101
Domain: [0, 2.129600000E+02]

0    0.000000E+00    3.333333E+00
   7.357922E-03    2.266672E-03   -7.682772E-05   -9.457594E-05    1.706946E-05    1.104960E-02 |    1.706946E-05
   6.702266E-03    2.027399E-03   -9.670574E-05   -9.115807E-05    1.610558E-05    1.010665E-02 |    1.610558E-05
  -5.660659E-03   -1.694941E-03    9.408489E-05    7.927565E-05   -1.387975E-05   -8.555407E-03 |    1.387975E-05
   4.755032E-03    1.414893E-03   -8.536150E-05   -6.774588E-05    1.180587E-05    7.196610E-03 |    1.180587E-05
max(min|c_i|) =    1.706946E-05

1    3.333333E+00    6.666667E+00
   1.104960E-02    1.230089E-02   -1.119395E-03   -2.184236E-04    2.465064E-05    1.264591E-07    7.942434E-02 |    1.264591E-07
   1.010665E-02    9.254875E-03   -1.465585E-03   -2.172328E-04    2.663112E-05    2.260917E-07    6.874249E-02 |    2.260917E-07
  -8.555407E-03   -6.950777E-03    1.427512E-03    1.881460E-04   -2.478985E-05   -2.400892E-07   -5.644062E-02 |    2.400892E-07
   7.196610E-03    5.408296E-03   -1.291037E-03   -1.593867E-04    2.208664E-05    2.245562E-07    4.660093E-02 |    2.245562E-07
max(min|c_i|) =    2.400892E-07

2    6.666667E+00    1.000000E+01
   7.942434E-02   -8.166676E-04   -1.740842E-03    7.011166E-05    8.873652E-06   -9.223816E-07    1.774020E-01 |    9.223816E-07
   6.874249E-02   -5.948255E-03   -1.874949E-03    1.025082E-04    1.004901E-05   -1.055026E-06    1.364085E-01 |    1.055026E-06
  -5.644062E-02    7.017575E-03    1.630356E-03   -1.114970E-04   -9.350226E-06    1.020858E-06   -1.045777E-01 |    1.020858E-06
   4.660093E-02   -6.799523E-03   -1.371302E-03    1.078348E-04    8.229842E-06   -9.341031E-07    8.271299E-02 |    9.341031E-07
max(min|c_i|) =    1.055026E-06

3    1.000000E+01    1.333333E+01
   1.774020E-01   -9.892442E-03   -5.494539E-04    1.026209E-04   -2.541799E-06   -2.466693E-07    2.460696E-01 |    2.466693E-07
   1.364085E-01   -1.446312E-02   -2.739421E-04    1.334002E-04   -3.722333E-06   -3.230089E-07    1.499490E-01 |    3.230089E-07
  -1.045777E-01    1.337765E-02   -2.168829E-05   -1.332589E-04    4.304390E-06    3.297053E-07   -9.850010E-02 |    3.297053E-07
   8.271299E-02   -1.150872E-02    1.749259E-04    1.215570E-04   -4.411005E-06   -3.079073E-07    6.999568E-02 |    3.079073E-07
max(min|c_i|) =    3.297053E-07

4    1.333333E+01    2.000000E+01
   2.460696E-01   -3.375963E-02    3.991489E-03    3.227485E-04   -9.111664E-05    6.012445E-06    2.385164E-01 |    6.012445E-06
   1.499490E-01   -3.172443E-02    7.860547E-03    2.339234E-04   -1.326857E-04    8.663385E-06    4.317477E-03 |    8.663385E-06
  -9.850010E-02    1.605974E-02   -9.178526E-03   -2.395719E-05    1.445138E-04   -9.993565E-06    4.571301E-02 |    9.993565E-06
   6.999568E-02   -6.569913E-03    8.791233E-03   -1.392654E-04   -1.393908E-04    1.036312E-05   -5.362080E-02 |    1.036312E-05
max(min|c_i|) =    1.036312E-05

5    2.000000E+01    2.666667E+01
   2.385164E-01   -3.205098E-03    2.846829E-03   -2.810068E-04    4.253509E-07    2.085971E-06    1.438455E-01 |    4.253509E-07
   4.317477E-03    1.817750E-02    3.595025E-03   -5.868103E-04    9.722557E-06    3.496233E-06   -1.628730E-01 |    3.496233E-06
   4.571301E-02   -3.340929E-02   -2.230541E-03    7.643271E-04   -2.302242E-05   -4.123553E-06    1.288684E-01 |    4.123553E-06
  -5.362080E-02    3.421987E-02    6.241804E-04   -7.919802E-04    3.381714E-05    4.140129E-06   -8.783006E-02 |    4.140129E-06
max(min|c_i|) =    4.140129E-06

6    2.666667E+01    3.333333E+01
   1.438455E-01    7.773888E-03    2.811265E-04   -1.285821E-04    1.124423E-05   -3.103030E-07    6.690828E-02 |    3.103030E-07
  -1.628730E-01    2.439357E-02   -1.256744E-03   -1.987047E-04    2.547984E-05   -8.060580E-07   -2.134381E-01 |    8.060580E-07
   1.288684E-01   -2.462689E-02    3.348788E-03    1.509480E-04   -3.656153E-05    1.402660E-06    5.569231E-02 |    1.402660E-06
  -8.783006E-02    1.425035E-02   -4.381101E-03   -4.245826E-05    4.116377E-05   -1.915877E-06    9.371430E-03 |    1.915877E-06
max(min|c_i|) =    1.915877E-06

7    3.333333E+01    4.000000E+01
   6.690828E-02    6.390612E-03   -4.251526E-04   -1.014752E-05    3.803003E-06   -3.036515E-07    2.640979E-02 |    3.036515E-07
  -2.134381E-01    1.071180E-02   -1.818223E-03    5.571197E-05    6.931546E-06   -7.580843E-07   -1.767014E-01 |    7.580843E-07
   5.569231E-02    1.124477E-03    2.702224E-03   -1.821351E-04   -6.352368E-06    1.194237E-06   -7.324023E-02 |    1.194237E-06
   9.371430E-03   -1.404217E-02   -2.331597E-03    2.887027E-04    2.343697E-06   -1.462216E-06    1.016713E-01 |    1.462216E-06
max(min|c_i|) =    1.462216E-06

8    4.000000E+01    5.333333E+01
   2.640979E-02    8.918450E-03   -1.989360E-03    2.333579E-04   -8.642700E-06   -1.940559E-06    3.019844E-03 |    1.940559E-06
  -1.767014E-01   -8.161694E-03   -3.861120E-03    9.826497E-04   -8.288296E-05   -1.913376E-06   -6.555101E-02 |    1.913376E-06
  -7.324023E-02    5.288598E-02   -1.226594E-03   -1.579267E-03    2.189054E-04   -3.424253E-06   -1.833326E-01 |    3.424253E-06
   1.016713E-01   -6.077219E-02    1.024281E-02    1.358254E-03   -3.479504E-04    1.371061E-05    3.025698E-02 |    1.371061E-05
max(min|c_i|) =    1.371061E-05

9    5.333333E+01    6.666667E+01
   3.019844E-03    1.203450E-03   -3.340005E-04    5.793374E-05   -6.843552E-06    5.407738E-07    2.664310E-04 |    5.407738E-07
  -6.555101E-02   -1.181622E-02    1.196011E-03    4.136625E-05   -2.425771E-05    2.958862E-06   -1.573453E-02 |    2.958862E-06
  -1.833326E-01    1.444587E-02   -5.145633E-03    3.910002E-04    2.609800E-05   -6.964828E-06   -1.197912E-01 |    6.964828E-06
   3.025698E-02    1.914841E-02    6.024301E-03   -1.102821E-03    1.434323E-05    1.021478E-05   -1.302278E-01 |    1.021478E-05
max(min|c_i|) =    1.021478E-05

10    6.666667E+01    8.000000E+01
   2.664310E-04    1.154100E-04   -3.526811E-05    6.980880E-06   -9.992278E-07    1.086946E-07    1.995141E-05 |    1.086946E-07
  -1.573453E-02   -3.886429E-03    6.832711E-04   -6.391131E-05    2.215357E-06    2.463757E-07   -2.942340E-03 |    2.463757E-07
  -1.197912E-01   -7.121488E-03   -7.534850E-04    2.400240E-04   -2.142439E-05    4.079207E-07   -4.966407E-02 |    4.079207E-07
  -1.302278E-01    2.670827E-02   -2.431705E-03   -2.487262E-04    5.218384E-05   -2.651153E-06   -1.568333E-01 |    2.651153E-06
max(min|c_i|) =    2.651153E-06

11    8.000000E+01    1.066667E+02
   1.995141E-05    1.549237E-05   -8.977123E-06    3.603646E-06   -1.095355E-06    2.664219E-07    8.217838E-08 |    8.217838E-08
  -2.942340E-03   -1.766461E-03    7.295212E-04   -1.934199E-04    3.569655E-05   -4.578832E-06   -6.596117E-05 |    4.578832E-06
  -4.966407E-02   -1.816545E-02    3.789471E-03   -2.140229E-04   -7.361735E-05    2.140982E-05   -4.296651E-03 |    2.140982E-05
  -1.568333E-01    1.124743E-03   -1.025753E-02    2.362205E-03   -1.277226E-04   -3.419826E-05   -5.165682E-02 |    3.419826E-05
max(min|c_i|) =    3.419826E-05

12    1.066667E+02    1.333333E+02
   8.217838E-08    6.566492E-08   -3.974875E-08    1.687812E-08   -5.487951E-09    1.448792E-09    2.613740E-10 |    2.613740E-10
  -6.596117E-05   -4.307191E-05    1.999555E-05   -6.222071E-06    1.434826E-06   -2.585869E-07   -1.032785E-06 |    2.585869E-07
  -4.296651E-03   -2.065163E-03    6.693228E-04   -1.336436E-04    1.745073E-05   -1.336699E-06   -2.234994E-04 |    1.336699E-06
  -5.165682E-02   -1.380088E-02    1.956772E-03    3.394793E-05   -5.411085E-05    9.028200E-06   -7.579764E-03 |    9.028200E-06
max(min|c_i|) =    9.028200E-06

13    1.333333E+02    1.600000E+02
   2.613740E-10    2.122049E-10   -1.315874E-10    5.759052E-11   -1.939193E-11    5.332456E-12    7.060835E-13 |    7.060835E-13
  -1.032785E-06   -7.033424E-07    3.454659E-07   -1.154046E-07    2.901304E-08   -5.816833E-09   -1.296496E-08 |    5.816833E-09
  -2.234994E-04   -1.197258E-04    4.456782E-05   -1.081982E-05    1.900951E-06   -2.532343E-07   -8.636010E-06 |    2.532343E-07
  -7.579764E-03   -2.819554E-03    7.048793E-04   -1.016554E-04    8.115768E-06   -5.648929E-08   -7.337920E-04 |    5.648929E-08
max(min|c_i|) =    2.532343E-07

14    1.600000E+02    1.760000E+02
   7.060835E-13    4.204165E-13   -1.788208E-13    5.140968E-14   -1.119320E-14    1.936893E-15    1.911417E-14 |    1.936893E-15
  -1.296496E-08   -5.938432E-09    1.944053E-09   -4.222609E-10    6.842871E-11   -8.809811E-12   -8.697390E-10 |    8.809811E-12
  -8.636010E-06   -2.904754E-06    7.230656E-07   -1.169455E-07    1.384262E-08   -1.273218E-09   -1.110949E-06 |    1.273218E-09
  -7.337920E-04   -1.671364E-04    2.998598E-05   -3.335009E-06    2.538541E-07   -1.327380E-08   -1.584398E-04 |    1.327380E-08
max(min|c_i|) =    1.327380E-08

15    1.760000E+02    1.936000E+02
   1.911417E-14    1.237078E-14   -5.684029E-15    1.785447E-15   -4.676234E-16    8.312954E-17    3.652332E-16 |    8.312954E-17
  -8.697390E-10   -4.441152E-10    1.612483E-10   -3.909573E-11    7.104734E-12   -1.029390E-12   -4.229243E-11 |    1.029390E-12
  -1.110949E-06   -4.315909E-07    1.217234E-07   -2.245311E-08    3.064708E-09   -3.276146E-10   -1.084819E-07 |    3.276146E-10
  -1.584398E-04   -4.392365E-05    9.335533E-06   -1.243717E-06    1.197516E-07   -8.409562E-09   -2.650806E-05 |    8.409562E-09
max(min|c_i|) =    8.409562E-09

16    1.936000E+02    2.129600E+02
   3.652332E-16    2.148279E-16   -1.296701E-16    5.629770E-17    9.299596E-18    2.584870E-17 |    9.299596E-18
  -4.229243E-11   -2.303046E-11    9.889469E-12   -2.483909E-12    5.415490E-13   -8.164931E-14 |    8.164931E-14
  -1.084819E-07   -4.471939E-08    1.643668E-08   -2.940497E-09    5.384594E-10   -5.531376E-11 |    5.531376E-11
  -2.650806E-05   -7.740485E-06    2.492817E-06   -2.899375E-07    4.659613E-08   -2.684402E-09 |    2.684402E-09
max(min|c_i|) =    2.684402E-09

----- EIGENVALUES -----
EIGENVALUE n=0 -3.106846094E-02
EIGENVALUE n=1 -1.990725618E-02
EIGENVALUE n=2 -1.383527604E-02
EIGENVALUE n=3 -1.017033958E-02

ALL_EIGENVALUES: | 9 | 101 |  -3.106846094E-02 | -1.990725618E-02 | -1.383527604E-02 | -1.017033958E-02 |

----- DOMAIN EXPANDED -----
RMAX BEFORE:  2.129600000E+02
RMAX AFTER:  2.342560000E+02


========== ADAPTIVE STEP 10 ==========
Number of elements: 18
Degrees of freedom: 107
Domain: [0, 2.342560000E+02]

0    0.000000E+00    3.333333E+00
   7.357922E-03    2.266672E-03   -7.682772E-05   -9.457594E-05    1.706946E-05    1.104960E-02 |    1.706946E-05
   6.702266E-03    2.027399E-03   -9.670574E-05   -9.115807E-05    1.610558E-05    1.010665E-02 |    1.610558E-05
  -5.660659E-03   -1.694941E-03    9.408489E-05    7.927565E-05   -1.387975E-05   -8.555407E-03 |    1.387975E-05
  -4.755032E-03   -1.414893E-03    8.536150E-05    6.774588E-05   -1.180587E-05   -7.196610E-03 |    1.180587E-05
max(min|c_i|) =    1.706946E-05

1    3.333333E+00    6.666667E+00
   1.104960E-02    1.230089E-02   -1.119395E-03   -2.184236E-04    2.465064E-05    1.264591E-07    7.942434E-02 |    1.264591E-07
   1.010665E-02    9.254875E-03   -1.465585E-03   -2.172328E-04    2.663112E-05    2.260917E-07    6.874249E-02 |    2.260917E-07
  -8.555407E-03   -6.950777E-03    1.427512E-03    1.881460E-04   -2.478985E-05   -2.400892E-07   -5.644062E-02 |    2.400892E-07
  -7.196610E-03   -5.408296E-03    1.291037E-03    1.593867E-04   -2.208664E-05   -2.245562E-07   -4.660093E-02 |    2.245562E-07
max(min|c_i|) =    2.400892E-07

2    6.666667E+00    1.000000E+01
   7.942434E-02   -8.166676E-04   -1.740842E-03    7.011166E-05    8.873652E-06   -9.223816E-07    1.774020E-01 |    9.223816E-07
   6.874249E-02   -5.948255E-03   -1.874949E-03    1.025082E-04    1.004901E-05   -1.055026E-06    1.364085E-01 |    1.055026E-06
  -5.644062E-02    7.017575E-03    1.630356E-03   -1.114970E-04   -9.350226E-06    1.020858E-06   -1.045777E-01 |    1.020858E-06
  -4.660093E-02    6.799523E-03    1.371302E-03   -1.078348E-04   -8.229842E-06    9.341030E-07   -8.271299E-02 |    9.341030E-07
max(min|c_i|) =    1.055026E-06

3    1.000000E+01    1.333333E+01
   1.774020E-01   -9.892442E-03   -5.494539E-04    1.026209E-04   -2.541799E-06   -2.466693E-07    2.460696E-01 |    2.466693E-07
   1.364085E-01   -1.446312E-02   -2.739421E-04    1.334002E-04   -3.722333E-06   -3.230089E-07    1.499490E-01 |    3.230089E-07
  -1.045777E-01    1.337765E-02   -2.168829E-05   -1.332589E-04    4.304390E-06    3.297053E-07   -9.850010E-02 |    3.297053E-07
  -8.271299E-02    1.150872E-02   -1.749259E-04   -1.215570E-04    4.411005E-06    3.079073E-07   -6.999568E-02 |    3.079073E-07
max(min|c_i|) =    3.297053E-07

4    1.333333E+01    2.000000E+01
   2.460696E-01   -3.375963E-02    3.991489E-03    3.227485E-04   -9.111664E-05    6.012445E-06    2.385164E-01 |    6.012445E-06
   1.499490E-01   -3.172443E-02    7.860547E-03    2.339234E-04   -1.326857E-04    8.663385E-06    4.317477E-03 |    8.663385E-06
  -9.850010E-02    1.605974E-02   -9.178526E-03   -2.395719E-05    1.445138E-04   -9.993565E-06    4.571301E-02 |    9.993565E-06
  -6.999568E-02    6.569913E-03   -8.791233E-03    1.392654E-04    1.393908E-04   -1.036312E-05    5.362080E-02 |    1.036312E-05
max(min|c_i|) =    1.036312E-05

5    2.000000E+01    2.666667E+01
   2.385164E-01   -3.205098E-03    2.846829E-03   -2.810068E-04    4.253508E-07    2.085971E-06    1.438455E-01 |    4.253508E-07
   4.317477E-03    1.817750E-02    3.595025E-03   -5.868103E-04    9.722557E-06    3.496233E-06   -1.628730E-01 |    3.496233E-06
   4.571301E-02   -3.340929E-02   -2.230541E-03    7.643271E-04   -2.302242E-05   -4.123553E-06    1.288684E-01 |    4.123553E-06
   5.362080E-02   -3.421987E-02   -6.241804E-04    7.919802E-04   -3.381714E-05   -4.140129E-06    8.783006E-02 |    4.140129E-06
max(min|c_i|) =    4.140129E-06

6    2.666667E+01    3.333333E+01
   1.438455E-01    7.773888E-03    2.811265E-04   -1.285821E-04    1.124423E-05   -3.103030E-07    6.690828E-02 |    3.103030E-07
  -1.628730E-01    2.439357E-02   -1.256744E-03   -1.987047E-04    2.547984E-05   -8.060580E-07   -2.134381E-01 |    8.060580E-07
   1.288684E-01   -2.462689E-02    3.348788E-03    1.509480E-04   -3.656153E-05    1.402660E-06    5.569231E-02 |    1.402660E-06
   8.783006E-02   -1.425035E-02    4.381101E-03    4.245826E-05   -4.116377E-05    1.915877E-06   -9.371430E-03 |    1.915877E-06
max(min|c_i|) =    1.915877E-06

7    3.333333E+01    4.000000E+01
   6.690828E-02    6.390612E-03   -4.251526E-04   -1.014752E-05    3.803003E-06   -3.036515E-07    2.640979E-02 |    3.036515E-07
  -2.134381E-01    1.071180E-02   -1.818223E-03    5.571197E-05    6.931546E-06   -7.580842E-07   -1.767014E-01 |    7.580842E-07
   5.569231E-02    1.124477E-03    2.702224E-03   -1.821351E-04   -6.352368E-06    1.194237E-06   -7.324023E-02 |    1.194237E-06
  -9.371430E-03    1.404217E-02    2.331597E-03   -2.887027E-04   -2.343697E-06    1.462216E-06   -1.016713E-01 |    1.462216E-06
max(min|c_i|) =    1.462216E-06

8    4.000000E+01    5.333333E+01
   2.640979E-02    8.918450E-03   -1.989360E-03    2.333579E-04   -8.642700E-06   -1.940559E-06    3.019844E-03 |    1.940559E-06
  -1.767014E-01   -8.161694E-03   -3.861120E-03    9.826497E-04   -8.288296E-05   -1.913376E-06   -6.555101E-02 |    1.913376E-06
  -7.324023E-02    5.288598E-02   -1.226594E-03   -1.579267E-03    2.189054E-04   -3.424253E-06   -1.833326E-01 |    3.424253E-06
  -1.016713E-01    6.077219E-02   -1.024281E-02   -1.358254E-03    3.479504E-04   -1.371061E-05   -3.025698E-02 |    1.371061E-05
max(min|c_i|) =    1.371061E-05

9    5.333333E+01    6.666667E+01
   3.019844E-03    1.203450E-03   -3.340005E-04    5.793374E-05   -6.843552E-06    5.407738E-07    2.664310E-04 |    5.407738E-07
  -6.555101E-02   -1.181622E-02    1.196011E-03    4.136625E-05   -2.425771E-05    2.958862E-06   -1.573453E-02 |    2.958862E-06
  -1.833326E-01    1.444587E-02   -5.145633E-03    3.910002E-04    2.609800E-05   -6.964828E-06   -1.197912E-01 |    6.964828E-06
  -3.025698E-02   -1.914841E-02   -6.024301E-03    1.102821E-03   -1.434323E-05   -1.021478E-05    1.302278E-01 |    1.021478E-05
max(min|c_i|) =    1.021478E-05

10    6.666667E+01    8.000000E+01
   2.664310E-04    1.154100E-04   -3.526811E-05    6.980880E-06   -9.992278E-07    1.086946E-07    1.995141E-05 |    1.086946E-07
  -1.573453E-02   -3.886429E-03    6.832711E-04   -6.391131E-05    2.215357E-06    2.463757E-07   -2.942340E-03 |    2.463757E-07
  -1.197912E-01   -7.121488E-03   -7.534850E-04    2.400240E-04   -2.142439E-05    4.079207E-07   -4.966407E-02 |    4.079207E-07
   1.302278E-01   -2.670827E-02    2.431705E-03    2.487262E-04   -5.218384E-05    2.651153E-06    1.568333E-01 |    2.651153E-06
max(min|c_i|) =    2.651153E-06

11    8.000000E+01    1.066667E+02
   1.995141E-05    1.549237E-05   -8.977123E-06    3.603646E-06   -1.095355E-06    2.664219E-07    8.217838E-08 |    8.217838E-08
  -2.942340E-03   -1.766461E-03    7.295212E-04   -1.934199E-04    3.569655E-05   -4.578832E-06   -6.596117E-05 |    4.578832E-06
  -4.966407E-02   -1.816545E-02    3.789471E-03   -2.140229E-04   -7.361735E-05    2.140982E-05   -4.296651E-03 |    2.140982E-05
   1.568333E-01   -1.124743E-03    1.025753E-02   -2.362205E-03    1.277226E-04    3.419826E-05    5.165682E-02 |    3.419826E-05
max(min|c_i|) =    3.419826E-05

12    1.066667E+02    1.333333E+02
   8.217838E-08    6.566492E-08   -3.974875E-08    1.687812E-08   -5.487951E-09    1.448792E-09    2.613740E-10 |    2.613740E-10
  -6.596117E-05   -4.307191E-05    1.999555E-05   -6.222071E-06    1.434826E-06   -2.585869E-07   -1.032785E-06 |    2.585869E-07
  -4.296651E-03   -2.065163E-03    6.693228E-04   -1.336436E-04    1.745073E-05   -1.336699E-06   -2.234994E-04 |    1.336699E-06
   5.165682E-02    1.380088E-02   -1.956771E-03   -3.394789E-05    5.411086E-05   -9.028199E-06    7.579767E-03 |    9.028199E-06
max(min|c_i|) =    9.028199E-06

13    1.333333E+02    1.600000E+02
   2.613740E-10    2.122049E-10   -1.315873E-10    5.759055E-11   -1.939196E-11    5.332427E-12    7.060928E-13 |    7.060928E-13
  -1.032785E-06   -7.033424E-07    3.454659E-07   -1.154046E-07    2.901304E-08   -5.816833E-09   -1.296496E-08 |    5.816833E-09
  -2.234994E-04   -1.197258E-04    4.456782E-05   -1.081982E-05    1.900951E-06   -2.532343E-07   -8.636018E-06 |    2.532343E-07
   7.579767E-03    2.819562E-03   -7.048768E-04    1.016559E-04   -8.115683E-06    5.650082E-08    7.338117E-04 |    5.650082E-08
max(min|c_i|) =    2.532343E-07

14    1.600000E+02    1.760000E+02
   7.060928E-13    4.204891E-13   -1.787882E-13    5.149584E-14   -1.118094E-14    1.971984E-15    1.916891E-14 |    1.971984E-15
  -1.296496E-08   -5.938434E-09    1.944053E-09   -4.222615E-10    6.842864E-11   -8.809938E-12   -8.697419E-10 |    8.809938E-12
  -8.636018E-06   -2.904775E-06    7.230602E-07   -1.169465E-07    1.384250E-08   -1.273231E-09   -1.111009E-06 |    1.273231E-09
   7.338117E-04    1.671565E-04   -2.998191E-05    3.335565E-06   -2.537961E-07    1.327872E-08    1.585258E-04 |    1.327872E-08
max(min|c_i|) =    1.327872E-08

15    1.760000E+02    1.936000E+02
   1.916891E-14    1.241943E-14   -5.759490E-15    1.772832E-15   -4.601201E-16    1.122946E-16    3.276722E-16 |    1.122946E-16
  -8.697419E-10   -4.441412E-10    1.612390E-10   -3.909807E-11    7.104280E-12   -1.029532E-12   -4.234241E-11 |    1.029532E-12
  -1.111009E-06   -4.318243E-07    1.216551E-07   -2.246652E-08    3.062713E-09   -3.278543E-10   -1.090758E-07 |    3.278543E-10
   1.585258E-04    4.406001E-05   -9.304187E-06    1.248573E-06   -1.191790E-07    8.464355E-09    2.698874E-05 |    8.464355E-09
max(min|c_i|) =    8.464355E-09

16    1.936000E+02    2.129600E+02
   3.276722E-16    2.366266E-16   -1.212711E-16    5.035981E-17   -4.407458E-18    2.289644E-17    9.647540E-18 |    4.407458E-18
  -4.234241E-11   -2.385041E-11    9.556229E-12   -2.575493E-12    5.223250E-13   -8.471356E-14   -1.448466E-12 |    8.471356E-14
  -1.090758E-07   -4.826565E-08    1.528151E-08   -3.193762E-09    4.963955E-10   -6.095335E-11   -7.939606E-09 |    6.095335E-11
   2.698874E-05    8.921612E-06   -2.185767E-06    3.436510E-07   -3.945870E-08    3.452425E-09    3.510373E-06 |    3.452425E-09
max(min|c_i|) =    3.452425E-09

17    2.129600E+02    2.342560E+02
   9.647540E-18    8.503943E-18   -2.197067E-17    9.870135E-18   -7.940807E-18    2.469655E-17 |    7.940807E-18
  -1.448466E-12   -8.707231E-13    4.017707E-13   -1.143680E-13    2.711259E-14   -4.843125E-15 |    4.843125E-15
  -7.939606E-09   -3.748959E-09    1.474492E-09   -3.102679E-10    6.118333E-11   -7.552849E-12 |    7.552849E-12
   3.510373E-06    1.231998E-06   -4.223911E-07    6.175042E-08   -1.050258E-08    8.310635E-10 |    8.310635E-10
max(min|c_i|) =    8.310635E-10

----- EIGENVALUES -----
EIGENVALUE n=0 -3.106846094E-02
EIGENVALUE n=1 -1.990725618E-02
EIGENVALUE n=2 -1.383527604E-02
EIGENVALUE n=3 -1.017033958E-02

ALL_EIGENVALUES: | 10 | 107 |  -3.106846094E-02 | -1.990725618E-02 | -1.383527604E-02 | -1.017033958E-02 |

----- DOMAIN EXPANDED -----
RMAX BEFORE:  2.342560000E+02
RMAX AFTER:  2.576816000E+02


========== ADAPTIVE STEP 11 ==========
Number of elements: 19
Degrees of freedom: 113
Domain: [0, 2.576816000E+02]

0    0.000000E+00    3.333333E+00
  -7.357922E-03   -2.266672E-03    7.682772E-05    9.457594E-05   -1.706946E-05   -1.104960E-02 |    1.706946E-05
   6.702266E-03    2.027399E-03   -9.670574E-05   -9.115807E-05    1.610558E-05    1.010665E-02 |    1.610558E-05
  -5.660659E-03   -1.694941E-03    9.408489E-05    7.927565E-05   -1.387975E-05   -8.555407E-03 |    1.387975E-05
  -4.755032E-03   -1.414893E-03    8.536150E-05    6.774588E-05   -1.180587E-05   -7.196610E-03 |    1.180587E-05
max(min|c_i|) =    1.706946E-05

1    3.333333E+00    6.666667E+00
  -1.104960E-02   -1.230089E-02    1.119395E-03    2.184236E-04   -2.465064E-05   -1.264591E-07   -7.942434E-02 |    1.264591E-07
   1.010665E-02    9.254875E-03   -1.465585E-03   -2.172328E-04    2.663112E-05    2.260917E-07    6.874249E-02 |    2.260917E-07
  -8.555407E-03   -6.950777E-03    1.427512E-03    1.881460E-04   -2.478985E-05   -2.400892E-07   -5.644062E-02 |    2.400892E-07
  -7.196610E-03   -5.408296E-03    1.291037E-03    1.593867E-04   -2.208664E-05   -2.245562E-07   -4.660093E-02 |    2.245562E-07
max(min|c_i|) =    2.400892E-07

2    6.666667E+00    1.000000E+01
  -7.942434E-02    8.166676E-04    1.740842E-03   -7.011166E-05   -8.873652E-06    9.223816E-07   -1.774020E-01 |    9.223816E-07
   6.874249E-02   -5.948255E-03   -1.874949E-03    1.025082E-04    1.004901E-05   -1.055026E-06    1.364085E-01 |    1.055026E-06
  -5.644062E-02    7.017575E-03    1.630356E-03   -1.114970E-04   -9.350226E-06    1.020858E-06   -1.045777E-01 |    1.020858E-06
  -4.660093E-02    6.799523E-03    1.371302E-03   -1.078348E-04   -8.229842E-06    9.341030E-07   -8.271299E-02 |    9.341030E-07
max(min|c_i|) =    1.055026E-06

3    1.000000E+01    1.333333E+01
  -1.774020E-01    9.892442E-03    5.494539E-04   -1.026209E-04    2.541799E-06    2.466693E-07   -2.460696E-01 |    2.466693E-07
   1.364085E-01   -1.446312E-02   -2.739421E-04    1.334002E-04   -3.722333E-06   -3.230089E-07    1.499490E-01 |    3.230089E-07
  -1.045777E-01    1.337765E-02   -2.168829E-05   -1.332589E-04    4.304390E-06    3.297053E-07   -9.850010E-02 |    3.297053E-07
  -8.271299E-02    1.150872E-02   -1.749259E-04   -1.215570E-04    4.411005E-06    3.079073E-07   -6.999568E-02 |    3.079073E-07
max(min|c_i|) =    3.297053E-07

4    1.333333E+01    2.000000E+01
  -2.460696E-01    3.375963E-02   -3.991489E-03   -3.227485E-04    9.111664E-05   -6.012445E-06   -2.385164E-01 |    6.012445E-06
   1.499490E-01   -3.172443E-02    7.860547E-03    2.339234E-04   -1.326857E-04    8.663385E-06    4.317477E-03 |    8.663385E-06
  -9.850010E-02    1.605974E-02   -9.178526E-03   -2.395719E-05    1.445138E-04   -9.993565E-06    4.571301E-02 |    9.993565E-06
  -6.999568E-02    6.569913E-03   -8.791233E-03    1.392654E-04    1.393908E-04   -1.036312E-05    5.362080E-02 |    1.036312E-05
max(min|c_i|) =    1.036312E-05

5    2.000000E+01    2.666667E+01
  -2.385164E-01    3.205098E-03   -2.846829E-03    2.810068E-04   -4.253508E-07   -2.085971E-06   -1.438455E-01 |    4.253508E-07
   4.317477E-03    1.817750E-02    3.595025E-03   -5.868103E-04    9.722557E-06    3.496233E-06   -1.628730E-01 |    3.496233E-06
   4.571301E-02   -3.340929E-02   -2.230541E-03    7.643271E-04   -2.302242E-05   -4.123553E-06    1.288684E-01 |    4.123553E-06
   5.362080E-02   -3.421987E-02   -6.241804E-04    7.919802E-04   -3.381714E-05   -4.140129E-06    8.783006E-02 |    4.140129E-06
max(min|c_i|) =    4.140129E-06

6    2.666667E+01    3.333333E+01
  -1.438455E-01   -7.773888E-03   -2.811265E-04    1.285821E-04   -1.124423E-05    3.103030E-07   -6.690828E-02 |    3.103030E-07
  -1.628730E-01    2.439357E-02   -1.256744E-03   -1.987047E-04    2.547984E-05   -8.060580E-07   -2.134381E-01 |    8.060580E-07
   1.288684E-01   -2.462689E-02    3.348788E-03    1.509480E-04   -3.656153E-05    1.402660E-06    5.569231E-02 |    1.402660E-06
   8.783006E-02   -1.425035E-02    4.381101E-03    4.245826E-05   -4.116377E-05    1.915877E-06   -9.371430E-03 |    1.915877E-06
max(min|c_i|) =    1.915877E-06

7    3.333333E+01    4.000000E+01
  -6.690828E-02   -6.390612E-03    4.251526E-04    1.014752E-05   -3.803003E-06    3.036515E-07   -2.640979E-02 |    3.036515E-07
  -2.134381E-01    1.071180E-02   -1.818223E-03    5.571197E-05    6.931546E-06   -7.580843E-07   -1.767014E-01 |    7.580843E-07
   5.569231E-02    1.124477E-03    2.702224E-03   -1.821351E-04   -6.352368E-06    1.194237E-06   -7.324023E-02 |    1.194237E-06
  -9.371430E-03    1.404217E-02    2.331597E-03   -2.887027E-04   -2.343697E-06    1.462216E-06   -1.016713E-01 |    1.462216E-06
max(min|c_i|) =    1.462216E-06

8    4.000000E+01    5.333333E+01
  -2.640979E-02   -8.918450E-03    1.989360E-03   -2.333579E-04    8.642700E-06    1.940559E-06   -3.019844E-03 |    1.940559E-06
  -1.767014E-01   -8.161694E-03   -3.861120E-03    9.826497E-04   -8.288296E-05   -1.913376E-06   -6.555101E-02 |    1.913376E-06
  -7.324023E-02    5.288598E-02   -1.226594E-03   -1.579267E-03    2.189054E-04   -3.424253E-06   -1.833326E-01 |    3.424253E-06
  -1.016713E-01    6.077219E-02   -1.024281E-02   -1.358254E-03    3.479504E-04   -1.371061E-05   -3.025698E-02 |    1.371061E-05
max(min|c_i|) =    1.371061E-05

9    5.333333E+01    6.666667E+01
  -3.019844E-03   -1.203450E-03    3.340005E-04   -5.793374E-05    6.843552E-06   -5.407738E-07   -2.664310E-04 |    5.407738E-07
  -6.555101E-02   -1.181622E-02    1.196011E-03    4.136625E-05   -2.425771E-05    2.958862E-06   -1.573453E-02 |    2.958862E-06
  -1.833326E-01    1.444587E-02   -5.145633E-03    3.910002E-04    2.609800E-05   -6.964828E-06   -1.197912E-01 |    6.964828E-06
  -3.025698E-02   -1.914841E-02   -6.024301E-03    1.102821E-03   -1.434323E-05   -1.021478E-05    1.302278E-01 |    1.021478E-05
max(min|c_i|) =    1.021478E-05

10    6.666667E+01    8.000000E+01
  -2.664310E-04   -1.154100E-04    3.526811E-05   -6.980880E-06    9.992278E-07   -1.086946E-07   -1.995141E-05 |    1.086946E-07
  -1.573453E-02   -3.886429E-03    6.832711E-04   -6.391131E-05    2.215357E-06    2.463757E-07   -2.942340E-03 |    2.463757E-07
  -1.197912E-01   -7.121488E-03   -7.534850E-04    2.400240E-04   -2.142439E-05    4.079207E-07   -4.966407E-02 |    4.079207E-07
   1.302278E-01   -2.670827E-02    2.431705E-03    2.487262E-04   -5.218384E-05    2.651153E-06    1.568333E-01 |    2.651153E-06
max(min|c_i|) =    2.651153E-06

11    8.000000E+01    1.066667E+02
  -1.995141E-05   -1.549237E-05    8.977123E-06   -3.603646E-06    1.095355E-06   -2.664219E-07   -8.217838E-08 |    8.217838E-08
  -2.942340E-03   -1.766461E-03    7.295212E-04   -1.934199E-04    3.569655E-05   -4.578832E-06   -6.596117E-05 |    4.578832E-06
  -4.966407E-02   -1.816545E-02    3.789471E-03   -2.140229E-04   -7.361735E-05    2.140982E-05   -4.296651E-03 |    2.140982E-05
   1.568333E-01   -1.124743E-03    1.025753E-02   -2.362205E-03    1.277226E-04    3.419826E-05    5.165682E-02 |    3.419826E-05
max(min|c_i|) =    3.419826E-05

12    1.066667E+02    1.333333E+02
  -8.217838E-08   -6.566492E-08    3.974875E-08   -1.687812E-08    5.487951E-09   -1.448792E-09   -2.613740E-10 |    2.613740E-10
  -6.596117E-05   -4.307191E-05    1.999555E-05   -6.222071E-06    1.434826E-06   -2.585869E-07   -1.032785E-06 |    2.585869E-07
  -4.296651E-03   -2.065163E-03    6.693228E-04   -1.336436E-04    1.745073E-05   -1.336699E-06   -2.234994E-04 |    1.336699E-06
   5.165682E-02    1.380088E-02   -1.956771E-03   -3.394789E-05    5.411086E-05   -9.028199E-06    7.579767E-03 |    9.028199E-06
max(min|c_i|) =    9.028199E-06

13    1.333333E+02    1.600000E+02
  -2.613740E-10   -2.122049E-10    1.315873E-10   -5.759049E-11    1.939197E-11   -5.332440E-12   -7.060849E-13 |    7.060849E-13
  -1.032785E-06   -7.033424E-07    3.454659E-07   -1.154046E-07    2.901304E-08   -5.816833E-09   -1.296496E-08 |    5.816833E-09
  -2.234994E-04   -1.197258E-04    4.456782E-05   -1.081982E-05    1.900951E-06   -2.532343E-07   -8.636018E-06 |    2.532343E-07
   7.579767E-03    2.819562E-03   -7.048768E-04    1.016559E-04   -8.115682E-06    5.650094E-08    7.338119E-04 |    5.650094E-08
max(min|c_i|) =    2.532343E-07

14    1.600000E+02    1.760000E+02
  -7.060849E-13   -4.204788E-13    1.787795E-13   -5.128229E-14    1.119742E-14   -1.776710E-15   -1.915318E-14 |    1.776710E-15
  -1.296496E-08   -5.938433E-09    1.944053E-09   -4.222606E-10    6.842886E-11   -8.808741E-12   -8.697417E-10 |    8.808741E-12
  -8.636018E-06   -2.904775E-06    7.230602E-07   -1.169465E-07    1.384250E-08   -1.273231E-09   -1.111009E-06 |    1.273231E-09
   7.338119E-04    1.671567E-04   -2.998187E-05    3.335570E-06   -2.537956E-07    1.327877E-08    1.585267E-04 |    1.327877E-08
max(min|c_i|) =    1.327877E-08

15    1.760000E+02    1.936000E+02
  -1.915318E-14   -1.235195E-14    5.694445E-15   -1.951415E-15    4.023318E-16   -2.688717E-16   -3.423868E-16 |    2.688717E-16
  -8.697417E-10   -4.441412E-10    1.612386E-10   -3.909887E-11    7.103871E-12   -1.030512E-12   -4.234264E-11 |    1.030512E-12
  -1.111009E-06   -4.318250E-07    1.216550E-07   -2.246656E-08    3.062707E-09   -3.278557E-10   -1.090775E-07 |    3.278557E-10
   1.585267E-04    4.406140E-05   -9.303867E-06    1.248623E-06   -1.191731E-07    8.464914E-09    2.699364E-05 |    8.464914E-09
max(min|c_i|) =    8.464914E-09

16    1.936000E+02    2.129600E+02
  -3.423868E-16   -2.202317E-16    1.529972E-16   -1.130099E-16    3.032393E-17   -3.826573E-17   -3.522017E-18 |    3.522017E-18
  -4.234264E-11   -2.385097E-11    9.556497E-12   -2.575923E-12    5.227192E-13   -8.491805E-14   -1.449192E-12 |    8.491805E-14
  -1.090775E-07   -4.827573E-08    1.527822E-08   -3.194482E-09    4.962763E-10   -6.096942E-11   -7.962192E-09 |    6.096942E-11
   2.699364E-05    8.933649E-06   -2.182637E-06    3.441984E-07   -3.938596E-08    3.460251E-09    3.546148E-06 |    3.460251E-09
max(min|c_i|) =    3.460251E-09

17    2.129600E+02    2.342560E+02
  -3.522017E-18    1.187611E-17    3.107051E-18    4.175224E-18    1.096664E-17   -6.873478E-18    4.426574E-18 |    3.107051E-18
  -1.449192E-12   -8.913832E-13    3.922629E-13   -1.169025E-13    2.646596E-14   -4.767091E-15   -3.359360E-14 |    4.767091E-15
  -7.962192E-09   -3.959057E-09    1.398589E-09   -3.287834E-10    5.775842E-11   -8.063936E-12   -4.192655E-10 |    8.063936E-12
   3.546148E-06    1.368619E-06   -3.824473E-07    6.961015E-08   -9.329118E-09    9.727598E-10    3.490623E-07 |    9.727598E-10
max(min|c_i|) =    9.727598E-10

18    2.342560E+02    2.576816E+02
   4.426574E-18   -8.178675E-18    4.462824E-18   -3.322317E-18    5.546912E-18   -4.327188E-18 |    3.322317E-18
  -3.359360E-14   -2.215255E-14    1.098217E-14   -3.519722E-15    9.600267E-16   -2.171828E-16 |    2.171828E-16
  -4.192655E-10   -2.231074E-10    9.423344E-11   -2.293956E-11    4.901140E-12   -7.108395E-13 |    7.108395E-13
   3.490623E-07    1.439594E-07   -5.278902E-08    9.386204E-09   -1.711140E-09    1.724902E-10 |    1.724902E-10
max(min|c_i|) =    1.724902E-10

----- EIGENVALUES -----
EIGENVALUE n=0 -3.106846094E-02
EIGENVALUE n=1 -1.990725618E-02
EIGENVALUE n=2 -1.383527604E-02
EIGENVALUE n=3 -1.017033958E-02

ALL_EIGENVALUES: | 11 | 113 |  -3.106846094E-02 | -1.990725618E-02 | -1.383527604E-02 | -1.017033958E-02 |

DATETIME: 08 Sep 2026 20:42:28

=== END OF LOG FILE ===
