===============================================================================
 EEEEE I   GGG  EEEEE N   N RRRR   AAA  DDDD         Zbigniew Romanowski       
 E     I  G     E     NN  N R   R A   A D   D                                  
 EEE   I  G  GG EEE   N N N RRRR  AAAAA D   D        romz@wp.pl                
 E     I  G   G E     N  NN R  R  A   A D   D                                  
 EEEEE I   GGG  EEEEE N   N R   R A   A DDDD         https://github.com/romz-pl
===============================================================================



DATETIME: 04 Sep 2026 10:49:10



========== ADAPTIVE STEP 0 ==========
Number of elements: 3
Degrees of freedom: 17
Domain: [0, 8.000000000E+01]

0    0.000000E+00    2.666667E+01
  -2.281407E-01    5.923699E-01   -1.070705E+00    1.042490E+00   -1.004840E+00   -1.626263E-02 |    1.626263E-02
   2.750578E-01   -2.760337E-01   -2.895090E-01    7.302345E-01   -7.287601E-01   -3.743024E-03 |    3.743024E-03
   1.575680E-01    3.572958E-01   -1.430938E-01   -4.525047E-01    5.399926E-01   -1.042916E-01 |    1.042916E-01
   2.491594E-01    1.145142E-01   -2.584351E-01   -2.671122E-01    4.065953E-01    2.316324E-01 |    1.145142E-01
max(min|c_i|) =    1.145142E-01

1    2.666667E+01    5.333333E+01
  -1.626263E-02   -1.813905E-02    1.863328E-02   -1.672158E-02    1.132088E-02   -8.063377E-03   -1.218539E-04 |    1.218539E-04
  -3.743024E-03   -3.641961E-03    2.999822E-03   -1.856760E-03    8.962958E-04   -3.636709E-04   -8.785143E-07 |    8.785143E-07
  -1.042916E-01   -7.577689E-02    3.673038E-02   -9.610503E-03    5.194275E-04    6.997201E-04   -3.998941E-04 |    3.998941E-04
   2.316324E-01   -1.709695E-02    8.326653E-02   -3.838646E-02    5.924109E-03    1.189405E-03    2.724083E-02 |    1.189405E-03
max(min|c_i|) =    1.189405E-03

2    5.333333E+01    8.000000E+01
  -1.218539E-04   -1.352536E-04    1.416839E-04   -1.262644E-04    8.735901E-05   -6.223358E-05 |    6.223358E-05
  -8.785143E-07   -8.763096E-07    7.575166E-07   -5.032433E-07    2.650767E-07   -1.218498E-07 |    1.218498E-07
  -3.998941E-04   -3.390348E-04    2.233644E-04   -1.032781E-04    3.650700E-05   -1.026705E-05 |    1.026705E-05
   2.724083E-02    1.684557E-02   -7.312907E-03    1.732093E-03   -2.613232E-04   -3.771889E-06 |    3.771889E-06
max(min|c_i|) =    6.223358E-05

----- EIGENVALUES -----
EIGENVALUE n=0 -3.470523793E-01
EIGENVALUE n=1 -9.927796844E-02
EIGENVALUE n=2 -4.648316022E-02
EIGENVALUE n=3 -2.695435920E-02

ALL_EIGENVALUES: | 0 | 17 |  -3.470523793E-01 | -9.927796844E-02 | -4.648316022E-02 | -2.695435920E-02 |

----- ELEMENTS TO SPLIT -----
0


========== ADAPTIVE STEP 1 ==========
Number of elements: 4
Degrees of freedom: 23
Domain: [0, 8.000000000E+01]

0    0.000000E+00    1.333333E+01
  -3.734495E-01    9.638497E-01   -1.324507E+00    1.147618E+00   -7.932478E-01   -3.037144E-03 |    3.037144E-03
   3.941115E-01    1.343277E-01   -7.522197E-01    7.399964E-01   -4.067850E-01   -7.256123E-02 |    7.256123E-02
   2.386475E-01   -1.739966E-01   -4.348354E-01    5.048878E-01   -2.535004E-01    3.168373E-01 |    1.739966E-01
   3.441257E-02   -2.011107E-01   -2.650903E-01    3.621974E-01   -1.761811E-01    1.091582E-01 |    3.441257E-02
max(min|c_i|) =    1.739966E-01

1    1.333333E+01    2.666667E+01
  -3.037144E-03   -3.098559E-03    2.782547E-03   -1.955120E-03    1.087765E-03   -5.388972E-04   -1.954775E-06 |    1.954775E-06
  -7.256123E-02   -5.215728E-02    2.609589E-02   -8.111904E-03    1.511695E-03   -6.336622E-05   -4.370840E-04 |    6.336622E-05
   3.168373E-01    9.635644E-03    5.297324E-02   -2.314591E-02    3.956483E-03    8.318855E-05    5.312294E-02 |    8.318855E-05
   1.091582E-01    1.785345E-01    3.598586E-02   -3.327274E-02    6.113521E-03    2.057683E-04   -2.456755E-01 |    2.057683E-04
max(min|c_i|) =    2.057683E-04

2    2.666667E+01    5.333333E+01
  -1.954775E-06   -2.222738E-06    2.318938E-06   -2.196441E-06    1.519029E-06   -1.173926E-06   -2.355806E-08 |    2.355806E-08
  -4.370840E-04   -4.404500E-04    3.865296E-04   -2.621458E-04    1.400430E-04   -6.526188E-05   -2.179478E-07 |    2.179478E-07
   5.312294E-02    4.300699E-02   -2.547878E-02    9.735753E-03   -2.368194E-03    2.337889E-04    7.633774E-05 |    7.633774E-05
  -2.456755E-01   -7.516930E-02   -2.325025E-02    2.776940E-02   -9.830959E-03    1.453065E-03   -1.073127E-02 |    1.453065E-03
max(min|c_i|) =    1.453065E-03

3    5.333333E+01    8.000000E+01
  -2.355806E-08   -2.650964E-08    2.840646E-08   -2.639456E-08    1.876766E-08   -1.429691E-08 |    1.429691E-08
  -2.179478E-07   -2.231886E-07    2.023638E-07   -1.437950E-07    8.126057E-08   -4.107263E-08 |    4.107263E-08
   7.633774E-05    6.804092E-05   -4.848648E-05    2.487237E-05   -9.870632E-06    3.200252E-06 |    3.200252E-06
  -1.073127E-02   -7.473536E-03    3.754189E-03   -1.169373E-03    2.615957E-04   -3.456272E-05 |    3.456272E-05
max(min|c_i|) =    3.456272E-05

----- EIGENVALUES -----
EIGENVALUE n=0 -4.681448160E-01
EIGENVALUE n=1 -1.225163459E-01
EIGENVALUE n=2 -5.497548031E-02
EIGENVALUE n=3 -3.103284031E-02

ALL_EIGENVALUES: | 1 | 23 |  -4.681448160E-01 | -1.225163459E-01 | -5.497548031E-02 | -3.103284031E-02 |

----- ELEMENTS TO SPLIT -----
0


========== ADAPTIVE STEP 2 ==========
Number of elements: 5
Degrees of freedom: 29
Domain: [0, 8.000000000E+01]

0    0.000000E+00    6.666667E+00
   7.063421E-01   -1.197775E+00    9.982111E-01   -5.438115E-01    2.156165E-01   -1.705376E-02 |    1.705376E-02
  -1.466073E-02    6.331801E-01   -4.989006E-01    2.006979E-01   -5.175107E-02   -3.925172E-01 |    1.466073E-02
   1.284175E-01    3.652378E-01   -3.075587E-01    1.099428E-01   -2.326108E-02   -4.271523E-02 |    2.326108E-02
  -1.056520E-01   -2.345998E-01    2.104285E-01   -7.183096E-02    1.374083E-02   -3.628199E-03 |    3.628199E-03
max(min|c_i|) =    2.326108E-02

1    6.666667E+00    1.333333E+01
  -1.705376E-02   -1.374004E-02    8.347383E-03   -3.511102E-03    1.104697E-03   -2.705359E-04   -4.382420E-05 |    4.382420E-05
  -3.925172E-01   -5.999300E-02   -1.869369E-02    1.199070E-02   -2.774272E-03    3.185138E-04   -6.813856E-02 |    3.185138E-04
  -4.271523E-02   -1.592693E-01   -1.158848E-02    1.481539E-02   -2.865366E-03    1.600661E-04    3.181735E-01 |    1.600661E-04
  -3.628199E-03    1.717448E-01   -1.251710E-03   -1.360246E-02    2.556448E-03   -7.940520E-05   -1.044502E-01 |    7.940520E-05
max(min|c_i|) =    3.185138E-04

2    1.333333E+01    2.666667E+01
  -4.382420E-05   -4.503783E-05    4.096781E-05   -2.934304E-05    1.664381E-05   -8.477872E-06   -3.406416E-08 |    3.406416E-08
  -6.813856E-02   -4.952385E-02    2.522166E-02   -8.062205E-03    1.590144E-03   -1.031036E-04   -3.782596E-04 |    1.031036E-04
   3.181735E-01    1.558292E-02    5.050169E-02   -2.301753E-02    4.143162E-03    1.328473E-05    5.090327E-02 |    1.328473E-05
  -1.044502E-01   -1.839964E-01   -3.219525E-02    3.293536E-02   -6.343744E-03   -1.262875E-04    2.450331E-01 |    1.262875E-04
max(min|c_i|) =    1.262875E-04

3    2.666667E+01    5.333333E+01
  -3.406416E-08   -3.888076E-08    4.064970E-08   -3.890954E-08    2.698626E-08   -2.118563E-08   -4.484736E-10 |    4.484736E-10
  -3.782596E-04   -3.822526E-04    3.371662E-04   -2.303878E-04    1.240651E-04   -5.846948E-05   -2.024589E-07 |    2.024589E-07
   5.090327E-02    4.142388E-02   -2.477043E-02    9.608441E-03   -2.405026E-03    2.689334E-04    6.893145E-05 |    6.893145E-05
   2.450331E-01    7.801801E-02    2.069135E-02   -2.697375E-02    9.829806E-03   -1.535318E-03    1.024726E-02 |    1.535318E-03
max(min|c_i|) =    1.535318E-03

4    5.333333E+01    8.000000E+01
  -4.484736E-10   -5.059406E-10    5.443468E-10   -5.097586E-10    3.641453E-10   -2.809238E-10 |    2.809238E-10
  -2.024589E-07   -2.077815E-07    1.891485E-07   -1.351787E-07    7.684134E-08   -3.916016E-08 |    3.916016E-08
   6.893145E-05    6.160287E-05   -4.408750E-05    2.274399E-05   -9.082862E-06    2.967312E-06 |    2.967312E-06
   1.024726E-02    7.170004E-03   -3.623192E-03    1.139731E-03   -2.581104E-04    3.514041E-05 |    3.514041E-05
max(min|c_i|) =    3.514041E-05

----- EIGENVALUES -----
EIGENVALUE n=0 -4.987495778E-01
EIGENVALUE n=1 -1.249187332E-01
EIGENVALUE n=2 -5.553314354E-02
EIGENVALUE n=3 -3.124066892E-02

ALL_EIGENVALUES: | 2 | 29 |  -4.987495778E-01 | -1.249187332E-01 | -5.553314354E-02 | -3.124066892E-02 |

----- ELEMENTS TO SPLIT -----
0


========== ADAPTIVE STEP 3 ==========
Number of elements: 6
Degrees of freedom: 35
Domain: [0, 8.000000000E+01]

0    0.000000E+00    3.333333E+00
   9.502793E-01   -7.638946E-01    3.126342E-01   -7.951293E-02    5.513205E-03   -2.382578E-01 |    5.513205E-03
   4.223223E-01   -3.524525E-01    1.058074E-01   -1.629511E-02   -2.194561E-03    2.963079E-01 |    2.194561E-03
   2.167150E-01   -2.077947E-01    5.726246E-02   -7.143246E-03   -1.654706E-03    1.684179E-01 |    1.654706E-03
   1.371499E-01   -1.386908E-01    3.722248E-02   -4.206080E-03   -1.182702E-03    1.100107E-01 |    1.182702E-03
max(min|c_i|) =    5.513205E-03

1    3.333333E+00    6.666667E+00
  -2.382578E-01   -9.926922E-02    2.584395E-02   -3.003046E-03   -2.218247E-04    1.758860E-04   -1.704066E-02 |    1.758860E-04
   2.963079E-01   -1.481513E-01    2.893690E-02    3.003786E-04   -9.079968E-04    1.843058E-04    3.925150E-01 |    1.843058E-04
   1.684179E-01   -1.133772E-01    2.531018E-02    7.984741E-04   -7.667107E-04    1.212545E-04    4.268122E-02 |    1.212545E-04
   1.100107E-01   -7.456272E-02    2.029123E-02    6.588869E-04   -5.910243E-04    8.433337E-05   -3.649288E-03 |    8.433337E-05
max(min|c_i|) =    1.843058E-04

2    6.666667E+00    1.333333E+01
  -1.704066E-02   -1.373524E-02    8.349741E-03   -3.514903E-03    1.106956E-03   -2.714228E-04   -4.357874E-05 |    4.357874E-05
   3.925150E-01    6.002496E-02    1.868049E-02   -1.198909E-02    2.774601E-03   -3.186839E-04    6.811982E-02 |    3.186839E-04
   4.268122E-02    1.592878E-01    1.157798E-02   -1.481437E-02    2.865657E-03   -1.601671E-04   -3.181784E-01 |    1.601671E-04
  -3.649288E-03    1.717535E-01   -1.260774E-03   -1.360153E-02    2.556698E-03   -7.948161E-05   -1.044326E-01 |    7.948161E-05
max(min|c_i|) =    3.186839E-04

3    1.333333E+01    2.666667E+01
  -4.357874E-05   -4.479219E-05    4.075493E-05   -2.920197E-05    1.657024E-05   -8.445187E-06   -3.400436E-08 |    3.400436E-08
   6.811982E-02    4.951287E-02   -2.521821E-02    8.062173E-03   -1.590553E-03    1.032952E-04    3.780042E-04 |    1.032952E-04
  -3.181784E-01   -1.560439E-02   -5.049268E-02    2.301702E-02   -4.143827E-03   -1.303120E-05   -5.089538E-02 |    1.303120E-05
  -1.044326E-01   -1.840157E-01   -3.218135E-02    3.293402E-02   -6.344557E-03   -1.259976E-04    2.450304E-01 |    1.259976E-04
max(min|c_i|) =    1.259976E-04

4    2.666667E+01    5.333333E+01
  -3.400436E-08   -3.881552E-08    4.058313E-08   -3.885418E-08    2.694932E-08   -2.116342E-08   -4.484905E-10 |    4.484905E-10
   3.780042E-04    3.819998E-04   -3.369515E-04    2.302495E-04   -1.239954E-04    5.843981E-05    2.023920E-07 |    2.023920E-07
  -5.089538E-02   -4.141824E-02    2.476788E-02   -9.607972E-03    2.405151E-03   -2.690580E-04   -6.890581E-05 |    6.890581E-05
   2.450304E-01    7.802810E-02    2.068206E-02   -2.697080E-02    9.829767E-03   -1.535609E-03    1.024553E-02 |    1.535609E-03
max(min|c_i|) =    1.535609E-03

5    5.333333E+01    8.000000E+01
  -4.484905E-10   -5.059856E-10    5.444397E-10   -5.099265E-10    3.642990E-10   -2.811145E-10 |    2.811145E-10
   2.023920E-07    2.077150E-07   -1.890917E-07    1.351419E-07   -7.682259E-08    3.915217E-08 |    3.915217E-08
  -6.890581E-05   -6.158054E-05    4.407221E-05   -2.273657E-05    9.080106E-06   -2.966494E-06 |    2.966494E-06
   1.024553E-02    7.168908E-03   -3.622717E-03    1.139622E-03   -2.580971E-04    3.514233E-05 |    3.514233E-05
max(min|c_i|) =    3.514233E-05

----- EIGENVALUES -----
EIGENVALUE n=0 -4.994060234E-01
EIGENVALUE n=1 -1.249305957E-01
EIGENVALUE n=2 -5.553519148E-02
EIGENVALUE n=3 -3.124143027E-02

ALL_EIGENVALUES: | 3 | 35 |  -4.994060234E-01 | -1.249305957E-01 | -5.553519148E-02 | -3.124143027E-02 |

----- ELEMENTS TO SPLIT -----
0
4


========== ADAPTIVE STEP 4 ==========
Number of elements: 8
Degrees of freedom: 47
Domain: [0, 8.000000000E+01]

0    0.000000E+00    1.666667E+00
  -6.863524E-01    2.481245E-01   -4.109852E-02   -8.449143E-03    1.787758E-02    6.296514E-01 |    8.449143E-03
  -3.047256E-01    9.111409E-02   -9.392850E-03   -4.390648E-03    6.517285E-03    8.555952E-02 |    4.390648E-03
   1.704535E-01   -5.071246E-02    4.460413E-03    2.544960E-03   -3.563951E-03   -3.494721E-02 |    2.544960E-03
  -1.116818E-01    3.322535E-02   -2.744293E-03   -1.689365E-03    2.318391E-03    2.015371E-02 |    1.689365E-03
max(min|c_i|) =    8.449143E-03

1    1.666667E+00    3.333333E+00
   6.296514E-01    3.614531E-02    1.261391E-02   -4.623816E-03    7.829362E-04   -9.039502E-05    2.380441E-01 |    9.039502E-05
   8.555952E-02    3.298469E-02    1.220384E-02   -2.837041E-03    2.982555E-04   -2.063800E-05   -2.965640E-01 |    2.063800E-05
  -3.494721E-02   -2.917197E-02   -8.102588E-03    1.783755E-03   -1.587286E-04    8.845111E-06    1.685143E-01 |    8.845111E-06
   2.015371E-02    2.167311E-02    5.551002E-03   -1.227928E-03    1.018733E-04   -5.088206E-06   -1.100614E-01 |    5.088206E-06
max(min|c_i|) =    9.039502E-05

2    3.333333E+00    6.666667E+00
   2.380441E-01    9.923191E-02   -2.585285E-02    3.009917E-03    2.200090E-04   -1.756131E-04    1.700640E-02 |    1.756131E-04
  -2.965640E-01    1.481206E-01   -2.896261E-02   -2.926860E-04    9.071492E-04   -1.843029E-04   -3.924478E-01 |    1.843029E-04
   1.685143E-01   -1.133336E-01    2.533166E-02    7.927398E-04   -7.662763E-04    1.212807E-04    4.249450E-02 |    1.212807E-04
  -1.100614E-01    7.451845E-02   -2.030682E-02   -6.545636E-04    5.907435E-04   -8.435825E-05    3.779989E-03 |    8.435825E-05
max(min|c_i|) =    1.843029E-04

3    6.666667E+00    1.333333E+01
   1.700640E-02    1.371000E-02   -8.336572E-03    3.510518E-03   -1.106013E-03    2.713296E-04    4.340397E-05 |    4.340397E-05
  -3.924478E-01   -6.011577E-02   -1.863627E-02    1.198219E-02   -2.775200E-03    3.191674E-04   -6.805066E-02 |    3.191674E-04
   4.249450E-02    1.593824E-01    1.152045E-02   -1.480824E-02    2.867134E-03   -1.607110E-04   -3.181935E-01 |    1.607110E-04
   3.779989E-03   -1.718055E-01    1.316947E-03    1.359562E-02   -2.558217E-03    7.995441E-05    1.043223E-01 |    7.995441E-05
max(min|c_i|) =    3.191674E-04

4    1.333333E+01    2.666667E+01
   4.340397E-05    4.461622E-05   -4.059746E-05    2.909508E-05   -1.651152E-05    8.417611E-06    3.482978E-08 |    3.482978E-08
  -6.805066E-02   -4.947100E-02    2.520343E-02   -8.060866E-03    1.591577E-03   -1.038825E-04   -3.773484E-04 |    1.038825E-04
  -3.181935E-01   -1.572063E-02   -5.044180E-02    2.301338E-02   -4.147294E-03   -1.165127E-05   -5.085061E-02 |    1.165127E-05
   1.043223E-01    1.841336E-01    3.209489E-02   -3.292532E-02    6.349529E-03    1.241992E-04   -2.450108E-01 |    1.241992E-04
max(min|c_i|) =    1.241992E-04

5    2.666667E+01    4.000000E+01
   3.482978E-08    3.604648E-08   -3.320631E-08    2.426191E-08   -1.405990E-08    7.405235E-09    3.271741E-11 |    3.271741E-11
  -3.773484E-04   -3.019685E-04    1.824495E-04   -7.684756E-05    2.455654E-05   -6.282151E-06   -1.112089E-06 |    1.112089E-06
  -5.085061E-02   -2.476398E-02    7.701511E-03   -1.288881E-03    7.116961E-05    2.195792E-05   -2.318170E-03 |    2.195792E-05
  -2.450108E-01   -3.179452E-03   -1.688133E-02    4.727332E-03   -4.443312E-04   -3.848768E-05   -7.373844E-02 |    3.848768E-05
max(min|c_i|) =    3.848768E-05

6    4.000000E+01    5.333333E+01
   3.271741E-11    3.393599E-11   -3.138945E-11    2.307614E-11   -1.345906E-11    7.158536E-12    3.153559E-14 |    3.153559E-14
  -1.112089E-06   -9.134003E-07    5.754419E-07   -2.562884E-07    8.778289E-08   -2.453142E-08   -2.555283E-09 |    2.555283E-09
  -2.318170E-03   -1.323385E-03    5.242553E-04   -1.352040E-04    2.497439E-05   -3.409850E-06   -6.888966E-05 |    3.409850E-06
  -7.373844E-02   -2.101057E-02    3.441041E-03   -8.431933E-05   -6.845905E-05    1.475159E-05   -1.023461E-02 |    1.475159E-05
max(min|c_i|) =    1.475159E-05

7    5.333333E+01    8.000000E+01
   3.153559E-14    3.557899E-14   -3.828403E-14    3.586004E-14   -2.561970E-14    1.977183E-14 |    1.977183E-14
  -2.555283E-09   -2.622576E-09    2.387585E-09   -1.706532E-09    9.701795E-10   -4.945082E-10 |    4.945082E-10
  -6.888966E-05   -6.156934E-05    4.406793E-05   -2.273690E-05    9.081368E-06   -2.967352E-06 |    2.967352E-06
  -1.023461E-02   -7.162024E-03    3.619722E-03   -1.138931E-03    2.580112E-04   -3.515376E-05 |    3.515376E-05
max(min|c_i|) =    3.515376E-05

----- EIGENVALUES -----
EIGENVALUE n=0 -4.996777409E-01
EIGENVALUE n=1 -1.249677631E-01
EIGENVALUE n=2 -5.554633811E-02
EIGENVALUE n=3 -3.124615166E-02

ALL_EIGENVALUES: | 4 | 47 |  -4.996777409E-01 | -1.249677631E-01 | -5.554633811E-02 | -3.124615166E-02 |

----- ELEMENTS TO SPLIT -----
0


========== ADAPTIVE STEP 5 ==========
Number of elements: 9
Degrees of freedom: 53
Domain: [0, 8.000000000E+01]

0    0.000000E+00    8.333333E-01
   3.061583E-01   -4.496524E-02   -1.030084E-02    1.408476E-02   -6.837813E-03   -7.242120E-01 |    6.837813E-03
  -1.241057E-01    1.381728E-02    4.378206E-03   -5.039835E-03    2.420145E-03    2.266021E-01 |    2.420145E-03
   6.906934E-02   -7.353100E-03   -2.467421E-03    2.748894E-03   -1.317422E-03   -1.204785E-01 |    1.317422E-03
   4.520224E-02   -4.739719E-03   -1.622241E-03    1.786705E-03   -8.556944E-04   -7.760592E-02 |    8.556944E-04
max(min|c_i|) =    6.837813E-03

1    8.333333E-01    1.666667E+00
  -7.242120E-01    6.483699E-02   -1.569310E-02    1.715165E-03   -1.189909E-04    4.343087E-06   -6.295460E-01 |    4.343087E-06
   2.266021E-01   -3.520764E-02    7.318683E-03   -5.489716E-04    2.370418E-05   -1.263866E-07    8.536049E-02 |    1.263866E-07
  -1.204785E-01    1.956651E-02   -4.302510E-03    2.891472E-04   -1.033256E-05   -7.430788E-08   -3.483224E-02 |    7.430788E-08
  -7.760592E-02    1.276448E-02   -2.872258E-03    1.856731E-04   -6.073011E-06   -8.072319E-08   -2.007794E-02 |    8.072319E-08
max(min|c_i|) =    4.343087E-06

2    1.666667E+00    3.333333E+00
  -6.295460E-01   -3.624735E-02   -1.258996E-02    4.622302E-03   -7.832481E-04    9.049307E-05   -2.378472E-01 |    9.049307E-05
   8.536049E-02    3.306014E-02    1.219290E-02   -2.837297E-03    2.984782E-04   -2.067318E-05   -2.967892E-01 |    2.067318E-05
  -3.483224E-02   -2.922103E-02   -8.095498E-03    1.783996E-03   -1.588619E-04    8.863639E-06    1.685976E-01 |    8.863639E-06
  -2.007794E-02   -2.170587E-02   -5.545919E-03    1.228096E-03   -1.019626E-04    5.100075E-06    1.101051E-01 |    5.100075E-06
max(min|c_i|) =    9.049307E-05

3    3.333333E+00    6.666667E+00
  -2.378472E-01   -9.919982E-02    2.586248E-02   -3.016674E-03   -2.182629E-04    1.753562E-04   -1.697402E-02 |    1.753562E-04
  -2.967892E-01    1.480942E-01   -2.898519E-02   -2.859502E-04    9.064092E-04   -1.843009E-04   -3.923902E-01 |    1.843009E-04
   1.685976E-01   -1.132960E-01    2.535022E-02    7.877878E-04   -7.659013E-04    1.213033E-04    4.233325E-02 |    1.213033E-04
   1.101051E-01   -7.448042E-02    2.032023E-02    6.508468E-04   -5.905023E-04    8.437967E-05   -3.892374E-03 |    8.437967E-05
max(min|c_i|) =    1.843009E-04

4    6.666667E+00    1.333333E+01
  -1.697402E-02   -1.368619E-02    8.324193E-03   -3.506425E-03    1.105147E-03   -2.712502E-04   -4.323741E-05 |    4.323741E-05
  -3.923902E-01   -6.019544E-02   -1.859760E-02    1.197619E-02   -2.775733E-03    3.195916E-04   -6.799038E-02 |    3.195916E-04
   4.233325E-02    1.594641E-01    1.147078E-02   -1.480295E-02    2.868409E-03   -1.611807E-04   -3.182068E-01 |    1.611807E-04
  -3.892374E-03    1.718503E-01   -1.365242E-03   -1.359055E-02    2.559524E-03   -8.036092E-05   -1.042276E-01 |    8.036092E-05
max(min|c_i|) =    3.195916E-04

5    1.333333E+01    2.666667E+01
  -4.323741E-05   -4.444763E-05    4.044824E-05   -2.899266E-05    1.645595E-05   -8.391184E-06   -3.475051E-08 |    3.475051E-08
  -6.799038E-02   -4.943439E-02    2.519065E-02   -8.059710E-03    1.592489E-03   -1.043934E-04   -3.766007E-04 |    1.043934E-04
  -3.182068E-01   -1.582096E-02   -5.039790E-02    2.301024E-02   -4.150287E-03   -1.046004E-05   -5.081199E-02 |    1.046004E-05
  -1.042276E-01   -1.842351E-01   -3.202058E-02    3.291786E-02   -6.353806E-03   -1.226534E-04    2.449942E-01 |    1.226534E-04
max(min|c_i|) =    1.226534E-04

6    2.666667E+01    4.000000E+01
  -3.475051E-08   -3.596636E-08    3.313554E-08   -2.421359E-08    1.403379E-08   -7.392967E-09   -3.269003E-11 |    3.269003E-11
  -3.766007E-04   -3.013965E-04    1.821272E-04   -7.672378E-05    2.452132E-05   -6.274415E-06   -1.108792E-06 |    1.108792E-06
  -5.081199E-02   -2.475001E-02    7.699234E-03   -1.289158E-03    7.137517E-05    2.191109E-05   -2.315158E-03 |    2.191109E-05
   2.449942E-01    3.221517E-03    1.686915E-02   -4.727072E-03    4.448116E-04    3.837746E-05    7.369691E-02 |    3.837746E-05
max(min|c_i|) =    3.837746E-05

7    4.000000E+01    5.333333E+01
  -3.269003E-11   -3.390933E-11    3.136756E-11   -2.306316E-11    1.345323E-11   -7.156814E-12   -3.155261E-14 |    3.155261E-14
  -1.108792E-06   -9.107600E-07    5.738408E-07   -2.556085E-07    8.756242E-08   -2.447362E-08   -2.545299E-09 |    2.545299E-09
  -2.315158E-03   -1.321826E-03    5.237112E-04   -1.350867E-04    2.495796E-05   -3.408573E-06   -6.876701E-05 |    3.408573E-06
   7.369691E-02    2.100472E-02   -3.441732E-03    8.479608E-05    6.837253E-05   -1.474469E-05    1.022527E-02 |    1.474469E-05
max(min|c_i|) =    1.474469E-05

8    5.333333E+01    8.000000E+01
  -3.155261E-14   -3.559874E-14    3.830698E-14   -3.588292E-14    2.563744E-14   -1.978734E-14 |    1.978734E-14
  -2.545299E-09   -2.612405E-09    2.378453E-09   -1.700135E-09    9.666179E-10   -4.927469E-10 |    4.927469E-10
  -6.876701E-05   -6.146250E-05    4.399469E-05   -2.270131E-05    9.068122E-06   -2.963408E-06 |    2.963408E-06
   1.022527E-02    7.156138E-03   -3.617163E-03    1.138341E-03   -2.579384E-04    3.516369E-05 |    3.516369E-05
max(min|c_i|) =    3.516369E-05

----- EIGENVALUES -----
EIGENVALUE n=0 -4.999405649E-01
EIGENVALUE n=1 -1.250003211E-01
EIGENVALUE n=2 -5.555596513E-02
EIGENVALUE n=3 -3.125021005E-02

ALL_EIGENVALUES: | 5 | 53 |  -4.999405649E-01 | -1.250003211E-01 | -5.555596513E-02 | -3.125021005E-02 |

----- ELEMENTS TO SPLIT -----
0


========== ADAPTIVE STEP 6 ==========
Number of elements: 10
Degrees of freedom: 59
Domain: [0, 8.000000000E+01]

0    0.000000E+00    4.166667E-01
   9.817299E-02    4.783596E-03   -7.344600E-03    1.373345E-03    2.325224E-04   -5.509072E-01 |    2.325224E-04
   3.746358E-02    2.247567E-03   -2.660940E-03    4.892199E-04    8.305813E-05   -1.899375E-01 |    8.305813E-05
  -2.066636E-02   -1.277761E-03    1.455317E-03   -2.666174E-04   -4.529845E-05    1.029021E-01 |    4.529845E-05
   1.348525E-02    8.422005E-04   -9.468407E-04    1.732435E-04    2.944216E-05   -6.672628E-02 |    2.944216E-05
max(min|c_i|) =    2.325224E-04

1    4.166667E-01    8.333333E-01
  -5.509072E-01    5.168931E-02   -4.633661E-03    3.473508E-04   -9.860342E-05    2.690179E-05   -7.242137E-01 |    2.690179E-05
  -1.899375E-01    2.303109E-02   -1.626909E-03    9.247380E-05   -3.212991E-05    9.369652E-06   -2.266020E-01 |    9.369652E-06
   1.029021E-01   -1.297191E-02    8.935209E-04   -4.660457E-05    1.720709E-05   -5.086926E-06    1.204784E-01 |    5.086926E-06
  -6.672628E-02    8.522409E-03   -5.825826E-04    2.939342E-05   -1.111151E-05    3.301104E-06   -7.760580E-02 |    3.301104E-06
max(min|c_i|) =    2.690179E-05

2    8.333333E-01    1.666667E+00
  -7.242137E-01    6.483664E-02   -1.569312E-02    1.715179E-03   -1.189929E-04    4.343306E-06   -6.295451E-01 |    4.343306E-06
  -2.266020E-01    3.520746E-02   -7.318701E-03    5.489766E-04   -2.370478E-05    1.264514E-07   -8.535896E-02 |    1.264514E-07
   1.204784E-01   -1.956639E-02    4.302520E-03   -2.891499E-04    1.033288E-05    7.427370E-08    3.483135E-02 |    7.427370E-08
  -7.760580E-02    1.276439E-02   -2.872264E-03    1.856749E-04   -6.073216E-06   -8.070121E-08   -2.007736E-02 |    8.070121E-08
max(min|c_i|) =    4.343306E-06

3    1.666667E+00    3.333333E+00
  -6.295451E-01   -3.624811E-02   -1.258978E-02    4.622291E-03   -7.832504E-04    9.049379E-05   -2.378457E-01 |    9.049379E-05
  -8.535896E-02   -3.306071E-02   -1.219282E-02    2.837299E-03   -2.984799E-04    2.067345E-05    2.967909E-01 |    2.067345E-05
   3.483135E-02    2.922141E-02    8.095443E-03   -1.783998E-03    1.588629E-04   -8.863782E-06   -1.685982E-01 |    8.863782E-06
  -2.007736E-02   -2.170612E-02   -5.545880E-03    1.228097E-03   -1.019633E-04    5.100167E-06    1.101054E-01 |    5.100167E-06
max(min|c_i|) =    9.049379E-05

4    3.333333E+00    6.666667E+00
  -2.378457E-01   -9.919957E-02    2.586255E-02   -3.016724E-03   -2.182498E-04    1.753543E-04   -1.697378E-02 |    1.753543E-04
   2.967909E-01   -1.480940E-01    2.898537E-02    2.858985E-04   -9.064035E-04    1.843009E-04    3.923897E-01 |    1.843009E-04
  -1.685982E-01    1.132957E-01   -2.535036E-02   -7.877496E-04    7.658984E-04   -1.213035E-04   -4.233201E-02 |    1.213035E-04
   1.101054E-01   -7.448012E-02    2.032033E-02    6.508180E-04   -5.905004E-04    8.437984E-05   -3.893243E-03 |    8.437984E-05
max(min|c_i|) =    1.843009E-04

5    6.666667E+00    1.333333E+01
  -1.697378E-02   -1.368601E-02    8.324100E-03   -3.506394E-03    1.105141E-03   -2.712496E-04   -4.323616E-05 |    4.323616E-05
   3.923897E-01    6.019605E-02    1.859731E-02   -1.197614E-02    2.775737E-03   -3.195949E-04    6.798992E-02 |    3.195949E-04
  -4.233201E-02   -1.594648E-01   -1.147040E-02    1.480291E-02   -2.868419E-03    1.611843E-04    3.182069E-01 |    1.611843E-04
  -3.893243E-03    1.718506E-01   -1.365615E-03   -1.359051E-02    2.559534E-03   -8.036406E-05   -1.042269E-01 |    8.036406E-05
max(min|c_i|) =    3.195949E-04

6    1.333333E+01    2.666667E+01
  -4.323616E-05   -4.444637E-05    4.044712E-05   -2.899190E-05    1.645553E-05   -8.390987E-06   -3.474992E-08 |    3.474992E-08
   6.798992E-02    4.943411E-02   -2.519055E-02    8.059701E-03   -1.592496E-03    1.043973E-04    3.765949E-04 |    1.043973E-04
   3.182069E-01    1.582174E-02    5.039756E-02   -2.301021E-02    4.150310E-03    1.045084E-05    5.081169E-02 |    1.045084E-05
  -1.042269E-01   -1.842359E-01   -3.202001E-02    3.291781E-02   -6.353839E-03   -1.226415E-04    2.449940E-01 |    1.226415E-04
max(min|c_i|) =    1.226415E-04

7    2.666667E+01    4.000000E+01
  -3.474992E-08   -3.596576E-08    3.313501E-08   -2.421323E-08    1.403360E-08   -7.392875E-09   -3.268983E-11 |    3.268983E-11
   3.765949E-04    3.013921E-04   -1.821247E-04    7.672283E-05   -2.452104E-05    6.274355E-06    1.108767E-06 |    1.108767E-06
   5.081169E-02    2.474990E-02   -7.699216E-03    1.289160E-03   -7.137676E-05   -2.191073E-05    2.315135E-03 |    2.191073E-05
   2.449940E-01    3.221842E-03    1.686905E-02   -4.727070E-03    4.448154E-04    3.837661E-05    7.369658E-02 |    3.837661E-05
max(min|c_i|) =    3.837661E-05

8    4.000000E+01    5.333333E+01
  -3.268983E-11   -3.390913E-11    3.136740E-11   -2.306307E-11    1.345318E-11   -7.156803E-12   -3.155283E-14 |    3.155283E-14
   1.108767E-06    9.107397E-07   -5.738285E-07    2.556033E-07   -8.756073E-08    2.447318E-08    2.545223E-09 |    2.545223E-09
   2.315135E-03    1.321814E-03   -5.237070E-04    1.350858E-04   -2.495783E-05    3.408563E-06    6.876607E-05 |    3.408563E-06
   7.369658E-02    2.100467E-02   -3.441738E-03    8.479977E-05    6.837186E-05   -1.474464E-05    1.022520E-02 |    1.474464E-05
max(min|c_i|) =    1.474464E-05

9    5.333333E+01    8.000000E+01
  -3.155283E-14   -3.559950E-14    3.830782E-14   -3.588327E-14    2.563786E-14   -1.978788E-14 |    1.978788E-14
   2.545223E-09    2.612327E-09   -2.378383E-09    1.700085E-09   -9.665906E-10    4.927335E-10 |    4.927335E-10
   6.876607E-05    6.146168E-05   -4.399412E-05    2.270103E-05   -9.068020E-06    2.963378E-06 |    2.963378E-06
   1.022520E-02    7.156093E-03   -3.617143E-03    1.138337E-03   -2.579378E-04    3.516376E-05 |    3.516376E-05
max(min|c_i|) =    3.516376E-05

----- EIGENVALUES -----
EIGENVALUE n=0 -4.999425306E-01
EIGENVALUE n=1 -1.250005712E-01
EIGENVALUE n=2 -5.555603947E-02
EIGENVALUE n=3 -3.125024145E-02

ALL_EIGENVALUES: | 6 | 59 |  -4.999425306E-01 | -1.250005712E-01 | -5.555603947E-02 | -3.125024145E-02 |

----- ELEMENTS TO SPLIT -----
5
6


========== ADAPTIVE STEP 7 ==========
Number of elements: 12
Degrees of freedom: 71
Domain: [0, 8.000000000E+01]

0    0.000000E+00    4.166667E-01
   9.817299E-02    4.783596E-03   -7.344600E-03    1.373345E-03    2.325224E-04   -5.509072E-01 |    2.325224E-04
   3.746358E-02    2.247567E-03   -2.660940E-03    4.892199E-04    8.305812E-05   -1.899375E-01 |    8.305812E-05
  -2.066635E-02   -1.277761E-03    1.455316E-03   -2.666173E-04   -4.529843E-05    1.029021E-01 |    4.529843E-05
  -1.348523E-02   -8.421996E-04    9.468396E-04   -1.732433E-04   -2.944213E-05    6.672621E-02 |    2.944213E-05
max(min|c_i|) =    2.325224E-04

1    4.166667E-01    8.333333E-01
  -5.509072E-01    5.168931E-02   -4.633661E-03    3.473508E-04   -9.860343E-05    2.690179E-05   -7.242137E-01 |    2.690179E-05
  -1.899375E-01    2.303109E-02   -1.626909E-03    9.247380E-05   -3.212991E-05    9.369651E-06   -2.266020E-01 |    9.369651E-06
   1.029021E-01   -1.297190E-02    8.935206E-04   -4.660455E-05    1.720709E-05   -5.086924E-06    1.204784E-01 |    5.086924E-06
   6.672621E-02   -8.522399E-03    5.825819E-04   -2.939338E-05    1.111149E-05   -3.301100E-06    7.760571E-02 |    3.301100E-06
max(min|c_i|) =    2.690179E-05

2    8.333333E-01    1.666667E+00
  -7.242137E-01    6.483664E-02   -1.569312E-02    1.715179E-03   -1.189929E-04    4.343306E-06   -6.295451E-01 |    4.343306E-06
  -2.266020E-01    3.520746E-02   -7.318701E-03    5.489766E-04   -2.370478E-05    1.264514E-07   -8.535896E-02 |    1.264514E-07
   1.204784E-01   -1.956638E-02    4.302519E-03   -2.891498E-04    1.033288E-05    7.427367E-08    3.483134E-02 |    7.427367E-08
   7.760571E-02   -1.276438E-02    2.872260E-03   -1.856747E-04    6.073209E-06    8.070111E-08    2.007734E-02 |    8.070111E-08
max(min|c_i|) =    4.343306E-06

3    1.666667E+00    3.333333E+00
  -6.295451E-01   -3.624811E-02   -1.258978E-02    4.622291E-03   -7.832504E-04    9.049379E-05   -2.378457E-01 |    9.049379E-05
  -8.535896E-02   -3.306071E-02   -1.219282E-02    2.837299E-03   -2.984799E-04    2.067345E-05    2.967909E-01 |    2.067345E-05
   3.483134E-02    2.922140E-02    8.095440E-03   -1.783997E-03    1.588628E-04   -8.863778E-06   -1.685981E-01 |    8.863778E-06
   2.007734E-02    2.170610E-02    5.545874E-03   -1.228096E-03    1.019631E-04   -5.100161E-06   -1.101053E-01 |    5.100161E-06
max(min|c_i|) =    9.049379E-05

4    3.333333E+00    6.666667E+00
  -2.378457E-01   -9.919959E-02    2.586254E-02   -3.016726E-03   -2.182500E-04    1.753542E-04   -1.697381E-02 |    1.753542E-04
   2.967909E-01   -1.480940E-01    2.898537E-02    2.858985E-04   -9.064035E-04    1.843009E-04    3.923897E-01 |    1.843009E-04
  -1.685981E-01    1.132957E-01   -2.535035E-02   -7.877493E-04    7.658981E-04   -1.213034E-04   -4.233200E-02 |    1.213034E-04
  -1.101053E-01    7.448004E-02   -2.032031E-02   -6.508173E-04    5.904997E-04   -8.437974E-05    3.893231E-03 |    8.437974E-05
max(min|c_i|) =    1.843009E-04

5    6.666667E+00    1.000000E+01
  -1.697381E-02   -8.290465E-03    2.822579E-03   -6.207903E-04    9.703457E-05   -1.097049E-05   -9.084821E-04 |    1.097049E-05
   3.923897E-01    2.974533E-03    7.954918E-03   -1.568729E-03    1.322141E-04   -1.707212E-06    1.905745E-01 |    1.707212E-06
  -4.233200E-02   -3.041590E-02   -8.136711E-03    1.693137E-03   -9.828576E-05   -4.207780E-06    2.390262E-01 |    4.207780E-06
   3.893231E-03   -4.002589E-02   -5.945921E-03    1.505923E-03   -7.513400E-05   -5.280161E-06    1.624620E-01 |    5.280161E-06
max(min|c_i|) =    1.097049E-05

6    1.000000E+01    1.333333E+01
  -9.084821E-04   -4.653338E-04    1.685004E-04   -4.046068E-05    7.202255E-06   -1.006205E-06   -4.322099E-05 |    1.006205E-06
   1.905745E-01    2.038027E-02   -9.778229E-04   -1.919183E-04    3.943708E-05   -3.649760E-06    6.798993E-02 |    3.649760E-06
   2.390262E-01   -4.089758E-02    2.850386E-03    2.906923E-04   -5.629633E-05    3.723066E-06    3.182068E-01 |    3.723066E-06
   1.624620E-01   -3.814548E-02    4.125451E-03    2.597290E-04   -5.699455E-05    3.179219E-06    1.042268E-01 |    3.179219E-06
max(min|c_i|) =    3.723066E-06

7    1.333333E+01    2.000000E+01
  -4.322099E-05   -3.599532E-05    2.314389E-05   -1.056018E-05    3.711635E-06   -1.066193E-06   -8.284604E-08 |    8.284604E-08
   6.798993E-02    2.666597E-02   -6.820236E-03    9.268861E-04   -3.726596E-05   -1.246535E-05    5.778273E-03 |    1.246535E-05
   3.182068E-01   -2.657077E-02    1.658977E-02   -2.408798E-03    4.018673E-05    3.558780E-05    1.694432E-01 |    3.558780E-05
   1.042268E-01    2.181660E-02    1.888810E-02   -3.502548E-03    5.741750E-05    4.746291E-05   -1.909145E-01 |    4.746291E-05
max(min|c_i|) =    4.746291E-05

8    2.000000E+01    2.666667E+01
  -8.284604E-08   -6.972797E-08    4.560679E-08   -2.128414E-08    7.687156E-09   -2.283529E-09   -1.411709E-10 |    1.411709E-10
   5.778273E-03    2.624631E-03   -8.296699E-04    1.676501E-04   -2.381751E-05    2.414548E-06    3.766356E-04 |    2.414548E-06
   1.694432E-01    2.130990E-02   -4.389049E-04   -4.624969E-04    8.508904E-05   -7.267143E-06    5.081166E-02 |    7.267143E-06
  -1.909145E-01    5.141617E-02   -5.444689E-03   -5.158792E-04    1.443252E-04   -1.136526E-05   -2.449939E-01 |    1.136526E-05
max(min|c_i|) =    1.136526E-05

9    2.666667E+01    4.000000E+01
  -1.411709E-10   -1.461103E-10    1.346104E-10   -9.836583E-11    5.701125E-11   -3.003344E-11   -1.328019E-13 |    1.328019E-13
   3.766356E-04    3.014246E-04   -1.821444E-04    7.673111E-05   -2.452369E-05    6.275033E-06    1.108886E-06 |    1.108886E-06
   5.081166E-02    2.474989E-02   -7.699213E-03    1.289160E-03   -7.137680E-05   -2.191071E-05    2.315133E-03 |    2.191071E-05
  -2.449939E-01   -3.221910E-03   -1.686903E-02    4.727069E-03   -4.448160E-04   -3.837643E-05   -7.369650E-02 |    3.837643E-05
max(min|c_i|) =    3.837643E-05

10    4.000000E+01    5.333333E+01
  -1.328019E-13   -1.377549E-13    1.274293E-13   -9.369361E-14    5.465359E-14   -2.907460E-14   -1.281760E-16 |    1.281760E-16
   1.108886E-06    9.108381E-07   -5.738905E-07    2.556309E-07   -8.757019E-08    2.447582E-08    2.545498E-09 |    2.545498E-09
   2.315133E-03    1.321813E-03   -5.237067E-04    1.350857E-04   -2.495782E-05    3.408562E-06    6.876600E-05 |    3.408562E-06
  -7.369650E-02   -2.100466E-02    3.441738E-03   -8.480052E-05   -6.837171E-05    1.474462E-05   -1.022518E-02 |    1.474462E-05
max(min|c_i|) =    1.474462E-05

11    5.333333E+01    8.000000E+01
  -1.281760E-16   -1.446551E-16    1.556370E-16   -1.458025E-16    1.041468E-16   -8.037601E-17 |    8.037601E-17
   2.545498E-09    2.612609E-09   -2.378639E-09    1.700269E-09   -9.666950E-10    4.927867E-10 |    4.927867E-10
   6.876600E-05    6.146162E-05   -4.399408E-05    2.270101E-05   -9.068012E-06    2.963376E-06 |    2.963376E-06
  -1.022518E-02   -7.156081E-03    3.617139E-03   -1.138336E-03    2.579376E-04   -3.516377E-05 |    3.516377E-05
max(min|c_i|) =    3.516377E-05

----- EIGENVALUES -----
EIGENVALUE n=0 -4.999425311E-01
EIGENVALUE n=1 -1.250005715E-01
EIGENVALUE n=2 -5.555604274E-02
EIGENVALUE n=3 -3.125024800E-02

ALL_EIGENVALUES: | 7 | 71 |  -4.999425311E-01 | -1.250005715E-01 | -5.555604274E-02 | -3.125024800E-02 |

----- ELEMENTS TO SPLIT -----
0
4


========== ADAPTIVE STEP 8 ==========
Number of elements: 14
Degrees of freedom: 83
Domain: [0, 8.000000000E+01]

0    0.000000E+00    2.083333E-01
  -2.023701E-02   -3.885736E-03    6.684222E-04    3.302079E-05   -1.314576E-05    3.373234E-01 |    1.314576E-05
  -7.555978E-03   -1.468683E-03    2.407072E-04    1.192665E-05   -4.722465E-06    1.185448E-01 |    4.722465E-06
   4.153137E-03    8.089254E-04   -1.314790E-04   -6.519105E-06    2.578103E-06   -6.445345E-02 |    2.578103E-06
   2.706664E-03    5.275622E-04   -8.550202E-05   -4.240511E-06    1.676235E-06   -4.184679E-02 |    1.676235E-06
max(min|c_i|) =    1.314576E-05

1    2.083333E-01    4.166667E-01
   3.373234E-01   -2.455964E-02    1.492835E-03    5.845990E-05   -4.177611E-05    4.789245E-06    5.509072E-01 |    4.789245E-06
   1.185448E-01   -9.622044E-03    4.802508E-04    2.361904E-05   -1.483122E-05    1.714024E-06    1.899375E-01 |    1.714024E-06
  -6.445345E-02    5.330300E-03   -2.570121E-04   -1.319112E-05    8.078165E-06   -9.350098E-07   -1.029021E-01 |    9.350098E-07
  -4.184679E-02    3.483116E-03   -1.659518E-04   -8.645676E-06    5.248025E-06   -6.077601E-07   -6.672621E-02 |    6.077601E-07
max(min|c_i|) =    4.789245E-06

2    4.166667E-01    8.333333E-01
   5.509072E-01   -5.168932E-02    4.633662E-03   -3.473509E-04    9.860344E-05   -2.690180E-05    7.242137E-01 |    2.690180E-05
   1.899375E-01   -2.303109E-02    1.626909E-03   -9.247383E-05    3.212991E-05   -9.369652E-06    2.266020E-01 |    9.369652E-06
  -1.029021E-01    1.297190E-02   -8.935207E-04    4.660457E-05   -1.720709E-05    5.086925E-06   -1.204783E-01 |    5.086925E-06
  -6.672621E-02    8.522399E-03   -5.825820E-04    2.939339E-05   -1.111150E-05    3.301101E-06   -7.760571E-02 |    3.301101E-06
max(min|c_i|) =    2.690180E-05

3    8.333333E-01    1.666667E+00
   7.242137E-01   -6.483663E-02    1.569312E-02   -1.715179E-03    1.189929E-04   -4.343310E-06    6.295451E-01 |    4.343310E-06
   2.266020E-01   -3.520745E-02    7.318701E-03   -5.489767E-04    2.370479E-05   -1.264525E-07    8.535894E-02 |    1.264525E-07
  -1.204783E-01    1.956638E-02   -4.302519E-03    2.891499E-04   -1.033288E-05   -7.427310E-08   -3.483133E-02 |    7.427310E-08
  -7.760571E-02    1.276437E-02   -2.872261E-03    1.856747E-04   -6.073213E-06   -8.070075E-08   -2.007733E-02 |    8.070075E-08
max(min|c_i|) =    4.343310E-06

4    1.666667E+00    3.333333E+00
   6.295451E-01    3.624812E-02    1.258978E-02   -4.622291E-03    7.832504E-04   -9.049381E-05    2.378457E-01 |    9.049381E-05
   8.535894E-02    3.306072E-02    1.219281E-02   -2.837299E-03    2.984799E-04   -2.067346E-05   -2.967909E-01 |    2.067346E-05
  -3.483133E-02   -2.922141E-02   -8.095439E-03    1.783997E-03   -1.588629E-04    8.863781E-06    1.685982E-01 |    8.863781E-06
  -2.007733E-02   -2.170610E-02   -5.545873E-03    1.228096E-03   -1.019632E-04    5.100163E-06    1.101053E-01 |    5.100163E-06
max(min|c_i|) =    9.049381E-05

5    3.333333E+00    5.000000E+00
   2.378457E-01    3.823673E-02   -4.245267E-03    4.964411E-05    5.175402E-05   -9.078334E-06    6.739309E-02 |    9.078334E-06
  -2.967909E-01    5.110394E-02   -3.120701E-03   -3.251800E-04    6.551910E-05   -5.603665E-06   -4.353191E-01 |    5.603665E-06
   1.685982E-01   -4.047500E-02    2.544691E-03    2.925107E-04   -4.703870E-05    3.204275E-06    1.750107E-01 |    3.204275E-06
   1.101053E-01   -2.834981E-02    2.043465E-03    2.239311E-04   -3.413180E-05    2.095712E-06    9.885543E-02 |    2.095712E-06
max(min|c_i|) =    9.078334E-06

6    5.000000E+00    6.666667E+00
   6.739309E-02    1.315224E-02   -2.053094E-03    1.836969E-04   -8.397093E-06   -2.002908E-07    1.697381E-02 |    2.002908E-07
  -4.353191E-01    2.284496E-02   -3.374270E-03    1.379792E-04    6.614715E-06   -1.218612E-06   -3.923897E-01 |    1.218612E-06
   1.750107E-01   -1.576495E-02    3.155127E-03   -9.430913E-05   -8.700550E-06    9.973625E-07    4.233198E-02 |    9.973625E-07
   9.885543E-02   -8.547605E-03    2.544187E-03   -7.319313E-05   -7.570031E-06    7.559718E-07   -3.893246E-03 |    7.559718E-07
max(min|c_i|) =    1.218612E-06

7    6.666667E+00    1.000000E+01
   1.697381E-02    8.290465E-03   -2.822579E-03    6.207903E-04   -9.703458E-05    1.097050E-05    9.084819E-04 |    1.097050E-05
  -3.923897E-01   -2.974538E-03   -7.954917E-03    1.568729E-03   -1.322142E-04    1.707214E-06   -1.905745E-01 |    1.707214E-06
   4.233198E-02    3.041590E-02    8.136710E-03   -1.693137E-03    9.828578E-05    4.207778E-06   -2.390262E-01 |    4.207778E-06
  -3.893246E-03    4.002589E-02    5.945920E-03   -1.505923E-03    7.513402E-05    5.280159E-06   -1.624620E-01 |    5.280159E-06
max(min|c_i|) =    1.097050E-05

8    1.000000E+01    1.333333E+01
   9.084819E-04    4.653337E-04   -1.685003E-04    4.046067E-05   -7.202254E-06    1.006205E-06    4.322097E-05 |    1.006205E-06
  -1.905745E-01   -2.038027E-02    9.778233E-04    1.919183E-04   -3.943708E-05    3.649760E-06   -6.798992E-02 |    3.649760E-06
  -2.390262E-01    4.089758E-02   -2.850386E-03   -2.906922E-04    5.629633E-05   -3.723067E-06   -3.182068E-01 |    3.723067E-06
  -1.624620E-01    3.814548E-02   -4.125451E-03   -2.597289E-04    5.699455E-05   -3.179220E-06   -1.042268E-01 |    3.179220E-06
max(min|c_i|) =    3.723067E-06

9    1.333333E+01    2.000000E+01
   4.322097E-05    3.599531E-05   -2.314389E-05    1.056018E-05   -3.711634E-06    1.066193E-06    8.284599E-08 |    8.284599E-08
  -6.798992E-02   -2.666596E-02    6.820236E-03   -9.268862E-04    3.726599E-05    1.246534E-05   -5.778271E-03 |    1.246534E-05
  -3.182068E-01    2.657076E-02   -1.658977E-02    2.408798E-03   -4.018677E-05   -3.558780E-05   -1.694432E-01 |    3.558780E-05
  -1.042268E-01   -2.181661E-02   -1.888810E-02    3.502549E-03   -5.741756E-05   -4.746290E-05    1.909145E-01 |    4.746290E-05
max(min|c_i|) =    4.746290E-05

10    2.000000E+01    2.666667E+01
   8.284599E-08    6.972793E-08   -4.560677E-08    2.128413E-08   -7.687152E-09    2.283528E-09    1.411708E-10 |    1.411708E-10
  -5.778271E-03   -2.624631E-03    8.296698E-04   -1.676501E-04    2.381751E-05   -2.414548E-06   -3.766355E-04 |    2.414548E-06
  -1.694432E-01   -2.130990E-02    4.389053E-04    4.624968E-04   -8.508904E-05    7.267143E-06   -5.081166E-02 |    7.267143E-06
   1.909145E-01   -5.141617E-02    5.444690E-03    5.158791E-04   -1.443252E-04    1.136527E-05    2.449939E-01 |    1.136527E-05
max(min|c_i|) =    1.136527E-05

11    2.666667E+01    4.000000E+01
   1.411708E-10    1.461102E-10   -1.346103E-10    9.836575E-11   -5.701120E-11    3.003340E-11    1.328018E-13 |    1.328018E-13
  -3.766355E-04   -3.014246E-04    1.821443E-04   -7.673110E-05    2.452369E-05   -6.275032E-06   -1.108886E-06 |    1.108886E-06
  -5.081166E-02   -2.474989E-02    7.699212E-03   -1.289160E-03    7.137683E-05    2.191070E-05   -2.315132E-03 |    2.191070E-05
   2.449939E-01    3.221915E-03    1.686903E-02   -4.727069E-03    4.448161E-04    3.837641E-05    7.369649E-02 |    3.837641E-05
max(min|c_i|) =    3.837641E-05

12    4.000000E+01    5.333333E+01
   1.328018E-13    1.377549E-13   -1.274295E-13    9.369311E-14   -5.465310E-14    2.907443E-14    1.281814E-16 |    1.281814E-16
  -1.108886E-06   -9.108378E-07    5.738903E-07   -2.556308E-07    8.757016E-08   -2.447581E-08   -2.545497E-09 |    2.545497E-09
  -2.315132E-03   -1.321813E-03    5.237066E-04   -1.350857E-04    2.495781E-05   -3.408562E-06   -6.876599E-05 |    3.408562E-06
   7.369649E-02    2.100466E-02   -3.441738E-03    8.480058E-05    6.837170E-05   -1.474462E-05    1.022518E-02 |    1.474462E-05
max(min|c_i|) =    1.474462E-05

13    5.333333E+01    8.000000E+01
   1.281814E-16    1.446099E-16   -1.556028E-16    1.457627E-16   -1.041571E-16    8.038442E-17 |    8.038442E-17
  -2.545497E-09   -2.612608E-09    2.378638E-09   -1.700268E-09    9.666945E-10   -4.927864E-10 |    4.927864E-10
  -6.876599E-05   -6.146161E-05    4.399407E-05   -2.270101E-05    9.068010E-06   -2.963375E-06 |    2.963375E-06
   1.022518E-02    7.156081E-03   -3.617138E-03    1.138336E-03   -2.579376E-04    3.516377E-05 |    3.516377E-05
max(min|c_i|) =    3.516377E-05

----- EIGENVALUES -----
EIGENVALUE n=0 -4.999425640E-01
EIGENVALUE n=1 -1.250005758E-01
EIGENVALUE n=2 -5.555604403E-02
EIGENVALUE n=3 -3.125024854E-02

ALL_EIGENVALUES: | 8 | 83 |  -4.999425640E-01 | -1.250005758E-01 | -5.555604403E-02 | -3.125024854E-02 |

DATETIME: 04 Sep 2026 10:49:10

=== END OF LOG FILE ===
