===============================================================================
 EEEEE I   GGG  EEEEE N   N RRRR   AAA  DDDD         Zbigniew Romanowski       
 E     I  G     E     NN  N R   R A   A D   D                                  
 EEE   I  G  GG EEE   N N N RRRR  AAAAA D   D        romz@wp.pl                
 E     I  G   G E     N  NN R  R  A   A D   D                                  
 EEEEE I   GGG  EEEEE N   N R   R A   A DDDD         https://github.com/romz-pl
===============================================================================



DATETIME: 03 Sep 2026 19:24:37



========== ADAPTIVE STEP 0 ==========
Number of elements: 3
Degrees of freedom: 17
Domain: [0, 1.000000000E+02]

0    0.000000E+00    3.333333E+01
  -2.582247E-01    5.919620E-01   -5.409828E-01    2.158813E-01    1.841566E-01    3.066919E-03 
   2.231096E-01    2.085569E-01   -5.938983E-01    3.057362E-01    1.619243E-01   -2.480356E-02 
   9.532697E-02   -1.441162E-01   -4.343700E-01    3.223892E-01    1.191349E-01    2.119524E-01 
  -1.128352E-01   -2.023772E-01   -2.686959E-01    2.925225E-01    8.432638E-02   -3.402229E-02 

1    3.333333E+01    6.666667E+01
   3.066919E-03    3.205045E-03   -2.998316E-03    2.241504E-03   -1.320915E-03    7.110106E-04    4.012851E-06 
  -2.480356E-02   -2.179423E-02    1.489625E-02   -7.030988E-03    2.384832E-03   -5.643322E-04   -1.025286E-05 
   2.119524E-01    1.032258E-01   -1.092639E-02   -1.594353E-02    9.595145E-03   -2.626183E-03    3.718802E-03 
  -3.402229E-02    2.295250E-01   -1.164504E-01   -2.085380E-03    1.732440E-02   -5.894085E-03   -7.152145E-02 

2    6.666667E+01    1.000000E+02
   4.012851E-06    4.236548E-06   -4.061024E-06    3.131901E-06   -1.918923E-06    1.092576E-06 
  -1.025286E-05   -9.644526E-06    7.514127E-06   -4.332892E-06    1.954630E-06   -7.386731E-07 
   3.718802E-03    2.894383E-03   -1.676221E-03    6.458211E-04   -1.838086E-04    3.790758E-05 
  -7.152145E-02   -3.612245E-02    1.175373E-02   -8.882883E-04   -3.019561E-04    1.783452E-04 

----- EIGENVALUES -----
EIGENVALUE n=0 -1.088786731E-01
EIGENVALUE n=1 -4.710167268E-02
EIGENVALUE n=2 -2.654331230E-02
EIGENVALUE n=3 -1.717354516E-02

ALL_EIGENVALUES: | 0 | 17 |  -1.088786731E-01 | -4.710167268E-02 | -2.654331230E-02 | -1.717354516E-02 |


========== ADAPTIVE STEP 1 ==========
Number of elements: 4
Degrees of freedom: 23
Domain: [0, 1.000000000E+02]

0    0.000000E+00    1.666667E+01
  -4.566210E-01    5.302846E-01   -9.427004E-02   -2.395174E-01    2.823835E-01    1.549683E-02 
   2.049287E-02   -5.322597E-01    2.100787E-01    1.845483E-01   -2.223341E-01    2.390930E-01 
  -1.794312E-01   -3.568589E-01    2.293950E-01    1.285820E-01   -1.700120E-01   -8.964417E-02 
  -1.483785E-01   -2.248367E-01    2.039728E-01    9.085325E-02   -1.322929E-01   -1.050836E-01 

1    1.666667E+01    3.333333E+01
   1.549683E-02    1.312555E-02   -8.531874E-03    3.847936E-03   -1.281872E-03    3.225360E-04    1.670539E-05 
   2.390930E-01    9.848838E-02   -1.119690E-02   -8.571714E-03    4.574139E-03   -1.102696E-03    1.034907E-02 
  -8.964417E-02    2.132868E-01   -7.311185E-02   -4.844284E-03    7.694260E-03   -1.896329E-03   -1.483399E-01 
  -1.050836E-01    1.385989E-01   -1.199482E-01    6.564863E-03    8.863936E-03   -2.433516E-03    1.628220E-01 

2    3.333333E+01    6.666667E+01
   1.670539E-05    1.768254E-05   -1.690096E-05    1.308981E-05   -7.971158E-06    4.527843E-06    3.089990E-08 
   1.034907E-02    9.543185E-03   -7.121708E-03    3.821818E-03   -1.545841E-03    4.877814E-04    2.076481E-06 
  -1.483399E-01   -9.635949E-02    3.564090E-02   -2.622853E-03   -3.580784E-03    1.978913E-03   -9.655142E-04 
   1.628220E-01   -8.902487E-02    1.136442E-01   -3.693810E-02   -1.239801E-04    3.709889E-03    3.230450E-02 

3    6.666667E+01    1.000000E+02
   3.089990E-08    3.295118E-08   -3.216658E-08    2.551068E-08   -1.604368E-08    9.527673E-09 
   2.076481E-06    2.008588E-06   -1.643126E-06    1.011723E-06   -4.906132E-07    2.027464E-07 
  -9.655142E-04   -8.035673E-04    5.135290E-04   -2.272270E-04    7.602722E-05   -1.979415E-05 
   3.230450E-02    1.999654E-02   -8.529008E-03    1.901124E-03   -2.293629E-04   -3.146546E-05 

----- EIGENVALUES -----
EIGENVALUE n=0 -1.222497125E-01
EIGENVALUE n=1 -5.448609733E-02
EIGENVALUE n=2 -3.074450328E-02
EIGENVALUE n=3 -1.972414624E-02

ALL_EIGENVALUES: | 1 | 23 |  -1.222497125E-01 | -5.448609733E-02 | -3.074450328E-02 | -1.972414624E-02 |


========== ADAPTIVE STEP 2 ==========
Number of elements: 5
Degrees of freedom: 29
Domain: [0, 1.000000000E+02]

0    0.000000E+00    8.333333E+00
   4.841192E-01   -6.188029E-02   -1.829131E-01    1.391770E-01   -5.769856E-02   -2.198905E-01 
  -3.840185E-01    1.165115E-01    1.337081E-01   -9.889153E-02    3.442828E-02   -2.029766E-01 
   2.335920E-01   -1.127511E-01   -9.423444E-02    7.161401E-02   -2.301258E-02    1.501528E-01 
   1.585686E-01   -9.371196E-02   -6.917054E-02    5.406998E-02   -1.669578E-02    1.087804E-01 

1    8.333333E+00    1.666667E+01
  -2.198905E-01   -8.993216E-02    1.877408E-02    5.166298E-04   -1.312019E-03    3.895632E-04   -1.364874E-02 
  -2.029766E-01    1.641192E-01   -4.782378E-02   -1.480453E-04    2.398326E-03   -5.559642E-04   -2.309811E-01 
   1.501528E-01   -1.203997E-01    6.286130E-02   -1.735370E-03   -2.635914E-03    5.596671E-04   -1.060845E-01 
   1.087804E-01   -5.698922E-02    6.049562E-02   -3.319888E-03   -2.429041E-03    5.106060E-04   -1.143194E-01 

2    1.666667E+01    3.333333E+01
  -1.364874E-02   -1.164533E-02    7.662570E-03   -3.513555E-03    1.195741E-03   -3.102584E-04   -1.322877E-05 
  -2.309811E-01   -9.958290E-02    1.432246E-02    7.146869E-03   -4.302163E-03    1.109262E-03   -9.158622E-03 
  -1.060845E-01    2.051394E-01   -7.739638E-02   -1.864302E-03    7.152446E-03   -1.935731E-03   -1.413059E-01 
  -1.143194E-01    1.190683E-01   -1.220056E-01    1.058148E-02    8.051332E-03   -2.491096E-03    1.723247E-01 

3    3.333333E+01    6.666667E+01
  -1.322877E-05   -1.403454E-05    1.346429E-05   -1.049444E-05    6.426874E-06   -3.686112E-06   -2.603426E-08 
  -9.158622E-03   -8.491688E-03    6.400380E-03   -3.484140E-03    1.435309E-03   -4.651912E-04   -1.738977E-06 
  -1.413059E-01   -9.373040E-02    3.648529E-02   -3.957415E-03   -2.961882E-03    1.835910E-03   -8.265593E-04 
   1.723247E-01   -7.445917E-02    1.090314E-01   -3.856820E-02    1.373497E-03    3.301112E-03    2.959484E-02 

4    6.666667E+01    1.000000E+02
  -2.603426E-08   -2.781246E-08    2.723858E-08   -2.171196E-08    1.371778E-08   -8.209249E-09 
  -1.738977E-06   -1.687771E-06    1.388909E-06   -8.621173E-07    4.217646E-07   -1.762315E-07 
  -8.265593E-04   -6.922831E-04    4.466886E-04   -2.002608E-04    6.802122E-05   -1.806561E-05 
   2.959484E-02    1.860278E-02   -8.093530E-03    1.887850E-03   -2.526401E-04   -2.090479E-05 

----- EIGENVALUES -----
EIGENVALUE n=0 -1.249626638E-01
EIGENVALUE n=1 -5.554738683E-02
EIGENVALUE n=2 -3.124716067E-02
EIGENVALUE n=3 -1.999864011E-02

ALL_EIGENVALUES: | 2 | 29 |  -1.249626638E-01 | -5.554738683E-02 | -3.124716067E-02 | -1.999864011E-02 |


========== ADAPTIVE STEP 3 ==========
Number of elements: 6
Degrees of freedom: 35
Domain: [0, 1.000000000E+02]

0    0.000000E+00    4.166667E+00
  -1.236302E-01   -1.188348E-01    7.177507E-02   -1.932767E-02    3.478335E-03    4.412569E-01 
  -1.308301E-01   -7.737173E-02    4.811682E-02   -1.121473E-02    1.635783E-03    1.600043E-01 
   9.777298E-02    5.168298E-02   -3.377295E-02    7.430811E-03   -9.755591E-04   -8.667434E-02 
   7.397772E-02    3.727494E-02   -2.505266E-02    5.367811E-03   -6.651623E-04   -5.646290E-02 

1    4.166667E+00    8.333333E+00
   4.412569E-01   -3.414881E-02    2.632613E-02   -4.626102E-03    2.097877E-04    6.103341E-05    2.197717E-01 
   1.600043E-01    3.091906E-03    2.792260E-02   -4.509566E-03    2.316248E-05    7.828849E-05   -2.031139E-01 
  -8.667434E-02   -2.670594E-02   -2.243704E-02    3.883706E-03    2.599384E-05   -6.893573E-05    1.501967E-01 
  -5.646290E-02   -2.832204E-02   -1.714708E-02    3.217811E-03    3.291233E-05   -5.707340E-05    1.087980E-01 

2    8.333333E+00    1.666667E+01
   2.197717E-01    8.992452E-02   -1.879109E-02   -5.083484E-04    1.310240E-03   -3.894151E-04    1.362920E-02 
  -2.031139E-01    1.640760E-01   -4.784416E-02   -1.380095E-04    2.396894E-03   -5.560136E-04   -2.309290E-01 
   1.501967E-01   -1.203306E-01    6.287459E-02   -1.744500E-03   -2.634774E-03    5.597593E-04   -1.061772E-01 
   1.087980E-01   -5.692198E-02    6.050183E-02   -3.327509E-03   -2.428085E-03    5.106947E-04   -1.143614E-01 

3    1.666667E+01    3.333333E+01
   1.362920E-02    1.162980E-02   -7.653599E-03    3.510218E-03   -1.194944E-03    3.101770E-04    1.319075E-05 
  -2.309290E-01   -9.959344E-02    1.434570E-02    7.136497E-03   -4.300208E-03    1.109320E-03   -9.150457E-03 
  -1.061772E-01    2.050954E-01   -7.741978E-02   -1.847977E-03    7.149429E-03   -1.935930E-03   -1.412698E-01 
  -1.143614E-01    1.189769E-01   -1.220139E-01    1.059988E-02    8.047470E-03   -2.491323E-03    1.723690E-01 

4    3.333333E+01    6.666667E+01
   1.319075E-05    1.399463E-05   -1.342668E-05    1.046601E-05   -6.409950E-06    3.676884E-06    2.598112E-08 
  -9.150457E-03   -8.484464E-03    6.395412E-03   -3.481808E-03    1.434543E-03   -4.650349E-04   -1.736786E-06 
  -1.412698E-01   -9.371701E-02    3.648990E-02   -3.964534E-03   -2.958566E-03    1.835133E-03   -8.258571E-04 
   1.723690E-01   -7.439291E-02    1.090099E-01   -3.857526E-02    1.380263E-03    3.299217E-03    2.958301E-02 

5    6.666667E+01    1.000000E+02
   2.598112E-08    2.775636E-08   -2.718482E-08    2.167059E-08   -1.369249E-08    8.194964E-09 
  -1.736786E-06   -1.685688E-06    1.387256E-06   -8.611438E-07    4.213163E-07   -1.760589E-07 
  -8.258571E-04   -6.917190E-04    4.463483E-04   -2.001227E-04    6.797992E-05   -1.805661E-05 
   2.958301E-02    1.859664E-02   -8.091590E-03    1.887778E-03   -2.527404E-04   -2.085809E-05 

----- EIGENVALUES -----
EIGENVALUE n=0 -1.249999388E-01
EIGENVALUE n=1 -5.555554512E-02
EIGENVALUE n=2 -3.124998543E-02
EIGENVALUE n=3 -1.999992489E-02

ALL_EIGENVALUES: | 3 | 35 |  -1.249999388E-01 | -5.555554512E-02 | -3.124998543E-02 | -1.999992489E-02 |


========== ADAPTIVE STEP 4 ==========
Number of elements: 8
Degrees of freedom: 47
Domain: [0, 1.000000000E+02]

0    0.000000E+00    2.083333E+00
  -4.449202E-02    4.974374E-02   -1.077441E-02    1.294569E-03   -1.087552E-04   -3.126236E-01 
  -1.703368E-02    3.229683E-02   -6.486151E-03    6.590221E-04   -4.448217E-05   -1.711355E-01 
  -9.276384E-03    2.214663E-02   -4.368114E-03    4.119474E-04   -2.484909E-05   -1.109676E-01 
   6.029416E-03   -1.623149E-02    3.179018E-03   -2.887446E-04    1.635019E-05    7.929589E-02 

1    2.083333E+00    4.166667E+00
  -3.126236E-01    6.642421E-02   -4.068957E-03   -9.652797E-04    2.090200E-04   -2.164752E-05   -4.412571E-01 
  -1.711355E-01    5.546823E-02   -3.639978E-03   -8.403864E-04    1.516806E-04   -1.261570E-05   -1.600042E-01 
  -1.109676E-01    3.916466E-02   -3.042105E-03   -6.386386E-04    1.099655E-04   -8.260613E-06   -8.667438E-02 
   7.929589E-02   -2.890488E-02    2.441446E-03    4.888709E-04   -8.301479E-05    5.914777E-06    5.646300E-02 

2    4.166667E+00    8.333333E+00
  -4.412571E-01    3.414866E-02   -2.632612E-02    4.626107E-03   -2.097892E-04   -6.103324E-05   -2.197716E-01 
  -1.600042E-01   -3.091983E-03   -2.792259E-02    4.509569E-03   -2.316308E-05   -7.828846E-05    2.031141E-01 
  -8.667438E-02   -2.670601E-02   -2.243705E-02    3.883711E-03    2.599355E-05   -6.893577E-05    1.501969E-01 
   5.646300E-02    2.832213E-02    1.714711E-02   -3.217819E-03   -3.291221E-05    5.707351E-05   -1.087982E-01 

3    8.333333E+00    1.666667E+01
  -2.197716E-01   -8.992455E-02    1.879111E-02    5.083327E-04   -1.310238E-03    3.894148E-04   -1.362922E-02 
   2.031141E-01   -1.640759E-01    4.784419E-02    1.379997E-04   -2.396893E-03    5.560138E-04    2.309290E-01 
   1.501969E-01   -1.203306E-01    6.287464E-02   -1.744508E-03   -2.634775E-03    5.597598E-04   -1.061774E-01 
  -1.087982E-01    5.692207E-02   -6.050196E-02    3.327520E-03    2.428090E-03   -5.106958E-04    1.143617E-01 

4    1.666667E+01    2.500000E+01
  -1.362922E-02   -7.436381E-03    2.781508E-03   -6.621794E-04    1.082288E-04   -1.174150E-05   -4.754363E-04 
   2.309290E-01    3.045797E-02    2.749706E-03   -2.014972E-03    3.548785E-04   -2.754813E-05    5.754558E-02 
  -1.061774E-01    8.934068E-02   -5.808637E-03   -2.746262E-03    5.799700E-04   -3.767479E-05   -2.494638E-01 
   1.143617E-01   -9.316264E-02    1.554928E-02    2.427464E-03   -6.968746E-04    4.406952E-05    4.100558E-02 

5    2.500000E+01    3.333333E+01
  -4.754363E-04   -2.792060E-04    1.155936E-04   -3.183487E-05    6.484088E-06   -1.029771E-06   -1.307083E-05 
   5.754558E-02    1.565057E-02   -2.784538E-03    2.093514E-04    1.115035E-05   -4.886020E-06    9.150482E-03 
  -2.494638E-01    1.285067E-02   -7.628135E-03    9.196522E-04   -6.021328E-06   -1.030313E-05   -1.412697E-01 
   4.100558E-02    2.669652E-02    8.295667E-03   -1.698270E-03    5.100534E-05    1.400673E-05   -1.723691E-01 

6    3.333333E+01    6.666667E+01
  -1.307083E-05   -1.386740E-05    1.330461E-05   -1.037087E-05    6.351677E-06   -3.643458E-06   -2.574495E-08 
   9.150482E-03    8.484488E-03   -6.395430E-03    3.481818E-03   -1.434548E-03    4.650365E-04    1.736790E-06 
  -1.412697E-01   -9.371698E-02    3.648990E-02   -3.964545E-03   -2.958560E-03    1.835131E-03   -8.258559E-04 
  -1.723691E-01    7.439270E-02   -1.090098E-01    3.857528E-02   -1.380282E-03   -3.299211E-03   -2.958297E-02 

7    6.666667E+01    1.000000E+02
  -2.574495E-08   -2.750405E-08    2.693771E-08   -2.147361E-08    1.356803E-08   -8.120475E-09 
   1.736790E-06    1.685691E-06   -1.387260E-06    8.611459E-07   -4.213174E-07    1.760593E-07 
  -8.258559E-04   -6.917180E-04    4.463477E-04   -2.001225E-04    6.797984E-05   -1.805659E-05 
  -2.958297E-02   -1.859662E-02    8.091583E-03   -1.887778E-03    2.527406E-04    2.085795E-05 

----- EIGENVALUES -----
EIGENVALUE n=0 -1.249999994E-01
EIGENVALUE n=1 -5.555555460E-02
EIGENVALUE n=2 -3.124998990E-02
EIGENVALUE n=3 -1.999992862E-02

ALL_EIGENVALUES: | 4 | 47 |  -1.249999994E-01 | -5.555555460E-02 | -3.124998990E-02 | -1.999992862E-02 |


========== ADAPTIVE STEP 5 ==========
Number of elements: 10
Degrees of freedom: 59
Domain: [0, 1.000000000E+02]

0    0.000000E+00    2.083333E+00
   4.449202E-02   -4.974374E-02    1.077441E-02   -1.294569E-03    1.087552E-04    3.126236E-01 
   1.703368E-02   -3.229683E-02    6.486151E-03   -6.590221E-04    4.448217E-05    1.711355E-01 
   9.276383E-03   -2.214662E-02    4.368114E-03   -4.119474E-04    2.484909E-05    1.109676E-01 
   6.029401E-03   -1.623144E-02    3.179009E-03   -2.887438E-04    1.635014E-05    7.929566E-02 

1    2.083333E+00    4.166667E+00
   3.126236E-01   -6.642421E-02    4.068957E-03    9.652797E-04   -2.090200E-04    2.164752E-05    4.412571E-01 
   1.711355E-01   -5.546824E-02    3.639978E-03    8.403864E-04   -1.516806E-04    1.261570E-05    1.600042E-01 
   1.109676E-01   -3.916466E-02    3.042104E-03    6.386385E-04   -1.099655E-04    8.260612E-06    8.667437E-02 
   7.929566E-02   -2.890479E-02    2.441438E-03    4.888693E-04   -8.301453E-05    5.914760E-06    5.646286E-02 

2    4.166667E+00    8.333333E+00
   4.412571E-01   -3.414866E-02    2.632612E-02   -4.626107E-03    2.097892E-04    6.103324E-05    2.197716E-01 
   1.600042E-01    3.091982E-03    2.792259E-02   -4.509569E-03    2.316308E-05    7.828846E-05   -2.031141E-01 
   8.667437E-02    2.670599E-02    2.243705E-02   -3.883710E-03   -2.599353E-05    6.893575E-05   -1.501969E-01 
   5.646286E-02    2.832200E-02    1.714706E-02   -3.217807E-03   -3.291205E-05    5.707331E-05   -1.087979E-01 

3    8.333333E+00    1.250000E+01
   2.197716E-01    3.164065E-02   -1.579482E-03   -5.367201E-04    1.263612E-04   -1.383161E-05    6.157067E-02 
  -2.031141E-01    6.449838E-02   -4.871596E-03   -8.495393E-04    1.811392E-04   -1.375020E-05   -3.174478E-01 
  -1.501969E-01    6.140537E-02   -7.342867E-03   -7.876232E-04    1.823703E-04   -1.143859E-05   -9.520656E-02 
  -1.087979E-01    4.482731E-02   -7.721609E-03   -6.138817E-04    1.641065E-04   -9.429347E-06   -3.122238E-02 

4    1.250000E+01    1.666667E+01
   6.157067E-02    1.316879E-02   -2.043837E-03    1.531438E-04    2.917171E-07   -1.489617E-06    1.362923E-02 
  -3.174478E-01    1.766029E-02   -5.102258E-03    3.747603E-04    7.984074E-06   -3.600175E-06   -2.309290E-01 
  -9.520656E-02   -3.889340E-05   -6.183119E-03    5.448379E-04    1.043846E-05   -4.478027E-06    1.061773E-01 
  -3.122238E-02   -1.427575E-02   -5.380137E-03    6.092703E-04    8.164708E-06   -4.502486E-06    1.143612E-01 

5    1.666667E+01    2.500000E+01
   1.362923E-02    7.436384E-03   -2.781509E-03    6.621798E-04   -1.082288E-04    1.174151E-05    4.754375E-04 
  -2.309290E-01   -3.045798E-02   -2.749708E-03    2.014972E-03   -3.548786E-04    2.754812E-05   -5.754562E-02 
   1.061773E-01   -8.934060E-02    5.808631E-03    2.746261E-03   -5.799696E-04    3.767478E-05    2.494639E-01 
   1.143612E-01   -9.316234E-02    1.554915E-02    2.427456E-03   -6.968708E-04    4.406927E-05    4.100605E-02 

6    2.500000E+01    3.333333E+01
   4.754375E-04    2.792259E-04   -1.155851E-04    3.183741E-05   -6.483518E-06    1.029877E-06    1.310387E-05 
  -5.754562E-02   -1.565064E-02    2.784520E-03   -2.093546E-04   -1.115077E-05    4.885973E-06   -9.150718E-03 
   2.494639E-01   -1.285063E-02    7.628138E-03   -9.196504E-04    6.021389E-06    1.030312E-05    1.412702E-01 
   4.100605E-02    2.669609E-02    8.295635E-03   -1.698258E-03    5.100475E-05    1.400664E-05   -1.723683E-01 

7    3.333333E+01    5.000000E+01
   1.310387E-05    1.171851E-05   -8.396340E-06    4.362769E-06   -1.760063E-06    5.870528E-07    7.463020E-09 
  -9.150718E-03   -5.982779E-03    2.723952E-03   -8.025565E-04    1.644157E-04   -2.296310E-05   -1.281305E-04 
   1.412702E-01    4.284835E-02   -4.680536E-03   -1.409947E-03    6.003520E-04   -1.021556E-04    1.484672E-02 
  -1.723683E-01    8.278684E-02   -2.836368E-02    1.018849E-03    9.862231E-04   -2.217851E-04   -1.370422E-01 

8    5.000000E+01    6.666667E+01
   7.463020E-09    6.769249E-09   -4.970533E-09    2.669759E-09   -1.120499E-09    3.927510E-10    3.461595E-12 
  -1.281305E-04   -9.049209E-05    4.628985E-05   -1.609628E-05    4.189541E-06   -8.613472E-07   -1.214003E-06 
   1.484672E-02    6.924546E-03   -2.146590E-03    3.954373E-04   -4.291972E-05    1.302124E-06    8.264750E-04 
  -1.370422E-01   -2.234511E-02   -5.298180E-04    1.093303E-03   -2.095740E-04    1.639604E-05   -2.958206E-02 

9    6.666667E+01    1.000000E+02
   3.461595E-12    3.698118E-12   -3.621971E-12    2.887281E-12   -1.824320E-12    1.091856E-12 
  -1.214003E-06   -1.178286E-06    9.696839E-07   -6.019345E-07    2.944976E-07   -1.230641E-07 
   8.264750E-04    6.922366E-04   -4.466824E-04    2.002726E-04   -6.803086E-05    1.807015E-05 
  -2.958206E-02   -1.859610E-02    8.091384E-03   -1.887746E-03    2.527407E-04    2.085581E-05 

----- EIGENVALUES -----
EIGENVALUE n=0 -1.249999999E-01
EIGENVALUE n=1 -5.555555551E-02
EIGENVALUE n=2 -3.124999997E-02
EIGENVALUE n=3 -1.999997859E-02

ALL_EIGENVALUES: | 5 | 59 |  -1.249999999E-01 | -5.555555551E-02 | -3.124999997E-02 | -1.999997859E-02 |


========== ADAPTIVE STEP 6 ==========
Number of elements: 12
Degrees of freedom: 71
Domain: [0, 1.000000000E+02]

0    0.000000E+00    1.041667E+00
  -3.813180E-02    1.075498E-02   -1.040258E-03    5.950703E-05   -2.416138E-06   -1.315700E-01 
   2.167258E-02   -6.716133E-03    5.874751E-04   -2.818766E-05    9.171277E-07    7.664713E-02 
  -1.424288E-02    4.558706E-03   -3.855695E-04    1.706503E-05   -4.948961E-07   -5.082109E-02 
  -1.024171E-02    3.327127E-03   -2.771317E-04    1.176359E-05   -3.195569E-07   -3.669663E-02 

1    1.041667E+00    2.083333E+00
  -1.315700E-01    9.752739E-03    2.762911E-03   -3.945835E-04    2.592126E-05   -1.123245E-06   -3.126236E-01 
   7.664713E-02   -9.456220E-03   -1.909537E-03    2.594362E-04   -1.444861E-05    5.046388E-07    1.711355E-01 
  -5.082109E-02    7.111415E-03    1.322820E-03   -1.806684E-04    9.387646E-06   -2.940402E-07   -1.109676E-01 
  -3.669663E-02    5.411855E-03    9.725121E-04   -1.335629E-04    6.710924E-06   -1.978778E-07   -7.929566E-02 

2    2.083333E+00    4.166667E+00
  -3.126236E-01    6.642421E-02   -4.068957E-03   -9.652797E-04    2.090200E-04   -2.164752E-05   -4.412571E-01 
   1.711355E-01   -5.546824E-02    3.639978E-03    8.403864E-04   -1.516806E-04    1.261570E-05    1.600042E-01 
  -1.109676E-01    3.916466E-02   -3.042104E-03   -6.386385E-04    1.099655E-04   -8.260612E-06   -8.667437E-02 
  -7.929566E-02    2.890479E-02   -2.441438E-03   -4.888693E-04    8.301453E-05   -5.914760E-06   -5.646286E-02 

3    4.166667E+00    8.333333E+00
  -4.412571E-01    3.414866E-02   -2.632612E-02    4.626107E-03   -2.097892E-04   -6.103324E-05   -2.197716E-01 
   1.600042E-01    3.091982E-03    2.792259E-02   -4.509569E-03    2.316308E-05    7.828846E-05   -2.031141E-01 
  -8.667437E-02   -2.670599E-02   -2.243705E-02    3.883710E-03    2.599353E-05   -6.893575E-05    1.501969E-01 
  -5.646286E-02   -2.832200E-02   -1.714706E-02    3.217807E-03    3.291205E-05   -5.707331E-05    1.087979E-01 

4    8.333333E+00    1.250000E+01
  -2.197716E-01   -3.164065E-02    1.579482E-03    5.367201E-04   -1.263612E-04    1.383161E-05   -6.157067E-02 
  -2.031141E-01    6.449838E-02   -4.871596E-03   -8.495393E-04    1.811392E-04   -1.375020E-05   -3.174478E-01 
   1.501969E-01   -6.140537E-02    7.342867E-03    7.876232E-04   -1.823703E-04    1.143859E-05    9.520656E-02 
   1.087979E-01   -4.482731E-02    7.721609E-03    6.138817E-04   -1.641065E-04    9.429347E-06    3.122238E-02 

5    1.250000E+01    1.666667E+01
  -6.157067E-02   -1.316879E-02    2.043837E-03   -1.531438E-04   -2.917171E-07    1.489617E-06   -1.362923E-02 
  -3.174478E-01    1.766029E-02   -5.102258E-03    3.747603E-04    7.984074E-06   -3.600175E-06   -2.309290E-01 
   9.520656E-02    3.889340E-05    6.183119E-03   -5.448379E-04   -1.043846E-05    4.478027E-06   -1.061773E-01 
   3.122238E-02    1.427575E-02    5.380137E-03   -6.092703E-04   -8.164708E-06    4.502486E-06   -1.143612E-01 

6    1.666667E+01    2.500000E+01
  -1.362923E-02   -7.436384E-03    2.781509E-03   -6.621798E-04    1.082288E-04   -1.174151E-05   -4.754375E-04 
  -2.309290E-01   -3.045798E-02   -2.749708E-03    2.014972E-03   -3.548786E-04    2.754812E-05   -5.754562E-02 
  -1.061773E-01    8.934060E-02   -5.808631E-03   -2.746261E-03    5.799696E-04   -3.767478E-05   -2.494639E-01 
  -1.143612E-01    9.316234E-02   -1.554915E-02   -2.427456E-03    6.968708E-04   -4.406927E-05   -4.100606E-02 

7    2.500000E+01    3.333333E+01
  -4.754375E-04   -2.792261E-04    1.155850E-04   -3.183744E-05    6.483512E-06   -1.029878E-06   -1.310422E-05 
  -5.754562E-02   -1.565064E-02    2.784520E-03   -2.093546E-04   -1.115077E-05    4.885973E-06   -9.150718E-03 
  -2.494639E-01    1.285063E-02   -7.628138E-03    9.196504E-04   -6.021389E-06   -1.030312E-05   -1.412702E-01 
  -4.100606E-02   -2.669609E-02   -8.295635E-03    1.698258E-03   -5.100475E-05   -1.400664E-05    1.723683E-01 

8    3.333333E+01    4.166667E+01
  -1.310422E-05   -7.959929E-06    3.440301E-06   -1.001412E-06    2.186251E-07   -3.798270E-08   -3.174475E-07 
  -9.150718E-03   -3.022423E-03    7.085536E-04   -1.009185E-04    9.215026E-06   -4.513734E-07   -1.160036E-03 
  -1.412702E-01   -1.265725E-02   -1.984263E-04    2.814269E-04   -3.700172E-05    2.077381E-06   -5.150464E-02 
   1.723683E-01   -3.486590E-02    3.486259E-03    2.775255E-04   -7.073079E-05    4.628548E-06    2.051307E-01 

9    4.166667E+01    5.000000E+01
  -3.174475E-07   -1.965894E-07    8.703039E-08   -2.608672E-08    5.896600E-09   -1.067733E-09   -7.086935E-09 
  -1.160036E-03   -4.204072E-04    1.097045E-04   -1.830354E-05    2.173413E-06   -1.907942E-07   -1.281299E-04 
  -5.150464E-02   -7.996106E-03    8.680335E-04   -2.108964E-05   -5.626788E-06    8.267514E-07   -1.484672E-02 
   2.051307E-01   -7.191100E-03    2.784453E-03   -2.223032E-04   -2.591967E-06    1.704677E-06    1.370422E-01 

10    5.000000E+01    6.666667E+01
  -7.086935E-09   -6.428125E-09    4.720052E-09   -2.535221E-09    1.064034E-09   -3.729590E-10   -3.287154E-12 
  -1.281299E-04   -9.049167E-05    4.628964E-05   -1.609621E-05    4.189522E-06   -8.613432E-07   -1.213997E-06 
  -1.484672E-02   -6.924546E-03    2.146590E-03   -3.954374E-04    4.291972E-05   -1.302124E-06   -8.264750E-04 
   1.370422E-01    2.234511E-02    5.298180E-04   -1.093303E-03    2.095740E-04   -1.639604E-05    2.958206E-02 

11    6.666667E+01    1.000000E+02
  -3.287154E-12   -3.511761E-12    3.439449E-12   -2.741783E-12    1.732386E-12   -1.036835E-12 
  -1.213997E-06   -1.178280E-06    9.696794E-07   -6.019317E-07    2.944963E-07   -1.230636E-07 
  -8.264750E-04   -6.922367E-04    4.466824E-04   -2.002726E-04    6.803086E-05   -1.807015E-05 
   2.958206E-02    1.859610E-02   -8.091384E-03    1.887746E-03   -2.527407E-04   -2.085581E-05 

----- EIGENVALUES -----
EIGENVALUE n=0 -1.249999999E-01
EIGENVALUE n=1 -5.555555551E-02
EIGENVALUE n=2 -3.124999997E-02
EIGENVALUE n=3 -1.999997861E-02

ALL_EIGENVALUES: | 6 | 71 |  -1.249999999E-01 | -5.555555551E-02 | -3.124999997E-02 | -1.999997861E-02 |

DATETIME: 03 Sep 2026 19:24:37

=== END OF LOG FILE ===
