===============================================================================
 EEEEE I   GGG  EEEEE N   N RRRR   AAA  DDDD         Zbigniew Romanowski       
 E     I  G     E     NN  N R   R A   A D   D                                  
 EEE   I  G  GG EEE   N N N RRRR  AAAAA D   D        romz@wp.pl                
 E     I  G   G E     N  NN R  R  A   A D   D                                  
 EEEEE I   GGG  EEEEE N   N R   R A   A DDDD         https://github.com/romz-pl
===============================================================================



DATETIME: 06 Sep 2026 21:02:53



========== ADAPTIVE STEP 0 ==========
Number of elements: 3
Degrees of freedom: 17
Domain: [0, 1.800000000E+02]

0    0.000000E+00    6.000000E+01
   2.352382E-01   -3.195692E-02   -2.143521E-01    9.671030E-02    9.517143E-02   -1.806833E-02 |    1.806833E-02
   9.056274E-02   -2.644487E-01   -1.749256E-01    1.875131E-01    9.208753E-02    1.438375E-01 |    9.056274E-02
   1.124876E-01    2.752161E-01    5.282201E-02   -2.129830E-01   -6.582732E-02    8.476856E-02 |    5.282201E-02
   1.048011E-01    1.891408E-01   -2.539016E-02   -1.985085E-01   -4.183947E-02    9.887017E-02 |    2.539016E-02
max(min|c_i|) =    9.056274E-02

1    6.000000E+01    1.200000E+02
  -1.806833E-02   -1.615682E-02    1.133249E-02   -5.490390E-03    1.893836E-03   -4.418777E-04   -4.170701E-06 |    4.170701E-06
   1.438375E-01    8.872140E-02   -2.512078E-02   -5.349673E-03    7.101643E-03   -2.808022E-03    8.197973E-04 |    8.197973E-04
   8.476856E-02   -1.200471E-01    1.252975E-01   -3.329726E-02   -6.995021E-03    6.929378E-03    2.161770E-02 |    6.929378E-03
   9.887017E-02    1.166470E-01    1.313780E-01   -9.545350E-02    7.769685E-03    1.010533E-02   -1.129207E-01 |    7.769685E-03
max(min|c_i|) =    7.769685E-03

2    1.200000E+02    1.800000E+02
  -4.170701E-06   -4.035332E-06    3.299252E-06   -2.026481E-06    9.772492E-07   -3.995909E-07 |    3.995909E-07
   8.197973E-04    7.106370E-04   -4.811788E-04    2.285718E-04   -8.190761E-05    2.292908E-05 |    2.292908E-05
   2.161770E-02    1.518948E-02   -7.414878E-03    2.091339E-03   -3.417533E-04   -7.524051E-06 |    7.524051E-06
  -1.129207E-01   -4.133520E-02    3.777980E-03    5.445530E-03   -1.956976E-03    3.847358E-04 |    3.847358E-04
max(min|c_i|) =    3.847358E-04

----- EIGENVALUES -----
EIGENVALUE n=0 -1.974451973E-02
EIGENVALUE n=1 -1.347994300E-02
EIGENVALUE n=2 -9.764480094E-03
EIGENVALUE n=3 -7.412549191E-03

ALL_EIGENVALUES: | 0 | 17 |  -1.974451973E-02 | -1.347994300E-02 | -9.764480094E-03 | -7.412549191E-03 |

----- ELEMENTS TO SPLIT -----
0


========== ADAPTIVE STEP 1 ==========
Number of elements: 4
Degrees of freedom: 23
Domain: [0, 1.800000000E+02]

0    0.000000E+00    3.000000E+01
   3.573190E-02    1.449334E-01   -3.107674E-03   -4.199055E-02    3.400225E-03   -2.053749E-01 |    3.107674E-03
  -1.599851E-01   -1.525571E-01    3.900255E-02    5.094007E-02   -8.236335E-03    2.322549E-03 |    2.322549E-03
  -1.617894E-01   -1.131944E-01    6.038265E-02    4.814024E-02   -1.148249E-02   -4.989727E-02 |    1.148249E-02
   1.412940E-01    8.079643E-02   -6.711533E-02   -4.207410E-02    1.297594E-02    5.950828E-02 |    1.297594E-02
max(min|c_i|) =    1.297594E-02

1    3.000000E+01    6.000000E+01
  -2.053749E-01   -4.860873E-02   -1.498627E-02    1.254251E-02   -2.966730E-03    9.219478E-05   -1.652503E-02 |    9.219478E-05
   2.322549E-03    1.895256E-01   -3.209285E-02   -1.925069E-02    8.062892E-03   -7.344310E-04   -1.281189E-01 |    7.344310E-04
  -4.989727E-02    1.671916E-01   -1.013583E-01   -1.018332E-02    1.241437E-02   -1.811360E-03    1.182352E-01 |    1.811360E-03
   5.950828E-02   -4.916890E-02    1.298194E-01   -7.262624E-03   -1.395222E-02    2.912595E-03   -1.032347E-01 |    2.912595E-03
max(min|c_i|) =    2.912595E-03

2    6.000000E+01    1.200000E+02
  -1.652503E-02   -1.484345E-02    1.050047E-02   -5.155069E-03    1.814326E-03   -4.405949E-04   -3.570066E-06 |    3.570066E-06
  -1.281189E-01   -8.353699E-02    2.851969E-02    1.207355E-03   -5.319603E-03    2.480077E-03   -5.693453E-04 |    5.693453E-04
   1.182352E-01   -6.726920E-02    1.069920E-01   -4.141215E-02    7.945341E-04    4.774268E-03    1.474325E-02 |    7.945341E-04
  -1.032347E-01   -1.904600E-01   -5.017833E-02    8.807803E-02   -2.329922E-02   -3.532672E-03    9.033170E-02 |    3.532672E-03
max(min|c_i|) =    3.532672E-03

3    1.200000E+02    1.800000E+02
  -3.570066E-06   -3.461476E-06    2.840760E-06   -1.753916E-06    8.506844E-07   -3.503912E-07 |    3.503912E-07
  -5.693453E-04   -4.989382E-04    3.439609E-04   -1.674878E-04    6.182507E-05   -1.800570E-05 |    1.800570E-05
   1.474325E-02    1.078726E-02   -5.600141E-03    1.771805E-03   -3.610414E-04    2.656806E-05 |    2.656806E-05
   9.033170E-02    4.128522E-02   -9.143549E-03   -2.189620E-03    1.373179E-03   -3.884643E-04 |    3.884643E-04
max(min|c_i|) =    3.884643E-04

----- EIGENVALUES -----
EIGENVALUE n=0 -1.995040332E-02
EIGENVALUE n=1 -1.385536729E-02
EIGENVALUE n=2 -1.018001583E-02
EIGENVALUE n=3 -7.794173709E-03

ALL_EIGENVALUES: | 1 | 23 |  -1.995040332E-02 | -1.385536729E-02 | -1.018001583E-02 | -7.794173709E-03 |

----- ELEMENTS TO SPLIT -----
0


========== ADAPTIVE STEP 2 ==========
Number of elements: 5
Degrees of freedom: 29
Domain: [0, 1.800000000E+02]

0    0.000000E+00    1.500000E+01
   6.982950E-02    1.623727E-03   -1.321139E-02   -7.791221E-04    1.626247E-03    1.273618E-01 |    7.791221E-04
   5.523671E-02   -7.697232E-03   -1.566974E-02   -3.338646E-04    1.937345E-03    1.114668E-01 |    3.338646E-04
  -4.217879E-02    1.152236E-02    1.510689E-02   -6.523640E-05   -1.928729E-03   -9.196167E-02 |    6.523640E-05
   3.296199E-02   -1.259440E-02   -1.375230E-02    3.064136E-04    1.807003E-03    7.626038E-02 |    3.064136E-04
max(min|c_i|) =    7.791221E-04

1    1.500000E+01    3.000000E+01
   1.273618E-01   -8.114331E-02    1.107996E-03    5.372635E-03   -8.294839E-04   -5.093052E-05    2.052075E-01 |    5.093052E-05
   1.114668E-01   -1.052818E-01    1.701174E-02    7.025306E-03   -1.528469E-03   -5.132020E-05    1.674906E-03 |    5.132020E-05
  -9.196167E-02    7.931219E-02   -2.839123E-02   -6.348348E-03    1.971446E-03    2.657902E-05    5.064449E-02 |    2.657902E-05
   7.626038E-02   -5.546703E-02    3.214537E-02    4.971794E-03   -2.145585E-03    3.109535E-06   -6.016045E-02 |    3.109535E-06
max(min|c_i|) =    5.132020E-05

2    3.000000E+01    6.000000E+01
   2.052075E-01    4.868381E-02    1.490328E-02   -1.251886E-02    2.966406E-03   -9.370575E-05    1.648194E-02 |    9.370575E-05
   1.674906E-03    1.893562E-01   -3.239704E-02   -1.911869E-02    8.057235E-03   -7.423398E-04   -1.278079E-01 |    7.423398E-04
   5.064449E-02   -1.660719E-01    1.017262E-01    9.854878E-03   -1.238176E-02    1.828562E-03   -1.187782E-01 |    1.828562E-03
  -6.016045E-02    4.722612E-02   -1.298915E-01    7.766041E-03    1.386941E-02   -2.936658E-03    1.030827E-01 |    2.936658E-03
max(min|c_i|) =    2.936658E-03

3    6.000000E+01    1.200000E+02
   1.648194E-02    1.480650E-02   -1.047667E-02    5.145169E-03   -1.811788E-03    4.404258E-04    3.554663E-06 |    3.554663E-06
  -1.278079E-01   -8.342313E-02    2.857432E-02    1.130423E-03   -5.284408E-03    2.472796E-03   -5.650158E-04 |    5.650158E-04
  -1.187782E-01    6.633487E-02   -1.065875E-01    4.149853E-02   -9.213977E-04   -4.731947E-03   -1.463623E-02 |    9.213977E-04
   1.030827E-01    1.914133E-01    4.875179E-02   -8.776706E-02    2.349325E-02    3.417360E-03   -8.993928E-02 |    3.417360E-03
max(min|c_i|) =    3.417360E-03

4    1.200000E+02    1.800000E+02
   3.554663E-06    3.446734E-06   -2.828944E-06    1.746861E-06   -8.473912E-07    3.491024E-07 |    3.491024E-07
  -5.650158E-04   -4.952544E-04    3.415472E-04   -1.663967E-04    6.145941E-05   -1.791348E-05 |    1.791348E-05
  -1.463623E-02   -1.071647E-02    5.569330E-03   -1.765390E-03    3.609073E-04   -2.702714E-05 |    2.702714E-05
  -8.993928E-02   -4.123442E-02    9.206058E-03    2.140619E-03   -1.362095E-03    3.876643E-04 |    3.876643E-04
max(min|c_i|) =    3.876643E-04

----- EIGENVALUES -----
EIGENVALUE n=0 -1.995592402E-02
EIGENVALUE n=1 -1.386338841E-02
EIGENVALUE n=2 -1.018796918E-02
EIGENVALUE n=3 -7.801084497E-03

ALL_EIGENVALUES: | 2 | 29 |  -1.995592402E-02 | -1.386338841E-02 | -1.018796918E-02 | -7.801084497E-03 |

----- ELEMENTS TO SPLIT -----
0
2
3


========== ADAPTIVE STEP 3 ==========
Number of elements: 8
Degrees of freedom: 47
Domain: [0, 1.800000000E+02]

0    0.000000E+00    7.500000E+00
  -1.253106E-02   -4.624601E-03   -7.646647E-05    3.028185E-04    3.205457E-06   -1.759600E-02 |    3.205457E-06
   1.268787E-02    4.529070E-03   -5.301356E-05   -3.418982E-04   -2.089334E-06    1.796554E-02 |    2.089334E-06
  -1.148196E-02   -4.012076E-03    1.210346E-04    3.286311E-04    9.506868E-07   -1.634259E-02 |    9.506868E-07
   1.013087E-02    3.489353E-03   -1.493402E-04   -3.009623E-04   -1.851186E-07    1.446913E-02 |    1.851186E-07
max(min|c_i|) =    3.205457E-06

1    7.500000E+00    1.500000E+01
  -1.759600E-02   -1.424166E-02    4.765370E-03    4.411182E-04   -1.255011E-04    2.083440E-06   -1.273620E-01 |    2.083440E-06
   1.796554E-02    5.270675E-03   -6.605106E-03   -3.737770E-04    1.665962E-04   -3.406060E-06    1.114670E-01 |    3.406060E-06
  -1.634259E-02   -2.740223E-04    6.707451E-03    2.446928E-04   -1.756566E-04    4.327051E-06   -9.196083E-02 |    4.327051E-06
   1.446913E-02   -2.164244E-03   -6.255753E-03   -1.454311E-04    1.698552E-04   -4.791614E-06    7.625079E-02 |    4.791614E-06
max(min|c_i|) =    4.791614E-06

2    1.500000E+01    3.000000E+01
  -1.273620E-01    8.114321E-02   -1.108018E-03   -5.372630E-03    8.294854E-04    5.092985E-05   -2.052073E-01 |    5.092985E-05
   1.114670E-01   -1.052814E-01    1.701178E-02    7.025274E-03   -1.528470E-03   -5.131846E-05    1.674579E-03 |    5.131846E-05
  -9.196083E-02    7.931089E-02   -2.839075E-02   -6.348217E-03    1.971413E-03    2.657626E-05    5.064375E-02 |    2.657626E-05
   7.625079E-02   -5.546009E-02    3.214065E-02    4.971119E-03   -2.145268E-03    3.110332E-06   -6.015198E-02 |    3.110332E-06
max(min|c_i|) =    5.131846E-05

3    3.000000E+01    4.500000E+01
  -2.052073E-01   -1.718663E-03   -7.774670E-03    1.520747E-03   -4.896683E-05   -2.178484E-05   -7.812178E-02 |    2.178484E-05
   1.674579E-03    5.857434E-02    6.539939E-03   -3.435375E-03    2.550540E-04    3.487132E-05   -1.833773E-01 |    3.487132E-05
   5.064375E-02   -8.964074E-02    3.597482E-03    4.369377E-03   -5.289317E-04   -3.449000E-05    6.965497E-02 |    3.449000E-05
  -6.015198E-02    7.896628E-02   -1.288230E-02   -4.108145E-03    7.480328E-04    2.360788E-05   -5.197775E-03 |    2.360788E-05
max(min|c_i|) =    3.487132E-05

4    4.500000E+01    6.000000E+01
  -7.812178E-02   -1.549465E-02    1.515212E-03    1.234628E-04   -4.880955E-05    5.684276E-06   -1.648191E-02 |    5.684276E-06
  -1.833773E-01    2.543870E-02   -7.793749E-03    4.285833E-04    8.765760E-05   -1.639688E-05   -1.278084E-01 |    1.639688E-05
   6.965497E-02    1.156150E-02    1.134465E-02   -1.622178E-03   -5.711894E-05    2.790988E-05   -1.187766E-01 |    2.790988E-05
  -5.197775E-03   -4.980930E-02   -7.866142E-03    2.647642E-03   -4.316870E-05   -3.491392E-05    1.030725E-01 |    3.491392E-05
max(min|c_i|) =    3.491392E-05

5    6.000000E+01    9.000000E+01
  -1.648191E-02   -9.973063E-03    4.015497E-03   -9.711536E-04    1.375791E-04   -4.756686E-06   -3.132129E-04 |    4.756686E-06
  -1.278084E-01   -3.535535E-02    7.624471E-04    2.589306E-03   -7.661178E-04    9.268697E-05   -1.319642E-02 |    9.268697E-05
  -1.187766E-01    8.071858E-02   -2.891730E-02    3.088318E-04    1.453243E-03   -3.023567E-04   -9.694342E-02 |    3.023567E-04
   1.030725E-01    1.281861E-03    4.884654E-02   -8.934500E-03   -1.254813E-03    5.523598E-04   -1.316231E-01 |    5.523598E-04
max(min|c_i|) =    5.523598E-04

6    9.000000E+01    1.200000E+02
  -3.132129E-04   -2.162463E-04    1.067237E-04   -3.528656E-05    8.580508E-06   -1.606848E-06   -3.299257E-06 |    1.606848E-06
  -1.319642E-02   -6.596078E-03    2.152515E-03   -4.074379E-04    4.176408E-05    1.802566E-07   -5.659818E-04 |    1.802566E-07
  -9.694342E-02   -2.211412E-02    7.831846E-04    9.805837E-04   -2.506250E-04    2.578934E-05   -1.463417E-02 |    2.578934E-05
  -1.316231E-01    4.304172E-02   -1.554767E-02    7.500146E-04    4.128267E-04   -8.623137E-05   -8.992391E-02 |    8.623137E-05
max(min|c_i|) =    8.623137E-05

7    1.200000E+02    1.800000E+02
  -3.299257E-06   -3.199083E-06    2.625682E-06   -1.621347E-06    7.865056E-07   -3.240192E-07 |    3.240192E-07
  -5.659818E-04   -4.961013E-04    3.421314E-04   -1.666815E-04    6.156467E-05   -1.794419E-05 |    1.794419E-05
  -1.463417E-02   -1.071503E-02    5.568631E-03   -1.765197E-03    3.608780E-04   -2.702898E-05 |    2.702898E-05
  -8.992391E-02   -4.123111E-02    9.207457E-03    2.139104E-03   -1.361712E-03    3.876236E-04 |    3.876236E-04
max(min|c_i|) =    3.876236E-04

----- EIGENVALUES -----
EIGENVALUE n=0 -1.995592905E-02
EIGENVALUE n=1 -1.386340291E-02
EIGENVALUE n=2 -1.018803800E-02
EIGENVALUE n=3 -7.801285722E-03

ALL_EIGENVALUES: | 3 | 47 |  -1.995592905E-02 | -1.386340291E-02 | -1.018803800E-02 | -7.801285722E-03 |

----- ELEMENTS TO SPLIT -----
2
5


========== ADAPTIVE STEP 4 ==========
Number of elements: 10
Degrees of freedom: 59
Domain: [0, 1.800000000E+02]

0    0.000000E+00    7.500000E+00
   1.253106E-02    4.624601E-03    7.646647E-05   -3.028185E-04   -3.205457E-06    1.759600E-02 |    3.205457E-06
   1.268787E-02    4.529070E-03   -5.301355E-05   -3.418982E-04   -2.089334E-06    1.796553E-02 |    2.089334E-06
  -1.148196E-02   -4.012076E-03    1.210345E-04    3.286310E-04    9.506868E-07   -1.634259E-02 |    9.506868E-07
   1.013086E-02    3.489353E-03   -1.493402E-04   -3.009623E-04   -1.851187E-07    1.446913E-02 |    1.851187E-07
max(min|c_i|) =    3.205457E-06

1    7.500000E+00    1.500000E+01
   1.759600E-02    1.424166E-02   -4.765370E-03   -4.411182E-04    1.255011E-04   -2.083440E-06    1.273620E-01 |    2.083440E-06
   1.796553E-02    5.270674E-03   -6.605105E-03   -3.737770E-04    1.665962E-04   -3.406060E-06    1.114670E-01 |    3.406060E-06
  -1.634259E-02   -2.740225E-04    6.707450E-03    2.446927E-04   -1.756566E-04    4.327051E-06   -9.196082E-02 |    4.327051E-06
   1.446913E-02   -2.164243E-03   -6.255752E-03   -1.454311E-04    1.698552E-04   -4.791613E-06    7.625078E-02 |    4.791613E-06
max(min|c_i|) =    4.791613E-06

2    1.500000E+01    2.250000E+01
   1.273620E-01   -1.936602E-02   -2.196004E-03    5.119893E-04   -6.723338E-06   -4.412387E-06    2.172380E-01 |    4.412387E-06
   1.114670E-01   -3.270328E-02   -1.115576E-03    7.837771E-04   -2.239734E-05   -6.308930E-06    1.226921E-01 |    6.308930E-06
  -9.196082E-02    3.196635E-02   -3.667196E-04   -8.590909E-04    3.691340E-05    6.903522E-06   -7.071415E-02 |    6.903522E-06
   7.625078E-02   -2.823785E-02    1.267676E-03    8.276132E-04   -4.591822E-05   -6.771319E-06    4.317301E-02 |    6.771319E-06
max(min|c_i|) =    6.903522E-06

3    2.250000E+01    3.000000E+01
   2.172380E-01   -1.811067E-02    1.766236E-03    1.179711E-04   -2.522511E-05    1.094346E-06    2.052073E-01 |    1.094346E-06
   1.226921E-01   -1.589614E-02    4.069163E-03    5.259086E-05   -4.225922E-05    2.179254E-06    1.674568E-03 |    2.179254E-06
  -7.071415E-02    4.044757E-03   -5.056747E-03    8.691424E-05    4.975875E-05   -3.109361E-06    5.064377E-02 |    3.109361E-06
   4.317301E-02    3.352539E-03    4.946314E-03   -2.031097E-04   -4.982717E-05    3.713356E-06   -6.015201E-02 |    3.713356E-06
max(min|c_i|) =    3.713356E-06

4    3.000000E+01    4.500000E+01
   2.052073E-01    1.718664E-03    7.774669E-03   -1.520747E-03    4.896683E-05    2.178484E-05    7.812177E-02 |    2.178484E-05
   1.674568E-03    5.857434E-02    6.539937E-03   -3.435375E-03    2.550540E-04    3.487131E-05   -1.833773E-01 |    3.487131E-05
   5.064377E-02   -8.964074E-02    3.597486E-03    4.369377E-03   -5.289318E-04   -3.448998E-05    6.965496E-02 |    3.448998E-05
  -6.015201E-02    7.896629E-02   -1.288231E-02   -4.108145E-03    7.480330E-04    2.360784E-05   -5.197750E-03 |    2.360784E-05
max(min|c_i|) =    3.487131E-05

5    4.500000E+01    6.000000E+01
   7.812177E-02    1.549465E-02   -1.515212E-03   -1.234628E-04    4.880955E-05   -5.684276E-06    1.648191E-02 |    5.684276E-06
  -1.833773E-01    2.543870E-02   -7.793749E-03    4.285834E-04    8.765759E-05   -1.639688E-05   -1.278084E-01 |    1.639688E-05
   6.965496E-02    1.156151E-02    1.134465E-02   -1.622179E-03   -5.711889E-05    2.790988E-05   -1.187766E-01 |    2.790988E-05
  -5.197750E-03   -4.980931E-02   -7.866139E-03    2.647643E-03   -4.316881E-05   -3.491391E-05    1.030725E-01 |    3.491391E-05
max(min|c_i|) =    3.491391E-05

6    6.000000E+01    7.500000E+01
   1.648191E-02    4.699434E-03   -9.198583E-04    9.595187E-05   -3.737697E-06   -4.476911E-07    2.516663E-03 |    4.476911E-07
  -1.278084E-01   -8.566302E-03   -1.194604E-03    3.897166E-04   -3.682599E-05    4.986282E-07   -4.826009E-02 |    4.986282E-07
  -1.187766E-01    3.447906E-02   -3.086937E-03   -4.703451E-04    9.566627E-05   -4.621101E-06   -1.571728E-01 |    4.621101E-06
   1.030725E-01   -2.611934E-02    8.828789E-03   -4.426963E-06   -1.400903E-04    1.143587E-05   -1.723127E-02 |    4.426963E-06
max(min|c_i|) =    4.621101E-06

7    7.500000E+01    9.000000E+01
   2.516663E-03    8.414921E-04   -2.003690E-04    2.940165E-05   -2.880384E-06    1.800201E-07    3.132137E-04 |    1.800201E-07
  -4.826009E-02   -7.662074E-03    7.423299E-04    1.038464E-05   -9.892453E-06    1.120232E-06   -1.319642E-02 |    1.120232E-06
  -1.571728E-01    6.166872E-03   -2.929683E-03    2.598119E-04    4.887256E-06   -2.602151E-06   -9.694341E-02 |    2.602151E-06
  -1.723127E-02    2.144260E-02    2.350746E-03   -6.574160E-04    2.800751E-05    3.242114E-06   -1.316232E-01 |    3.242114E-06
max(min|c_i|) =    3.242114E-06

8    9.000000E+01    1.200000E+02
   3.132137E-04    2.162469E-04   -1.067240E-04    3.528665E-05   -8.580531E-06    1.606852E-06    3.299266E-06 |    1.606852E-06
  -1.319642E-02   -6.596077E-03    2.152515E-03   -4.074379E-04    4.176408E-05    1.802559E-07   -5.659817E-04 |    1.802559E-07
  -9.694341E-02   -2.211412E-02    7.831855E-04    9.805835E-04   -2.506250E-04    2.578934E-05   -1.463416E-02 |    2.578934E-05
  -1.316232E-01    4.304170E-02   -1.554767E-02    7.500156E-04    4.128265E-04   -8.623136E-05   -8.992389E-02 |    8.623136E-05
max(min|c_i|) =    8.623136E-05

9    1.200000E+02    1.800000E+02
   3.299266E-06    3.199091E-06   -2.625689E-06    1.621351E-06   -7.865076E-07    3.240200E-07 |    3.240200E-07
  -5.659817E-04   -4.961012E-04    3.421314E-04   -1.666815E-04    6.156466E-05   -1.794419E-05 |    1.794419E-05
  -1.463416E-02   -1.071503E-02    5.568631E-03   -1.765197E-03    3.608780E-04   -2.702899E-05 |    2.702899E-05
  -8.992389E-02   -4.123110E-02    9.207460E-03    2.139102E-03   -1.361712E-03    3.876235E-04 |    3.876235E-04
max(min|c_i|) =    3.876235E-04

----- EIGENVALUES -----
EIGENVALUE n=0 -1.995592911E-02
EIGENVALUE n=1 -1.386340305E-02
EIGENVALUE n=2 -1.018803820E-02
EIGENVALUE n=3 -7.801286020E-03

ALL_EIGENVALUES: | 4 | 59 |  -1.995592911E-02 | -1.386340305E-02 | -1.018803820E-02 | -7.801286020E-03 |

----- ELEMENTS TO SPLIT -----
4
9


========== ADAPTIVE STEP 5 ==========
Number of elements: 12
Degrees of freedom: 71
Domain: [0, 1.800000000E+02]

0    0.000000E+00    7.500000E+00
  -1.253106E-02   -4.624601E-03   -7.646647E-05    3.028185E-04    3.205457E-06   -1.759600E-02 |    3.205457E-06
   1.268787E-02    4.529070E-03   -5.301355E-05   -3.418982E-04   -2.089334E-06    1.796553E-02 |    2.089334E-06
   1.148196E-02    4.012076E-03   -1.210345E-04   -3.286310E-04   -9.506868E-07    1.634259E-02 |    9.506868E-07
  -1.013087E-02   -3.489353E-03    1.493402E-04    3.009623E-04    1.851187E-07   -1.446913E-02 |    1.851187E-07
max(min|c_i|) =    3.205457E-06

1    7.500000E+00    1.500000E+01
  -1.759600E-02   -1.424166E-02    4.765370E-03    4.411182E-04   -1.255011E-04    2.083440E-06   -1.273620E-01 |    2.083440E-06
   1.796553E-02    5.270674E-03   -6.605105E-03   -3.737770E-04    1.665962E-04   -3.406060E-06    1.114670E-01 |    3.406060E-06
   1.634259E-02    2.740225E-04   -6.707450E-03   -2.446927E-04    1.756566E-04   -4.327051E-06    9.196082E-02 |    4.327051E-06
  -1.446913E-02    2.164243E-03    6.255753E-03    1.454311E-04   -1.698552E-04    4.791613E-06   -7.625079E-02 |    4.791613E-06
max(min|c_i|) =    4.791613E-06

2    1.500000E+01    2.250000E+01
  -1.273620E-01    1.936602E-02    2.196004E-03   -5.119893E-04    6.723338E-06    4.412387E-06   -2.172380E-01 |    4.412387E-06
   1.114670E-01   -3.270328E-02   -1.115576E-03    7.837771E-04   -2.239734E-05   -6.308930E-06    1.226921E-01 |    6.308930E-06
   9.196082E-02   -3.196635E-02    3.667196E-04    8.590909E-04   -3.691339E-05   -6.903522E-06    7.071415E-02 |    6.903522E-06
  -7.625079E-02    2.823785E-02   -1.267676E-03   -8.276132E-04    4.591822E-05    6.771319E-06   -4.317301E-02 |    6.771319E-06
max(min|c_i|) =    6.903522E-06

3    2.250000E+01    3.000000E+01
  -2.172380E-01    1.811067E-02   -1.766236E-03   -1.179711E-04    2.522511E-05   -1.094346E-06   -2.052073E-01 |    1.094346E-06
   1.226921E-01   -1.589614E-02    4.069163E-03    5.259086E-05   -4.225922E-05    2.179254E-06    1.674568E-03 |    2.179254E-06
   7.071415E-02   -4.044757E-03    5.056747E-03   -8.691424E-05   -4.975875E-05    3.109361E-06   -5.064377E-02 |    3.109361E-06
  -4.317301E-02   -3.352539E-03   -4.946314E-03    2.031097E-04    4.982717E-05   -3.713356E-06    6.015201E-02 |    3.713356E-06
max(min|c_i|) =    3.713356E-06

4    3.000000E+01    3.750000E+01
  -2.052073E-01    3.768180E-03   -1.552907E-03    9.708851E-05    3.254575E-06   -7.590547E-07   -1.402533E-01 |    7.590547E-07
   1.674568E-03    1.051533E-02    2.192218E-03   -2.612949E-04   -3.124329E-07    1.398645E-06   -1.275291E-01 |    3.124329E-07
  -5.064377E-02    2.295210E-02    1.385983E-03   -3.867424E-04    7.036252E-06    1.775137E-06   -1.160697E-01 |    1.775137E-06
   6.015201E-02   -2.487912E-02   -2.223860E-04    4.285885E-04   -1.473760E-05   -1.865011E-06    8.199573E-02 |    1.865011E-06
max(min|c_i|) =    1.865011E-06

5    3.750000E+01    4.500000E+01
  -1.402533E-01   -3.748634E-03   -4.332791E-04    7.510060E-05   -3.710380E-06   -4.520161E-08   -7.812177E-02 |    4.520161E-08
  -1.275291E-01    1.679159E-02   -3.403313E-04   -1.394755E-04    1.091137E-05   -6.270243E-08   -1.833773E-01 |    6.270243E-08
  -1.160697E-01    1.935320E-02   -1.837428E-03   -1.311115E-04    1.833102E-05   -3.278873E-07   -6.965495E-02 |    3.278873E-07
   8.199573E-02   -1.224255E-02    2.810421E-03    6.558148E-05   -2.281109E-05    6.517132E-07    5.197749E-03 |    6.517132E-07
max(min|c_i|) =    6.517132E-07

6    4.500000E+01    6.000000E+01
  -7.812177E-02   -1.549465E-02    1.515212E-03    1.234628E-04   -4.880955E-05    5.684276E-06   -1.648191E-02 |    5.684276E-06
  -1.833773E-01    2.543870E-02   -7.793749E-03    4.285834E-04    8.765759E-05   -1.639688E-05   -1.278084E-01 |    1.639688E-05
  -6.965495E-02   -1.156151E-02   -1.134465E-02    1.622179E-03    5.711889E-05   -2.790988E-05    1.187766E-01 |    2.790988E-05
   5.197749E-03    4.980931E-02    7.866139E-03   -2.647643E-03    4.316882E-05    3.491391E-05   -1.030726E-01 |    3.491391E-05
max(min|c_i|) =    3.491391E-05

7    6.000000E+01    7.500000E+01
  -1.648191E-02   -4.699434E-03    9.198583E-04   -9.595187E-05    3.737697E-06    4.476911E-07   -2.516663E-03 |    4.476911E-07
  -1.278084E-01   -8.566302E-03   -1.194604E-03    3.897166E-04   -3.682599E-05    4.986282E-07   -4.826009E-02 |    4.986282E-07
   1.187766E-01   -3.447906E-02    3.086937E-03    4.703451E-04   -9.566627E-05    4.621101E-06    1.571728E-01 |    4.621101E-06
  -1.030726E-01    2.611935E-02   -8.828789E-03    4.426978E-06    1.400903E-04   -1.143587E-05    1.723127E-02 |    4.426978E-06
max(min|c_i|) =    4.621101E-06

8    7.500000E+01    9.000000E+01
  -2.516663E-03   -8.414921E-04    2.003690E-04   -2.940165E-05    2.880384E-06   -1.800201E-07   -3.132137E-04 |    1.800201E-07
  -4.826009E-02   -7.662074E-03    7.423299E-04    1.038464E-05   -9.892453E-06    1.120232E-06   -1.319642E-02 |    1.120232E-06
   1.571728E-01   -6.166872E-03    2.929683E-03   -2.598119E-04   -4.887256E-06    2.602151E-06    9.694341E-02 |    2.602151E-06
   1.723127E-02   -2.144261E-02   -2.350746E-03    6.574160E-04   -2.800751E-05   -3.242114E-06    1.316232E-01 |    3.242114E-06
max(min|c_i|) =    3.242114E-06

9    9.000000E+01    1.200000E+02
  -3.132137E-04   -2.162473E-04    1.067237E-04   -3.528673E-05    8.580509E-06   -1.606858E-06   -3.299834E-06 |    1.606858E-06
  -1.319642E-02   -6.596080E-03    2.152514E-03   -4.074382E-04    4.176401E-05    1.802423E-07   -5.659872E-04 |    1.802423E-07
   9.694341E-02    2.211412E-02   -7.831854E-04   -9.805834E-04    2.506250E-04   -2.578934E-05    1.463417E-02 |    2.578934E-05
   1.316232E-01   -4.304170E-02    1.554767E-02   -7.500156E-04   -4.128265E-04    8.623136E-05    8.992390E-02 |    8.623136E-05
max(min|c_i|) =    8.623136E-05

10    1.200000E+02    1.500000E+02
  -3.299834E-06   -2.400765E-06    1.277634E-06   -4.659958E-07    1.281975E-07   -2.814869E-08   -2.516510E-08 |    2.516510E-08
  -5.659872E-04   -3.277772E-04    1.315746E-04   -3.438523E-05    6.446937E-06   -8.997586E-07   -1.560770E-05 |    8.997586E-07
   1.463417E-02    5.835563E-03   -1.504851E-03    2.088755E-04   -1.138625E-05   -1.549704E-06    1.163971E-03 |    1.549704E-06
   8.992390E-02    1.436851E-02    2.495900E-04   -6.422782E-04    1.131339E-04   -7.422163E-06    1.927015E-02 |    7.422163E-06
max(min|c_i|) =    7.422163E-06

11    1.500000E+02    1.800000E+02
  -2.516510E-08   -1.871138E-08    1.049386E-08   -3.969602E-09    1.173483E-09   -2.721190E-10 |    2.721190E-10
  -1.560770E-05   -9.470572E-06    4.338706E-06   -1.212720E-06    2.776257E-07   -4.460209E-08 |    4.460209E-08
   1.163971E-03    5.225239E-04   -1.922688E-04    3.416868E-05   -5.858765E-06    4.339399E-07 |    4.339399E-07
   1.927015E-02    5.161972E-03   -1.422717E-03    5.556076E-05   -5.017394E-06   -2.746956E-06 |    2.746956E-06
max(min|c_i|) =    2.746956E-06

----- EIGENVALUES -----
EIGENVALUE n=0 -1.995592911E-02
EIGENVALUE n=1 -1.386340305E-02
EIGENVALUE n=2 -1.018803821E-02
EIGENVALUE n=3 -7.801286054E-03

ALL_EIGENVALUES: | 5 | 71 |  -1.995592911E-02 | -1.386340305E-02 | -1.018803821E-02 | -7.801286054E-03 |

DATETIME: 06 Sep 2026 21:02:53

=== END OF LOG FILE ===
