===============================================================================
 EEEEE I   GGG  EEEEE N   N RRRR   AAA  DDDD         Zbigniew Romanowski       
 E     I  G     E     NN  N R   R A   A D   D                                  
 EEE   I  G  GG EEE   N N N RRRR  AAAAA D   D        romz@wp.pl                
 E     I  G   G E     N  NN R  R  A   A D   D                                  
 EEEEE I   GGG  EEEEE N   N R   R A   A DDDD         https://github.com/romz-pl
===============================================================================



DATETIME: 04 Sep 2026 10:52:14



========== ADAPTIVE STEP 0 ==========
Number of elements: 3
Degrees of freedom: 17
Domain: [0, 1.600000000E+02]

0    0.000000E+00    5.333333E+01
  -2.511777E-01    2.438526E-01    8.690338E-02   -2.371515E-01    8.988614E-02    3.173701E-03 |    3.173701E-03
   5.157607E-02    3.775740E-01   -1.522819E-01   -2.552826E-01    1.811985E-01   -7.555128E-02 |    5.157607E-02
  -1.614613E-01   -1.649181E-01    3.032275E-01    1.695982E-01   -2.220190E-01   -1.830232E-01 |    1.614613E-01
   1.585045E-02   -9.094649E-03   -3.004415E-01   -8.118487E-02    2.200386E-01    6.363381E-02 |    9.094649E-03
max(min|c_i|) =    1.614613E-01

1    5.333333E+01    1.066667E+02
   3.173701E-03    3.071540E-03   -2.499001E-03    1.511891E-03   -7.043742E-04    2.685923E-04    6.569397E-07 |    6.569397E-07
  -7.555128E-02   -5.957730E-02    3.262001E-02   -1.006662E-02    9.704092E-04    7.141777E-04   -9.192504E-05 |    9.192504E-05
  -1.830232E-01   -3.989777E-02   -4.849930E-02    4.087942E-02   -1.267819E-02    6.784126E-04   -5.939529E-03 |    6.784126E-04
   6.363381E-02    2.468989E-01   -6.941083E-02   -4.570830E-02    3.136397E-02   -5.739622E-03   -6.452574E-02 |    5.739622E-03
max(min|c_i|) =    5.739622E-03

2    1.066667E+02    1.600000E+02
   6.569397E-07    6.619533E-07   -5.825070E-07    3.963877E-07   -2.137857E-07    1.011730E-07 |    1.011730E-07
  -9.192504E-05   -8.445057E-05    6.307106E-05   -3.427113E-05    1.439789E-05   -4.956007E-06 |    4.956007E-06
  -5.939529E-03   -4.675538E-03    2.721354E-03   -1.041561E-03    2.851681E-04   -5.268063E-05 |    5.268063E-05
  -6.452574E-02   -3.575825E-02    1.212463E-02   -9.223588E-04   -4.911485E-04    2.653103E-04 |    2.653103E-04
max(min|c_i|) =    2.653103E-04

----- EIGENVALUES -----
EIGENVALUE n=0 -3.072633114E-02
EIGENVALUE n=1 -1.941853415E-02
EIGENVALUE n=2 -1.339973898E-02
EIGENVALUE n=3 -9.815627932E-03

ALL_EIGENVALUES: | 0 | 17 |  -3.072633114E-02 | -1.941853415E-02 | -1.339973898E-02 | -9.815627932E-03 |

----- ELEMENTS TO SPLIT -----
0


========== ADAPTIVE STEP 1 ==========
Number of elements: 4
Degrees of freedom: 23
Domain: [0, 1.600000000E+02]

0    0.000000E+00    2.666667E+01
   2.201665E-01    1.387675E-01   -1.486651E-01   -1.136190E-02    5.446473E-02   -1.420757E-01 |    1.136190E-02
  -2.910777E-01   -2.837103E-02    1.940000E-01   -8.992370E-03   -6.253946E-02   -1.651450E-01 |    8.992370E-03
  -1.825674E-01    5.535610E-02    1.816491E-01   -2.473087E-02   -5.929229E-02   -1.290428E-01 |    2.473087E-02
  -1.144354E-01    8.174560E-02    1.541189E-01   -3.185898E-02   -5.280953E-02   -8.763827E-02 |    3.185898E-02
max(min|c_i|) =    3.185898E-02

1    2.666667E+01    5.333333E+01
  -1.420757E-01   -7.644292E-02    2.102108E-02    3.398240E-04   -2.139586E-03    7.722866E-04   -2.903341E-03 |    3.398240E-04
  -1.651450E-01    1.056714E-01   -8.107973E-02    1.474555E-02    2.878450E-03   -1.864297E-03   -6.464801E-02 |    1.864297E-03
  -1.290428E-01   -6.261708E-02   -1.011355E-01    3.863318E-02    4.253134E-04   -2.773191E-03    1.835844E-01 |    4.253134E-04
  -8.763827E-02   -1.930165E-01   -5.981792E-02    5.429227E-02   -4.082105E-03   -3.134725E-03    2.938453E-02 |    3.134725E-03
max(min|c_i|) =    3.134725E-03

2    5.333333E+01    1.066667E+02
  -2.903341E-03   -2.820935E-03    2.311900E-03   -1.413761E-03    6.672519E-04   -2.591962E-04   -6.469918E-07 |    6.469918E-07
  -6.464801E-02   -5.211858E-02    2.986417E-02   -1.015265E-02    1.554976E-03    3.998702E-04   -6.250256E-05 |    6.250256E-05
   1.835844E-01    6.035127E-02    2.875872E-02   -3.441130E-02    1.310843E-02   -1.773491E-03    4.225441E-03 |    1.773491E-03
   2.938453E-02    2.317733E-01   -1.018312E-01   -2.183942E-02    2.763203E-02   -7.637784E-03   -5.138703E-02 |    7.637784E-03
max(min|c_i|) =    7.637784E-03

3    1.066667E+02    1.600000E+02
  -6.469918E-07   -6.534622E-07    5.775070E-07   -3.953806E-07    2.146212E-07   -1.024566E-07 |    1.024566E-07
  -6.250256E-05   -5.786236E-05    4.378723E-05   -2.422038E-05    1.038497E-05   -3.666965E-06 |    3.666965E-06
   4.225441E-03    3.394387E-03   -2.038391E-03    8.175523E-04   -2.380756E-04    4.910934E-05 |    4.910934E-05
  -5.138703E-02   -3.049651E-02    1.157258E-02   -1.655977E-03   -1.736033E-04    1.904044E-04 |    1.736033E-04
max(min|c_i|) =    1.736033E-04

----- EIGENVALUES -----
EIGENVALUE n=0 -3.122883056E-02
EIGENVALUE n=1 -1.997196176E-02
EIGENVALUE n=2 -1.386180365E-02
EIGENVALUE n=3 -1.018071618E-02

ALL_EIGENVALUES: | 1 | 23 |  -3.122883056E-02 | -1.997196176E-02 | -1.386180365E-02 | -1.018071618E-02 |

----- ELEMENTS TO SPLIT -----
0


========== ADAPTIVE STEP 2 ==========
Number of elements: 5
Degrees of freedom: 29
Domain: [0, 1.600000000E+02]

0    0.000000E+00    1.333333E+01
   6.195074E-02   -6.938807E-02   -1.814320E-02    1.422655E-02    9.625783E-05    2.481438E-01 |    9.625783E-05
   1.448370E-03   -8.193598E-02   -1.375872E-02    1.571635E-02    2.821627E-06    1.493254E-01 |    2.821627E-06
   1.839028E-02    7.414296E-02    9.031167E-03   -1.467361E-02    9.637391E-05   -9.723857E-02 |    9.637391E-05
  -2.396814E-02   -6.389374E-02   -5.984414E-03    1.304075E-02   -1.547210E-04    6.866505E-02 |    1.547210E-04
max(min|c_i|) =    1.547210E-04

1    1.333333E+01    2.666667E+01
   2.481438E-01   -7.001281E-02    3.155730E-02   -1.889899E-03   -1.145967E-03    3.018378E-04    1.416488E-01 |    3.018378E-04
   1.493254E-01   -1.616734E-02    5.110709E-02   -6.292542E-03   -1.544438E-03    4.725203E-04   -1.659861E-01 |    4.725203E-04
  -9.723857E-02   -5.019262E-02   -5.018567E-02    9.968619E-03    1.454716E-03   -5.564763E-04    1.289134E-01 |    5.564763E-04
   6.866505E-02    7.204898E-02    4.098152E-02   -1.158391E-02   -1.171135E-03    5.750486E-04   -8.673067E-02 |    5.750486E-04
max(min|c_i|) =    5.750486E-04

2    2.666667E+01    5.333333E+01
   1.416488E-01    7.630199E-02   -2.104456E-02   -3.022815E-04    2.125821E-03   -7.700348E-04    2.884117E-03 |    3.022815E-04
  -1.659861E-01    1.043373E-01   -8.085353E-02    1.490713E-02    2.798031E-03   -1.851997E-03   -6.412569E-02 |    1.851997E-03
   1.289134E-01    6.560811E-02    9.983186E-02   -3.886340E-02   -2.141249E-04    2.737462E-03   -1.834002E-01 |    2.141249E-04
  -8.673067E-02   -1.958017E-01   -5.702724E-02    5.433998E-02   -4.433780E-03   -3.063917E-03    2.712409E-02 |    3.063917E-03
max(min|c_i|) =    3.063917E-03

3    5.333333E+01    1.066667E+02
   2.884117E-03    2.802699E-03   -2.297627E-03    1.405638E-03   -6.637615E-04    2.580310E-04    6.446857E-07 |    6.446857E-07
  -6.412569E-02   -5.175047E-02    2.971504E-02   -1.014469E-02    1.578183E-03    3.857392E-04   -6.130494E-05 |    6.130494E-05
  -1.834002E-01   -6.130158E-02   -2.770105E-02    3.400702E-02   -1.309730E-02    1.824131E-03   -4.141970E-03 |    1.824131E-03
   2.712409E-02    2.303078E-01   -1.033731E-01   -2.040354E-02    2.731020E-02   -7.712413E-03   -5.062600E-02 |    7.712413E-03
max(min|c_i|) =    7.712413E-03

4    1.066667E+02    1.600000E+02
   6.446857E-07    6.511949E-07   -5.756030E-07    3.941740E-07   -2.140219E-07    1.022066E-07 |    1.022066E-07
  -6.130494E-05   -5.677443E-05    4.299109E-05   -2.380031E-05    1.021481E-05   -3.611273E-06 |    3.611273E-06
  -4.141970E-03   -3.330975E-03    2.003705E-03   -8.056548E-04    2.353724E-04   -4.881817E-05 |    4.881817E-05
  -5.062600E-02   -3.015992E-02    1.151457E-02   -1.688115E-03   -1.566369E-04    1.858359E-04 |    1.566369E-04
max(min|c_i|) =    1.566369E-04

----- EIGENVALUES -----
EIGENVALUE n=0 -3.124950520E-02
EIGENVALUE n=1 -1.999946332E-02
EIGENVALUE n=2 -1.388843138E-02
EIGENVALUE n=3 -1.020366742E-02

ALL_EIGENVALUES: | 2 | 29 |  -3.124950520E-02 | -1.999946332E-02 | -1.388843138E-02 | -1.020366742E-02 |

----- ELEMENTS TO SPLIT -----
2
3


========== ADAPTIVE STEP 3 ==========
Number of elements: 7
Degrees of freedom: 41
Domain: [0, 1.600000000E+02]

0    0.000000E+00    1.333333E+01
   6.195075E-02   -6.938807E-02   -1.814320E-02    1.422655E-02    9.625784E-05    2.481438E-01 |    9.625784E-05
  -1.448401E-03    8.193594E-02    1.375871E-02   -1.571634E-02   -2.821736E-06   -1.493254E-01 |    2.821736E-06
   1.839011E-02    7.414252E-02    9.031126E-03   -1.467352E-02    9.637292E-05   -9.723811E-02 |    9.637292E-05
   2.396820E-02    6.389408E-02    5.984462E-03   -1.304081E-02    1.547212E-04   -6.866553E-02 |    1.547212E-04
max(min|c_i|) =    1.547212E-04

1    1.333333E+01    2.666667E+01
   2.481438E-01   -7.001281E-02    3.155731E-02   -1.889899E-03   -1.145967E-03    3.018378E-04    1.416488E-01 |    3.018378E-04
  -1.493254E-01    1.616742E-02   -5.110704E-02    6.292534E-03    1.544437E-03   -4.725199E-04    1.659860E-01 |    4.725199E-04
  -9.723811E-02   -5.019212E-02   -5.018539E-02    9.968543E-03    1.454707E-03   -5.564724E-04    1.289128E-01 |    5.564724E-04
  -6.866553E-02   -7.204914E-02   -4.098177E-02    1.158394E-02    1.171143E-03   -5.750507E-04    8.673136E-02 |    5.750507E-04
max(min|c_i|) =    5.750507E-04

2    2.666667E+01    4.000000E+01
   1.416488E-01    2.953854E-02   -1.564862E-03   -9.063846E-04    2.361186E-04   -2.524915E-05    2.558294E-02 |    2.524915E-05
   1.659860E-01   -7.011392E-02    1.430520E-02    6.350492E-04   -5.040309E-04    6.251089E-05    1.751920E-01 |    6.251089E-05
   1.289128E-01   -4.354078E-02    2.657487E-02   -1.062765E-03   -6.531426E-04    1.010939E-04   -7.690906E-02 |    1.010939E-04
   8.673136E-02    5.757239E-03    2.891139E-02   -2.984978E-03   -6.398914E-04    1.291774E-04   -1.032569E-01 |    1.291774E-04
max(min|c_i|) =    1.291774E-04

3    4.000000E+01    5.333333E+01
   2.558294E-02    8.715038E-03   -1.964014E-03    2.347746E-04   -9.561978E-06   -1.796045E-06    2.884523E-03 |    1.796045E-06
   1.751920E-01    8.742376E-03    3.703458E-03   -9.739329E-04    8.503239E-05    1.459828E-06    6.412597E-02 |    1.459828E-06
  -7.690906E-02    5.310196E-02   -1.543500E-03   -1.541897E-03    2.211949E-04   -4.269363E-06   -1.833984E-01 |    4.269363E-06
  -1.032569E-01    5.992058E-02   -1.058383E-02   -1.286138E-03    3.485014E-04   -1.487616E-05   -2.712163E-02 |    1.487616E-05
max(min|c_i|) =    1.487616E-05

4    5.333333E+01    8.000000E+01
   2.884523E-03    2.103101E-03   -1.103151E-03    3.857416E-04   -9.734659E-05    1.815481E-05    1.858700E-05 |    1.815481E-05
   6.412597E-02    3.010144E-02   -8.149726E-03    7.627056E-04    1.798754E-04   -7.965940E-05    2.821528E-03 |    7.965940E-05
  -1.833984E-01    6.024849E-03   -2.186645E-02    5.999714E-03   -3.859111E-04   -1.350514E-04   -4.857610E-02 |    1.350514E-04
  -2.712163E-02   -1.061857E-01   -7.006152E-03    1.131360E-02   -1.846297E-03   -8.509660E-05    1.563654E-01 |    8.509660E-05
max(min|c_i|) =    1.350514E-04

5    8.000000E+01    1.066667E+02
   1.858700E-05    1.446634E-05   -8.410181E-06    3.389378E-06   -1.034787E-06    2.529452E-07    7.476211E-08 |    7.476211E-08
   2.821528E-03    1.700387E-03   -7.056031E-04    1.882316E-04   -3.502820E-05    4.552683E-06    6.219060E-05 |    4.552683E-06
  -4.857610E-02   -1.792129E-02    3.793049E-03   -2.313734E-04   -6.924634E-05    2.092094E-05   -4.141529E-03 |    2.092094E-05
   1.563654E-01   -1.955771E-04    1.000999E-02   -2.362783E-03    1.374890E-04    3.240915E-05    5.062469E-02 |    3.240915E-05
max(min|c_i|) =    3.240915E-05

6    1.066667E+02    1.600000E+02
   7.476211E-08    7.551696E-08   -6.675081E-08    4.571108E-08   -2.481943E-08    1.185257E-08 |    1.185257E-08
   6.219060E-05    5.759465E-05   -4.361219E-05    2.414416E-05   -1.036239E-05    3.663449E-06 |    3.663449E-06
  -4.141529E-03   -3.330623E-03    2.003496E-03   -8.055723E-04    2.353489E-04   -4.881350E-05 |    4.881350E-05
   5.062469E-02    3.015930E-02   -1.151443E-02    1.688151E-03    1.566126E-04   -1.858286E-04 |    1.566126E-04
max(min|c_i|) =    1.566126E-04

----- EIGENVALUES -----
EIGENVALUE n=0 -3.124950613E-02
EIGENVALUE n=1 -1.999947112E-02
EIGENVALUE n=2 -1.388845253E-02
EIGENVALUE n=3 -1.020369958E-02

ALL_EIGENVALUES: | 3 | 41 |  -3.124950613E-02 | -1.999947112E-02 | -1.388845253E-02 | -1.020369958E-02 |

----- ELEMENTS TO SPLIT -----
1


========== ADAPTIVE STEP 4 ==========
Number of elements: 8
Degrees of freedom: 47
Domain: [0, 1.600000000E+02]

0    0.000000E+00    1.333333E+01
   6.195075E-02   -6.938807E-02   -1.814320E-02    1.422655E-02    9.625784E-05    2.481438E-01 |    9.625784E-05
  -1.448402E-03    8.193594E-02    1.375871E-02   -1.571634E-02   -2.821738E-06   -1.493254E-01 |    2.821738E-06
  -1.839012E-02   -7.414253E-02   -9.031128E-03    1.467352E-02   -9.637294E-05    9.723812E-02 |    9.637294E-05
   2.396821E-02    6.389409E-02    5.984463E-03   -1.304082E-02    1.547212E-04   -6.866555E-02 |    1.547212E-04
max(min|c_i|) =    1.547212E-04

1    1.333333E+01    2.000000E+01
   2.481438E-01   -3.349931E-02    4.132949E-03    2.984958E-04   -9.081923E-05    6.278714E-06    2.372838E-01 |    6.278714E-06
  -1.493254E-01    3.083699E-02   -8.019394E-03   -1.953028E-04    1.320236E-04   -9.052327E-06   -2.886842E-05 |    9.052327E-06
   9.723812E-02   -1.485902E-02    9.292179E-03   -2.067913E-05   -1.433847E-04    1.042135E-05   -4.898704E-02 |    1.042135E-05
  -6.866555E-02    5.374334E-03   -8.856156E-03    1.837423E-04    1.379131E-04   -1.078251E-05    5.594779E-02 |    1.078251E-05
max(min|c_i|) =    1.078251E-05

2    2.000000E+01    2.666667E+01
   2.372838E-01   -2.698628E-03    2.805763E-03   -2.862035E-04    1.504901E-06    2.021407E-06    1.416488E-01 |    1.504901E-06
  -2.886842E-05   -1.897789E-02   -3.476554E-03    5.926971E-04   -1.161613E-05   -3.389079E-06    1.659860E-01 |    3.389079E-06
  -4.898704E-02    3.404348E-02    2.050684E-03   -7.670148E-04    2.536804E-05    3.984389E-06   -1.289128E-01 |    3.984389E-06
   5.594779E-02   -3.455517E-02   -4.244812E-04    7.905392E-04   -3.626948E-05   -3.981622E-06    8.673135E-02 |    3.981622E-06
max(min|c_i|) =    3.984389E-06

3    2.666667E+01    4.000000E+01
   1.416488E-01    2.953854E-02   -1.564862E-03   -9.063846E-04    2.361186E-04   -2.524915E-05    2.558294E-02 |    2.524915E-05
   1.659860E-01   -7.011391E-02    1.430520E-02    6.350491E-04   -5.040309E-04    6.251089E-05    1.751919E-01 |    6.251089E-05
  -1.289128E-01    4.354077E-02   -2.657487E-02    1.062765E-03    6.531425E-04   -1.010939E-04    7.690906E-02 |    1.010939E-04
   8.673135E-02    5.757251E-03    2.891139E-02   -2.984979E-03   -6.398912E-04    1.291774E-04   -1.032569E-01 |    1.291774E-04
max(min|c_i|) =    1.291774E-04

4    4.000000E+01    5.333333E+01
   2.558294E-02    8.715037E-03   -1.964014E-03    2.347746E-04   -9.561978E-06   -1.796045E-06    2.884523E-03 |    1.796045E-06
   1.751919E-01    8.742377E-03    3.703457E-03   -9.739329E-04    8.503239E-05    1.459828E-06    6.412597E-02 |    1.459828E-06
   7.690906E-02   -5.310195E-02    1.543501E-03    1.541896E-03   -2.211949E-04    4.269365E-06    1.833984E-01 |    4.269365E-06
  -1.032569E-01    5.992058E-02   -1.058383E-02   -1.286137E-03    3.485014E-04   -1.487616E-05   -2.712162E-02 |    1.487616E-05
max(min|c_i|) =    1.487616E-05

5    5.333333E+01    8.000000E+01
   2.884523E-03    2.103100E-03   -1.103151E-03    3.857416E-04   -9.734659E-05    1.815481E-05    1.858699E-05 |    1.815481E-05
   6.412597E-02    3.010144E-02   -8.149726E-03    7.627056E-04    1.798753E-04   -7.965940E-05    2.821527E-03 |    7.965940E-05
   1.833984E-01   -6.024845E-03    2.186645E-02   -5.999714E-03    3.859112E-04    1.350514E-04    4.857610E-02 |    1.350514E-04
  -2.712162E-02   -1.061857E-01   -7.006146E-03    1.131359E-02   -1.846297E-03   -8.509654E-05    1.563654E-01 |    8.509654E-05
max(min|c_i|) =    1.350514E-04

6    8.000000E+01    1.066667E+02
   1.858699E-05    1.446634E-05   -8.410181E-06    3.389378E-06   -1.034787E-06    2.529452E-07    7.476211E-08 |    7.476211E-08
   2.821527E-03    1.700387E-03   -7.056030E-04    1.882316E-04   -3.502820E-05    4.552683E-06    6.219060E-05 |    4.552683E-06
   4.857610E-02    1.792129E-02   -3.793049E-03    2.313735E-04    6.924633E-05   -2.092094E-05    4.141529E-03 |    2.092094E-05
   1.563654E-01   -1.955732E-04    1.000998E-02   -2.362783E-03    1.374891E-04    3.240914E-05    5.062468E-02 |    3.240914E-05
max(min|c_i|) =    3.240914E-05

7    1.066667E+02    1.600000E+02
   7.476211E-08    7.551696E-08   -6.675081E-08    4.571108E-08   -2.481943E-08    1.185257E-08 |    1.185257E-08
   6.219060E-05    5.759465E-05   -4.361218E-05    2.414416E-05   -1.036239E-05    3.663448E-06 |    3.663448E-06
   4.141529E-03    3.330623E-03   -2.003496E-03    8.055723E-04   -2.353489E-04    4.881350E-05 |    4.881350E-05
   5.062468E-02    3.015930E-02   -1.151443E-02    1.688151E-03    1.566125E-04   -1.858286E-04 |    1.566125E-04
max(min|c_i|) =    1.566125E-04

----- EIGENVALUES -----
EIGENVALUE n=0 -3.124950618E-02
EIGENVALUE n=1 -1.999947122E-02
EIGENVALUE n=2 -1.388845265E-02
EIGENVALUE n=3 -1.020369972E-02

ALL_EIGENVALUES: | 4 | 47 |  -3.124950618E-02 | -1.999947122E-02 | -1.388845265E-02 | -1.020369972E-02 |

----- ELEMENTS TO SPLIT -----
0
5
7


========== ADAPTIVE STEP 5 ==========
Number of elements: 11
Degrees of freedom: 65
Domain: [0, 1.600000000E+02]

0    0.000000E+00    6.666667E+00
   4.582919E-02    4.613592E-03   -4.849827E-03   -1.226803E-04    4.001509E-04    8.211356E-02 |    1.226803E-04
   3.823767E-02    2.093846E-03   -4.979313E-03   -8.430462E-05    3.964342E-04    7.080815E-02 |    8.430462E-05
  -3.072815E-02   -8.397616E-04    4.439779E-03    5.032345E-05   -3.507104E-04   -5.801341E-02 |    5.032345E-05
  -2.503104E-02   -2.460265E-04    3.841669E-03    2.941405E-05   -3.029741E-04   -4.783759E-02 |    2.941405E-05
max(min|c_i|) =    1.226803E-04

1    6.666667E+00    1.333333E+01
   8.211356E-02   -2.471479E-02   -9.205145E-03    1.675115E-03    5.006357E-05   -3.622690E-05    2.481483E-01 |    3.622690E-05
   7.080815E-02   -4.480813E-02   -8.505190E-03    2.236423E-03    4.392368E-05   -4.397113E-05    1.493189E-01 |    4.392368E-05
  -5.801341E-02    4.452706E-02    6.239395E-03   -2.298038E-03   -2.565861E-05    4.369766E-05   -9.722445E-02 |    2.565861E-05
  -4.783759E-02    3.991695E-02    4.543243E-03   -2.145102E-03   -1.074210E-05    4.049014E-05   -6.864883E-02 |    1.074210E-05
max(min|c_i|) =    4.392368E-05

2    1.333333E+01    2.000000E+01
   2.481483E-01   -3.349665E-02    4.133106E-03    2.984263E-04   -9.081619E-05    6.279410E-06    2.372752E-01 |    6.279410E-06
   1.493189E-01   -3.082912E-02    8.019864E-03    1.950776E-04   -1.320149E-04    9.054350E-06    1.256149E-07 |    1.256149E-07
  -9.722445E-02    1.484649E-02   -9.292564E-03    2.104320E-05    1.433694E-04   -1.042452E-05    4.901685E-02 |    1.042452E-05
  -6.864883E-02    5.359917E-03   -8.856236E-03    1.841823E-04    1.378920E-04   -1.078633E-05    5.597333E-02 |    1.078633E-05
max(min|c_i|) =    1.078633E-05

3    2.000000E+01    2.666667E+01
   2.372752E-01   -2.696819E-03    2.805516E-03   -2.862051E-04    1.507688E-06    2.021162E-06    1.416391E-01 |    1.507688E-06
   1.256149E-07    1.898249E-02    3.475654E-03   -5.927039E-04    1.162650E-05    3.388325E-06   -1.660030E-01 |    1.256149E-07
   4.901685E-02   -3.404819E-02   -2.048991E-03    7.670012E-04   -2.538634E-05   -3.983077E-06    1.289113E-01 |    3.983077E-06
   5.597333E-02   -3.455779E-02   -4.222895E-04    7.904859E-04   -3.629285E-05   -3.979850E-06    8.671822E-02 |    3.979850E-06
max(min|c_i|) =    3.983077E-06

4    2.666667E+01    4.000000E+01
   1.416391E-01    2.953827E-02   -1.565409E-03   -9.062291E-04    2.361027E-04   -2.524970E-05    2.557998E-02 |    2.524970E-05
  -1.660030E-01    7.010652E-02   -1.430655E-02   -6.343886E-04    5.039635E-04   -6.251513E-05   -1.751798E-01 |    6.251513E-05
   1.289113E-01   -4.351913E-02    2.657523E-02   -1.064080E-03   -6.529808E-04    1.011021E-04   -7.693963E-02 |    1.011021E-04
   8.671822E-02    5.787653E-03    2.890889E-02   -2.986703E-03   -6.396201E-04    1.291866E-04   -1.032721E-01 |    1.291866E-04
max(min|c_i|) =    1.291866E-04

5    4.000000E+01    5.333333E+01
   2.557998E-02    8.714240E-03   -1.963890E-03    2.347724E-04   -9.564378E-06   -1.795568E-06    2.884077E-03 |    1.795568E-06
  -1.751798E-01   -8.745687E-03   -3.702418E-03    9.738535E-04   -8.504252E-05   -1.457108E-06   -6.411640E-02 |    1.457108E-06
  -7.693963E-02    5.310276E-02   -1.546159E-03   -1.541541E-03    2.212079E-04   -4.276304E-06   -1.833965E-01 |    4.276304E-06
  -1.032721E-01    5.991062E-02   -1.058715E-02   -1.285360E-03    3.484978E-04   -1.488768E-05   -2.708870E-02 |    1.488768E-05
max(min|c_i|) =    1.488768E-05

6    5.333333E+01    6.666667E+01
   2.884077E-03    1.156487E-03   -3.229722E-04    5.645758E-05   -6.739967E-06    5.421648E-07    2.511879E-04 |    5.421648E-07
  -6.411640E-02   -1.172142E-02    1.219029E-03    3.404480E-05   -2.345766E-05    2.934468E-06   -1.522715E-02 |    2.934468E-06
  -1.833965E-01    1.378497E-02   -5.105425E-03    4.037630E-04    2.379009E-05   -6.846969E-06   -1.182398E-01 |    6.846969E-06
  -2.708870E-02   -2.011277E-02   -5.835478E-03    1.110672E-03   -1.833589E-05   -9.927190E-06    1.323242E-01 |    9.927190E-06
max(min|c_i|) =    9.927190E-06

7    6.666667E+01    8.000000E+01
   2.511879E-04    1.093630E-04   -3.358567E-05    6.685373E-06   -9.631467E-07    1.055886E-07    1.858125E-05 |    1.055886E-07
  -1.522715E-02   -3.793083E-03    6.728936E-04   -6.395509E-05    2.366976E-06    2.256095E-07   -2.820783E-03 |    2.256095E-07
  -1.182398E-01   -7.295360E-03   -6.986009E-04    2.354144E-04   -2.155595E-05    4.652157E-07   -4.856644E-02 |    4.652157E-07
   1.323242E-01   -2.647782E-02    2.512659E-03    2.340607E-04   -5.175517E-05    2.743324E-06    1.563589E-01 |    2.743324E-06
max(min|c_i|) =    2.743324E-06

8    8.000000E+01    1.066667E+02
   1.858125E-05    1.446200E-05   -8.407688E-06    3.388427E-06   -1.034503E-06    2.528808E-07    7.477753E-08 |    7.477753E-08
  -2.820783E-03   -1.699977E-03    7.054506E-04   -1.881981E-04    3.502351E-05   -4.552440E-06   -6.217115E-05 |    4.552440E-06
  -4.856644E-02   -1.791900E-02    3.793012E-03   -2.315119E-04   -6.920902E-05    2.091647E-05   -4.140209E-03 |    2.091647E-05
   1.563589E-01   -1.861326E-04    1.000733E-02   -2.362747E-03    1.375854E-04    3.239047E-05    5.061391E-02 |    3.239047E-05
max(min|c_i|) =    3.239047E-05

9    1.066667E+02    1.333333E+02
   7.477753E-08    5.986878E-08   -3.634201E-08    1.548303E-08   -5.052641E-09    1.339185E-09    2.326022E-10 |    2.326022E-10
  -6.217115E-05   -4.071063E-05    1.896445E-05   -5.924939E-06    1.372546E-06   -2.486596E-07   -9.581480E-07 |    2.486596E-07
  -4.140209E-03   -1.998827E-03    6.513374E-04   -1.309420E-04    1.729054E-05   -1.356641E-06   -2.123350E-04 |    1.356641E-06
   5.061391E-02    1.364376E-02   -1.985473E-03   -2.346489E-05    5.199508E-05   -8.947674E-06    7.262616E-03 |    8.947674E-06
max(min|c_i|) =    8.947674E-06

10    1.333333E+02    1.600000E+02
   2.326022E-10    1.886800E-10   -1.179292E-10    5.148859E-11   -1.749140E-11    4.799253E-12 |    4.799253E-12
  -9.581480E-07   -6.459542E-07    3.264000E-07   -1.065327E-07    2.764692E-08   -5.396980E-09 |    5.396980E-09
  -2.123350E-04   -1.098159E-04    4.451192E-05   -9.912208E-06    1.944312E-06   -2.281611E-07 |    2.281611E-07
   7.262616E-03    2.466028E-03   -7.777753E-04    8.192726E-05   -1.127452E-05   -3.298153E-07 |    3.298153E-07
max(min|c_i|) =    3.298153E-07

----- EIGENVALUES -----
EIGENVALUE n=0 -3.124999740E-02
EIGENVALUE n=1 -1.999999770E-02
EIGENVALUE n=2 -1.388888717E-02
EIGENVALUE n=3 -1.020403521E-02

ALL_EIGENVALUES: | 5 | 65 |  -3.124999740E-02 | -1.999999770E-02 | -1.388888717E-02 | -1.020403521E-02 |

----- ELEMENTS TO SPLIT -----
0
4


========== ADAPTIVE STEP 6 ==========
Number of elements: 13
Degrees of freedom: 77
Domain: [0, 1.600000000E+02]

0    0.000000E+00    3.333333E+00
   7.767596E-03    2.303731E-03   -1.098497E-04   -9.171349E-05    1.828754E-05    1.180885E-02 |    1.828754E-05
   7.056257E-03    2.051373E-03   -1.286003E-04   -8.833116E-05    1.724542E-05    1.077466E-02 |    1.724542E-05
  -5.950061E-03   -1.710545E-03    1.217809E-04    7.675983E-05   -1.485484E-05   -9.107542E-03 |    1.485484E-05
  -4.993174E-03   -1.425640E-03    1.089887E-04    6.556073E-05   -1.263099E-05   -7.654108E-03 |    1.263099E-05
max(min|c_i|) =    1.828754E-05

1    3.333333E+00    6.666667E+00
   1.180885E-02    1.224808E-02   -1.206481E-03   -2.136329E-04    2.553455E-05   -1.014723E-09    8.211369E-02 |    1.014723E-09
   1.077466E-02    9.089322E-03   -1.554165E-03   -2.112886E-04    2.755068E-05    9.536737E-08    7.080829E-02 |    9.536737E-08
  -9.107542E-03   -6.763179E-03    1.504326E-03    1.821525E-04   -2.561374E-05   -1.214930E-07   -5.801354E-02 |    1.214930E-07
  -7.654108E-03   -5.228473E-03    1.355969E-03    1.538033E-04   -2.279952E-05   -1.202859E-07   -4.783770E-02 |    1.202859E-07
max(min|c_i|) =    1.214930E-07

2    6.666667E+00    1.333333E+01
   8.211369E-02   -2.471479E-02   -9.205146E-03    1.675117E-03    5.006292E-05   -3.622677E-05    2.481484E-01 |    3.622677E-05
   7.080829E-02   -4.480815E-02   -8.505186E-03    2.236426E-03    4.392289E-05   -4.397100E-05    1.493189E-01 |    4.392289E-05
  -5.801354E-02    4.452707E-02    6.239387E-03   -2.298041E-03   -2.565779E-05    4.369754E-05   -9.722439E-02 |    2.565779E-05
  -4.783770E-02    3.991696E-02    4.543234E-03   -2.145105E-03   -1.074131E-05    4.049003E-05   -6.864877E-02 |    1.074131E-05
max(min|c_i|) =    4.392289E-05

3    1.333333E+01    2.000000E+01
   2.481484E-01   -3.349664E-02    4.133107E-03    2.984259E-04   -9.081618E-05    6.279414E-06    2.372752E-01 |    6.279414E-06
   1.493189E-01   -3.082909E-02    8.019866E-03    1.950767E-04   -1.320149E-04    9.054359E-06    5.251904E-10 |    5.251904E-10
  -9.722439E-02    1.484644E-02   -9.292566E-03    2.104462E-05    1.433694E-04   -1.042454E-05    4.901696E-02 |    1.042454E-05
  -6.864877E-02    5.359864E-03   -8.856236E-03    1.841840E-04    1.378919E-04   -1.078634E-05    5.597343E-02 |    1.078634E-05
max(min|c_i|) =    1.078634E-05

4    2.000000E+01    2.666667E+01
   2.372752E-01   -2.696810E-03    2.805514E-03   -2.862051E-04    1.507702E-06    2.021161E-06    1.416391E-01 |    1.507702E-06
   5.251904E-10    1.898251E-02    3.475651E-03   -5.927039E-04    1.162655E-05    3.388322E-06   -1.660031E-01 |    5.251904E-10
   4.901696E-02   -3.404821E-02   -2.048985E-03    7.670011E-04   -2.538641E-05   -3.983072E-06    1.289112E-01 |    3.983072E-06
   5.597343E-02   -3.455780E-02   -4.222815E-04    7.904857E-04   -3.629293E-05   -3.979844E-06    8.671818E-02 |    3.979844E-06
max(min|c_i|) =    3.983072E-06

5    2.666667E+01    3.333333E+01
   1.416391E-01    7.912975E-03    2.412808E-04   -1.257252E-04    1.131602E-05   -3.368174E-07    6.531291E-02 |    3.368174E-07
  -1.660031E-01    2.433688E-02   -1.335324E-03   -1.907016E-04    2.552729E-05   -8.601390E-07   -2.136618E-01 |    8.601390E-07
   1.289112E-01   -2.413907E-02    3.430165E-03    1.377428E-04   -3.644603E-05    1.476560E-06    5.237185E-02 |    1.476560E-06
   8.671818E-02   -1.349634E-02    4.435389E-03    2.627245E-05   -4.082507E-05    1.998477E-06   -1.253877E-02 |    1.998477E-06
max(min|c_i|) =    1.998477E-06

6    3.333333E+01    4.000000E+01
   6.531291E-02    6.346194E-03   -4.348097E-04   -8.348441E-06    3.685644E-06   -3.025867E-07    2.557996E-02 |    3.025867E-07
  -2.136618E-01    1.037560E-02   -1.819117E-03    5.991868E-05    6.592600E-06   -7.540918E-07   -1.751797E-01 |    7.540918E-07
   5.237185E-02    1.733451E-03    2.666945E-03   -1.874953E-04   -5.751906E-06    1.183897E-06   -7.693976E-02 |    1.183897E-06
  -1.253877E-02    1.463267E-02    2.256926E-03   -2.932296E-04   -1.542361E-06    1.443379E-06   -1.032721E-01 |    1.443379E-06
max(min|c_i|) =    1.443379E-06

7    4.000000E+01    5.333333E+01
   2.557996E-02    8.714236E-03   -1.963890E-03    2.347724E-04   -9.564391E-06   -1.795566E-06    2.884075E-03 |    1.795566E-06
  -1.751797E-01   -8.745701E-03   -3.702413E-03    9.738531E-04   -8.504256E-05   -1.457096E-06   -6.411636E-02 |    1.457096E-06
  -7.693976E-02    5.310276E-02   -1.546170E-03   -1.541539E-03    2.212080E-04   -4.276331E-06   -1.833965E-01 |    4.276331E-06
  -1.032721E-01    5.991058E-02   -1.058716E-02   -1.285357E-03    3.484978E-04   -1.488772E-05   -2.708858E-02 |    1.488772E-05
max(min|c_i|) =    1.488772E-05

8    5.333333E+01    6.666667E+01
   2.884075E-03    1.156486E-03   -3.229720E-04    5.645755E-05   -6.739965E-06    5.421648E-07    2.511877E-04 |    5.421648E-07
  -6.411636E-02   -1.172141E-02    1.219029E-03    3.404461E-05   -2.345764E-05    2.934467E-06   -1.522714E-02 |    2.934467E-06
  -1.833965E-01    1.378495E-02   -5.105423E-03    4.037634E-04    2.379001E-05   -6.846964E-06   -1.182398E-01 |    6.846964E-06
  -2.708858E-02   -2.011280E-02   -5.835471E-03    1.110672E-03   -1.833604E-05   -9.927178E-06    1.323243E-01 |    9.927178E-06
max(min|c_i|) =    9.927178E-06

9    6.666667E+01    8.000000E+01
   2.511877E-04    1.093629E-04   -3.358564E-05    6.685368E-06   -9.631461E-07    1.055886E-07    1.858123E-05 |    1.055886E-07
  -1.522714E-02   -3.793081E-03    6.728933E-04   -6.395508E-05    2.366979E-06    2.256090E-07   -2.820780E-03 |    2.256090E-07
  -1.182398E-01   -7.295365E-03   -6.985991E-04    2.354142E-04   -2.155595E-05    4.652175E-07   -4.856640E-02 |    4.652175E-07
   1.323243E-01   -2.647781E-02    2.512662E-03    2.340601E-04   -5.175515E-05    2.743327E-06    1.563589E-01 |    2.743327E-06
max(min|c_i|) =    2.743327E-06

10    8.000000E+01    1.066667E+02
   1.858123E-05    1.446198E-05   -8.407679E-06    3.388423E-06   -1.034502E-06    2.528806E-07    7.477742E-08 |    7.477742E-08
  -2.820780E-03   -1.699975E-03    7.054500E-04   -1.881979E-04    3.502349E-05   -4.552439E-06   -6.217105E-05 |    4.552439E-06
  -4.856640E-02   -1.791899E-02    3.793012E-03   -2.315124E-04   -6.920887E-05    2.091645E-05   -4.140203E-03 |    2.091645E-05
   1.563589E-01   -1.860980E-04    1.000732E-02   -2.362747E-03    1.375857E-04    3.239040E-05    5.061387E-02 |    3.239040E-05
max(min|c_i|) =    3.239040E-05

11    1.066667E+02    1.333333E+02
   7.477742E-08    5.986869E-08   -3.634195E-08    1.548301E-08   -5.052635E-09    1.339184E-09    2.326018E-10 |    2.326018E-10
  -6.217105E-05   -4.071057E-05    1.896442E-05   -5.924931E-06    1.372545E-06   -2.486593E-07   -9.581461E-07 |    2.486593E-07
  -4.140203E-03   -1.998825E-03    6.513368E-04   -1.309419E-04    1.729053E-05   -1.356641E-06   -2.123346E-04 |    1.356641E-06
   5.061387E-02    1.364375E-02   -1.985473E-03   -2.346446E-05    5.199501E-05   -8.947670E-06    7.262608E-03 |    8.947670E-06
max(min|c_i|) =    8.947670E-06

12    1.333333E+02    1.600000E+02
   2.326018E-10    1.886797E-10   -1.179290E-10    5.148848E-11   -1.749139E-11    4.799254E-12 |    4.799254E-12
  -9.581461E-07   -6.459530E-07    3.263994E-07   -1.065326E-07    2.764687E-08   -5.396971E-09 |    5.396971E-09
  -2.123346E-04   -1.098157E-04    4.451186E-05   -9.912196E-06    1.944309E-06   -2.281609E-07 |    2.281609E-07
   7.262608E-03    2.466026E-03   -7.777746E-04    8.192724E-05   -1.127452E-05   -3.298138E-07 |    3.298138E-07
max(min|c_i|) =    3.298138E-07

----- EIGENVALUES -----
EIGENVALUE n=0 -3.124999999E-02
EIGENVALUE n=1 -1.999999999E-02
EIGENVALUE n=2 -1.388888887E-02
EIGENVALUE n=3 -1.020403644E-02

ALL_EIGENVALUES: | 6 | 77 |  -3.124999999E-02 | -1.999999999E-02 | -1.388888887E-02 | -1.020403644E-02 |

DATETIME: 04 Sep 2026 10:52:14

=== END OF LOG FILE ===
