===============================================================================
 EEEEE I   GGG  EEEEE N   N RRRR   AAA  DDDD         Zbigniew Romanowski       
 E     I  G     E     NN  N R   R A   A D   D                                  
 EEE   I  G  GG EEE   N N N RRRR  AAAAA D   D        romz@wp.pl                
 E     I  G   G E     N  NN R  R  A   A D   D                                  
 EEEEE I   GGG  EEEEE N   N R   R A   A DDDD         https://github.com/romz-pl
===============================================================================



DATETIME: 04 Sep 2026 10:52:10



========== ADAPTIVE STEP 0 ==========
Number of elements: 3
Degrees of freedom: 17
Domain: [0, 1.400000000E+02]

0    0.000000E+00    4.666667E+01
   2.316401E-01   -4.071952E-01    1.636557E-01    1.798993E-01   -3.489410E-01   -2.224604E-03 |    2.224604E-03
   1.606531E-01    2.683165E-01   -4.052145E-01   -4.717245E-02    3.532385E-01   -2.991403E-02 |    2.991403E-02
  -1.113741E-01    6.280192E-02    3.895517E-01   -6.871916E-02   -2.959957E-01   -1.910487E-01 |    6.280192E-02
  -8.660336E-02   -1.669152E-01   -2.717395E-01    1.175638E-01    2.359725E-01   -2.147186E-02 |    2.147186E-02
max(min|c_i|) =    6.280192E-02

1    4.666667E+01    9.333333E+01
  -2.224604E-03   -2.285118E-03    2.073429E-03   -1.476577E-03    8.274039E-04   -4.114823E-04   -1.884370E-06 |    1.884370E-06
  -2.991403E-02   -2.638880E-02    1.805803E-02   -8.429571E-03    2.746572E-03   -5.655071E-04   -9.067235E-06 |    9.067235E-06
  -1.910487E-01   -9.821295E-02    9.885702E-03    1.858463E-02   -1.173026E-02    3.354863E-03   -2.171819E-03 |    2.171819E-03
  -2.147186E-02    2.149965E-01   -1.320607E-01    4.386647E-03    2.085066E-02   -8.518054E-03   -4.546407E-02 |    4.386647E-03
max(min|c_i|) =    4.386647E-03

2    9.333333E+01    1.400000E+02
  -1.884370E-06   -1.971342E-06    1.858265E-06   -1.397243E-06    8.350072E-07   -4.572419E-07 |    4.572419E-07
  -9.067235E-06   -8.675819E-06    6.957212E-06   -4.164659E-06    1.953861E-06   -7.727860E-07 |    7.727860E-07
  -2.171819E-03   -1.799642E-03    1.136492E-03   -4.914274E-04    1.580766E-04   -3.835602E-05 |    3.835602E-05
  -4.546407E-02   -2.783862E-02    1.125302E-02   -2.060673E-03    4.187174E-05    1.283377E-04 |    4.187174E-05
max(min|c_i|) =    4.187174E-05

----- EIGENVALUES -----
EIGENVALUE n=0 -5.313517987E-02
EIGENVALUE n=1 -2.882843800E-02
EIGENVALUE n=2 -1.809351346E-02
EIGENVALUE n=3 -1.247743642E-02

ALL_EIGENVALUES: | 0 | 17 |  -5.313517987E-02 | -2.882843800E-02 | -1.809351346E-02 | -1.247743642E-02 |

----- ELEMENTS TO SPLIT -----
0


========== ADAPTIVE STEP 1 ==========
Number of elements: 4
Degrees of freedom: 23
Domain: [0, 1.400000000E+02]

0    0.000000E+00    2.333333E+01
  -3.795243E-01    1.422719E-01    2.010855E-01   -1.858831E-01    2.935444E-02    4.907664E-02 |    2.935444E-02
   2.075074E-01   -3.336963E-01   -1.282302E-01    2.071397E-01   -3.848580E-02    2.470788E-01 |    3.848580E-02
   1.442888E-02    3.293553E-01    4.533660E-02   -1.875177E-01    4.133095E-02   -3.110444E-02 |    1.442888E-02
  -5.943381E-02   -2.618738E-01   -2.723987E-05    1.587951E-01   -4.005469E-02   -2.775858E-02 |    2.723987E-05
max(min|c_i|) =    3.848580E-02

1    2.333333E+01    4.666667E+01
   4.907664E-02    3.712798E-02   -1.986118E-02    6.661097E-03   -1.358576E-03    7.861830E-05    1.679243E-04 |    7.861830E-05
   2.470788E-01    5.576630E-02    2.632471E-02   -2.137777E-02    5.889344E-03   -5.297367E-04    1.840488E-02 |    5.297367E-04
  -3.110444E-02   -2.309579E-01    3.293761E-02    2.799371E-02   -1.180609E-02    1.374870E-03    1.512369E-01 |    1.374870E-03
  -2.775858E-02    2.174412E-01   -1.074874E-01   -1.854617E-02    1.591127E-02   -2.364081E-03    1.191578E-01 |    2.364081E-03
max(min|c_i|) =    2.364081E-03

2    4.666667E+01    9.333333E+01
   1.679243E-04    1.734875E-04   -1.590267E-04    1.150593E-04   -6.553071E-05    3.340084E-05    1.655679E-07 |    1.655679E-07
   1.840488E-02    1.672284E-02   -1.209842E-02    6.154248E-03   -2.284817E-03    6.122239E-04    3.581838E-06 |    3.581838E-06
   1.512369E-01    9.674842E-02   -3.169444E-02   -2.219812E-03    6.390280E-03   -2.916494E-03    8.013477E-04 |    8.013477E-04
   1.191578E-01   -1.008544E-01    1.250440E-01   -4.093154E-02   -2.162268E-03    5.736823E-03    2.229563E-02 |    2.162268E-03
max(min|c_i|) =    2.162268E-03

3    9.333333E+01    1.400000E+02
   1.655679E-07    1.739204E-07   -1.651772E-07    1.256000E-07   -7.588659E-08    4.225482E-08 |    4.225482E-08
   3.581838E-06    3.477495E-06   -2.861692E-06    1.774507E-06   -8.656846E-07    3.596653E-07 |    3.596653E-07
   8.013477E-04    6.905911E-04   -4.641166E-04    2.188038E-04   -7.806631E-05    2.185754E-05 |    2.185754E-05
   2.229563E-02    1.537579E-02   -7.390987E-03    2.053517E-03   -3.436729E-04   -2.667179E-07 |    2.667179E-07
max(min|c_i|) =    2.185754E-05

----- EIGENVALUES -----
EIGENVALUE n=0 -5.532080636E-02
EIGENVALUE n=1 -3.104544371E-02
EIGENVALUE n=2 -1.985389349E-02
EIGENVALUE n=3 -1.378767059E-02

ALL_EIGENVALUES: | 1 | 23 |  -5.532080636E-02 | -3.104544371E-02 | -1.985389349E-02 | -1.378767059E-02 |

----- ELEMENTS TO SPLIT -----
0
1


========== ADAPTIVE STEP 2 ==========
Number of elements: 6
Degrees of freedom: 35
Domain: [0, 1.400000000E+02]

0    0.000000E+00    1.166667E+01
  -1.416380E-01   -1.581390E-01    8.458933E-02    9.557819E-03   -2.316000E-02    2.931395E-01 |    9.557819E-03
  -2.184458E-01   -1.167473E-01    8.924037E-02    7.414893E-03   -2.094091E-02    1.695683E-02 |    7.414893E-03
  -1.812069E-01   -7.532991E-02    7.867620E-02    4.965011E-03   -1.737055E-02   -3.029316E-02 |    4.965011E-03
   1.448631E-01    5.174674E-02   -6.632419E-02   -3.351336E-03    1.430480E-02    3.739215E-02 |    3.351336E-03
max(min|c_i|) =    9.557819E-03

1    1.166667E+01    2.333333E+01
   2.931395E-01    4.384464E-02    1.590704E-02   -9.170106E-03    1.773440E-03   -8.604193E-05    4.804086E-02 |    8.604193E-05
   1.695683E-02    1.604257E-01    2.002563E-03   -1.447903E-02    3.029503E-03   -8.292474E-05   -2.455565E-01 |    8.292474E-05
  -3.029316E-02    1.859589E-01   -2.215570E-02   -1.484459E-02    3.724178E-03   -9.325783E-05   -2.395231E-02 |    9.325783E-05
   3.739215E-02   -1.466211E-01    3.553562E-02    1.257920E-02   -3.885619E-03    1.114914E-04   -3.461534E-02 |    1.114914E-04
max(min|c_i|) =    1.114914E-04

2    2.333333E+01    3.500000E+01
   4.804086E-02    2.030623E-02   -5.483576E-03    7.726858E-04   -2.765608E-05   -1.251822E-05    3.320732E-03 |    1.251822E-05
  -2.455565E-01    2.369119E-03   -1.331870E-02    2.969002E-03   -1.954918E-04   -2.884201E-05   -9.109652E-02 |    2.884201E-05
  -2.395231E-02   -6.988801E-02   -1.019872E-02    5.121323E-03   -4.751262E-04   -3.682633E-05    2.092928E-01 |    3.682633E-05
  -3.461534E-02    1.044947E-01   -1.387190E-03   -5.847273E-03    7.412292E-04    3.261184E-05   -8.636765E-02 |    3.261184E-05
max(min|c_i|) =    3.682633E-05

3    3.500000E+01    4.666667E+01
   3.320732E-03    1.658128E-03   -5.710333E-04    1.258236E-04   -1.947457E-05    2.148222E-06    1.610340E-04 |    2.148222E-06
  -9.109652E-02   -1.981417E-02    2.248138E-03    1.192316E-04   -6.924127E-05    9.927717E-06   -1.762347E-02 |    9.927717E-06
   2.092928E-01   -3.103028E-02    9.611224E-03   -5.954294E-04   -1.012794E-04    2.176039E-05    1.480380E-01 |    2.176039E-05
  -8.636765E-02   -7.659173E-03   -1.343733E-02    1.807309E-03    6.807863E-05   -3.226637E-05    1.248419E-01 |    3.226637E-05
max(min|c_i|) =    3.226637E-05

4    4.666667E+01    9.333333E+01
   1.610340E-04    1.664615E-04   -1.527358E-04    1.106776E-04   -6.313339E-05    3.225558E-05    1.611319E-07 |    1.611319E-07
  -1.762347E-02   -1.604939E-02    1.166095E-02   -5.970209E-03    2.237094E-03   -6.093016E-04   -3.329779E-06 |    3.329779E-06
   1.480380E-01    9.584835E-02   -3.258149E-02   -1.262587E-03    5.987097E-03   -2.841130E-03    7.411338E-04 |    7.411338E-04
   1.248419E-01   -9.254784E-02    1.224075E-01   -4.223828E-02   -9.931684E-04    5.415744E-03    2.112369E-02 |    9.931684E-04
max(min|c_i|) =    9.931684E-04

5    9.333333E+01    1.400000E+02
   1.611319E-07    1.693281E-07   -1.609330E-07    1.225070E-07   -7.409650E-08    4.132565E-08 |    4.132565E-08
  -3.329779E-06   -3.236574E-06    2.669023E-06   -1.659792E-06    8.122857E-07   -3.388365E-07 |    3.388365E-07
   7.411338E-04    6.404206E-04   -4.322724E-04    2.050064E-04   -7.365863E-05    2.081556E-05 |    2.081556E-05
   2.112369E-02    1.466820E-02   -7.121353E-03    2.017118E-03   -3.504227E-04    5.470575E-06 |    5.470575E-06
max(min|c_i|) =    2.081556E-05

----- EIGENVALUES -----
EIGENVALUE n=0 -5.554285710E-02
EIGENVALUE n=1 -3.124165815E-02
EIGENVALUE n=2 -1.999483474E-02
EIGENVALUE n=3 -1.388550484E-02

ALL_EIGENVALUES: | 2 | 35 |  -5.554285710E-02 | -3.124165815E-02 | -1.999483474E-02 | -1.388550484E-02 |

----- ELEMENTS TO SPLIT -----
0


========== ADAPTIVE STEP 3 ==========
Number of elements: 7
Degrees of freedom: 41
Domain: [0, 1.400000000E+02]

0    0.000000E+00    5.833333E+00
   6.888090E-02   -4.829628E-02   -6.474596E-03    7.171707E-03   -2.116410E-03    2.560365E-01 |    2.116410E-03
   3.055379E-02   -4.535716E-02   -4.822836E-03    6.136291E-03   -1.666211E-03    1.658088E-01 |    1.666211E-03
  -1.615383E-02    3.704711E-02    3.443098E-03   -4.933543E-03    1.288800E-03   -1.164559E-01 |    1.288800E-03
  -9.781459E-03    3.005377E-02    2.569053E-03   -3.988351E-03    1.020960E-03   -8.736841E-02 |    1.020960E-03
max(min|c_i|) =    2.116410E-03

1    5.833333E+00    1.166667E+01
   2.560365E-01   -8.472330E-02    1.128501E-02    1.863255E-03   -6.319308E-04    6.610245E-05    2.930436E-01 |    6.610245E-05
   1.658088E-01   -8.258561E-02    1.769905E-02    1.875935E-03   -7.210010E-04    6.250196E-05    1.668032E-02 |    6.250196E-05
  -1.164559E-01    5.655679E-02   -1.859973E-02   -1.434808E-03    6.765044E-04   -5.417079E-05    3.053808E-02 |    5.417079E-05
  -8.736841E-02    3.994777E-02   -1.686185E-02   -1.043822E-03    5.962400E-04   -4.633746E-05    3.758949E-02 |    4.633746E-05
max(min|c_i|) =    6.610245E-05

2    1.166667E+01    2.333333E+01
   2.930436E-01    4.390884E-02    1.586904E-02   -9.163468E-03    1.773860E-03   -8.644687E-05    4.798448E-02 |    8.644687E-05
   1.668032E-02    1.605042E-01    1.909421E-03   -1.446384E-02    3.031570E-03   -8.397721E-05   -2.455034E-01 |    8.397721E-05
   3.053808E-02   -1.859424E-01    2.227954E-02    1.482035E-02   -3.727106E-03    9.472119E-05    2.369187E-02 |    9.472119E-05
   3.758949E-02   -1.465142E-01    3.565782E-02    1.254902E-02   -3.888531E-03    1.131204E-04   -3.484438E-02 |    1.131204E-04
max(min|c_i|) =    1.131204E-04

3    2.333333E+01    3.500000E+01
   4.798448E-02    2.028824E-02   -5.480787E-03    7.728699E-04   -2.781333E-05   -1.248593E-05    3.314755E-03 |    1.248593E-05
  -2.455034E-01    2.293941E-03   -1.330052E-02    2.968985E-03   -1.961133E-04   -2.872744E-05   -9.099352E-02 |    2.872744E-05
   2.369187E-02    6.998385E-02    1.015506E-02   -5.119276E-03    4.762420E-04    3.661490E-05   -2.093489E-01 |    3.661490E-05
  -3.484438E-02    1.045320E-01   -1.448318E-03   -5.841767E-03    7.425885E-04    3.232099E-05   -8.619511E-02 |    3.232099E-05
max(min|c_i|) =    3.661490E-05

4    3.500000E+01    4.666667E+01
   3.314755E-03    1.655452E-03   -5.702273E-04    1.256771E-04   -1.945812E-05    2.147423E-06    1.606536E-04 |    2.147423E-06
  -9.099352E-02   -1.980623E-02    2.250729E-03    1.183053E-04   -6.912207E-05    9.922976E-06   -1.759208E-02 |    9.922976E-06
  -2.093489E-01    3.096886E-02   -9.609946E-03    5.975473E-04    1.009326E-04   -2.174597E-05   -1.479267E-01 |    2.174597E-05
  -8.619511E-02   -7.771264E-03   -1.342280E-02    1.809894E-03    6.745084E-05   -3.223514E-05    1.250312E-01 |    3.223514E-05
max(min|c_i|) =    3.223514E-05

5    4.666667E+01    9.333333E+01
   1.606536E-04    1.660735E-04   -1.523883E-04    1.104354E-04   -6.300079E-05    3.219217E-05    1.608857E-07 |    1.608857E-07
  -1.759208E-02   -1.602234E-02    1.164338E-02   -5.962826E-03    2.235190E-03   -6.091941E-04   -3.319817E-06 |    3.319817E-06
  -1.479267E-01   -9.581726E-02    3.261300E-02    1.228658E-03   -5.972746E-03    2.838415E-03   -7.390538E-04 |    7.390538E-04
   1.250312E-01   -9.227261E-02    1.223181E-01   -4.228007E-02   -9.546794E-04    5.404959E-03    2.108577E-02 |    9.546794E-04
max(min|c_i|) =    9.546794E-04

6    9.333333E+01    1.400000E+02
   1.608857E-07    1.690733E-07   -1.606974E-07    1.223352E-07   -7.399709E-08    4.127404E-08 |    4.127404E-08
  -3.319817E-06   -3.227051E-06    2.661404E-06   -1.655254E-06    8.101725E-07   -3.380121E-07 |    3.380121E-07
  -7.390538E-04   -6.386853E-04    4.311687E-04   -2.045268E-04    7.350490E-05   -2.077905E-05 |    2.077905E-05
   2.108577E-02    1.464520E-02   -7.112530E-03    2.015892E-03   -3.506302E-04    5.655673E-06 |    5.655673E-06
max(min|c_i|) =    2.077905E-05

----- EIGENVALUES -----
EIGENVALUE n=0 -5.555550330E-02
EIGENVALUE n=1 -3.124997182E-02
EIGENVALUE n=2 -1.999997260E-02
EIGENVALUE n=3 -1.388879424E-02

ALL_EIGENVALUES: | 3 | 41 |  -5.555550330E-02 | -3.124997182E-02 | -1.999997260E-02 | -1.388879424E-02 |

----- ELEMENTS TO SPLIT -----
0


========== ADAPTIVE STEP 4 ==========
Number of elements: 8
Degrees of freedom: 47
Domain: [0, 1.400000000E+02]

0    0.000000E+00    2.916667E+00
   3.985139E-02   -5.180362E-04   -3.067946E-03    6.587733E-04   -7.713822E-05    8.461385E-02 |    7.713822E-05
  -2.914266E-02    1.209398E-03    2.519515E-03   -5.238805E-04    5.567112E-05   -6.329707E-02 |    5.567112E-05
  -2.172693E-02    1.204178E-03    1.977143E-03   -4.070786E-04    4.111765E-05   -4.770993E-02 |    4.111765E-05
   1.685444E-02   -1.065118E-03   -1.576134E-03    3.231770E-04   -3.170518E-05    3.723597E-02 |    3.170518E-05
max(min|c_i|) =    7.713822E-05

1    2.916667E+00    5.833333E+00
   8.461385E-02   -8.414396E-03   -5.734032E-03    6.486556E-04    1.407890E-05   -8.499373E-06    2.560370E-01 |    8.499373E-06
  -6.329707E-02    1.606747E-02    5.119794E-03   -6.367300E-04   -1.770086E-05    8.013834E-06   -1.658090E-01 |    8.013834E-06
  -4.770993E-02    1.518619E-02    4.019036E-03   -5.518110E-04   -1.596378E-05    6.764494E-06   -1.164559E-01 |    6.764494E-06
   3.723597E-02   -1.308883E-02   -3.178979E-03    4.645955E-04    1.350181E-05   -5.623784E-06    8.736845E-02 |    5.623784E-06
max(min|c_i|) =    8.499373E-06

2    5.833333E+00    1.166667E+01
   2.560370E-01   -8.472319E-02    1.128504E-02    1.863247E-03   -6.319309E-04    6.610274E-05    2.930434E-01 |    6.610274E-05
  -1.658090E-01    8.258544E-02   -1.769910E-02   -1.875923E-03    7.210011E-04   -6.250229E-05   -1.667978E-02 |    6.250229E-05
  -1.164559E-01    5.655660E-02   -1.859977E-02   -1.434796E-03    6.765045E-04   -5.417109E-05    3.053849E-02 |    5.417109E-05
   8.736845E-02   -3.994760E-02    1.686188E-02    1.043811E-03   -5.962400E-04    4.633772E-05   -3.758979E-02 |    4.633772E-05
max(min|c_i|) =    6.610274E-05

3    1.166667E+01    2.333333E+01
   2.930434E-01    4.390902E-02    1.586895E-02   -9.163452E-03    1.773861E-03   -8.644795E-05    4.798434E-02 |    8.644795E-05
  -1.667978E-02   -1.605043E-01   -1.909241E-03    1.446382E-02   -3.031574E-03    8.397926E-05    2.455033E-01 |    8.397926E-05
   3.053849E-02   -1.859423E-01    2.227974E-02    1.482031E-02   -3.727111E-03    9.472359E-05    2.369145E-02 |    9.472359E-05
  -3.758979E-02    1.465140E-01   -3.565801E-02   -1.254897E-02    3.888535E-03   -1.131228E-04    3.484472E-02 |    1.131228E-04
max(min|c_i|) =    1.131228E-04

4    2.333333E+01    3.500000E+01
   4.798434E-02    2.028820E-02   -5.480780E-03    7.728705E-04   -2.781375E-05   -1.248585E-05    3.314740E-03 |    1.248585E-05
   2.455033E-01   -2.293795E-03    1.330048E-02   -2.968986E-03    1.961145E-04    2.872722E-05    9.099333E-02 |    2.872722E-05
   2.369145E-02    6.998401E-02    1.015499E-02   -5.119273E-03    4.762439E-04    3.661455E-05   -2.093490E-01 |    3.661455E-05
   3.484472E-02   -1.045321E-01    1.448408E-03    5.841759E-03   -7.425905E-04   -3.232056E-05    8.619486E-02 |    3.232056E-05
max(min|c_i|) =    3.661455E-05

5    3.500000E+01    4.666667E+01
   3.314740E-03    1.655445E-03   -5.702253E-04    1.256768E-04   -1.945808E-05    2.147421E-06    1.606527E-04 |    2.147421E-06
   9.099333E-02    1.980622E-02   -2.250735E-03   -1.183035E-04    6.912185E-05   -9.922968E-06    1.759202E-02 |    9.922968E-06
  -2.093490E-01    3.096876E-02   -9.609945E-03    5.975508E-04    1.009321E-04   -2.174594E-05   -1.479265E-01 |    2.174594E-05
   8.619486E-02    7.771430E-03    1.342278E-02   -1.809898E-03   -6.744991E-05    3.223509E-05   -1.250315E-01 |    3.223509E-05
max(min|c_i|) =    3.223509E-05

6    4.666667E+01    9.333333E+01
   1.606527E-04    1.660725E-04   -1.523874E-04    1.104348E-04   -6.300045E-05    3.219201E-05    1.608851E-07 |    1.608851E-07
   1.759202E-02    1.602229E-02   -1.164335E-02    5.962812E-03   -2.235186E-03    6.091939E-04    3.319798E-06 |    3.319798E-06
  -1.479265E-01   -9.581722E-02    3.261306E-02    1.228603E-03   -5.972723E-03    2.838410E-03   -7.390505E-04 |    7.390505E-04
  -1.250315E-01    9.227221E-02   -1.223179E-01    4.228013E-02    9.546226E-04   -5.404944E-03   -2.108572E-02 |    9.546226E-04
max(min|c_i|) =    9.546226E-04

7    9.333333E+01    1.400000E+02
   1.608851E-07    1.690726E-07   -1.606968E-07    1.223348E-07   -7.399684E-08    4.127391E-08 |    4.127391E-08
   3.319798E-06    3.227033E-06   -2.661389E-06    1.655245E-06   -8.101685E-07    3.380105E-07 |    3.380105E-07
  -7.390505E-04   -6.386825E-04    4.311669E-04   -2.045260E-04    7.350466E-05   -2.077899E-05 |    2.077899E-05
  -2.108572E-02   -1.464517E-02    7.112518E-03   -2.015890E-03    3.506306E-04   -5.655946E-06 |    5.655946E-06
max(min|c_i|) =    2.077899E-05

----- EIGENVALUES -----
EIGENVALUE n=0 -5.555553651E-02
EIGENVALUE n=1 -3.124998795E-02
EIGENVALUE n=2 -1.999998101E-02
EIGENVALUE n=3 -1.388879910E-02

ALL_EIGENVALUES: | 4 | 47 |  -5.555553651E-02 | -3.124998795E-02 | -1.999998101E-02 | -1.388879910E-02 |

----- ELEMENTS TO SPLIT -----
3
6


========== ADAPTIVE STEP 5 ==========
Number of elements: 10
Degrees of freedom: 59
Domain: [0, 1.400000000E+02]

0    0.000000E+00    2.916667E+00
  -3.985138E-02    5.180361E-04    3.067946E-03   -6.587733E-04    7.713822E-05   -8.461385E-02 |    7.713822E-05
   2.914266E-02   -1.209398E-03   -2.519515E-03    5.238805E-04   -5.567111E-05    6.329707E-02 |    5.567111E-05
   2.172694E-02   -1.204178E-03   -1.977145E-03    4.070789E-04   -4.111768E-05    4.770997E-02 |    4.111768E-05
  -1.685441E-02    1.065115E-03    1.576131E-03   -3.231764E-04    3.170514E-05   -3.723591E-02 |    3.170514E-05
max(min|c_i|) =    7.713822E-05

1    2.916667E+00    5.833333E+00
  -8.461385E-02    8.414396E-03    5.734031E-03   -6.486556E-04   -1.407890E-05    8.499372E-06   -2.560370E-01 |    8.499372E-06
   6.329707E-02   -1.606747E-02   -5.119794E-03    6.367300E-04    1.770086E-05   -8.013833E-06    1.658090E-01 |    8.013833E-06
   4.770997E-02   -1.518620E-02   -4.019039E-03    5.518113E-04    1.596379E-05   -6.764499E-06    1.164561E-01 |    6.764499E-06
  -3.723591E-02    1.308879E-02    3.178973E-03   -4.645943E-04   -1.350178E-05    5.623770E-06   -8.736836E-02 |    5.623770E-06
max(min|c_i|) =    8.499372E-06

2    5.833333E+00    1.166667E+01
  -2.560370E-01    8.472319E-02   -1.128504E-02   -1.863247E-03    6.319309E-04   -6.610274E-05   -2.930434E-01 |    6.610274E-05
   1.658090E-01   -8.258544E-02    1.769910E-02    1.875923E-03   -7.210011E-04    6.250229E-05    1.667978E-02 |    6.250229E-05
   1.164561E-01   -5.655665E-02    1.859978E-02    1.434797E-03   -6.765049E-04    5.417113E-05   -3.053847E-02 |    5.417113E-05
  -8.736836E-02    3.994760E-02   -1.686182E-02   -1.043810E-03    5.962380E-04   -4.633758E-05    3.758956E-02 |    4.633758E-05
max(min|c_i|) =    6.610274E-05

3    1.166667E+01    1.750000E+01
  -2.930434E-01   -8.809532E-04   -6.134037E-03    1.037664E-03   -5.140244E-05   -5.783135E-06   -1.414961E-01 |    5.783135E-06
   1.667978E-02    3.540798E-02    6.883461E-03   -1.670154E-03    7.694681E-05    1.021744E-05   -2.160687E-01 |    1.021744E-05
  -3.053847E-02    5.345403E-02    4.287860E-03   -1.865097E-03    9.499253E-05    1.155320E-05   -1.444313E-01 |    1.155320E-05
   3.758956E-02   -5.074485E-02   -1.846023E-03    1.770201E-03   -1.025990E-04   -1.113611E-05    9.401022E-02 |    1.113611E-05
max(min|c_i|) =    1.155320E-05

4    1.750000E+01    2.333333E+01
  -1.414961E-01   -1.585839E-02    6.654769E-04    1.797099E-04   -3.322539E-05    2.625408E-06   -4.798433E-02 |    2.625408E-06
  -2.160687E-01    3.659318E-02   -3.836578E-03   -2.081655E-04    6.326285E-05   -4.581223E-06   -2.455034E-01 |    4.581223E-06
  -1.444313E-01    3.106611E-02   -6.698652E-03   -6.673566E-05    7.871053E-05   -5.810190E-06   -2.369159E-02 |    5.810190E-06
   9.401022E-02   -1.536851E-02    7.464899E-03   -1.071916E-04   -8.005262E-05    6.352764E-06   -3.484411E-02 |    6.352764E-06
max(min|c_i|) =    6.352764E-06

5    2.333333E+01    3.500000E+01
  -4.798433E-02   -2.028820E-02    5.480779E-03   -7.728708E-04    2.781368E-05    1.248584E-05   -3.314749E-03 |    1.248584E-05
  -2.455034E-01    2.293787E-03   -1.330048E-02    2.968986E-03   -1.961146E-04   -2.872721E-05   -9.099336E-02 |    2.872721E-05
  -2.369159E-02   -6.998395E-02   -1.015501E-02    5.119275E-03   -4.762438E-04   -3.661455E-05    2.093493E-01 |    3.661455E-05
  -3.484411E-02    1.045315E-01   -1.448200E-03   -5.841726E-03    7.425829E-04    3.232048E-05   -8.619605E-02 |    3.232048E-05
max(min|c_i|) =    3.661455E-05

6    3.500000E+01    4.666667E+01
  -3.314749E-03   -1.655532E-03    5.701924E-04   -1.256853E-04    1.945639E-05   -2.147695E-06   -1.608205E-04 |    2.147695E-06
  -9.099336E-02   -1.980624E-02    2.250728E-03    1.183024E-04   -6.912199E-05    9.922953E-06   -1.759212E-02 |    9.922953E-06
   2.093493E-01   -3.096872E-02    9.609953E-03   -5.975485E-04   -1.009320E-04    2.174595E-05    1.479275E-01 |    2.174595E-05
  -8.619605E-02   -7.770415E-03   -1.342270E-02    1.809869E-03    6.745064E-05   -3.223476E-05    1.250300E-01 |    3.223476E-05
max(min|c_i|) =    3.223476E-05

7    4.666667E+01    7.000000E+01
  -1.608205E-04   -1.355734E-04    8.830816E-05   -4.062090E-05    1.425243E-05   -4.028383E-06   -2.288194E-07 |    2.288194E-07
  -1.759212E-02   -1.100300E-02    4.652708E-03   -1.213027E-03    1.977930E-04   -1.418150E-05   -2.908861E-04 |    1.418150E-05
   1.479275E-01    4.051342E-02   -9.241281E-04   -2.952537E-03    8.959916E-04   -1.171272E-04    1.578127E-02 |    1.171272E-04
   1.250300E-01   -9.536298E-02    3.032358E-02    4.060979E-04   -1.639698E-03    3.184391E-04    1.188968E-01 |    3.184391E-04
max(min|c_i|) =    3.184391E-04

8    7.000000E+01    9.333333E+01
  -2.288194E-07   -1.984488E-07    1.355635E-07   -6.648867E-08    2.524135E-08   -7.884891E-09   -2.303109E-10 |    2.303109E-10
  -2.908861E-04   -2.036987E-04    1.026255E-04   -3.486711E-05    8.777678E-06   -1.720019E-06   -2.830942E-06 |    1.720019E-06
   1.578127E-02    7.704889E-03   -2.464114E-03    4.580905E-04   -4.637782E-05   -1.375202E-07    7.400846E-04 |    1.375202E-07
   1.188968E-01    2.309987E-02    2.030119E-04   -1.240362E-03    2.685909E-04   -2.333205E-05    2.108372E-02 |    2.333205E-05
max(min|c_i|) =    2.333205E-05

9    9.333333E+01    1.400000E+02
  -2.303109E-10   -2.420316E-10    2.300414E-10   -1.751252E-10    1.059283E-10   -5.908460E-11 |    5.908460E-11
  -2.830942E-06   -2.751837E-06    2.269487E-06   -1.411503E-06    6.908675E-07   -2.882369E-07 |    2.882369E-07
   7.400846E-04    6.395763E-04   -4.317705E-04    2.048124E-04   -7.360763E-05    2.080812E-05 |    2.080812E-05
   2.108372E-02    1.464387E-02   -7.111943E-03    2.015760E-03   -3.506185E-04    5.660342E-06 |    5.660342E-06
max(min|c_i|) =    2.080812E-05

----- EIGENVALUES -----
EIGENVALUE n=0 -5.555553665E-02
EIGENVALUE n=1 -3.124998868E-02
EIGENVALUE n=2 -1.999999336E-02
EIGENVALUE n=3 -1.388888231E-02

ALL_EIGENVALUES: | 5 | 59 |  -5.555553665E-02 | -3.124998868E-02 | -1.999999336E-02 | -1.388888231E-02 |

----- ELEMENTS TO SPLIT -----
0
2
7


========== ADAPTIVE STEP 6 ==========
Number of elements: 13
Degrees of freedom: 77
Domain: [0, 1.400000000E+02]

0    0.000000E+00    1.458333E+00
   9.419564E-03    1.352977E-03   -3.888160E-04    3.388309E-05    9.370414E-07    1.719678E-02 |    9.370414E-07
   7.215945E-03    1.005415E-03   -3.117719E-04    2.579984E-05    8.831099E-07    1.322130E-02 |    8.831099E-07
   5.499686E-03    7.552285E-04   -2.425588E-04    1.961992E-05    7.341983E-07    1.009366E-02 |    7.341983E-07
   4.318371E-03    5.882704E-04   -1.925712E-04    1.538946E-05    6.031620E-07    7.932839E-03 |    6.031620E-07
max(min|c_i|) =    9.370414E-07

1    1.458333E+00    2.916667E+00
   1.719678E-02    8.776159E-03   -9.332711E-04   -5.772217E-05    1.081746E-05   -7.007300E-07    8.461385E-02 |    7.007300E-07
   1.322130E-02    5.932048E-03   -8.705149E-04   -4.894915E-05    9.151741E-06   -5.403679E-07    6.329707E-02 |    5.403679E-07
   1.009366E-02    4.245970E-03   -7.163306E-04   -3.850829E-05    7.322279E-06   -4.130481E-07    4.770997E-02 |    4.130481E-07
   7.932839E-03    3.217375E-03   -5.845937E-04   -3.065323E-05    5.905949E-06   -3.248824E-07    3.723591E-02 |    3.248824E-07
max(min|c_i|) =    7.007300E-07

2    2.916667E+00    5.833333E+00
   8.461385E-02   -8.414396E-03   -5.734031E-03    6.486556E-04    1.407890E-05   -8.499372E-06    2.560370E-01 |    8.499372E-06
   6.329707E-02   -1.606747E-02   -5.119794E-03    6.367300E-04    1.770086E-05   -8.013833E-06    1.658090E-01 |    8.013833E-06
   4.770997E-02   -1.518620E-02   -4.019039E-03    5.518113E-04    1.596379E-05   -6.764499E-06    1.164561E-01 |    6.764499E-06
   3.723591E-02   -1.308879E-02   -3.178973E-03    4.645943E-04    1.350178E-05   -5.623770E-06    8.736836E-02 |    5.623770E-06
max(min|c_i|) =    8.499372E-06

3    5.833333E+00    8.750000E+00
   2.560370E-01   -2.619085E-02    4.490699E-04    3.005817E-04   -2.982860E-05    7.987030E-07    3.268483E-01 |    7.987030E-07
   1.658090E-01   -2.876710E-02    1.208768E-03    3.213374E-04   -3.124803E-05    5.017654E-07    1.422469E-01 |    5.017654E-07
   1.164561E-01   -2.281601E-02    1.503943E-03    2.790739E-04   -2.833782E-05    3.289787E-07    7.792002E-02 |    3.289787E-07
   8.736836E-02   -1.792423E-02    1.465824E-03    2.314725E-04   -2.463013E-05    2.363830E-07    4.958943E-02 |    2.363830E-07
max(min|c_i|) =    7.987030E-07

4    8.750000E+00    1.166667E+01
   3.268483E-01   -1.512739E-02    1.842495E-03   -1.322481E-05   -9.915158E-06    8.296862E-07    2.930434E-01 |    8.296862E-07
   1.422469E-01   -1.147375E-02    2.610778E-03   -3.534382E-05   -1.257933E-05    9.341146E-07    1.667978E-02 |    9.341146E-07
   7.792002E-02   -4.660133E-03    2.577789E-03   -5.508011E-05   -1.220887E-05    8.827403E-07   -3.053847E-02 |    8.827403E-07
   4.958943E-02   -1.468501E-03    2.248687E-03   -6.280590E-05   -1.084984E-05    7.899833E-07   -3.758956E-02 |    7.899833E-07
max(min|c_i|) =    9.341146E-07

5    1.166667E+01    1.750000E+01
   2.930434E-01    8.809533E-04    6.134037E-03   -1.037664E-03    5.140244E-05    5.783135E-06    1.414961E-01 |    5.783135E-06
   1.667978E-02    3.540798E-02    6.883461E-03   -1.670154E-03    7.694681E-05    1.021744E-05   -2.160687E-01 |    1.021744E-05
  -3.053847E-02    5.345403E-02    4.287860E-03   -1.865097E-03    9.499253E-05    1.155320E-05   -1.444313E-01 |    1.155320E-05
  -3.758956E-02    5.074485E-02    1.846023E-03   -1.770202E-03    1.025990E-04    1.113611E-05   -9.401022E-02 |    1.113611E-05
max(min|c_i|) =    1.155320E-05

6    1.750000E+01    2.333333E+01
   1.414961E-01    1.585839E-02   -6.654769E-04   -1.797099E-04    3.322539E-05   -2.625408E-06    4.798433E-02 |    2.625408E-06
  -2.160687E-01    3.659318E-02   -3.836578E-03   -2.081655E-04    6.326285E-05   -4.581223E-06   -2.455034E-01 |    4.581223E-06
  -1.444313E-01    3.106611E-02   -6.698652E-03   -6.673566E-05    7.871053E-05   -5.810190E-06   -2.369159E-02 |    5.810190E-06
  -9.401022E-02    1.536851E-02   -7.464899E-03    1.071916E-04    8.005262E-05   -6.352764E-06    3.484411E-02 |    6.352764E-06
max(min|c_i|) =    6.352764E-06

7    2.333333E+01    3.500000E+01
   4.798433E-02    2.028820E-02   -5.480779E-03    7.728708E-04   -2.781368E-05   -1.248584E-05    3.314749E-03 |    1.248584E-05
  -2.455034E-01    2.293787E-03   -1.330048E-02    2.968986E-03   -1.961146E-04   -2.872721E-05   -9.099336E-02 |    2.872721E-05
  -2.369159E-02   -6.998395E-02   -1.015501E-02    5.119275E-03   -4.762438E-04   -3.661455E-05    2.093493E-01 |    3.661455E-05
   3.484411E-02   -1.045315E-01    1.448200E-03    5.841726E-03   -7.425829E-04   -3.232048E-05    8.619605E-02 |    3.232048E-05
max(min|c_i|) =    3.661455E-05

8    3.500000E+01    4.666667E+01
   3.314749E-03    1.655533E-03   -5.701922E-04    1.256854E-04   -1.945638E-05    2.147696E-06    1.608216E-04 |    2.147696E-06
  -9.099336E-02   -1.980624E-02    2.250728E-03    1.183024E-04   -6.912199E-05    9.922952E-06   -1.759212E-02 |    9.922952E-06
   2.093493E-01   -3.096872E-02    9.609953E-03   -5.975485E-04   -1.009320E-04    2.174595E-05    1.479275E-01 |    2.174595E-05
   8.619605E-02    7.770415E-03    1.342270E-02   -1.809869E-03   -6.745064E-05    3.223476E-05   -1.250300E-01 |    3.223476E-05
max(min|c_i|) =    3.223476E-05

9    4.666667E+01    5.833333E+01
   1.608216E-04    8.607580E-05   -3.233415E-05    8.018073E-06   -1.463231E-06    2.075614E-07    6.429124E-06 |    2.075614E-07
  -1.759212E-02   -5.326478E-03    1.115196E-03   -1.300637E-04    7.198072E-06    3.175825E-07   -2.485066E-03 |    3.175825E-07
   1.479275E-01    9.848400E-03    1.365524E-03   -4.554453E-04    4.547722E-05   -1.054299E-06    5.637206E-02 |    1.054299E-06
  -1.250300E-01    3.863927E-02   -2.918397E-03   -5.679886E-04    1.040896E-04   -4.885520E-06   -1.804089E-01 |    4.885520E-06
max(min|c_i|) =    4.885520E-06

10    5.833333E+01    7.000000E+01
   6.429124E-06    3.573963E-06   -1.404782E-06    3.686463E-07   -7.215646E-08    1.118179E-08    2.273877E-07 |    1.118179E-08
  -2.485066E-03   -8.645413E-04    2.146172E-04   -3.328878E-05    3.532989E-06   -2.546667E-07   -2.908868E-04 |    2.546667E-07
   5.637206E-02    8.759745E-03   -8.456957E-04   -1.017839E-05    1.099419E-05   -1.280130E-06    1.578127E-02 |    1.280130E-06
  -1.804089E-01    8.925117E-03   -3.293573E-03    2.548562E-04    8.322530E-06   -2.824046E-06   -1.188968E-01 |    2.824046E-06
max(min|c_i|) =    2.824046E-06

11    7.000000E+01    9.333333E+01
   2.273877E-07    1.972071E-07   -1.347152E-07    6.607265E-08   -2.508342E-08    7.835555E-09    2.288699E-10 |    2.288699E-10
  -2.908868E-04   -2.036992E-04    1.026258E-04   -3.486719E-05    8.777700E-06   -1.720023E-06   -2.830950E-06 |    1.720023E-06
   1.578127E-02    7.704889E-03   -2.464114E-03    4.580905E-04   -4.637782E-05   -1.375202E-07    7.400846E-04 |    1.375202E-07
  -1.188968E-01   -2.309987E-02   -2.030119E-04    1.240362E-03   -2.685909E-04    2.333205E-05   -2.108371E-02 |    2.333205E-05
max(min|c_i|) =    2.333205E-05

12    9.333333E+01    1.400000E+02
   2.288699E-10    2.405172E-10   -2.286020E-10    1.740295E-10   -1.052655E-10    5.871490E-11 |    5.871490E-11
  -2.830950E-06   -2.751844E-06    2.269493E-06   -1.411506E-06    6.908692E-07   -2.882376E-07 |    2.882376E-07
   7.400846E-04    6.395763E-04   -4.317705E-04    2.048124E-04   -7.360763E-05    2.080812E-05 |    2.080812E-05
  -2.108371E-02   -1.464387E-02    7.111943E-03   -2.015760E-03    3.506185E-04   -5.660343E-06 |    5.660343E-06
max(min|c_i|) =    2.080812E-05

----- EIGENVALUES -----
EIGENVALUE n=0 -5.555553668E-02
EIGENVALUE n=1 -3.124998870E-02
EIGENVALUE n=2 -1.999999336E-02
EIGENVALUE n=3 -1.388888233E-02

ALL_EIGENVALUES: | 6 | 77 |  -5.555553668E-02 | -3.124998870E-02 | -1.999999336E-02 | -1.388888233E-02 |

DATETIME: 04 Sep 2026 10:52:10

=== END OF LOG FILE ===
