===============================================================================
 EEEEE I   GGG  EEEEE N   N RRRR   AAA  DDDD         Zbigniew Romanowski       
 E     I  G     E     NN  N R   R A   A D   D                                  
 EEE   I  G  GG EEE   N N N RRRR  AAAAA D   D        romz@wp.pl                
 E     I  G   G E     N  NN R  R  A   A D   D                                  
 EEEEE I   GGG  EEEEE N   N R   R A   A DDDD         https://github.com/romz-pl
===============================================================================



DATETIME: 07 Sep 2026 19:27:52



========== ADAPTIVE STEP 0 ==========
Number of elements: 3
Degrees of freedom: 17
Domain: [0, 1.600000000E+02]

0    0.000000E+00    5.333333E+01
   2.511749E-01   -2.438578E-01   -8.690067E-02    2.371667E-01   -8.992636E-02   -3.173589E-03 |    3.173589E-03
   5.158552E-02    3.775665E-01   -1.522981E-01   -2.552899E-01    1.812472E-01   -7.554569E-02 |    5.158552E-02
   1.614581E-01    1.648907E-01   -3.032398E-01   -1.695916E-01    2.220606E-01    1.830253E-01 |    1.614581E-01
  -1.583668E-02    9.122798E-03    3.004406E-01    8.117169E-02   -2.200683E-01   -6.362288E-02 |    9.122798E-03
max(min|c_i|) =    1.614581E-01

1    5.333333E+01    1.066667E+02
  -3.173589E-03   -3.071439E-03    2.498929E-03   -1.511855E-03    7.043625E-04   -2.685905E-04   -6.569414E-07 |    6.569414E-07
  -7.554569E-02   -5.957358E-02    3.261876E-02   -1.006677E-02    9.707501E-04    7.140100E-04   -9.190775E-05 |    9.190775E-05
   1.830253E-01    3.990815E-02    4.849051E-02   -4.087703E-02    1.267867E-02   -6.789658E-04    5.938691E-03 |    6.789658E-04
  -6.362288E-02   -2.468975E-01    6.942501E-02    4.569995E-02   -3.136332E-02    5.740547E-03    6.452104E-02 |    5.740547E-03
max(min|c_i|) =    5.740547E-03

2    1.066667E+02    1.600000E+02
  -6.569414E-07   -6.619559E-07    5.825106E-07   -3.963915E-07    2.137884E-07   -1.011748E-07 |    1.011748E-07
  -9.190775E-05   -8.443502E-05    6.305987E-05   -3.426535E-05    1.439561E-05   -4.955288E-06 |    4.955288E-06
   5.938691E-03    4.674922E-03   -2.721034E-03    1.041460E-03   -2.851488E-04    5.267993E-05 |    5.267993E-05
   6.452104E-02    3.575660E-02   -1.212463E-02    9.226988E-04    4.910237E-04   -2.652849E-04 |    2.652849E-04
max(min|c_i|) =    2.652849E-04

----- EIGENVALUES -----
EIGENVALUE n=0 -3.072659233E-02
EIGENVALUE n=1 -1.941880443E-02
EIGENVALUE n=2 -1.339993553E-02
EIGENVALUE n=3 -9.815755708E-03

ALL_EIGENVALUES: | 0 | 17 |  -3.072659233E-02 | -1.941880443E-02 | -1.339993553E-02 | -9.815755708E-03 |

----- ELEMENTS TO SPLIT -----
0


========== ADAPTIVE STEP 1 ==========
Number of elements: 4
Degrees of freedom: 23
Domain: [0, 1.600000000E+02]

0    0.000000E+00    2.666667E+01
   2.201665E-01    1.387675E-01   -1.486651E-01   -1.136194E-02    5.446492E-02   -1.420757E-01 |    1.136194E-02
   2.910777E-01    2.837111E-02   -1.940001E-01    8.992318E-03    6.253967E-02    1.651450E-01 |    8.992318E-03
  -1.825673E-01    5.535601E-02    1.816492E-01   -2.473081E-02   -5.929249E-02   -1.290428E-01 |    2.473081E-02
   1.144353E-01   -8.174551E-02   -1.541189E-01    3.185892E-02    5.280971E-02    8.763827E-02 |    3.185892E-02
max(min|c_i|) =    3.185892E-02

1    2.666667E+01    5.333333E+01
  -1.420757E-01   -7.644292E-02    2.102108E-02    3.398242E-04   -2.139586E-03    7.722866E-04   -2.903341E-03 |    3.398242E-04
   1.651450E-01   -1.056714E-01    8.107973E-02   -1.474555E-02   -2.878450E-03    1.864297E-03    6.464802E-02 |    1.864297E-03
  -1.290428E-01   -6.261707E-02   -1.011355E-01    3.863318E-02    4.253146E-04   -2.773192E-03    1.835844E-01 |    4.253146E-04
   8.763827E-02    1.930165E-01    5.981794E-02   -5.429227E-02    4.082102E-03    3.134725E-03   -2.938454E-02 |    3.134725E-03
max(min|c_i|) =    3.134725E-03

2    5.333333E+01    1.066667E+02
  -2.903341E-03   -2.820935E-03    2.311900E-03   -1.413761E-03    6.672519E-04   -2.591962E-04   -6.469918E-07 |    6.469918E-07
   6.464802E-02    5.211858E-02   -2.986417E-02    1.015265E-02   -1.554976E-03   -3.998703E-04    6.250256E-05 |    6.250256E-05
   1.835844E-01    6.035126E-02    2.875873E-02   -3.441131E-02    1.310843E-02   -1.773491E-03    4.225441E-03 |    1.773491E-03
  -2.938454E-02   -2.317733E-01    1.018312E-01    2.183943E-02   -2.763203E-02    7.637784E-03    5.138703E-02 |    7.637784E-03
max(min|c_i|) =    7.637784E-03

3    1.066667E+02    1.600000E+02
  -6.469918E-07   -6.534623E-07    5.775070E-07   -3.953806E-07    2.146212E-07   -1.024566E-07 |    1.024566E-07
   6.250256E-05    5.786236E-05   -4.378724E-05    2.422038E-05   -1.038497E-05    3.666965E-06 |    3.666965E-06
   4.225441E-03    3.394387E-03   -2.038391E-03    8.175524E-04   -2.380757E-04    4.910934E-05 |    4.910934E-05
   5.138703E-02    3.049652E-02   -1.157258E-02    1.655977E-03    1.736034E-04   -1.904044E-04 |    1.736034E-04
max(min|c_i|) =    1.736034E-04

----- EIGENVALUES -----
EIGENVALUE n=0 -3.122883045E-02
EIGENVALUE n=1 -1.997196161E-02
EIGENVALUE n=2 -1.386180350E-02
EIGENVALUE n=3 -1.018071605E-02

ALL_EIGENVALUES: | 1 | 23 |  -3.122883045E-02 | -1.997196161E-02 | -1.386180350E-02 | -1.018071605E-02 |

----- ELEMENTS TO SPLIT -----
0


========== ADAPTIVE STEP 2 ==========
Number of elements: 5
Degrees of freedom: 29
Domain: [0, 1.600000000E+02]

0    0.000000E+00    1.333333E+01
   6.195074E-02   -6.938811E-02   -1.814315E-02    1.422661E-02    9.591163E-05    2.481438E-01 |    9.591163E-05
   1.448367E-03   -8.193603E-02   -1.375866E-02    1.571641E-02    2.469713E-06    1.493254E-01 |    2.469713E-06
   1.839029E-02    7.414300E-02    9.031109E-03   -1.467366E-02    9.669054E-05   -9.723856E-02 |    9.669054E-05
  -2.396815E-02   -6.389377E-02   -5.984361E-03    1.304079E-02   -1.549977E-04    6.866504E-02 |    1.549977E-04
max(min|c_i|) =    1.549977E-04

1    1.333333E+01    2.666667E+01
   2.481438E-01   -7.001281E-02    3.155730E-02   -1.889899E-03   -1.145967E-03    3.018378E-04    1.416488E-01 |    3.018378E-04
   1.493254E-01   -1.616733E-02    5.110708E-02   -6.292542E-03   -1.544438E-03    4.725203E-04   -1.659861E-01 |    4.725203E-04
  -9.723856E-02   -5.019263E-02   -5.018567E-02    9.968620E-03    1.454715E-03   -5.564763E-04    1.289134E-01 |    5.564763E-04
   6.866504E-02    7.204900E-02    4.098151E-02   -1.158391E-02   -1.171135E-03    5.750486E-04   -8.673066E-02 |    5.750486E-04
max(min|c_i|) =    5.750486E-04

2    2.666667E+01    5.333333E+01
   1.416488E-01    7.630199E-02   -2.104456E-02   -3.022812E-04    2.125821E-03   -7.700347E-04    2.884117E-03 |    3.022812E-04
  -1.659861E-01    1.043373E-01   -8.085353E-02    1.490713E-02    2.798031E-03   -1.851997E-03   -6.412569E-02 |    1.851997E-03
   1.289134E-01    6.560813E-02    9.983186E-02   -3.886340E-02   -2.141238E-04    2.737462E-03   -1.834002E-01 |    2.141238E-04
  -8.673066E-02   -1.958018E-01   -5.702723E-02    5.433998E-02   -4.433782E-03   -3.063917E-03    2.712408E-02 |    3.063917E-03
max(min|c_i|) =    3.063917E-03

3    5.333333E+01    1.066667E+02
   2.884117E-03    2.802699E-03   -2.297627E-03    1.405638E-03   -6.637615E-04    2.580310E-04    6.446857E-07 |    6.446857E-07
  -6.412569E-02   -5.175047E-02    2.971504E-02   -1.014469E-02    1.578183E-03    3.857391E-04   -6.130493E-05 |    6.130493E-05
  -1.834002E-01   -6.130159E-02   -2.770105E-02    3.400702E-02   -1.309730E-02    1.824132E-03   -4.141970E-03 |    1.824132E-03
   2.712408E-02    2.303078E-01   -1.033731E-01   -2.040353E-02    2.731020E-02   -7.712413E-03   -5.062599E-02 |    7.712413E-03
max(min|c_i|) =    7.712413E-03

4    1.066667E+02    1.600000E+02
   6.446857E-07    6.511949E-07   -5.756030E-07    3.941740E-07   -2.140219E-07    1.022066E-07 |    1.022066E-07
  -6.130493E-05   -5.677443E-05    4.299108E-05   -2.380031E-05    1.021481E-05   -3.611273E-06 |    3.611273E-06
  -4.141970E-03   -3.330975E-03    2.003705E-03   -8.056547E-04    2.353724E-04   -4.881816E-05 |    4.881816E-05
  -5.062599E-02   -3.015992E-02    1.151457E-02   -1.688116E-03   -1.566369E-04    1.858359E-04 |    1.566369E-04
max(min|c_i|) =    1.566369E-04

----- EIGENVALUES -----
EIGENVALUE n=0 -3.124950537E-02
EIGENVALUE n=1 -1.999946350E-02
EIGENVALUE n=2 -1.388843152E-02
EIGENVALUE n=3 -1.020366752E-02

ALL_EIGENVALUES: | 2 | 29 |  -3.124950537E-02 | -1.999946350E-02 | -1.388843152E-02 | -1.020366752E-02 |

----- ELEMENTS TO SPLIT -----
2
3


========== ADAPTIVE STEP 3 ==========
Number of elements: 7
Degrees of freedom: 41
Domain: [0, 1.600000000E+02]

0    0.000000E+00    1.333333E+01
  -6.195075E-02    6.938811E-02    1.814315E-02   -1.422661E-02   -9.591163E-05   -2.481438E-01 |    9.591163E-05
  -1.448399E-03    8.193598E-02    1.375865E-02   -1.571640E-02   -2.469822E-06   -1.493253E-01 |    2.469822E-06
  -1.839012E-02   -7.414256E-02   -9.031068E-03    1.467357E-02   -9.668955E-05    9.723810E-02 |    9.668955E-05
  -2.396821E-02   -6.389411E-02   -5.984409E-03    1.304086E-02   -1.549978E-04    6.866552E-02 |    1.549978E-04
max(min|c_i|) =    1.549978E-04

1    1.333333E+01    2.666667E+01
  -2.481438E-01    7.001280E-02   -3.155731E-02    1.889899E-03    1.145967E-03   -3.018378E-04   -1.416488E-01 |    3.018378E-04
  -1.493253E-01    1.616741E-02   -5.110704E-02    6.292534E-03    1.544437E-03   -4.725199E-04    1.659860E-01 |    4.725199E-04
   9.723810E-02    5.019213E-02    5.018538E-02   -9.968544E-03   -1.454707E-03    5.564724E-04   -1.289128E-01 |    5.564724E-04
   6.866552E-02    7.204915E-02    4.098176E-02   -1.158394E-02   -1.171143E-03    5.750507E-04   -8.673135E-02 |    5.750507E-04
max(min|c_i|) =    5.750507E-04

2    2.666667E+01    4.000000E+01
  -1.416488E-01   -2.953854E-02    1.564862E-03    9.063845E-04   -2.361186E-04    2.524915E-05   -2.558294E-02 |    2.524915E-05
   1.659860E-01   -7.011391E-02    1.430520E-02    6.350490E-04   -5.040309E-04    6.251089E-05    1.751919E-01 |    6.251089E-05
  -1.289128E-01    4.354077E-02   -2.657487E-02    1.062765E-03    6.531425E-04   -1.010939E-04    7.690907E-02 |    1.010939E-04
  -8.673135E-02   -5.757249E-03   -2.891139E-02    2.984979E-03    6.398913E-04   -1.291774E-04    1.032569E-01 |    1.291774E-04
max(min|c_i|) =    1.291774E-04

3    4.000000E+01    5.333333E+01
  -2.558294E-02   -8.715037E-03    1.964014E-03   -2.347746E-04    9.561979E-06    1.796045E-06   -2.884523E-03 |    1.796045E-06
   1.751919E-01    8.742377E-03    3.703457E-03   -9.739329E-04    8.503239E-05    1.459828E-06    6.412596E-02 |    1.459828E-06
   7.690907E-02   -5.310196E-02    1.543501E-03    1.541896E-03   -2.211949E-04    4.269365E-06    1.833984E-01 |    4.269365E-06
   1.032569E-01   -5.992058E-02    1.058383E-02    1.286137E-03   -3.485014E-04    1.487616E-05    2.712162E-02 |    1.487616E-05
max(min|c_i|) =    1.487616E-05

4    5.333333E+01    8.000000E+01
  -2.884523E-03   -2.103100E-03    1.103151E-03   -3.857416E-04    9.734658E-05   -1.815481E-05   -1.858699E-05 |    1.815481E-05
   6.412596E-02    3.010144E-02   -8.149726E-03    7.627056E-04    1.798753E-04   -7.965939E-05    2.821527E-03 |    7.965939E-05
   1.833984E-01   -6.024845E-03    2.186645E-02   -5.999714E-03    3.859112E-04    1.350514E-04    4.857610E-02 |    1.350514E-04
   2.712162E-02    1.061857E-01    7.006148E-03   -1.131360E-02    1.846297E-03    8.509655E-05   -1.563654E-01 |    8.509655E-05
max(min|c_i|) =    1.350514E-04

5    8.000000E+01    1.066667E+02
  -1.858699E-05   -1.446634E-05    8.410181E-06   -3.389378E-06    1.034786E-06   -2.529452E-07   -7.476210E-08 |    7.476210E-08
   2.821527E-03    1.700387E-03   -7.056030E-04    1.882316E-04   -3.502820E-05    4.552683E-06    6.219059E-05 |    4.552683E-06
   4.857610E-02    1.792129E-02   -3.793049E-03    2.313735E-04    6.924633E-05   -2.092094E-05    4.141529E-03 |    2.092094E-05
  -1.563654E-01    1.955741E-04   -1.000998E-02    2.362783E-03   -1.374891E-04   -3.240914E-05   -5.062469E-02 |    3.240914E-05
max(min|c_i|) =    3.240914E-05

6    1.066667E+02    1.600000E+02
  -7.476210E-08   -7.551695E-08    6.675081E-08   -4.571108E-08    2.481943E-08   -1.185257E-08 |    1.185257E-08
   6.219059E-05    5.759465E-05   -4.361218E-05    2.414416E-05   -1.036239E-05    3.663448E-06 |    3.663448E-06
   4.141529E-03    3.330623E-03   -2.003496E-03    8.055723E-04   -2.353489E-04    4.881350E-05 |    4.881350E-05
  -5.062469E-02   -3.015930E-02    1.151443E-02   -1.688151E-03   -1.566126E-04    1.858286E-04 |    1.566126E-04
max(min|c_i|) =    1.566126E-04

----- EIGENVALUES -----
EIGENVALUE n=0 -3.124950630E-02
EIGENVALUE n=1 -1.999947129E-02
EIGENVALUE n=2 -1.388845267E-02
EIGENVALUE n=3 -1.020369969E-02

ALL_EIGENVALUES: | 3 | 41 |  -3.124950630E-02 | -1.999947129E-02 | -1.388845267E-02 | -1.020369969E-02 |

----- ELEMENTS TO SPLIT -----
1


========== ADAPTIVE STEP 4 ==========
Number of elements: 8
Degrees of freedom: 47
Domain: [0, 1.600000000E+02]

0    0.000000E+00    1.333333E+01
   6.195075E-02   -6.938811E-02   -1.814315E-02    1.422661E-02    9.591163E-05    2.481438E-01 |    9.591163E-05
   1.448399E-03   -8.193599E-02   -1.375865E-02    1.571640E-02    2.469823E-06    1.493254E-01 |    2.469823E-06
   1.839012E-02    7.414257E-02    9.031070E-03   -1.467358E-02    9.668957E-05   -9.723812E-02 |    9.668957E-05
   2.396821E-02    6.389413E-02    5.984411E-03   -1.304086E-02    1.549978E-04   -6.866554E-02 |    1.549978E-04
max(min|c_i|) =    1.549978E-04

1    1.333333E+01    2.000000E+01
   2.481438E-01   -3.349931E-02    4.132949E-03    2.984958E-04   -9.081923E-05    6.278714E-06    2.372838E-01 |    6.278714E-06
   1.493254E-01   -3.083699E-02    8.019394E-03    1.953027E-04   -1.320236E-04    9.052328E-06    2.885883E-05 |    9.052328E-06
  -9.723812E-02    1.485902E-02   -9.292179E-03    2.067924E-05    1.433847E-04   -1.042135E-05    4.898705E-02 |    1.042135E-05
  -6.866554E-02    5.374329E-03   -8.856156E-03    1.837424E-04    1.379131E-04   -1.078251E-05    5.594780E-02 |    1.078251E-05
max(min|c_i|) =    1.078251E-05

2    2.000000E+01    2.666667E+01
   2.372838E-01   -2.698627E-03    2.805763E-03   -2.862035E-04    1.504902E-06    2.021407E-06    1.416488E-01 |    1.504902E-06
   2.885883E-05    1.897789E-02    3.476554E-03   -5.926971E-04    1.161614E-05    3.389079E-06   -1.659860E-01 |    3.389079E-06
   4.898705E-02   -3.404349E-02   -2.050683E-03    7.670148E-04   -2.536805E-05   -3.984389E-06    1.289128E-01 |    3.984389E-06
   5.594780E-02   -3.455517E-02   -4.244805E-04    7.905392E-04   -3.626949E-05   -3.981622E-06    8.673135E-02 |    3.981622E-06
max(min|c_i|) =    3.984389E-06

3    2.666667E+01    4.000000E+01
   1.416488E-01    2.953854E-02   -1.564862E-03   -9.063845E-04    2.361186E-04   -2.524915E-05    2.558294E-02 |    2.524915E-05
  -1.659860E-01    7.011391E-02   -1.430520E-02   -6.350489E-04    5.040309E-04   -6.251089E-05   -1.751919E-01 |    6.251089E-05
   1.289128E-01   -4.354077E-02    2.657487E-02   -1.062766E-03   -6.531425E-04    1.010939E-04   -7.690907E-02 |    1.010939E-04
   8.673135E-02    5.757261E-03    2.891139E-02   -2.984979E-03   -6.398912E-04    1.291774E-04   -1.032569E-01 |    1.291774E-04
max(min|c_i|) =    1.291774E-04

4    4.000000E+01    5.333333E+01
   2.558294E-02    8.715037E-03   -1.964014E-03    2.347746E-04   -9.561979E-06   -1.796045E-06    2.884523E-03 |    1.796045E-06
  -1.751919E-01   -8.742378E-03   -3.703457E-03    9.739329E-04   -8.503239E-05   -1.459827E-06   -6.412596E-02 |    1.459827E-06
  -7.690907E-02    5.310196E-02   -1.543502E-03   -1.541896E-03    2.211949E-04   -4.269367E-06   -1.833984E-01 |    4.269367E-06
  -1.032569E-01    5.992058E-02   -1.058383E-02   -1.286137E-03    3.485014E-04   -1.487617E-05   -2.712161E-02 |    1.487617E-05
max(min|c_i|) =    1.487617E-05

5    5.333333E+01    8.000000E+01
   2.884523E-03    2.103100E-03   -1.103151E-03    3.857416E-04   -9.734658E-05    1.815481E-05    1.858699E-05 |    1.815481E-05
  -6.412596E-02   -3.010144E-02    8.149726E-03   -7.627057E-04   -1.798753E-04    7.965939E-05   -2.821527E-03 |    7.965939E-05
  -1.833984E-01    6.024841E-03   -2.186645E-02    5.999714E-03   -3.859112E-04   -1.350514E-04   -4.857610E-02 |    1.350514E-04
  -2.712161E-02   -1.061858E-01   -7.006142E-03    1.131359E-02   -1.846297E-03   -8.509649E-05    1.563654E-01 |    8.509649E-05
max(min|c_i|) =    1.350514E-04

6    8.000000E+01    1.066667E+02
   1.858699E-05    1.446634E-05   -8.410180E-06    3.389378E-06   -1.034786E-06    2.529452E-07    7.476210E-08 |    7.476210E-08
  -2.821527E-03   -1.700387E-03    7.056030E-04   -1.882316E-04    3.502820E-05   -4.552683E-06   -6.219059E-05 |    4.552683E-06
  -4.857610E-02   -1.792129E-02    3.793049E-03   -2.313735E-04   -6.924632E-05    2.092093E-05   -4.141528E-03 |    2.092093E-05
   1.563654E-01   -1.955702E-04    1.000998E-02   -2.362783E-03    1.374891E-04    3.240914E-05    5.062468E-02 |    3.240914E-05
max(min|c_i|) =    3.240914E-05

7    1.066667E+02    1.600000E+02
   7.476210E-08    7.551695E-08   -6.675081E-08    4.571107E-08   -2.481943E-08    1.185257E-08 |    1.185257E-08
  -6.219059E-05   -5.759464E-05    4.361218E-05   -2.414416E-05    1.036239E-05   -3.663448E-06 |    3.663448E-06
  -4.141528E-03   -3.330622E-03    2.003496E-03   -8.055722E-04    2.353489E-04   -4.881350E-05 |    4.881350E-05
   5.062468E-02    3.015930E-02   -1.151443E-02    1.688151E-03    1.566125E-04   -1.858285E-04 |    1.566125E-04
max(min|c_i|) =    1.566125E-04

----- EIGENVALUES -----
EIGENVALUE n=0 -3.124950636E-02
EIGENVALUE n=1 -1.999947139E-02
EIGENVALUE n=2 -1.388845280E-02
EIGENVALUE n=3 -1.020369983E-02

ALL_EIGENVALUES: | 4 | 47 |  -3.124950636E-02 | -1.999947139E-02 | -1.388845280E-02 | -1.020369983E-02 |

----- ELEMENTS TO SPLIT -----
0
5
7


========== ADAPTIVE STEP 5 ==========
Number of elements: 11
Degrees of freedom: 65
Domain: [0, 1.600000000E+02]

0    0.000000E+00    6.666667E+00
  -4.582919E-02   -4.613605E-03    4.849844E-03    1.226653E-04   -4.001395E-04   -8.211356E-02 |    1.226653E-04
   3.823766E-02    2.093858E-03   -4.979329E-03   -8.429071E-05    3.964235E-04    7.080815E-02 |    8.429071E-05
  -3.072815E-02   -8.397716E-04    4.439792E-03    5.031158E-05   -3.507011E-04   -5.801341E-02 |    5.031158E-05
  -2.503104E-02   -2.460349E-04    3.841680E-03    2.940402E-05   -3.029662E-04   -4.783759E-02 |    2.940402E-05
max(min|c_i|) =    1.226653E-04

1    6.666667E+00    1.333333E+01
  -8.211356E-02    2.471479E-02    9.205145E-03   -1.675115E-03   -5.006357E-05    3.622690E-05   -2.481483E-01 |    3.622690E-05
   7.080815E-02   -4.480813E-02   -8.505190E-03    2.236423E-03    4.392368E-05   -4.397113E-05    1.493189E-01 |    4.392368E-05
  -5.801341E-02    4.452706E-02    6.239395E-03   -2.298038E-03   -2.565861E-05    4.369766E-05   -9.722445E-02 |    2.565861E-05
  -4.783759E-02    3.991695E-02    4.543243E-03   -2.145102E-03   -1.074210E-05    4.049014E-05   -6.864883E-02 |    1.074210E-05
max(min|c_i|) =    4.392368E-05

2    1.333333E+01    2.000000E+01
  -2.481483E-01    3.349665E-02   -4.133106E-03   -2.984263E-04    9.081619E-05   -6.279410E-06   -2.372752E-01 |    6.279410E-06
   1.493189E-01   -3.082912E-02    8.019864E-03    1.950776E-04   -1.320149E-04    9.054350E-06    1.253562E-07 |    1.253562E-07
  -9.722445E-02    1.484649E-02   -9.292564E-03    2.104320E-05    1.433694E-04   -1.042452E-05    4.901685E-02 |    1.042452E-05
  -6.864883E-02    5.359917E-03   -8.856236E-03    1.841823E-04    1.378920E-04   -1.078633E-05    5.597333E-02 |    1.078633E-05
max(min|c_i|) =    1.078633E-05

3    2.000000E+01    2.666667E+01
  -2.372752E-01    2.696819E-03   -2.805516E-03    2.862051E-04   -1.507688E-06   -2.021162E-06   -1.416391E-01 |    1.507688E-06
   1.253562E-07    1.898249E-02    3.475654E-03   -5.927039E-04    1.162650E-05    3.388325E-06   -1.660030E-01 |    1.253562E-07
   4.901685E-02   -3.404819E-02   -2.048991E-03    7.670012E-04   -2.538634E-05   -3.983077E-06    1.289113E-01 |    3.983077E-06
   5.597333E-02   -3.455779E-02   -4.222895E-04    7.904859E-04   -3.629285E-05   -3.979850E-06    8.671822E-02 |    3.979850E-06
max(min|c_i|) =    3.983077E-06

4    2.666667E+01    4.000000E+01
  -1.416391E-01   -2.953827E-02    1.565409E-03    9.062290E-04   -2.361027E-04    2.524970E-05   -2.557998E-02 |    2.524970E-05
  -1.660030E-01    7.010652E-02   -1.430655E-02   -6.343886E-04    5.039635E-04   -6.251513E-05   -1.751798E-01 |    6.251513E-05
   1.289113E-01   -4.351913E-02    2.657523E-02   -1.064080E-03   -6.529808E-04    1.011021E-04   -7.693963E-02 |    1.011021E-04
   8.671822E-02    5.787653E-03    2.890889E-02   -2.986703E-03   -6.396201E-04    1.291866E-04   -1.032721E-01 |    1.291866E-04
max(min|c_i|) =    1.291866E-04

5    4.000000E+01    5.333333E+01
  -2.557998E-02   -8.714240E-03    1.963890E-03   -2.347724E-04    9.564378E-06    1.795568E-06   -2.884077E-03 |    1.795568E-06
  -1.751798E-01   -8.745687E-03   -3.702418E-03    9.738535E-04   -8.504252E-05   -1.457108E-06   -6.411640E-02 |    1.457108E-06
  -7.693963E-02    5.310276E-02   -1.546159E-03   -1.541541E-03    2.212079E-04   -4.276304E-06   -1.833965E-01 |    4.276304E-06
  -1.032721E-01    5.991062E-02   -1.058715E-02   -1.285360E-03    3.484978E-04   -1.488768E-05   -2.708870E-02 |    1.488768E-05
max(min|c_i|) =    1.488768E-05

6    5.333333E+01    6.666667E+01
  -2.884077E-03   -1.156487E-03    3.229722E-04   -5.645758E-05    6.739967E-06   -5.421648E-07   -2.511879E-04 |    5.421648E-07
  -6.411640E-02   -1.172142E-02    1.219029E-03    3.404480E-05   -2.345766E-05    2.934468E-06   -1.522715E-02 |    2.934468E-06
  -1.833965E-01    1.378497E-02   -5.105425E-03    4.037630E-04    2.379009E-05   -6.846969E-06   -1.182398E-01 |    6.846969E-06
  -2.708870E-02   -2.011277E-02   -5.835478E-03    1.110672E-03   -1.833589E-05   -9.927190E-06    1.323242E-01 |    9.927190E-06
max(min|c_i|) =    9.927190E-06

7    6.666667E+01    8.000000E+01
  -2.511879E-04   -1.093630E-04    3.358567E-05   -6.685373E-06    9.631467E-07   -1.055886E-07   -1.858125E-05 |    1.055886E-07
  -1.522715E-02   -3.793083E-03    6.728936E-04   -6.395509E-05    2.366976E-06    2.256095E-07   -2.820783E-03 |    2.256095E-07
  -1.182398E-01   -7.295360E-03   -6.986009E-04    2.354144E-04   -2.155595E-05    4.652157E-07   -4.856644E-02 |    4.652157E-07
   1.323242E-01   -2.647782E-02    2.512659E-03    2.340607E-04   -5.175517E-05    2.743324E-06    1.563589E-01 |    2.743324E-06
max(min|c_i|) =    2.743324E-06

8    8.000000E+01    1.066667E+02
  -1.858125E-05   -1.446200E-05    8.407688E-06   -3.388427E-06    1.034503E-06   -2.528808E-07   -7.477753E-08 |    7.477753E-08
  -2.820783E-03   -1.699977E-03    7.054506E-04   -1.881981E-04    3.502351E-05   -4.552440E-06   -6.217115E-05 |    4.552440E-06
  -4.856644E-02   -1.791900E-02    3.793012E-03   -2.315119E-04   -6.920902E-05    2.091647E-05   -4.140209E-03 |    2.091647E-05
   1.563589E-01   -1.861325E-04    1.000733E-02   -2.362747E-03    1.375854E-04    3.239047E-05    5.061391E-02 |    3.239047E-05
max(min|c_i|) =    3.239047E-05

9    1.066667E+02    1.333333E+02
  -7.477753E-08   -5.986878E-08    3.634201E-08   -1.548303E-08    5.052641E-09   -1.339185E-09   -2.326022E-10 |    2.326022E-10
  -6.217115E-05   -4.071063E-05    1.896445E-05   -5.924939E-06    1.372546E-06   -2.486595E-07   -9.581480E-07 |    2.486595E-07
  -4.140209E-03   -1.998827E-03    6.513374E-04   -1.309420E-04    1.729054E-05   -1.356641E-06   -2.123350E-04 |    1.356641E-06
   5.061391E-02    1.364376E-02   -1.985473E-03   -2.346489E-05    5.199508E-05   -8.947674E-06    7.262616E-03 |    8.947674E-06
max(min|c_i|) =    8.947674E-06

10    1.333333E+02    1.600000E+02
  -2.326022E-10   -1.886800E-10    1.179292E-10   -5.148854E-11    1.749143E-11   -4.799255E-12 |    4.799255E-12
  -9.581480E-07   -6.459542E-07    3.264000E-07   -1.065327E-07    2.764692E-08   -5.396980E-09 |    5.396980E-09
  -2.123350E-04   -1.098159E-04    4.451192E-05   -9.912208E-06    1.944312E-06   -2.281611E-07 |    2.281611E-07
   7.262616E-03    2.466028E-03   -7.777753E-04    8.192726E-05   -1.127452E-05   -3.298153E-07 |    3.298153E-07
max(min|c_i|) =    3.298153E-07

----- EIGENVALUES -----
EIGENVALUE n=0 -3.124999741E-02
EIGENVALUE n=1 -1.999999770E-02
EIGENVALUE n=2 -1.388888718E-02
EIGENVALUE n=3 -1.020403521E-02

ALL_EIGENVALUES: | 5 | 65 |  -3.124999741E-02 | -1.999999770E-02 | -1.388888718E-02 | -1.020403521E-02 |

----- ELEMENTS TO SPLIT -----
0
4


========== ADAPTIVE STEP 6 ==========
Number of elements: 13
Degrees of freedom: 77
Domain: [0, 1.600000000E+02]

0    0.000000E+00    3.333333E+00
  -7.767585E-03   -2.303747E-03    1.098542E-04    9.172968E-05   -1.830897E-05   -1.180885E-02 |    1.830897E-05
  -7.056246E-03   -2.051389E-03    1.286045E-04    8.834620E-05   -1.726528E-05   -1.077466E-02 |    1.726528E-05
   5.950052E-03    1.710559E-03   -1.217845E-04   -7.677266E-05    1.487177E-05    9.107543E-03 |    1.487177E-05
  -4.993167E-03   -1.425651E-03    1.089917E-04    6.557158E-05   -1.264529E-05   -7.654108E-03 |    1.264529E-05
max(min|c_i|) =    1.830897E-05

1    3.333333E+00    6.666667E+00
  -1.180885E-02   -1.224808E-02    1.206481E-03    2.136329E-04   -2.553454E-05    1.012923E-09   -8.211369E-02 |    1.012923E-09
  -1.077466E-02   -9.089322E-03    1.554165E-03    2.112886E-04   -2.755068E-05   -9.536903E-08   -7.080829E-02 |    9.536903E-08
   9.107543E-03    6.763179E-03   -1.504326E-03   -1.821525E-04    2.561373E-05    1.214944E-07    5.801354E-02 |    1.214944E-07
  -7.654108E-03   -5.228474E-03    1.355969E-03    1.538033E-04   -2.279951E-05   -1.202871E-07   -4.783770E-02 |    1.202871E-07
max(min|c_i|) =    1.214944E-07

2    6.666667E+00    1.333333E+01
  -8.211369E-02    2.471479E-02    9.205146E-03   -1.675117E-03   -5.006292E-05    3.622677E-05   -2.481484E-01 |    3.622677E-05
  -7.080829E-02    4.480815E-02    8.505186E-03   -2.236426E-03   -4.392289E-05    4.397100E-05   -1.493189E-01 |    4.392289E-05
   5.801354E-02   -4.452707E-02   -6.239387E-03    2.298041E-03    2.565779E-05   -4.369754E-05    9.722439E-02 |    2.565779E-05
  -4.783770E-02    3.991696E-02    4.543234E-03   -2.145105E-03   -1.074131E-05    4.049003E-05   -6.864877E-02 |    1.074131E-05
max(min|c_i|) =    4.392289E-05

3    1.333333E+01    2.000000E+01
  -2.481484E-01    3.349664E-02   -4.133107E-03   -2.984259E-04    9.081618E-05   -6.279414E-06   -2.372752E-01 |    6.279414E-06
  -1.493189E-01    3.082909E-02   -8.019866E-03   -1.950767E-04    1.320149E-04   -9.054359E-06   -2.214099E-10 |    2.214099E-10
   9.722439E-02   -1.484644E-02    9.292566E-03   -2.104463E-05   -1.433694E-04    1.042454E-05   -4.901696E-02 |    1.042454E-05
  -6.864877E-02    5.359864E-03   -8.856236E-03    1.841840E-04    1.378919E-04   -1.078634E-05    5.597343E-02 |    1.078634E-05
max(min|c_i|) =    1.078634E-05

4    2.000000E+01    2.666667E+01
  -2.372752E-01    2.696810E-03   -2.805514E-03    2.862051E-04   -1.507702E-06   -2.021161E-06   -1.416391E-01 |    1.507702E-06
  -2.214099E-10   -1.898251E-02   -3.475651E-03    5.927039E-04   -1.162655E-05   -3.388322E-06    1.660031E-01 |    2.214099E-10
  -4.901696E-02    3.404821E-02    2.048985E-03   -7.670011E-04    2.538641E-05    3.983072E-06   -1.289112E-01 |    3.983072E-06
   5.597343E-02   -3.455780E-02   -4.222815E-04    7.904857E-04   -3.629293E-05   -3.979844E-06    8.671818E-02 |    3.979844E-06
max(min|c_i|) =    3.983072E-06

5    2.666667E+01    3.333333E+01
  -1.416391E-01   -7.912975E-03   -2.412808E-04    1.257252E-04   -1.131602E-05    3.368174E-07   -6.531291E-02 |    3.368174E-07
   1.660031E-01   -2.433688E-02    1.335324E-03    1.907016E-04   -2.552729E-05    8.601390E-07    2.136618E-01 |    8.601390E-07
  -1.289112E-01    2.413907E-02   -3.430165E-03   -1.377428E-04    3.644603E-05   -1.476560E-06   -5.237185E-02 |    1.476560E-06
   8.671818E-02   -1.349634E-02    4.435389E-03    2.627245E-05   -4.082507E-05    1.998477E-06   -1.253877E-02 |    1.998477E-06
max(min|c_i|) =    1.998477E-06

6    3.333333E+01    4.000000E+01
  -6.531291E-02   -6.346194E-03    4.348097E-04    8.348441E-06   -3.685644E-06    3.025867E-07   -2.557996E-02 |    3.025867E-07
   2.136618E-01   -1.037560E-02    1.819117E-03   -5.991868E-05   -6.592600E-06    7.540918E-07    1.751797E-01 |    7.540918E-07
  -5.237185E-02   -1.733451E-03   -2.666945E-03    1.874953E-04    5.751906E-06   -1.183897E-06    7.693976E-02 |    1.183897E-06
  -1.253877E-02    1.463267E-02    2.256926E-03   -2.932296E-04   -1.542361E-06    1.443379E-06   -1.032721E-01 |    1.443379E-06
max(min|c_i|) =    1.443379E-06

7    4.000000E+01    5.333333E+01
  -2.557996E-02   -8.714236E-03    1.963890E-03   -2.347724E-04    9.564391E-06    1.795566E-06   -2.884075E-03 |    1.795566E-06
   1.751797E-01    8.745701E-03    3.702413E-03   -9.738531E-04    8.504256E-05    1.457096E-06    6.411636E-02 |    1.457096E-06
   7.693976E-02   -5.310276E-02    1.546170E-03    1.541539E-03   -2.212080E-04    4.276332E-06    1.833965E-01 |    4.276332E-06
  -1.032721E-01    5.991058E-02   -1.058716E-02   -1.285357E-03    3.484978E-04   -1.488772E-05   -2.708858E-02 |    1.488772E-05
max(min|c_i|) =    1.488772E-05

8    5.333333E+01    6.666667E+01
  -2.884075E-03   -1.156486E-03    3.229720E-04   -5.645755E-05    6.739965E-06   -5.421648E-07   -2.511877E-04 |    5.421648E-07
   6.411636E-02    1.172141E-02   -1.219029E-03   -3.404461E-05    2.345764E-05   -2.934467E-06    1.522714E-02 |    2.934467E-06
   1.833965E-01   -1.378495E-02    5.105423E-03   -4.037634E-04   -2.379001E-05    6.846964E-06    1.182398E-01 |    6.846964E-06
  -2.708858E-02   -2.011280E-02   -5.835471E-03    1.110672E-03   -1.833604E-05   -9.927178E-06    1.323243E-01 |    9.927178E-06
max(min|c_i|) =    9.927178E-06

9    6.666667E+01    8.000000E+01
  -2.511877E-04   -1.093629E-04    3.358564E-05   -6.685368E-06    9.631461E-07   -1.055886E-07   -1.858123E-05 |    1.055886E-07
   1.522714E-02    3.793081E-03   -6.728933E-04    6.395508E-05   -2.366979E-06   -2.256090E-07    2.820780E-03 |    2.256090E-07
   1.182398E-01    7.295365E-03    6.985991E-04   -2.354142E-04    2.155595E-05   -4.652175E-07    4.856640E-02 |    4.652175E-07
   1.323243E-01   -2.647781E-02    2.512662E-03    2.340601E-04   -5.175515E-05    2.743327E-06    1.563589E-01 |    2.743327E-06
max(min|c_i|) =    2.743327E-06

10    8.000000E+01    1.066667E+02
  -1.858123E-05   -1.446198E-05    8.407679E-06   -3.388423E-06    1.034502E-06   -2.528806E-07   -7.477742E-08 |    7.477742E-08
   2.820780E-03    1.699975E-03   -7.054500E-04    1.881979E-04   -3.502349E-05    4.552439E-06    6.217105E-05 |    4.552439E-06
   4.856640E-02    1.791899E-02   -3.793012E-03    2.315124E-04    6.920887E-05   -2.091645E-05    4.140203E-03 |    2.091645E-05
   1.563589E-01   -1.860979E-04    1.000732E-02   -2.362747E-03    1.375857E-04    3.239040E-05    5.061387E-02 |    3.239040E-05
max(min|c_i|) =    3.239040E-05

11    1.066667E+02    1.333333E+02
  -7.477742E-08   -5.986869E-08    3.634195E-08   -1.548301E-08    5.052635E-09   -1.339184E-09   -2.326018E-10 |    2.326018E-10
   6.217105E-05    4.071057E-05   -1.896442E-05    5.924931E-06   -1.372545E-06    2.486593E-07    9.581461E-07 |    2.486593E-07
   4.140203E-03    1.998825E-03   -6.513368E-04    1.309419E-04   -1.729053E-05    1.356641E-06    2.123346E-04 |    1.356641E-06
   5.061387E-02    1.364375E-02   -1.985473E-03   -2.346446E-05    5.199501E-05   -8.947670E-06    7.262608E-03 |    8.947670E-06
max(min|c_i|) =    8.947670E-06

12    1.333333E+02    1.600000E+02
  -2.326018E-10   -1.886797E-10    1.179290E-10   -5.148851E-11    1.749140E-11   -4.799278E-12 |    4.799278E-12
   9.581461E-07    6.459530E-07   -3.263994E-07    1.065326E-07   -2.764687E-08    5.396972E-09 |    5.396972E-09
   2.123346E-04    1.098157E-04   -4.451186E-05    9.912196E-06   -1.944309E-06    2.281609E-07 |    2.281609E-07
   7.262608E-03    2.466026E-03   -7.777746E-04    8.192724E-05   -1.127452E-05   -3.298138E-07 |    3.298138E-07
max(min|c_i|) =    3.298138E-07

----- EIGENVALUES -----
EIGENVALUE n=0 -3.125000000E-02
EIGENVALUE n=1 -2.000000000E-02
EIGENVALUE n=2 -1.388888888E-02
EIGENVALUE n=3 -1.020403644E-02

ALL_EIGENVALUES: | 6 | 77 |  -3.125000000E-02 | -2.000000000E-02 | -1.388888888E-02 | -1.020403644E-02 |
C0  7.262607750E-03


========== ADAPTIVE STEP 7 ==========
Number of elements: 14
Degrees of freedom: 83
Domain: [0, 1.760000000E+02]

0    0.000000E+00    3.333333E+00
  -7.767585E-03   -2.303747E-03    1.098542E-04    9.172968E-05   -1.830897E-05   -1.180885E-02 |    1.830897E-05
  -7.056246E-03   -2.051389E-03    1.286045E-04    8.834620E-05   -1.726528E-05   -1.077466E-02 |    1.726528E-05
   5.950052E-03    1.710559E-03   -1.217845E-04   -7.677266E-05    1.487177E-05    9.107543E-03 |    1.487177E-05
  -4.992909E-03   -1.425578E-03    1.089860E-04    6.556819E-05   -1.264464E-05   -7.653714E-03 |    1.264464E-05
max(min|c_i|) =    1.830897E-05

1    3.333333E+00    6.666667E+00
  -1.180885E-02   -1.224808E-02    1.206481E-03    2.136329E-04   -2.553454E-05    1.012924E-09   -8.211369E-02 |    1.012924E-09
  -1.077466E-02   -9.089322E-03    1.554165E-03    2.112886E-04   -2.755068E-05   -9.536903E-08   -7.080829E-02 |    9.536903E-08
   9.107543E-03    6.763179E-03   -1.504326E-03   -1.821525E-04    2.561373E-05    1.214944E-07    5.801353E-02 |    1.214944E-07
  -7.653714E-03   -5.228209E-03    1.355898E-03    1.537953E-04   -2.279832E-05   -1.202807E-07   -4.783524E-02 |    1.202807E-07
max(min|c_i|) =    1.214944E-07

2    6.666667E+00    1.333333E+01
  -8.211369E-02    2.471479E-02    9.205146E-03   -1.675117E-03   -5.006292E-05    3.622677E-05   -2.481484E-01 |    3.622677E-05
  -7.080829E-02    4.480815E-02    8.505186E-03   -2.236426E-03   -4.392289E-05    4.397100E-05   -1.493189E-01 |    4.392289E-05
   5.801353E-02   -4.452707E-02   -6.239387E-03    2.298041E-03    2.565779E-05   -4.369754E-05    9.722439E-02 |    2.565779E-05
  -4.783524E-02    3.991488E-02    4.543009E-03   -2.144992E-03   -1.074091E-05    4.048790E-05   -6.864537E-02 |    1.074091E-05
max(min|c_i|) =    4.392289E-05

3    1.333333E+01    2.000000E+01
  -2.481484E-01    3.349664E-02   -4.133107E-03   -2.984259E-04    9.081618E-05   -6.279414E-06   -2.372752E-01 |    6.279414E-06
  -1.493189E-01    3.082909E-02   -8.019866E-03   -1.950767E-04    1.320149E-04   -9.054359E-06   -2.214144E-10 |    2.214144E-10
   9.722439E-02   -1.484644E-02    9.292566E-03   -2.104463E-05   -1.433694E-04    1.042454E-05   -4.901696E-02 |    1.042454E-05
  -6.864537E-02    5.359674E-03   -8.855769E-03    1.841722E-04    1.378846E-04   -1.078576E-05    5.597041E-02 |    1.078576E-05
max(min|c_i|) =    1.078576E-05

4    2.000000E+01    2.666667E+01
  -2.372752E-01    2.696810E-03   -2.805514E-03    2.862051E-04   -1.507702E-06   -2.021161E-06   -1.416391E-01 |    1.507702E-06
  -2.214144E-10   -1.898251E-02   -3.475651E-03    5.927039E-04   -1.162655E-05   -3.388322E-06    1.660031E-01 |    2.214144E-10
  -4.901696E-02    3.404821E-02    2.048985E-03   -7.670011E-04    2.538641E-05    3.983072E-06   -1.289112E-01 |    3.983072E-06
   5.597041E-02   -3.455597E-02   -4.222781E-04    7.904434E-04   -3.629085E-05   -3.979632E-06    8.671400E-02 |    3.979632E-06
max(min|c_i|) =    3.983072E-06

5    2.666667E+01    3.333333E+01
  -1.416391E-01   -7.912975E-03   -2.412808E-04    1.257252E-04   -1.131602E-05    3.368174E-07   -6.531291E-02 |    3.368174E-07
   1.660031E-01   -2.433688E-02    1.335324E-03    1.907016E-04   -2.552729E-05    8.601390E-07    2.136618E-01 |    8.601390E-07
  -1.289112E-01    2.413907E-02   -3.430164E-03   -1.377428E-04    3.644603E-05   -1.476560E-06   -5.237185E-02 |    1.476560E-06
   8.671400E-02   -1.349576E-02    4.435143E-03    2.627268E-05   -4.082284E-05    1.998363E-06   -1.253756E-02 |    1.998363E-06
max(min|c_i|) =    1.998363E-06

6    3.333333E+01    4.000000E+01
  -6.531291E-02   -6.346194E-03    4.348097E-04    8.348441E-06   -3.685644E-06    3.025867E-07   -2.557996E-02 |    3.025867E-07
   2.136618E-01   -1.037560E-02    1.819117E-03   -5.991868E-05   -6.592600E-06    7.540918E-07    1.751797E-01 |    7.540918E-07
  -5.237185E-02   -1.733451E-03   -2.666945E-03    1.874953E-04    5.751906E-06   -1.183897E-06    7.693975E-02 |    1.183897E-06
  -1.253756E-02    1.463177E-02    2.256817E-03   -2.932126E-04   -1.542351E-06    1.443298E-06   -1.032667E-01 |    1.443298E-06
max(min|c_i|) =    1.443298E-06

7    4.000000E+01    5.333333E+01
  -2.557996E-02   -8.714236E-03    1.963890E-03   -2.347724E-04    9.564391E-06    1.795566E-06   -2.884075E-03 |    1.795566E-06
   1.751797E-01    8.745701E-03    3.702413E-03   -9.738531E-04    8.504256E-05    1.457096E-06    6.411636E-02 |    1.457096E-06
   7.693975E-02   -5.310276E-02    1.546170E-03    1.541539E-03   -2.212080E-04    4.276331E-06    1.833964E-01 |    4.276331E-06
  -1.032667E-01    5.990763E-02   -1.058647E-02   -1.285297E-03    3.484775E-04   -1.488674E-05   -2.708870E-02 |    1.488674E-05
max(min|c_i|) =    1.488674E-05

8    5.333333E+01    6.666667E+01
  -2.884075E-03   -1.156486E-03    3.229720E-04   -5.645755E-05    6.739965E-06   -5.421648E-07   -2.511877E-04 |    5.421648E-07
   6.411636E-02    1.172141E-02   -1.219029E-03   -3.404461E-05    2.345764E-05   -2.934467E-06    1.522714E-02 |    2.934467E-06
   1.833964E-01   -1.378495E-02    5.105423E-03   -4.037634E-04   -2.379001E-05    6.846964E-06    1.182398E-01 |    6.846964E-06
  -2.708870E-02   -2.011106E-02   -5.835179E-03    1.110603E-03   -1.833410E-05   -9.926612E-06    1.323168E-01 |    9.926612E-06
max(min|c_i|) =    9.926612E-06

9    6.666667E+01    8.000000E+01
  -2.511877E-04   -1.093629E-04    3.358564E-05   -6.685368E-06    9.631461E-07   -1.055886E-07   -1.858123E-05 |    1.055886E-07
   1.522714E-02    3.793081E-03   -6.728933E-04    6.395508E-05   -2.366979E-06   -2.256090E-07    2.820780E-03 |    2.256090E-07
   1.182398E-01    7.295366E-03    6.985991E-04   -2.354142E-04    2.155595E-05   -4.652174E-07    4.856640E-02 |    4.652174E-07
   1.323168E-01   -2.647608E-02    2.512481E-03    2.340517E-04   -5.175184E-05    2.743139E-06    1.563537E-01 |    2.743139E-06
max(min|c_i|) =    2.743139E-06

10    8.000000E+01    1.066667E+02
  -1.858123E-05   -1.446198E-05    8.407679E-06   -3.388423E-06    1.034502E-06   -2.528806E-07   -7.477742E-08 |    7.477742E-08
   2.820780E-03    1.699975E-03   -7.054500E-04    1.881979E-04   -3.502349E-05    4.552439E-06    6.217106E-05 |    4.552439E-06
   4.856640E-02    1.791900E-02   -3.793009E-03    2.315131E-04    6.920900E-05   -2.091643E-05    4.140223E-03 |    2.091643E-05
   1.563537E-01   -1.840248E-04    1.000749E-02   -2.362456E-03    1.375898E-04    3.239074E-05    5.062622E-02 |    3.239074E-05
max(min|c_i|) =    3.239074E-05

11    1.066667E+02    1.333333E+02
  -7.477742E-08   -5.986869E-08    3.634195E-08   -1.548301E-08    5.052635E-09   -1.339184E-09   -2.326035E-10 |    2.326035E-10
   6.217106E-05    4.071067E-05   -1.896437E-05    5.924948E-06   -1.372540E-06    2.486602E-07    9.582984E-07 |    2.486602E-07
   4.140223E-03    1.998993E-03   -6.512731E-04    1.309586E-04   -1.728718E-05    1.357195E-06    2.126650E-04 |    1.357195E-06
   5.062622E-02    1.366691E-02   -1.978503E-03   -2.213580E-05    5.219785E-05   -8.920778E-06    7.338115E-03 |    8.920778E-06
max(min|c_i|) =    8.920778E-06

12    1.333333E+02    1.600000E+02
  -2.326035E-10   -1.891824E-10    1.176124E-10   -5.163033E-11    1.744215E-11   -4.813335E-12   -6.144706E-13 |    6.144706E-13
   9.582984E-07    6.541120E-07   -3.222528E-07    1.079940E-07   -2.725135E-08    5.484297E-09    1.179802E-08 |    5.484297E-09
   2.126650E-04    1.142267E-04   -4.273457E-05    1.040332E-05   -1.840265E-06    2.461247E-07    7.986148E-06 |    2.461247E-07
   7.338115E-03    2.732275E-03   -6.949720E-04    9.963593E-05   -8.344421E-06    6.741716E-08    6.692276E-04 |    6.741716E-08
max(min|c_i|) =    2.461247E-07

13    1.600000E+02    1.760000E+02
  -6.144706E-13   -3.573101E-13    1.608535E-13   -4.386871E-14    1.006226E-14   -1.622576E-15 |    1.622576E-15
   1.179802E-08    5.081531E-09   -1.910684E-09    3.621254E-10   -6.808249E-11    7.539023E-12 |    7.539023E-12
   7.986148E-06    2.387935E-06   -7.782101E-07    9.483726E-08   -1.540078E-08    9.858169E-10 |    9.858169E-10
   6.692276E-04    1.256346E-04   -3.623285E-05    2.260392E-06   -3.521318E-07    4.372915E-09 |    4.372915E-09
max(min|c_i|) =    4.372915E-09

----- EIGENVALUES -----
EIGENVALUE n=0 -3.125000000E-02
EIGENVALUE n=1 -2.000000000E-02
EIGENVALUE n=2 -1.388888888E-02
EIGENVALUE n=3 -1.020407941E-02

ALL_EIGENVALUES: | 7 | 83 |  -3.125000000E-02 | -2.000000000E-02 | -1.388888888E-02 | -1.020407941E-02 |
C0  6.692275998E-04


========== ADAPTIVE STEP 8 ==========
Number of elements: 15
Degrees of freedom: 89
Domain: [0, 1.936000000E+02]

0    0.000000E+00    3.333333E+00
   7.767585E-03    2.303747E-03   -1.098542E-04   -9.172968E-05    1.830897E-05    1.180885E-02 |    1.830897E-05
  -7.056246E-03   -2.051389E-03    1.286045E-04    8.834620E-05   -1.726528E-05   -1.077466E-02 |    1.726528E-05
  -5.950052E-03   -1.710559E-03    1.217845E-04    7.677266E-05   -1.487177E-05   -9.107543E-03 |    1.487177E-05
  -4.992895E-03   -1.425573E-03    1.089857E-04    6.556799E-05   -1.264460E-05   -7.653691E-03 |    1.264460E-05
max(min|c_i|) =    1.830897E-05

1    3.333333E+00    6.666667E+00
   1.180885E-02    1.224808E-02   -1.206481E-03   -2.136329E-04    2.553454E-05   -1.012921E-09    8.211369E-02 |    1.012921E-09
  -1.077466E-02   -9.089322E-03    1.554165E-03    2.112886E-04   -2.755068E-05   -9.536903E-08   -7.080829E-02 |    9.536903E-08
  -9.107543E-03   -6.763179E-03    1.504326E-03    1.821525E-04   -2.561373E-05   -1.214944E-07   -5.801353E-02 |    1.214944E-07
  -7.653691E-03   -5.228194E-03    1.355894E-03    1.537949E-04   -2.279825E-05   -1.202804E-07   -4.783510E-02 |    1.202804E-07
max(min|c_i|) =    1.214944E-07

2    6.666667E+00    1.333333E+01
   8.211369E-02   -2.471479E-02   -9.205146E-03    1.675117E-03    5.006292E-05   -3.622677E-05    2.481484E-01 |    3.622677E-05
  -7.080829E-02    4.480815E-02    8.505186E-03   -2.236426E-03   -4.392289E-05    4.397100E-05   -1.493189E-01 |    4.392289E-05
  -5.801353E-02    4.452707E-02    6.239387E-03   -2.298041E-03   -2.565779E-05    4.369754E-05   -9.722439E-02 |    2.565779E-05
  -4.783510E-02    3.991476E-02    4.542996E-03   -2.144985E-03   -1.074088E-05    4.048777E-05   -6.864518E-02 |    1.074088E-05
max(min|c_i|) =    4.392289E-05

3    1.333333E+01    2.000000E+01
   2.481484E-01   -3.349664E-02    4.133107E-03    2.984259E-04   -9.081618E-05    6.279414E-06    2.372752E-01 |    6.279414E-06
  -1.493189E-01    3.082909E-02   -8.019866E-03   -1.950767E-04    1.320149E-04   -9.054359E-06   -2.214131E-10 |    2.214131E-10
  -9.722439E-02    1.484644E-02   -9.292566E-03    2.104463E-05    1.433694E-04   -1.042454E-05    4.901696E-02 |    1.042454E-05
  -6.864518E-02    5.359663E-03   -8.855742E-03    1.841715E-04    1.378842E-04   -1.078572E-05    5.597023E-02 |    1.078572E-05
max(min|c_i|) =    1.078572E-05

4    2.000000E+01    2.666667E+01
   2.372752E-01   -2.696810E-03    2.805514E-03   -2.862051E-04    1.507702E-06    2.021161E-06    1.416391E-01 |    1.507702E-06
  -2.214131E-10   -1.898251E-02   -3.475651E-03    5.927039E-04   -1.162655E-05   -3.388322E-06    1.660031E-01 |    2.214131E-10
   4.901696E-02   -3.404821E-02   -2.048985E-03    7.670011E-04   -2.538641E-05   -3.983072E-06    1.289112E-01 |    3.983072E-06
   5.597023E-02   -3.455587E-02   -4.222778E-04    7.904410E-04   -3.629073E-05   -3.979620E-06    8.671375E-02 |    3.979620E-06
max(min|c_i|) =    3.983072E-06

5    2.666667E+01    3.333333E+01
   1.416391E-01    7.912975E-03    2.412808E-04   -1.257252E-04    1.131602E-05   -3.368174E-07    6.531291E-02 |    3.368174E-07
   1.660031E-01   -2.433688E-02    1.335324E-03    1.907016E-04   -2.552729E-05    8.601390E-07    2.136618E-01 |    8.601390E-07
   1.289112E-01   -2.413907E-02    3.430164E-03    1.377428E-04   -3.644603E-05    1.476560E-06    5.237185E-02 |    1.476560E-06
   8.671375E-02   -1.349572E-02    4.435129E-03    2.627268E-05   -4.082271E-05    1.998356E-06   -1.253749E-02 |    1.998356E-06
max(min|c_i|) =    1.998356E-06

6    3.333333E+01    4.000000E+01
   6.531291E-02    6.346194E-03   -4.348097E-04   -8.348441E-06    3.685644E-06   -3.025867E-07    2.557996E-02 |    3.025867E-07
   2.136618E-01   -1.037560E-02    1.819117E-03   -5.991868E-05   -6.592600E-06    7.540918E-07    1.751797E-01 |    7.540918E-07
   5.237185E-02    1.733451E-03    2.666945E-03   -1.874953E-04   -5.751906E-06    1.183897E-06   -7.693975E-02 |    1.183897E-06
  -1.253749E-02    1.463172E-02    2.256810E-03   -2.932117E-04   -1.542350E-06    1.443294E-06   -1.032664E-01 |    1.443294E-06
max(min|c_i|) =    1.443294E-06

7    4.000000E+01    5.333333E+01
   2.557996E-02    8.714236E-03   -1.963890E-03    2.347724E-04   -9.564391E-06   -1.795566E-06    2.884075E-03 |    1.795566E-06
   1.751797E-01    8.745701E-03    3.702413E-03   -9.738531E-04    8.504256E-05    1.457096E-06    6.411636E-02 |    1.457096E-06
  -7.693975E-02    5.310276E-02   -1.546170E-03   -1.541539E-03    2.212080E-04   -4.276331E-06   -1.833964E-01 |    4.276331E-06
  -1.032664E-01    5.990746E-02   -1.058643E-02   -1.285293E-03    3.484763E-04   -1.488668E-05   -2.708869E-02 |    1.488668E-05
max(min|c_i|) =    1.488668E-05

8    5.333333E+01    6.666667E+01
   2.884075E-03    1.156486E-03   -3.229720E-04    5.645755E-05   -6.739965E-06    5.421648E-07    2.511877E-04 |    5.421648E-07
   6.411636E-02    1.172141E-02   -1.219029E-03   -3.404461E-05    2.345764E-05   -2.934467E-06    1.522714E-02 |    2.934467E-06
  -1.833964E-01    1.378495E-02   -5.105423E-03    4.037634E-04    2.379001E-05   -6.846964E-06   -1.182398E-01 |    6.846964E-06
  -2.708869E-02   -2.011096E-02   -5.835163E-03    1.110599E-03   -1.833399E-05   -9.926580E-06    1.323164E-01 |    9.926580E-06
max(min|c_i|) =    9.926580E-06

9    6.666667E+01    8.000000E+01
   2.511877E-04    1.093629E-04   -3.358564E-05    6.685368E-06   -9.631461E-07    1.055886E-07    1.858123E-05 |    1.055886E-07
   1.522714E-02    3.793081E-03   -6.728933E-04    6.395508E-05   -2.366979E-06   -2.256090E-07    2.820780E-03 |    2.256090E-07
  -1.182398E-01   -7.295366E-03   -6.985991E-04    2.354142E-04   -2.155595E-05    4.652174E-07   -4.856640E-02 |    4.652174E-07
   1.323164E-01   -2.647598E-02    2.512471E-03    2.340512E-04   -5.175166E-05    2.743129E-06    1.563534E-01 |    2.743129E-06
max(min|c_i|) =    2.743129E-06

10    8.000000E+01    1.066667E+02
   1.858123E-05    1.446198E-05   -8.407679E-06    3.388423E-06   -1.034502E-06    2.528806E-07    7.477742E-08 |    7.477742E-08
   2.820780E-03    1.699975E-03   -7.054500E-04    1.881979E-04   -3.502349E-05    4.552439E-06    6.217106E-05 |    4.552439E-06
  -4.856640E-02   -1.791900E-02    3.793009E-03   -2.315131E-04   -6.920900E-05    2.091643E-05   -4.140224E-03 |    2.091643E-05
   1.563534E-01   -1.839210E-04    1.000749E-02   -2.362441E-03    1.375900E-04    3.239075E-05    5.062682E-02 |    3.239075E-05
max(min|c_i|) =    3.239075E-05

11    1.066667E+02    1.333333E+02
   7.477742E-08    5.986869E-08   -3.634195E-08    1.548301E-08   -5.052635E-09    1.339184E-09    2.326035E-10 |    2.326035E-10
   6.217106E-05    4.071068E-05   -1.896437E-05    5.924949E-06   -1.372540E-06    2.486603E-07    9.582991E-07 |    2.486603E-07
  -4.140224E-03   -1.998996E-03    6.512720E-04   -1.309589E-04    1.728712E-05   -1.357205E-06   -2.126706E-04 |    1.357205E-06
   5.062682E-02    1.366807E-02   -1.978153E-03   -2.206932E-05    5.220797E-05   -8.919429E-06    7.341890E-03 |    8.919429E-06
max(min|c_i|) =    8.919429E-06

12    1.333333E+02    1.600000E+02
   2.326035E-10    1.891828E-10   -1.176122E-10    5.163041E-11   -1.744207E-11    4.813403E-12    6.149464E-13 |    6.149464E-13
   9.582991E-07    6.541488E-07   -3.222341E-07    1.080006E-07   -2.724956E-08    5.484692E-09    1.185128E-08 |    5.484692E-09
  -2.126706E-04   -1.143017E-04    4.270436E-05   -1.041167E-05    1.838496E-06   -2.464301E-07   -8.121888E-06 |    2.464301E-07
   7.341890E-03    2.745594E-03   -6.908294E-04    1.005218E-04   -8.197834E-06    8.728931E-08    7.027059E-04 |    8.728931E-08
max(min|c_i|) =    2.464301E-07

13    1.600000E+02    1.760000E+02
   6.149464E-13    3.672383E-13   -1.566248E-13    4.522230E-14   -9.884381E-15    1.669356E-15    1.652695E-14 |    1.669356E-15
   1.185128E-08    5.445341E-09   -1.788665E-09    3.896547E-10   -6.338338E-11    8.186024E-12    7.862616E-10 |    8.186024E-12
  -8.121888E-06   -2.739615E-06    6.860224E-07   -1.110560E-07    1.323838E-08   -1.218811E-09   -1.027993E-06 |    1.218811E-09
   7.027059E-04    1.600791E-04   -2.924911E-05    3.217630E-06   -2.519544E-07    1.290071E-08    1.466409E-04 |    1.290071E-08
max(min|c_i|) =    1.290071E-08

14    1.760000E+02    1.936000E+02
   1.652695E-14    1.052675E-14   -5.042010E-15    1.603677E-15   -4.592964E-16    1.100884E-16 |    1.100884E-16
   7.862616E-10    3.840579E-10   -1.542051E-10    3.393229E-11   -6.859314E-12    8.952380E-13 |    8.952380E-13
  -1.027993E-06   -3.649975E-07    1.261199E-07   -1.889583E-08    3.244148E-09   -2.702479E-10 |    2.702479E-10
   1.466409E-04    3.491702E-05   -1.062704E-05    9.445714E-07   -1.465447E-07    5.306089E-09 |    5.306089E-09
max(min|c_i|) =    5.306089E-09

----- EIGENVALUES -----
EIGENVALUE n=0 -3.125000000E-02
EIGENVALUE n=1 -2.000000000E-02
EIGENVALUE n=2 -1.388888888E-02
EIGENVALUE n=3 -1.020408156E-02

ALL_EIGENVALUES: | 8 | 89 |  -3.125000000E-02 | -2.000000000E-02 | -1.388888888E-02 | -1.020408156E-02 |
C0  1.466409003E-04


========== ADAPTIVE STEP 9 ==========
Number of elements: 16
Degrees of freedom: 95
Domain: [0, 2.129600000E+02]

0    0.000000E+00    3.333333E+00
   7.767585E-03    2.303747E-03   -1.098542E-04   -9.172968E-05    1.830897E-05    1.180885E-02 |    1.830897E-05
   7.056246E-03    2.051389E-03   -1.286045E-04   -8.834620E-05    1.726528E-05    1.077466E-02 |    1.726528E-05
  -5.950052E-03   -1.710559E-03    1.217845E-04    7.677266E-05   -1.487177E-05   -9.107543E-03 |    1.487177E-05
  -4.992894E-03   -1.425573E-03    1.089857E-04    6.556799E-05   -1.264460E-05   -7.653690E-03 |    1.264460E-05
max(min|c_i|) =    1.830897E-05

1    3.333333E+00    6.666667E+00
   1.180885E-02    1.224808E-02   -1.206481E-03   -2.136329E-04    2.553454E-05   -1.012922E-09    8.211369E-02 |    1.012922E-09
   1.077466E-02    9.089322E-03   -1.554165E-03   -2.112886E-04    2.755068E-05    9.536903E-08    7.080829E-02 |    9.536903E-08
  -9.107543E-03   -6.763179E-03    1.504326E-03    1.821525E-04   -2.561373E-05   -1.214944E-07   -5.801353E-02 |    1.214944E-07
  -7.653690E-03   -5.228194E-03    1.355893E-03    1.537949E-04   -2.279825E-05   -1.202804E-07   -4.783510E-02 |    1.202804E-07
max(min|c_i|) =    1.214944E-07

2    6.666667E+00    1.333333E+01
   8.211369E-02   -2.471479E-02   -9.205146E-03    1.675117E-03    5.006292E-05   -3.622677E-05    2.481484E-01 |    3.622677E-05
   7.080829E-02   -4.480815E-02   -8.505186E-03    2.236426E-03    4.392289E-05   -4.397100E-05    1.493189E-01 |    4.392289E-05
  -5.801353E-02    4.452707E-02    6.239387E-03   -2.298041E-03   -2.565779E-05    4.369754E-05   -9.722439E-02 |    2.565779E-05
  -4.783510E-02    3.991476E-02    4.542995E-03   -2.144985E-03   -1.074088E-05    4.048777E-05   -6.864517E-02 |    1.074088E-05
max(min|c_i|) =    4.392289E-05

3    1.333333E+01    2.000000E+01
   2.481484E-01   -3.349664E-02    4.133107E-03    2.984259E-04   -9.081618E-05    6.279414E-06    2.372752E-01 |    6.279414E-06
   1.493189E-01   -3.082909E-02    8.019866E-03    1.950767E-04   -1.320149E-04    9.054359E-06    2.213561E-10 |    2.213561E-10
  -9.722439E-02    1.484644E-02   -9.292566E-03    2.104463E-05    1.433694E-04   -1.042454E-05    4.901696E-02 |    1.042454E-05
  -6.864517E-02    5.359662E-03   -8.855742E-03    1.841715E-04    1.378841E-04   -1.078572E-05    5.597023E-02 |    1.078572E-05
max(min|c_i|) =    1.078572E-05

4    2.000000E+01    2.666667E+01
   2.372752E-01   -2.696810E-03    2.805514E-03   -2.862051E-04    1.507702E-06    2.021161E-06    1.416391E-01 |    1.507702E-06
   2.213561E-10    1.898251E-02    3.475651E-03   -5.927039E-04    1.162655E-05    3.388322E-06   -1.660031E-01 |    2.213561E-10
   4.901696E-02   -3.404821E-02   -2.048985E-03    7.670011E-04   -2.538641E-05   -3.983072E-06    1.289112E-01 |    3.983072E-06
   5.597023E-02   -3.455586E-02   -4.222778E-04    7.904409E-04   -3.629073E-05   -3.979619E-06    8.671374E-02 |    3.979619E-06
max(min|c_i|) =    3.983072E-06

5    2.666667E+01    3.333333E+01
   1.416391E-01    7.912975E-03    2.412808E-04   -1.257252E-04    1.131602E-05   -3.368174E-07    6.531291E-02 |    3.368174E-07
  -1.660031E-01    2.433688E-02   -1.335324E-03   -1.907016E-04    2.552729E-05   -8.601390E-07   -2.136618E-01 |    8.601390E-07
   1.289112E-01   -2.413907E-02    3.430164E-03    1.377428E-04   -3.644603E-05    1.476560E-06    5.237185E-02 |    1.476560E-06
   8.671374E-02   -1.349572E-02    4.435129E-03    2.627268E-05   -4.082271E-05    1.998356E-06   -1.253749E-02 |    1.998356E-06
max(min|c_i|) =    1.998356E-06

6    3.333333E+01    4.000000E+01
   6.531291E-02    6.346194E-03   -4.348097E-04   -8.348441E-06    3.685644E-06   -3.025867E-07    2.557996E-02 |    3.025867E-07
  -2.136618E-01    1.037560E-02   -1.819117E-03    5.991868E-05    6.592600E-06   -7.540918E-07   -1.751797E-01 |    7.540918E-07
   5.237185E-02    1.733451E-03    2.666945E-03   -1.874953E-04   -5.751906E-06    1.183897E-06   -7.693975E-02 |    1.183897E-06
  -1.253749E-02    1.463172E-02    2.256810E-03   -2.932116E-04   -1.542350E-06    1.443293E-06   -1.032664E-01 |    1.443293E-06
max(min|c_i|) =    1.443293E-06

7    4.000000E+01    5.333333E+01
   2.557996E-02    8.714236E-03   -1.963890E-03    2.347724E-04   -9.564391E-06   -1.795566E-06    2.884075E-03 |    1.795566E-06
  -1.751797E-01   -8.745701E-03   -3.702413E-03    9.738531E-04   -8.504256E-05   -1.457096E-06   -6.411636E-02 |    1.457096E-06
  -7.693975E-02    5.310276E-02   -1.546170E-03   -1.541539E-03    2.212080E-04   -4.276331E-06   -1.833964E-01 |    4.276331E-06
  -1.032664E-01    5.990745E-02   -1.058643E-02   -1.285293E-03    3.484763E-04   -1.488668E-05   -2.708869E-02 |    1.488668E-05
max(min|c_i|) =    1.488668E-05

8    5.333333E+01    6.666667E+01
   2.884075E-03    1.156486E-03   -3.229720E-04    5.645755E-05   -6.739965E-06    5.421648E-07    2.511877E-04 |    5.421648E-07
  -6.411636E-02   -1.172141E-02    1.219029E-03    3.404461E-05   -2.345764E-05    2.934467E-06   -1.522714E-02 |    2.934467E-06
  -1.833964E-01    1.378495E-02   -5.105423E-03    4.037634E-04    2.379001E-05   -6.846964E-06   -1.182398E-01 |    6.846964E-06
  -2.708869E-02   -2.011096E-02   -5.835162E-03    1.110599E-03   -1.833399E-05   -9.926579E-06    1.323163E-01 |    9.926579E-06
max(min|c_i|) =    9.926579E-06

9    6.666667E+01    8.000000E+01
   2.511877E-04    1.093629E-04   -3.358564E-05    6.685368E-06   -9.631461E-07    1.055886E-07    1.858123E-05 |    1.055886E-07
  -1.522714E-02   -3.793081E-03    6.728933E-04   -6.395508E-05    2.366979E-06    2.256090E-07   -2.820780E-03 |    2.256090E-07
  -1.182398E-01   -7.295366E-03   -6.985991E-04    2.354142E-04   -2.155595E-05    4.652174E-07   -4.856640E-02 |    4.652174E-07
   1.323163E-01   -2.647598E-02    2.512471E-03    2.340512E-04   -5.175165E-05    2.743129E-06    1.563533E-01 |    2.743129E-06
max(min|c_i|) =    2.743129E-06

10    8.000000E+01    1.066667E+02
   1.858123E-05    1.446198E-05   -8.407679E-06    3.388423E-06   -1.034502E-06    2.528806E-07    7.477742E-08 |    7.477742E-08
  -2.820780E-03   -1.699975E-03    7.054500E-04   -1.881979E-04    3.502349E-05   -4.552439E-06   -6.217106E-05 |    4.552439E-06
  -4.856640E-02   -1.791900E-02    3.793009E-03   -2.315131E-04   -6.920900E-05    2.091643E-05   -4.140224E-03 |    2.091643E-05
   1.563533E-01   -1.839178E-04    1.000749E-02   -2.362441E-03    1.375900E-04    3.239075E-05    5.062683E-02 |    3.239075E-05
max(min|c_i|) =    3.239075E-05

11    1.066667E+02    1.333333E+02
   7.477742E-08    5.986869E-08   -3.634195E-08    1.548301E-08   -5.052635E-09    1.339184E-09    2.326035E-10 |    2.326035E-10
  -6.217106E-05   -4.071068E-05    1.896437E-05   -5.924949E-06    1.372540E-06   -2.486603E-07   -9.582991E-07 |    2.486603E-07
  -4.140224E-03   -1.998996E-03    6.512720E-04   -1.309589E-04    1.728712E-05   -1.357205E-06   -2.126707E-04 |    1.357205E-06
   5.062683E-02    1.366810E-02   -1.978143E-03   -2.206730E-05    5.220828E-05   -8.919388E-06    7.342005E-03 |    8.919388E-06
max(min|c_i|) =    8.919388E-06

12    1.333333E+02    1.600000E+02
   2.326035E-10    1.891828E-10   -1.176121E-10    5.163043E-11   -1.744209E-11    4.813359E-12    6.149088E-13 |    6.149088E-13
  -9.582991E-07   -6.541489E-07    3.222340E-07   -1.080006E-07    2.724955E-08   -5.484692E-09   -1.185141E-08 |    5.484692E-09
  -2.126707E-04   -1.143024E-04    4.270406E-05   -1.041175E-05    1.838479E-06   -2.464331E-07   -8.123220E-06 |    2.464331E-07
   7.342005E-03    2.746000E-03   -6.907031E-04    1.005488E-04   -8.193364E-06    8.789534E-08    7.037268E-04 |    8.789534E-08
max(min|c_i|) =    2.464331E-07

13    1.600000E+02    1.760000E+02
   6.149088E-13    3.671673E-13   -1.566601E-13    4.503811E-14   -9.846908E-15    1.699314E-15    1.645097E-14 |    1.699314E-15
  -1.185141E-08   -5.446202E-09    1.788377E-09   -3.897192E-10    6.337205E-11   -8.187958E-12   -7.881224E-10 |    8.187958E-12
  -8.123220E-06   -2.743067E-06    6.851174E-07   -1.112152E-07    1.321715E-08   -1.221099E-09   -1.038085E-06 |    1.221099E-09
   7.037268E-04    1.611296E-04   -2.903613E-05    3.246822E-06   -2.488993E-07    1.316078E-08    1.511129E-04 |    1.316078E-08
max(min|c_i|) =    1.316078E-08

14    1.760000E+02    1.936000E+02
   1.645097E-14    1.064492E-14   -4.986649E-15    1.545875E-15   -4.295839E-16    4.020116E-17    2.993572E-16 |    4.020116E-17
  -7.881224E-10   -4.036146E-10    1.469645E-10   -3.574234E-11    6.516381E-12   -9.470343E-13   -3.796365E-11 |    9.470343E-13
  -1.038085E-06   -4.046850E-07    1.144824E-07   -2.118799E-08    2.902203E-09   -3.114390E-10   -1.006584E-07 |    3.114390E-10
   1.511129E-04    4.207925E-05   -8.975817E-06    1.201095E-06   -1.162127E-07    8.215858E-09    2.514107E-05 |    8.215858E-09
max(min|c_i|) =    8.215858E-09

15    1.936000E+02    2.129600E+02
   2.993572E-16    1.741928E-16   -1.219371E-16    2.799260E-17   -2.279917E-17   -2.267456E-17 |    2.267456E-17
  -3.796365E-11   -2.073387E-11    8.920929E-12   -2.248747E-12    4.914581E-13   -7.421612E-14 |    7.421612E-14
  -1.006584E-07   -4.164240E-08    1.533102E-08   -2.754538E-09    5.053119E-10   -5.217398E-11 |    5.217398E-11
   2.514107E-05    7.374377E-06   -2.378329E-06    2.782627E-07   -4.477181E-08    2.603600E-09 |    2.603600E-09
max(min|c_i|) =    2.603600E-09

----- EIGENVALUES -----
EIGENVALUE n=0 -3.125000000E-02
EIGENVALUE n=1 -2.000000000E-02
EIGENVALUE n=2 -1.388888888E-02
EIGENVALUE n=3 -1.020408163E-02

ALL_EIGENVALUES: | 9 | 95 |  -3.125000000E-02 | -2.000000000E-02 | -1.388888888E-02 | -1.020408163E-02 |
C0  2.514106827E-05


========== ADAPTIVE STEP 10 ==========
Number of elements: 17
Degrees of freedom: 101
Domain: [0, 2.342560000E+02]

0    0.000000E+00    3.333333E+00
   7.767585E-03    2.303747E-03   -1.098542E-04   -9.172968E-05    1.830897E-05    1.180885E-02 |    1.830897E-05
   7.056246E-03    2.051389E-03   -1.286045E-04   -8.834620E-05    1.726528E-05    1.077466E-02 |    1.726528E-05
   5.950052E-03    1.710559E-03   -1.217845E-04   -7.677266E-05    1.487177E-05    9.107543E-03 |    1.487177E-05
  -4.992894E-03   -1.425573E-03    1.089857E-04    6.556799E-05   -1.264460E-05   -7.653690E-03 |    1.264460E-05
max(min|c_i|) =    1.830897E-05

1    3.333333E+00    6.666667E+00
   1.180885E-02    1.224808E-02   -1.206481E-03   -2.136329E-04    2.553454E-05   -1.012921E-09    8.211369E-02 |    1.012921E-09
   1.077466E-02    9.089322E-03   -1.554165E-03   -2.112886E-04    2.755068E-05    9.536903E-08    7.080829E-02 |    9.536903E-08
   9.107543E-03    6.763179E-03   -1.504326E-03   -1.821525E-04    2.561373E-05    1.214944E-07    5.801353E-02 |    1.214944E-07
  -7.653690E-03   -5.228194E-03    1.355893E-03    1.537949E-04   -2.279825E-05   -1.202804E-07   -4.783510E-02 |    1.202804E-07
max(min|c_i|) =    1.214944E-07

2    6.666667E+00    1.333333E+01
   8.211369E-02   -2.471479E-02   -9.205146E-03    1.675117E-03    5.006292E-05   -3.622677E-05    2.481484E-01 |    3.622677E-05
   7.080829E-02   -4.480815E-02   -8.505186E-03    2.236426E-03    4.392289E-05   -4.397100E-05    1.493189E-01 |    4.392289E-05
   5.801353E-02   -4.452707E-02   -6.239387E-03    2.298041E-03    2.565779E-05   -4.369754E-05    9.722439E-02 |    2.565779E-05
  -4.783510E-02    3.991476E-02    4.542995E-03   -2.144985E-03   -1.074088E-05    4.048777E-05   -6.864517E-02 |    1.074088E-05
max(min|c_i|) =    4.392289E-05

3    1.333333E+01    2.000000E+01
   2.481484E-01   -3.349664E-02    4.133107E-03    2.984259E-04   -9.081618E-05    6.279414E-06    2.372752E-01 |    6.279414E-06
   1.493189E-01   -3.082909E-02    8.019866E-03    1.950767E-04   -1.320149E-04    9.054359E-06    2.214027E-10 |    2.214027E-10
   9.722439E-02   -1.484644E-02    9.292566E-03   -2.104463E-05   -1.433694E-04    1.042454E-05   -4.901696E-02 |    1.042454E-05
  -6.864517E-02    5.359662E-03   -8.855742E-03    1.841715E-04    1.378841E-04   -1.078572E-05    5.597023E-02 |    1.078572E-05
max(min|c_i|) =    1.078572E-05

4    2.000000E+01    2.666667E+01
   2.372752E-01   -2.696810E-03    2.805514E-03   -2.862051E-04    1.507702E-06    2.021161E-06    1.416391E-01 |    1.507702E-06
   2.214027E-10    1.898251E-02    3.475651E-03   -5.927039E-04    1.162655E-05    3.388322E-06   -1.660031E-01 |    2.214027E-10
  -4.901696E-02    3.404821E-02    2.048985E-03   -7.670011E-04    2.538641E-05    3.983072E-06   -1.289112E-01 |    3.983072E-06
   5.597023E-02   -3.455586E-02   -4.222778E-04    7.904409E-04   -3.629073E-05   -3.979619E-06    8.671374E-02 |    3.979619E-06
max(min|c_i|) =    3.983072E-06

5    2.666667E+01    3.333333E+01
   1.416391E-01    7.912975E-03    2.412808E-04   -1.257252E-04    1.131602E-05   -3.368174E-07    6.531291E-02 |    3.368174E-07
  -1.660031E-01    2.433688E-02   -1.335324E-03   -1.907016E-04    2.552729E-05   -8.601390E-07   -2.136618E-01 |    8.601390E-07
  -1.289112E-01    2.413907E-02   -3.430164E-03   -1.377428E-04    3.644603E-05   -1.476560E-06   -5.237185E-02 |    1.476560E-06
   8.671374E-02   -1.349572E-02    4.435129E-03    2.627268E-05   -4.082271E-05    1.998356E-06   -1.253749E-02 |    1.998356E-06
max(min|c_i|) =    1.998356E-06

6    3.333333E+01    4.000000E+01
   6.531291E-02    6.346194E-03   -4.348097E-04   -8.348441E-06    3.685644E-06   -3.025867E-07    2.557996E-02 |    3.025867E-07
  -2.136618E-01    1.037560E-02   -1.819117E-03    5.991868E-05    6.592600E-06   -7.540918E-07   -1.751797E-01 |    7.540918E-07
  -5.237185E-02   -1.733451E-03   -2.666945E-03    1.874953E-04    5.751906E-06   -1.183897E-06    7.693975E-02 |    1.183897E-06
  -1.253749E-02    1.463172E-02    2.256810E-03   -2.932116E-04   -1.542350E-06    1.443293E-06   -1.032664E-01 |    1.443293E-06
max(min|c_i|) =    1.443293E-06

7    4.000000E+01    5.333333E+01
   2.557996E-02    8.714236E-03   -1.963890E-03    2.347724E-04   -9.564391E-06   -1.795566E-06    2.884075E-03 |    1.795566E-06
  -1.751797E-01   -8.745701E-03   -3.702413E-03    9.738531E-04   -8.504256E-05   -1.457096E-06   -6.411636E-02 |    1.457096E-06
   7.693975E-02   -5.310276E-02    1.546170E-03    1.541539E-03   -2.212080E-04    4.276331E-06    1.833964E-01 |    4.276331E-06
  -1.032664E-01    5.990745E-02   -1.058643E-02   -1.285293E-03    3.484763E-04   -1.488668E-05   -2.708869E-02 |    1.488668E-05
max(min|c_i|) =    1.488668E-05

8    5.333333E+01    6.666667E+01
   2.884075E-03    1.156486E-03   -3.229720E-04    5.645755E-05   -6.739965E-06    5.421648E-07    2.511877E-04 |    5.421648E-07
  -6.411636E-02   -1.172141E-02    1.219029E-03    3.404461E-05   -2.345764E-05    2.934467E-06   -1.522714E-02 |    2.934467E-06
   1.833964E-01   -1.378495E-02    5.105423E-03   -4.037634E-04   -2.379001E-05    6.846964E-06    1.182398E-01 |    6.846964E-06
  -2.708869E-02   -2.011096E-02   -5.835162E-03    1.110599E-03   -1.833399E-05   -9.926579E-06    1.323163E-01 |    9.926579E-06
max(min|c_i|) =    9.926579E-06

9    6.666667E+01    8.000000E+01
   2.511877E-04    1.093629E-04   -3.358564E-05    6.685368E-06   -9.631461E-07    1.055886E-07    1.858123E-05 |    1.055886E-07
  -1.522714E-02   -3.793081E-03    6.728933E-04   -6.395508E-05    2.366979E-06    2.256090E-07   -2.820780E-03 |    2.256090E-07
   1.182398E-01    7.295366E-03    6.985991E-04   -2.354142E-04    2.155595E-05   -4.652174E-07    4.856640E-02 |    4.652174E-07
   1.323163E-01   -2.647598E-02    2.512471E-03    2.340512E-04   -5.175165E-05    2.743129E-06    1.563533E-01 |    2.743129E-06
max(min|c_i|) =    2.743129E-06

10    8.000000E+01    1.066667E+02
   1.858123E-05    1.446198E-05   -8.407679E-06    3.388423E-06   -1.034502E-06    2.528806E-07    7.477742E-08 |    7.477742E-08
  -2.820780E-03   -1.699975E-03    7.054500E-04   -1.881979E-04    3.502349E-05   -4.552439E-06   -6.217106E-05 |    4.552439E-06
   4.856640E-02    1.791900E-02   -3.793009E-03    2.315131E-04    6.920900E-05   -2.091643E-05    4.140224E-03 |    2.091643E-05
   1.563533E-01   -1.839178E-04    1.000749E-02   -2.362441E-03    1.375900E-04    3.239075E-05    5.062683E-02 |    3.239075E-05
max(min|c_i|) =    3.239075E-05

11    1.066667E+02    1.333333E+02
   7.477742E-08    5.986869E-08   -3.634195E-08    1.548301E-08   -5.052635E-09    1.339184E-09    2.326035E-10 |    2.326035E-10
  -6.217106E-05   -4.071068E-05    1.896437E-05   -5.924949E-06    1.372540E-06   -2.486603E-07   -9.582991E-07 |    2.486603E-07
   4.140224E-03    1.998996E-03   -6.512720E-04    1.309589E-04   -1.728712E-05    1.357205E-06    2.126707E-04 |    1.357205E-06
   5.062683E-02    1.366810E-02   -1.978143E-03   -2.206726E-05    5.220829E-05   -8.919387E-06    7.342007E-03 |    8.919387E-06
max(min|c_i|) =    8.919387E-06

12    1.333333E+02    1.600000E+02
   2.326035E-10    1.891828E-10   -1.176122E-10    5.163047E-11   -1.744207E-11    4.813393E-12    6.149312E-13 |    6.149312E-13
  -9.582991E-07   -6.541489E-07    3.222340E-07   -1.080006E-07    2.724955E-08   -5.484692E-09   -1.185141E-08 |    5.484692E-09
   2.126707E-04    1.143024E-04   -4.270406E-05    1.041175E-05   -1.838479E-06    2.464331E-07    8.123227E-06 |    2.464331E-07
   7.342007E-03    2.746007E-03   -6.907008E-04    1.005493E-04   -8.193284E-06    8.790619E-08    7.037451E-04 |    8.790619E-08
max(min|c_i|) =    2.464331E-07

13    1.600000E+02    1.760000E+02
   6.149312E-13    3.671472E-13   -1.566283E-13    4.526135E-14   -9.845065E-15    1.834711E-15    1.651421E-14 |    1.834711E-15
  -1.185141E-08   -5.446203E-09    1.788376E-09   -3.897197E-10    6.337205E-11   -8.188088E-12   -7.881246E-10 |    8.188088E-12
   8.123227E-06    2.743086E-06   -6.851125E-07    1.112161E-07   -1.321704E-08    1.221111E-09    1.038140E-06 |    1.221111E-09
   7.037451E-04    1.611484E-04   -2.903231E-05    3.247345E-06   -2.488446E-07    1.316544E-08    1.511930E-04 |    1.316544E-08
max(min|c_i|) =    1.316544E-08

14    1.760000E+02    1.936000E+02
   1.651421E-14    1.066345E-14   -4.912563E-15    1.553700E-15   -3.311098E-16    6.720224E-17    2.990146E-16 |    6.720224E-17
  -7.881246E-10   -4.036375E-10    1.469554E-10   -3.574432E-11    6.515225E-12   -9.472213E-13   -3.800792E-11 |    9.472213E-13
   1.038140E-06    4.048989E-07   -1.144196E-07    2.120035E-08   -2.900359E-09    3.116611E-10    1.012011E-07 |    3.116611E-10
   1.511930E-04    4.220749E-05   -8.946251E-06    1.205688E-06   -1.156696E-07    8.267958E-09    2.559123E-05 |    8.267958E-09
max(min|c_i|) =    8.267958E-09

15    1.936000E+02    2.129600E+02
   2.990146E-16    2.333336E-16   -1.163404E-16    3.563640E-17   -4.513990E-17    3.814433E-18    2.089807E-17 |    3.814433E-18
  -3.800792E-11   -2.146444E-11    8.623380E-12   -2.331049E-12    4.743697E-13   -7.726239E-14   -1.286974E-12 |    7.726239E-14
   1.012011E-07    4.491751E-08   -1.426143E-08    2.989655E-09   -4.661605E-10    5.743702E-11    7.310781E-09 |    5.743702E-11
   2.559123E-05    8.491678E-06   -2.087091E-06    3.293446E-07   -3.796655E-08    3.337725E-09    3.308599E-06 |    3.337725E-09
max(min|c_i|) =    3.337725E-09

16    2.129600E+02    2.342560E+02
   2.089807E-17    6.018259E-18    1.468195E-17   -4.495313E-18    7.572489E-18   -2.944271E-18 |    2.944271E-18
  -1.286974E-12   -7.755020E-13    3.583046E-13   -1.022102E-13    2.416569E-14   -4.110471E-15 |    4.110471E-15
   7.310781E-09    3.462699E-09   -1.364236E-09    2.881499E-10   -5.693091E-11    7.057532E-12 |    7.057532E-12
   3.308599E-06    1.165647E-06   -4.002391E-07    5.879424E-08   -1.001469E-08    7.975956E-10 |    7.975956E-10
max(min|c_i|) =    7.975956E-10

----- EIGENVALUES -----
EIGENVALUE n=0 -3.125000000E-02
EIGENVALUE n=1 -2.000000000E-02
EIGENVALUE n=2 -1.388888888E-02
EIGENVALUE n=3 -1.020408163E-02

ALL_EIGENVALUES: | 10 | 101 |  -3.125000000E-02 | -2.000000000E-02 | -1.388888888E-02 | -1.020408163E-02 |
C0  3.308599347E-06


========== ADAPTIVE STEP 11 ==========
Number of elements: 18
Degrees of freedom: 107
Domain: [0, 2.576816000E+02]

0    0.000000E+00    3.333333E+00
   7.767585E-03    2.303747E-03   -1.098542E-04   -9.172968E-05    1.830897E-05    1.180885E-02 |    1.830897E-05
  -7.056246E-03   -2.051389E-03    1.286045E-04    8.834620E-05   -1.726528E-05   -1.077466E-02 |    1.726528E-05
   5.950052E-03    1.710559E-03   -1.217845E-04   -7.677266E-05    1.487177E-05    9.107543E-03 |    1.487177E-05
  -4.992894E-03   -1.425573E-03    1.089857E-04    6.556799E-05   -1.264460E-05   -7.653690E-03 |    1.264460E-05
max(min|c_i|) =    1.830897E-05

1    3.333333E+00    6.666667E+00
   1.180885E-02    1.224808E-02   -1.206481E-03   -2.136329E-04    2.553454E-05   -1.012921E-09    8.211369E-02 |    1.012921E-09
  -1.077466E-02   -9.089322E-03    1.554165E-03    2.112886E-04   -2.755068E-05   -9.536903E-08   -7.080829E-02 |    9.536903E-08
   9.107543E-03    6.763179E-03   -1.504326E-03   -1.821525E-04    2.561373E-05    1.214944E-07    5.801353E-02 |    1.214944E-07
  -7.653690E-03   -5.228194E-03    1.355893E-03    1.537949E-04   -2.279825E-05   -1.202804E-07   -4.783510E-02 |    1.202804E-07
max(min|c_i|) =    1.214944E-07

2    6.666667E+00    1.333333E+01
   8.211369E-02   -2.471479E-02   -9.205146E-03    1.675117E-03    5.006292E-05   -3.622677E-05    2.481484E-01 |    3.622677E-05
  -7.080829E-02    4.480815E-02    8.505186E-03   -2.236426E-03   -4.392289E-05    4.397100E-05   -1.493189E-01 |    4.392289E-05
   5.801353E-02   -4.452707E-02   -6.239387E-03    2.298041E-03    2.565779E-05   -4.369754E-05    9.722439E-02 |    2.565779E-05
  -4.783510E-02    3.991476E-02    4.542995E-03   -2.144985E-03   -1.074088E-05    4.048777E-05   -6.864517E-02 |    1.074088E-05
max(min|c_i|) =    4.392289E-05

3    1.333333E+01    2.000000E+01
   2.481484E-01   -3.349664E-02    4.133107E-03    2.984259E-04   -9.081618E-05    6.279414E-06    2.372752E-01 |    6.279414E-06
  -1.493189E-01    3.082909E-02   -8.019866E-03   -1.950767E-04    1.320149E-04   -9.054359E-06   -2.213901E-10 |    2.213901E-10
   9.722439E-02   -1.484644E-02    9.292566E-03   -2.104463E-05   -1.433694E-04    1.042454E-05   -4.901696E-02 |    1.042454E-05
  -6.864517E-02    5.359662E-03   -8.855742E-03    1.841715E-04    1.378841E-04   -1.078572E-05    5.597023E-02 |    1.078572E-05
max(min|c_i|) =    1.078572E-05

4    2.000000E+01    2.666667E+01
   2.372752E-01   -2.696810E-03    2.805514E-03   -2.862051E-04    1.507702E-06    2.021161E-06    1.416391E-01 |    1.507702E-06
  -2.213901E-10   -1.898251E-02   -3.475651E-03    5.927039E-04   -1.162655E-05   -3.388322E-06    1.660031E-01 |    2.213901E-10
  -4.901696E-02    3.404821E-02    2.048985E-03   -7.670011E-04    2.538641E-05    3.983072E-06   -1.289112E-01 |    3.983072E-06
   5.597023E-02   -3.455586E-02   -4.222778E-04    7.904409E-04   -3.629073E-05   -3.979619E-06    8.671374E-02 |    3.979619E-06
max(min|c_i|) =    3.983072E-06

5    2.666667E+01    3.333333E+01
   1.416391E-01    7.912975E-03    2.412808E-04   -1.257252E-04    1.131602E-05   -3.368174E-07    6.531291E-02 |    3.368174E-07
   1.660031E-01   -2.433688E-02    1.335324E-03    1.907016E-04   -2.552729E-05    8.601390E-07    2.136618E-01 |    8.601390E-07
  -1.289112E-01    2.413907E-02   -3.430164E-03   -1.377428E-04    3.644603E-05   -1.476560E-06   -5.237185E-02 |    1.476560E-06
   8.671374E-02   -1.349572E-02    4.435129E-03    2.627268E-05   -4.082271E-05    1.998356E-06   -1.253749E-02 |    1.998356E-06
max(min|c_i|) =    1.998356E-06

6    3.333333E+01    4.000000E+01
   6.531291E-02    6.346194E-03   -4.348097E-04   -8.348441E-06    3.685644E-06   -3.025867E-07    2.557996E-02 |    3.025867E-07
   2.136618E-01   -1.037560E-02    1.819117E-03   -5.991868E-05   -6.592600E-06    7.540918E-07    1.751797E-01 |    7.540918E-07
  -5.237185E-02   -1.733451E-03   -2.666945E-03    1.874953E-04    5.751906E-06   -1.183897E-06    7.693975E-02 |    1.183897E-06
  -1.253749E-02    1.463172E-02    2.256810E-03   -2.932116E-04   -1.542350E-06    1.443293E-06   -1.032664E-01 |    1.443293E-06
max(min|c_i|) =    1.443293E-06

7    4.000000E+01    5.333333E+01
   2.557996E-02    8.714236E-03   -1.963890E-03    2.347724E-04   -9.564391E-06   -1.795566E-06    2.884075E-03 |    1.795566E-06
   1.751797E-01    8.745701E-03    3.702413E-03   -9.738531E-04    8.504256E-05    1.457096E-06    6.411636E-02 |    1.457096E-06
   7.693975E-02   -5.310276E-02    1.546170E-03    1.541539E-03   -2.212080E-04    4.276331E-06    1.833964E-01 |    4.276331E-06
  -1.032664E-01    5.990745E-02   -1.058643E-02   -1.285293E-03    3.484763E-04   -1.488668E-05   -2.708869E-02 |    1.488668E-05
max(min|c_i|) =    1.488668E-05

8    5.333333E+01    6.666667E+01
   2.884075E-03    1.156486E-03   -3.229720E-04    5.645755E-05   -6.739965E-06    5.421648E-07    2.511877E-04 |    5.421648E-07
   6.411636E-02    1.172141E-02   -1.219029E-03   -3.404461E-05    2.345764E-05   -2.934467E-06    1.522714E-02 |    2.934467E-06
   1.833964E-01   -1.378495E-02    5.105423E-03   -4.037634E-04   -2.379001E-05    6.846964E-06    1.182398E-01 |    6.846964E-06
  -2.708869E-02   -2.011096E-02   -5.835162E-03    1.110599E-03   -1.833399E-05   -9.926579E-06    1.323163E-01 |    9.926579E-06
max(min|c_i|) =    9.926579E-06

9    6.666667E+01    8.000000E+01
   2.511877E-04    1.093629E-04   -3.358564E-05    6.685368E-06   -9.631461E-07    1.055886E-07    1.858123E-05 |    1.055886E-07
   1.522714E-02    3.793081E-03   -6.728933E-04    6.395508E-05   -2.366979E-06   -2.256090E-07    2.820780E-03 |    2.256090E-07
   1.182398E-01    7.295366E-03    6.985991E-04   -2.354142E-04    2.155595E-05   -4.652174E-07    4.856640E-02 |    4.652174E-07
   1.323163E-01   -2.647598E-02    2.512471E-03    2.340512E-04   -5.175165E-05    2.743129E-06    1.563533E-01 |    2.743129E-06
max(min|c_i|) =    2.743129E-06

10    8.000000E+01    1.066667E+02
   1.858123E-05    1.446198E-05   -8.407679E-06    3.388423E-06   -1.034502E-06    2.528806E-07    7.477742E-08 |    7.477742E-08
   2.820780E-03    1.699975E-03   -7.054500E-04    1.881979E-04   -3.502349E-05    4.552439E-06    6.217106E-05 |    4.552439E-06
   4.856640E-02    1.791900E-02   -3.793009E-03    2.315131E-04    6.920900E-05   -2.091643E-05    4.140224E-03 |    2.091643E-05
   1.563533E-01   -1.839178E-04    1.000749E-02   -2.362441E-03    1.375900E-04    3.239075E-05    5.062683E-02 |    3.239075E-05
max(min|c_i|) =    3.239075E-05

11    1.066667E+02    1.333333E+02
   7.477742E-08    5.986869E-08   -3.634195E-08    1.548301E-08   -5.052635E-09    1.339184E-09    2.326035E-10 |    2.326035E-10
   6.217106E-05    4.071068E-05   -1.896437E-05    5.924949E-06   -1.372540E-06    2.486603E-07    9.582991E-07 |    2.486603E-07
   4.140224E-03    1.998996E-03   -6.512720E-04    1.309589E-04   -1.728712E-05    1.357205E-06    2.126707E-04 |    1.357205E-06
   5.062683E-02    1.366810E-02   -1.978143E-03   -2.206726E-05    5.220829E-05   -8.919387E-06    7.342007E-03 |    8.919387E-06
max(min|c_i|) =    8.919387E-06

12    1.333333E+02    1.600000E+02
   2.326035E-10    1.891828E-10   -1.176121E-10    5.163048E-11   -1.744206E-11    4.813350E-12    6.149441E-13 |    6.149441E-13
   9.582991E-07    6.541489E-07   -3.222340E-07    1.080006E-07   -2.724955E-08    5.484692E-09    1.185141E-08 |    5.484692E-09
   2.126707E-04    1.143024E-04   -4.270406E-05    1.041175E-05   -1.838479E-06    2.464331E-07    8.123227E-06 |    2.464331E-07
   7.342007E-03    2.746007E-03   -6.907008E-04    1.005493E-04   -8.193283E-06    8.790630E-08    7.037453E-04 |    8.790630E-08
max(min|c_i|) =    2.464331E-07

13    1.600000E+02    1.760000E+02
   6.149441E-13    3.672392E-13   -1.566403E-13    4.522354E-14   -9.875125E-15    1.683598E-15    1.647849E-14 |    1.683598E-15
   1.185141E-08    5.446203E-09   -1.788376E-09    3.897202E-10   -6.337218E-11    8.187768E-12    7.881246E-10 |    8.187768E-12
   8.123227E-06    2.743086E-06   -6.851125E-07    1.112161E-07   -1.321704E-08    1.221111E-09    1.038140E-06 |    1.221111E-09
   7.037453E-04    1.611486E-04   -2.903228E-05    3.247350E-06   -2.488441E-07    1.316548E-08    1.511938E-04 |    1.316548E-08
max(min|c_i|) =    1.316548E-08

14    1.760000E+02    1.936000E+02
   1.647849E-14    1.066030E-14   -4.992366E-15    1.543854E-15   -3.765630E-16    2.905108E-17    2.797504E-16 |    2.905108E-17
   7.881246E-10    4.036375E-10   -1.469559E-10    3.574449E-11   -6.515786E-12    9.473032E-13    3.800786E-11 |    9.473032E-13
   1.038140E-06    4.048995E-07   -1.144195E-07    2.120038E-08   -2.900354E-09    3.116620E-10    1.012026E-07 |    3.116620E-10
   1.511938E-04    4.220878E-05   -8.945954E-06    1.205735E-06   -1.156641E-07    8.268482E-09    2.559575E-05 |    8.268482E-09
max(min|c_i|) =    8.268482E-09

15    1.936000E+02    2.129600E+02
   2.797504E-16    1.800241E-16   -1.030681E-16   -3.694603E-18    1.482215E-17    3.050027E-17    4.673026E-18 |    3.694603E-18
   3.800786E-11    2.146460E-11   -8.623327E-12    2.330808E-12   -4.740234E-13    7.737747E-14    1.287641E-12 |    7.737747E-14
   1.012026E-07    4.492668E-08   -1.425844E-08    2.990312E-09   -4.660503E-10    5.745136E-11    7.331235E-09 |    5.745136E-11
   2.559575E-05    8.502913E-06   -2.084162E-06    3.298583E-07   -3.789812E-08    3.345107E-09    3.341871E-06 |    3.345107E-09
max(min|c_i|) =    3.345107E-09

16    2.129600E+02    2.342560E+02
   4.673026E-18   -9.985848E-18    1.650171E-18    1.490379E-17    1.143563E-17   -8.151737E-18    1.399296E-18 |    1.399296E-18
   1.287641E-12    7.938152E-13   -3.502624E-13    1.048826E-13   -2.361480E-14    4.211837E-15    2.961006E-14 |    4.211837E-15
   7.331235E-09    3.655073E-09   -1.294569E-09    3.051878E-10   -5.377187E-11    7.530456E-12    3.828913E-10 |    7.530456E-12
   3.341871E-06    1.293970E-06   -3.626275E-07    6.621358E-08   -8.904244E-09    9.320085E-10    3.268297E-07 |    9.320085E-10
max(min|c_i|) =    9.320085E-10

17    2.342560E+02    2.576816E+02
   1.399296E-18    1.010916E-18   -2.011861E-18    1.348047E-18    5.774995E-19   -2.844736E-18 |    5.774995E-19
   2.961006E-14    1.940067E-14   -9.692934E-15    3.139530E-15   -8.157955E-16    1.585980E-16 |    1.585980E-16
   3.828913E-10    2.042936E-10   -8.643818E-11    2.111204E-11   -4.519368E-12    6.576249E-13 |    6.576249E-13
   3.268297E-07    1.352330E-07   -4.966558E-08    8.866597E-09   -1.619119E-09    1.640230E-10 |    1.640230E-10
max(min|c_i|) =    1.640230E-10

----- EIGENVALUES -----
EIGENVALUE n=0 -3.125000000E-02
EIGENVALUE n=1 -2.000000000E-02
EIGENVALUE n=2 -1.388888888E-02
EIGENVALUE n=3 -1.020408163E-02

ALL_EIGENVALUES: | 11 | 107 |  -3.125000000E-02 | -2.000000000E-02 | -1.388888888E-02 | -1.020408163E-02 |
C0  3.268297091E-07

DATETIME: 07 Sep 2026 19:27:52

=== END OF LOG FILE ===
